Multi-seed training for: bitshift-64-32-4
  device       : cpu
  num_seeds    : 1
  base_seed    : 116
  num_episodes : 1500
  output_dir   : metrics/multi-seed/bitshift-64-32-4/_workers/seed116

============================================================
Seed 116 (1/1)
============================================================
  Episode 50/1500  avg(100): 17.3
  Episode 100/1500  avg(100): 15.8
  Episode 150/1500  avg(100): 16.7
  Episode 200/1500  avg(100): 43.6
  Episode 250/1500  avg(100): 80.6
  Episode 300/1500  avg(100): 123.4
  Episode 350/1500  avg(100): 129.6
  Episode 400/1500  avg(100): 159.9
  Episode 450/1500  avg(100): 217.4
  Episode 500/1500  avg(100): 221.8
  Episode 550/1500  avg(100): 255.7
  Episode 600/1500  avg(100): 311.8
  Episode 650/1500  avg(100): 373.0
  Episode 700/1500  avg(100): 455.3
  Episode 750/1500  avg(100): 499.9
  Episode 800/1500  avg(100): 484.9
  Episode 850/1500  avg(100): 467.0
  Episode 900/1500  avg(100): 368.5
  Episode 950/1500  avg(100): 362.0
  Episode 1000/1500  avg(100): 357.4
  Episode 1050/1500  avg(100): 315.2
  Episode 1100/1500  avg(100): 385.1
  Episode 1150/1500  avg(100): 324.7
  Episode 1200/1500  avg(100): 370.6
  Episode 1250/1500  avg(100): 405.0
  Episode 1300/1500  avg(100): 334.7
  Episode 1350/1500  avg(100): 427.4
  Episode 1400/1500  avg(100): 381.7
  Episode 1450/1500  avg(100): 338.8
  Episode 1500/1500  avg(100): 450.6
Model saved to models/bitshift-64-32-4-seed116-final.pth
  per-episode CSV streamed to: metrics/multi-seed/bitshift-64-32-4/_workers/seed116/bitshift-64-32-4-seed116.csv

Summary CSV: metrics/multi-seed/bitshift-64-32-4/_workers/seed116/bitshift-64-32-4-summary.csv

Results across 1 seeds:
  solved (final_avg >= 475) : 0/1 seeds
  final_avg_reward  : 450.60 ± 0.00  (primary metric: CartPole-v1 standard)
  best_avg_reward   : 499.95 ± 0.00
  tail_iqm_reward   : 360.84 ± 0.00  (diagnostic: matches Optuna selection metric)
  convergence_ep    : never reached threshold in any seed

Robust reporting (final_avg_reward across seeds, 95% bootstrap CI):
  IQM   : 450.60  [95% CI: 450.60, 450.60]
  Mean  : 450.60  [95% CI: 450.60, 450.60]
  (note: with N < 10, bootstrap CIs and IQM are necessarily wide; per Colas et al. 2018 consider increasing --num-seeds.)
