Multi-seed training for: leaky-32-32
  device       : cpu
  num_seeds    : 1
  base_seed    : 136
  num_episodes : 1500
  output_dir   : metrics/multi-seed/leaky-32-32/_workers/seed136

============================================================
Seed 136 (1/1)
============================================================
  Episode 50/1500  avg(100): 19.6
  Episode 100/1500  avg(100): 17.2
  Episode 150/1500  avg(100): 13.3
  Episode 200/1500  avg(100): 12.7
  Episode 250/1500  avg(100): 31.9
  Episode 300/1500  avg(100): 72.8
  Episode 350/1500  avg(100): 110.9
  Episode 400/1500  avg(100): 94.2
  Episode 450/1500  avg(100): 54.7
  Episode 500/1500  avg(100): 45.0
  Episode 550/1500  avg(100): 43.1
  Episode 600/1500  avg(100): 77.7
  Episode 650/1500  avg(100): 183.7
  Episode 700/1500  avg(100): 270.6
  Episode 750/1500  avg(100): 390.2
  Episode 800/1500  avg(100): 469.9
  Episode 850/1500  avg(100): 379.2
  Episode 900/1500  avg(100): 325.0
  Episode 950/1500  avg(100): 246.3
  Episode 1000/1500  avg(100): 87.6
  Episode 1050/1500  avg(100): 87.4
  Episode 1100/1500  avg(100): 328.1
  Episode 1150/1500  avg(100): 480.6
  Episode 1200/1500  avg(100): 480.6
  Episode 1250/1500  avg(100): 496.2
  Episode 1300/1500  avg(100): 483.2
  Episode 1350/1500  avg(100): 448.7
  Episode 1400/1500  avg(100): 456.1
  Episode 1450/1500  avg(100): 468.1
  Episode 1500/1500  avg(100): 410.9
Model saved to models/leaky-32-32-seed136-final.pth
  per-episode CSV streamed to: metrics/multi-seed/leaky-32-32/_workers/seed136/leaky-32-32-seed136.csv

Summary CSV: metrics/multi-seed/leaky-32-32/_workers/seed136/leaky-32-32-summary.csv

Results across 1 seeds:
  solved (final_avg >= 475) : 0/1 seeds
  final_avg_reward  : 410.87 ± 0.00  (primary metric: CartPole-v1 standard)
  best_avg_reward   : 500.00 ± 0.00
  tail_iqm_reward   : 472.98 ± 0.00  (diagnostic: matches Optuna selection metric)
  convergence_ep    : never reached threshold in any seed

Robust reporting (final_avg_reward across seeds, 95% bootstrap CI):
  IQM   : 410.87  [95% CI: 410.87, 410.87]
  Mean  : 410.87  [95% CI: 410.87, 410.87]
  (note: with N < 10, bootstrap CIs and IQM are necessarily wide; per Colas et al. 2018 consider increasing --num-seeds.)
