Multi-seed training for: fractional-32-8-8
  device       : cpu
  num_seeds    : 1
  base_seed    : 51
  num_episodes : 1500
  output_dir   : metrics/multi-seed/fractional-32-8-8-50k/fractional-32-8-8/_workers/seed51

============================================================
Seed 51 (1/1)
============================================================
  Episode 50/1500  avg(100): 17.7
  Episode 100/1500  avg(100): 14.8
  Episode 150/1500  avg(100): 13.5
  Episode 200/1500  avg(100): 22.4
  Episode 250/1500  avg(100): 47.5
  Episode 300/1500  avg(100): 78.6
  Episode 350/1500  avg(100): 102.5
  Episode 400/1500  avg(100): 113.0
  Episode 450/1500  avg(100): 124.3
  Episode 500/1500  avg(100): 190.6
  Episode 550/1500  avg(100): 260.3
  Episode 600/1500  avg(100): 197.3
  Episode 650/1500  avg(100): 125.3
  Episode 700/1500  avg(100): 117.6
  Episode 750/1500  avg(100): 74.9
  Episode 800/1500  avg(100): 35.3
  Episode 850/1500  avg(100): 34.2
  Episode 900/1500  avg(100): 176.2
  Episode 950/1500  avg(100): 232.8
  Episode 1000/1500  avg(100): 137.1
  Episode 1050/1500  avg(100): 128.3
  Episode 1100/1500  avg(100): 146.5
  Episode 1150/1500  avg(100): 285.9
  Episode 1200/1500  avg(100): 443.0
  Episode 1250/1500  avg(100): 340.4
  Episode 1300/1500  avg(100): 182.0
  Episode 1350/1500  avg(100): 137.3
  Episode 1400/1500  avg(100): 128.4
  Episode 1450/1500  avg(100): 150.5
  Episode 1500/1500  avg(100): 218.0
Model saved to models/fractional-32-8-8-seed51-final.pth
  per-episode CSV streamed to: metrics/multi-seed/fractional-32-8-8-50k/fractional-32-8-8/_workers/seed51/fractional-32-8-8-seed51.csv

Summary CSV: metrics/multi-seed/fractional-32-8-8-50k/fractional-32-8-8/_workers/seed51/fractional-32-8-8-summary.csv

Results across 1 seeds:
  solved (final_avg >= 475) : 0/1 seeds
  final_avg_reward  : 217.97 ± 0.00  (primary metric: CartPole-v1 standard)
  best_avg_reward   : 459.07 ± 0.00
  tail_iqm_reward   : 206.01 ± 0.00  (diagnostic: matches Optuna selection metric)
  convergence_ep    : never reached threshold in any seed

Robust reporting (final_avg_reward across seeds, 95% bootstrap CI):
  IQM   : 217.97  [95% CI: 217.97, 217.97]
  Mean  : 217.97  [95% CI: 217.97, 217.97]
  (note: with N < 10, bootstrap CIs and IQM are necessarily wide; per Colas et al. 2018 consider increasing --num-seeds.)
