Multi-seed training for: fractional-32-8-8
  device       : cpu
  num_seeds    : 1
  base_seed    : 111
  num_episodes : 1500
  output_dir   : metrics/multi-seed/fractional-32-8-8/_workers/seed111

============================================================
Seed 111 (1/1)
============================================================
  Episode 50/1500  avg(100): 19.1
  Episode 100/1500  avg(100): 15.7
  Episode 150/1500  avg(100): 12.9
  Episode 200/1500  avg(100): 14.7
  Episode 250/1500  avg(100): 18.6
  Episode 300/1500  avg(100): 29.6
  Episode 350/1500  avg(100): 35.5
  Episode 400/1500  avg(100): 41.3
  Episode 450/1500  avg(100): 59.7
  Episode 500/1500  avg(100): 64.8
  Episode 550/1500  avg(100): 56.4
  Episode 600/1500  avg(100): 55.9
  Episode 650/1500  avg(100): 49.7
  Episode 700/1500  avg(100): 46.7
  Episode 750/1500  avg(100): 65.9
  Episode 800/1500  avg(100): 68.4
  Episode 850/1500  avg(100): 55.9
  Episode 900/1500  avg(100): 82.7
  Episode 950/1500  avg(100): 92.4
  Episode 1000/1500  avg(100): 76.5
  Episode 1050/1500  avg(100): 89.8
  Episode 1100/1500  avg(100): 101.7
  Episode 1150/1500  avg(100): 92.9
  Episode 1200/1500  avg(100): 66.6
  Episode 1250/1500  avg(100): 75.8
  Episode 1300/1500  avg(100): 88.0
  Episode 1350/1500  avg(100): 86.1
  Episode 1400/1500  avg(100): 107.8
  Episode 1450/1500  avg(100): 121.6
  Episode 1500/1500  avg(100): 144.0
Model saved to models/fractional-32-8-8-seed111-final.pth
  per-episode CSV streamed to: metrics/multi-seed/fractional-32-8-8/_workers/seed111/fractional-32-8-8-seed111.csv

Summary CSV: metrics/multi-seed/fractional-32-8-8/_workers/seed111/fractional-32-8-8-summary.csv

Results across 1 seeds:
  solved (final_avg >= 475) : 0/1 seeds
  final_avg_reward  : 143.98 ± 0.00  (primary metric: CartPole-v1 standard)
  best_avg_reward   : 143.98 ± 0.00
  tail_iqm_reward   : 90.55 ± 0.00  (diagnostic: matches Optuna selection metric)
  convergence_ep    : never reached threshold in any seed

Robust reporting (final_avg_reward across seeds, 95% bootstrap CI):
  IQM   : 143.98  [95% CI: 143.98, 143.98]
  Mean  : 143.98  [95% CI: 143.98, 143.98]
  (note: with N < 10, bootstrap CIs and IQM are necessarily wide; per Colas et al. 2018 consider increasing --num-seeds.)
