Multi-seed training for: fractional-32-8-8
  device       : cpu
  num_seeds    : 1
  base_seed    : 53
  num_episodes : 1500
  output_dir   : metrics/multi-seed/fractional-32-8-8-20k/fractional-32-8-8/_workers/seed53

============================================================
Seed 53 (1/1)
============================================================
  Episode 50/1500  avg(100): 18.0
  Episode 100/1500  avg(100): 15.4
  Episode 150/1500  avg(100): 12.3
  Episode 200/1500  avg(100): 26.2
  Episode 250/1500  avg(100): 83.7
  Episode 300/1500  avg(100): 152.1
  Episode 350/1500  avg(100): 182.2
  Episode 400/1500  avg(100): 238.7
  Episode 450/1500  avg(100): 261.1
  Episode 500/1500  avg(100): 268.3
  Episode 550/1500  avg(100): 361.9
  Episode 600/1500  avg(100): 455.0
  Episode 650/1500  avg(100): 495.5
  Episode 700/1500  avg(100): 500.0
  Episode 750/1500  avg(100): 500.0
  Episode 800/1500  avg(100): 500.0
  Episode 850/1500  avg(100): 500.0
  Episode 900/1500  avg(100): 500.0
  Episode 950/1500  avg(100): 498.5
  Episode 1000/1500  avg(100): 481.4
  Episode 1050/1500  avg(100): 458.0
  Episode 1100/1500  avg(100): 459.9
  Episode 1150/1500  avg(100): 442.7
  Episode 1200/1500  avg(100): 407.5
  Episode 1250/1500  avg(100): 403.8
  Episode 1300/1500  avg(100): 391.7
  Episode 1350/1500  avg(100): 352.9
  Episode 1400/1500  avg(100): 306.7
  Episode 1450/1500  avg(100): 334.4
  Episode 1500/1500  avg(100): 439.0
Model saved to models/fractional-32-8-8-seed53-final.pth
  per-episode CSV streamed to: metrics/multi-seed/fractional-32-8-8-20k/fractional-32-8-8/_workers/seed53/fractional-32-8-8-seed53.csv

Summary CSV: metrics/multi-seed/fractional-32-8-8-20k/fractional-32-8-8/_workers/seed53/fractional-32-8-8-summary.csv

Results across 1 seeds:
  solved (final_avg >= 475) : 0/1 seeds
  final_avg_reward  : 439.00 ± 0.00  (primary metric: CartPole-v1 standard)
  best_avg_reward   : 500.00 ± 0.00
  tail_iqm_reward   : 388.68 ± 0.00  (diagnostic: matches Optuna selection metric)
  convergence_ep    : never reached threshold in any seed

Robust reporting (final_avg_reward across seeds, 95% bootstrap CI):
  IQM   : 439.00  [95% CI: 439.00, 439.00]
  Mean  : 439.00  [95% CI: 439.00, 439.00]
  (note: with N < 10, bootstrap CIs and IQM are necessarily wide; per Colas et al. 2018 consider increasing --num-seeds.)
