Multi-seed training for: fractional-32-8-8
  device       : cpu
  num_seeds    : 1
  base_seed    : 121
  num_episodes : 1500
  output_dir   : metrics/multi-seed/fractional-32-8-8/_workers/seed121

============================================================
Seed 121 (1/1)
============================================================
  Episode 50/1500  avg(100): 18.2
  Episode 100/1500  avg(100): 16.3
  Episode 150/1500  avg(100): 22.0
  Episode 200/1500  avg(100): 80.8
  Episode 250/1500  avg(100): 109.3
  Episode 300/1500  avg(100): 101.8
  Episode 350/1500  avg(100): 125.7
  Episode 400/1500  avg(100): 111.4
  Episode 450/1500  avg(100): 96.9
  Episode 500/1500  avg(100): 103.8
  Episode 550/1500  avg(100): 121.3
  Episode 600/1500  avg(100): 123.8
  Episode 650/1500  avg(100): 108.0
  Episode 700/1500  avg(100): 95.5
  Episode 750/1500  avg(100): 96.5
  Episode 800/1500  avg(100): 285.8
  Episode 850/1500  avg(100): 423.9
  Episode 900/1500  avg(100): 237.0
  Episode 950/1500  avg(100): 161.3
  Episode 1000/1500  avg(100): 317.7
  Episode 1050/1500  avg(100): 420.8
  Episode 1100/1500  avg(100): 451.2
  Episode 1150/1500  avg(100): 480.5
  Episode 1200/1500  avg(100): 500.0
  Episode 1250/1500  avg(100): 500.0
  Episode 1300/1500  avg(100): 495.1
  Episode 1350/1500  avg(100): 489.8
  Episode 1400/1500  avg(100): 487.6
  Episode 1450/1500  avg(100): 492.9
  Episode 1500/1500  avg(100): 490.3
Model saved to models/fractional-32-8-8-seed121-final.pth
  per-episode CSV streamed to: metrics/multi-seed/fractional-32-8-8/_workers/seed121/fractional-32-8-8-seed121.csv

Summary CSV: metrics/multi-seed/fractional-32-8-8/_workers/seed121/fractional-32-8-8-summary.csv

Results across 1 seeds:
  solved (final_avg >= 475) : 1/1 seeds
  final_avg_reward  : 490.26 ± 0.00  (primary metric: CartPole-v1 standard)
  best_avg_reward   : 500.00 ± 0.00
  tail_iqm_reward   : 492.88 ± 0.00  (diagnostic: matches Optuna selection metric)
  convergence_ep    : 1144.0 ± 0.0  (1/1 seeds converged)

Robust reporting (final_avg_reward across seeds, 95% bootstrap CI):
  IQM   : 490.26  [95% CI: 490.26, 490.26]
  Mean  : 490.26  [95% CI: 490.26, 490.26]
  (note: with N < 10, bootstrap CIs and IQM are necessarily wide; per Colas et al. 2018 consider increasing --num-seeds.)
