Multi-seed training for: bitshift-64-32-4
  device       : cpu
  num_seeds    : 1
  base_seed    : 89
  num_episodes : 1500
  output_dir   : metrics/multi-seed/bitshift-64-32-4/_workers/seed89

============================================================
Seed 89 (1/1)
============================================================
  Episode 50/1500  avg(100): 17.7
  Episode 100/1500  avg(100): 15.9
  Episode 150/1500  avg(100): 14.4
  Episode 200/1500  avg(100): 22.2
  Episode 250/1500  avg(100): 62.6
  Episode 300/1500  avg(100): 101.3
  Episode 350/1500  avg(100): 134.1
  Episode 400/1500  avg(100): 169.3
  Episode 450/1500  avg(100): 180.5
  Episode 500/1500  avg(100): 199.0
  Episode 550/1500  avg(100): 225.3
  Episode 600/1500  avg(100): 318.2
  Episode 650/1500  avg(100): 406.4
  Episode 700/1500  avg(100): 346.1
  Episode 750/1500  avg(100): 357.1
  Episode 800/1500  avg(100): 438.1
  Episode 850/1500  avg(100): 470.9
  Episode 900/1500  avg(100): 276.6
  Episode 950/1500  avg(100): 218.8
  Episode 1000/1500  avg(100): 433.4
  Episode 1050/1500  avg(100): 479.4
  Episode 1100/1500  avg(100): 484.1
  Episode 1150/1500  avg(100): 483.6
  Episode 1200/1500  avg(100): 456.2
  Episode 1250/1500  avg(100): 467.1
  Episode 1300/1500  avg(100): 473.2
  Episode 1350/1500  avg(100): 473.7
  Episode 1400/1500  avg(100): 489.8
  Episode 1450/1500  avg(100): 490.1
  Episode 1500/1500  avg(100): 466.5
Model saved to models/bitshift-64-32-4-seed89-final.pth
  per-episode CSV streamed to: metrics/multi-seed/bitshift-64-32-4/_workers/seed89/bitshift-64-32-4-seed89.csv

Summary CSV: metrics/multi-seed/bitshift-64-32-4/_workers/seed89/bitshift-64-32-4-summary.csv

Results across 1 seeds:
  solved (final_avg >= 475) : 0/1 seeds
  final_avg_reward  : 466.48 ± 0.00  (primary metric: CartPole-v1 standard)
  best_avg_reward   : 494.60 ± 0.00
  tail_iqm_reward   : 475.68 ± 0.00  (diagnostic: matches Optuna selection metric)
  convergence_ep    : never reached threshold in any seed

Robust reporting (final_avg_reward across seeds, 95% bootstrap CI):
  IQM   : 466.48  [95% CI: 466.48, 466.48]
  Mean  : 466.48  [95% CI: 466.48, 466.48]
  (note: with N < 10, bootstrap CIs and IQM are necessarily wide; per Colas et al. 2018 consider increasing --num-seeds.)
