Multi-seed training for: leaky-32-32
  device       : cpu
  num_seeds    : 1
  base_seed    : 42
  num_episodes : 1500
  output_dir   : metrics/multi-seed/leaky-32-32-20k/leaky-32-32/_workers/seed42

============================================================
Seed 42 (1/1)
============================================================
  Episode 50/1500  avg(100): 15.9
  Episode 100/1500  avg(100): 15.1
  Episode 150/1500  avg(100): 21.3
  Episode 200/1500  avg(100): 82.6
  Episode 250/1500  avg(100): 123.0
  Episode 300/1500  avg(100): 125.5
  Episode 350/1500  avg(100): 131.7
  Episode 400/1500  avg(100): 120.5
  Episode 450/1500  avg(100): 92.0
  Episode 500/1500  avg(100): 53.3
  Episode 550/1500  avg(100): 117.5
  Episode 600/1500  avg(100): 200.7
  Episode 650/1500  avg(100): 217.7
  Episode 700/1500  avg(100): 324.5
  Episode 750/1500  avg(100): 436.3
  Episode 800/1500  avg(100): 475.3
  Episode 850/1500  avg(100): 500.0
  Episode 900/1500  avg(100): 450.0
  Episode 950/1500  avg(100): 343.8
  Episode 1000/1500  avg(100): 319.5
  Episode 1050/1500  avg(100): 240.8
  Episode 1100/1500  avg(100): 249.3
  Episode 1150/1500  avg(100): 390.0
  Episode 1200/1500  avg(100): 248.0
  Episode 1250/1500  avg(100): 68.1
  Episode 1300/1500  avg(100): 261.6
  Episode 1350/1500  avg(100): 347.2
  Episode 1400/1500  avg(100): 239.6
  Episode 1450/1500  avg(100): 192.3
  Episode 1500/1500  avg(100): 173.8
Model saved to models/leaky-32-32-seed42-final.pth
  per-episode CSV streamed to: metrics/multi-seed/leaky-32-32-20k/leaky-32-32/_workers/seed42/leaky-32-32-seed42.csv

Summary CSV: metrics/multi-seed/leaky-32-32-20k/leaky-32-32/_workers/seed42/leaky-32-32-summary.csv

Results across 1 seeds:
  solved (final_avg >= 475) : 0/1 seeds
  final_avg_reward  : 173.83 ± 0.00  (primary metric: CartPole-v1 standard)
  best_avg_reward   : 500.00 ± 0.00
  tail_iqm_reward   : 240.70 ± 0.00  (diagnostic: matches Optuna selection metric)
  convergence_ep    : never reached threshold in any seed

Robust reporting (final_avg_reward across seeds, 95% bootstrap CI):
  IQM   : 173.83  [95% CI: 173.83, 173.83]
  Mean  : 173.83  [95% CI: 173.83, 173.83]
  (note: with N < 10, bootstrap CIs and IQM are necessarily wide; per Colas et al. 2018 consider increasing --num-seeds.)
