Multi-seed training for: fractional-32-8-8
  device       : cpu
  num_seeds    : 1
  base_seed    : 117
  num_episodes : 1500
  output_dir   : metrics/multi-seed/fractional-32-8-8/_workers/seed117

============================================================
Seed 117 (1/1)
============================================================
  Episode 50/1500  avg(100): 18.9
  Episode 100/1500  avg(100): 15.9
  Episode 150/1500  avg(100): 14.5
  Episode 200/1500  avg(100): 24.4
  Episode 250/1500  avg(100): 64.3
  Episode 300/1500  avg(100): 95.2
  Episode 350/1500  avg(100): 75.7
  Episode 400/1500  avg(100): 60.3
  Episode 450/1500  avg(100): 77.2
  Episode 500/1500  avg(100): 98.1
  Episode 550/1500  avg(100): 115.1
  Episode 600/1500  avg(100): 129.2
  Episode 650/1500  avg(100): 149.1
  Episode 700/1500  avg(100): 278.2
  Episode 750/1500  avg(100): 267.0
  Episode 800/1500  avg(100): 131.4
  Episode 850/1500  avg(100): 116.8
  Episode 900/1500  avg(100): 194.9
  Episode 950/1500  avg(100): 280.9
  Episode 1000/1500  avg(100): 347.1
  Episode 1050/1500  avg(100): 361.9
  Episode 1100/1500  avg(100): 407.2
  Episode 1150/1500  avg(100): 498.6
  Episode 1200/1500  avg(100): 428.9
  Episode 1250/1500  avg(100): 422.0
  Episode 1300/1500  avg(100): 491.7
  Episode 1350/1500  avg(100): 500.0
  Episode 1400/1500  avg(100): 333.4
  Episode 1450/1500  avg(100): 279.5
  Episode 1500/1500  avg(100): 446.2
Model saved to models/fractional-32-8-8-seed117-final.pth
  per-episode CSV streamed to: metrics/multi-seed/fractional-32-8-8/_workers/seed117/fractional-32-8-8-seed117.csv

Summary CSV: metrics/multi-seed/fractional-32-8-8/_workers/seed117/fractional-32-8-8-summary.csv

Results across 1 seeds:
  solved (final_avg >= 475) : 0/1 seeds
  final_avg_reward  : 446.18 ± 0.00  (primary metric: CartPole-v1 standard)
  best_avg_reward   : 500.00 ± 0.00
  tail_iqm_reward   : 440.11 ± 0.00  (diagnostic: matches Optuna selection metric)
  convergence_ep    : never reached threshold in any seed

Robust reporting (final_avg_reward across seeds, 95% bootstrap CI):
  IQM   : 446.18  [95% CI: 446.18, 446.18]
  Mean  : 446.18  [95% CI: 446.18, 446.18]
  (note: with N < 10, bootstrap CIs and IQM are necessarily wide; per Colas et al. 2018 consider increasing --num-seeds.)
