Multi-seed training for: leaky-32-32
  device       : cpu
  num_seeds    : 1
  base_seed    : 138
  num_episodes : 1500
  output_dir   : metrics/multi-seed/leaky-32-32/_workers/seed138

============================================================
Seed 138 (1/1)
============================================================
  Episode 50/1500  avg(100): 18.5
  Episode 100/1500  avg(100): 15.9
  Episode 150/1500  avg(100): 27.0
  Episode 200/1500  avg(100): 71.8
  Episode 250/1500  avg(100): 137.0
  Episode 300/1500  avg(100): 182.7
  Episode 350/1500  avg(100): 225.2
  Episode 400/1500  avg(100): 287.6
  Episode 450/1500  avg(100): 263.4
  Episode 500/1500  avg(100): 247.6
  Episode 550/1500  avg(100): 261.3
  Episode 600/1500  avg(100): 367.2
  Episode 650/1500  avg(100): 493.1
  Episode 700/1500  avg(100): 493.6
  Episode 750/1500  avg(100): 446.5
  Episode 800/1500  avg(100): 276.5
  Episode 850/1500  avg(100): 212.7
  Episode 900/1500  avg(100): 339.6
  Episode 950/1500  avg(100): 334.2
  Episode 1000/1500  avg(100): 263.2
  Episode 1050/1500  avg(100): 241.4
  Episode 1100/1500  avg(100): 198.3
  Episode 1150/1500  avg(100): 174.6
  Episode 1200/1500  avg(100): 200.2
  Episode 1250/1500  avg(100): 290.8
  Episode 1300/1500  avg(100): 419.0
  Episode 1350/1500  avg(100): 496.8
  Episode 1400/1500  avg(100): 500.0
  Episode 1450/1500  avg(100): 500.0
  Episode 1500/1500  avg(100): 500.0
Model saved to models/leaky-32-32-seed138-final.pth
  per-episode CSV streamed to: metrics/multi-seed/leaky-32-32/_workers/seed138/leaky-32-32-seed138.csv

Summary CSV: metrics/multi-seed/leaky-32-32/_workers/seed138/leaky-32-32-summary.csv

Results across 1 seeds:
  solved (final_avg >= 475) : 1/1 seeds
  final_avg_reward  : 500.00 ± 0.00  (primary metric: CartPole-v1 standard)
  best_avg_reward   : 500.00 ± 0.00
  tail_iqm_reward   : 412.69 ± 0.00  (diagnostic: matches Optuna selection metric)
  convergence_ep    : 1315.0 ± 0.0  (1/1 seeds converged)

Robust reporting (final_avg_reward across seeds, 95% bootstrap CI):
  IQM   : 500.00  [95% CI: 500.00, 500.00]
  Mean  : 500.00  [95% CI: 500.00, 500.00]
  (note: with N < 10, bootstrap CIs and IQM are necessarily wide; per Colas et al. 2018 consider increasing --num-seeds.)
