Multi-seed training for: bitshift-64-32-4
  device       : cpu
  num_seeds    : 1
  base_seed    : 85
  num_episodes : 1500
  output_dir   : metrics/multi-seed/bitshift-64-32-4/_workers/seed85

============================================================
Seed 85 (1/1)
============================================================
  Episode 50/1500  avg(100): 16.0
  Episode 100/1500  avg(100): 14.8
  Episode 150/1500  avg(100): 15.3
  Episode 200/1500  avg(100): 53.4
  Episode 250/1500  avg(100): 136.6
  Episode 300/1500  avg(100): 169.1
  Episode 350/1500  avg(100): 163.3
  Episode 400/1500  avg(100): 190.6
  Episode 450/1500  avg(100): 207.1
  Episode 500/1500  avg(100): 177.8
  Episode 550/1500  avg(100): 199.0
  Episode 600/1500  avg(100): 306.5
  Episode 650/1500  avg(100): 377.2
  Episode 700/1500  avg(100): 441.2
  Episode 750/1500  avg(100): 471.9
  Episode 800/1500  avg(100): 433.3
  Episode 850/1500  avg(100): 454.4
  Episode 900/1500  avg(100): 495.9
  Episode 950/1500  avg(100): 465.9
  Episode 1000/1500  avg(100): 465.9
  Episode 1050/1500  avg(100): 426.8
  Episode 1100/1500  avg(100): 287.8
  Episode 1150/1500  avg(100): 197.1
  Episode 1200/1500  avg(100): 291.8
  Episode 1250/1500  avg(100): 455.6
  Episode 1300/1500  avg(100): 500.0
  Episode 1350/1500  avg(100): 500.0
  Episode 1400/1500  avg(100): 498.8
  Episode 1450/1500  avg(100): 474.2
  Episode 1500/1500  avg(100): 353.8
Model saved to models/bitshift-64-32-4-seed85-final.pth
  per-episode CSV streamed to: metrics/multi-seed/bitshift-64-32-4/_workers/seed85/bitshift-64-32-4-seed85.csv

Summary CSV: metrics/multi-seed/bitshift-64-32-4/_workers/seed85/bitshift-64-32-4-summary.csv

Results across 1 seeds:
  solved (final_avg >= 475) : 0/1 seeds
  final_avg_reward  : 353.75 ± 0.00  (primary metric: CartPole-v1 standard)
  best_avg_reward   : 500.00 ± 0.00
  tail_iqm_reward   : 454.09 ± 0.00  (diagnostic: matches Optuna selection metric)
  convergence_ep    : never reached threshold in any seed

Robust reporting (final_avg_reward across seeds, 95% bootstrap CI):
  IQM   : 353.75  [95% CI: 353.75, 353.75]
  Mean  : 353.75  [95% CI: 353.75, 353.75]
  (note: with N < 10, bootstrap CIs and IQM are necessarily wide; per Colas et al. 2018 consider increasing --num-seeds.)
