Multi-seed training for: bitshift-64-32-4
  device       : cpu
  num_seeds    : 1
  base_seed    : 78
  num_episodes : 1500
  output_dir   : metrics/multi-seed/bitshift-64-32-4/_workers/seed78

============================================================
Seed 78 (1/1)
============================================================
  Episode 50/1500  avg(100): 16.5
  Episode 100/1500  avg(100): 14.9
  Episode 150/1500  avg(100): 16.7
  Episode 200/1500  avg(100): 62.0
  Episode 250/1500  avg(100): 111.7
  Episode 300/1500  avg(100): 132.0
  Episode 350/1500  avg(100): 151.1
  Episode 400/1500  avg(100): 164.8
  Episode 450/1500  avg(100): 184.7
  Episode 500/1500  avg(100): 211.7
  Episode 550/1500  avg(100): 269.6
  Episode 600/1500  avg(100): 387.4
  Episode 650/1500  avg(100): 373.7
  Episode 700/1500  avg(100): 230.6
  Episode 750/1500  avg(100): 210.0
  Episode 800/1500  avg(100): 364.6
  Episode 850/1500  avg(100): 487.5
  Episode 900/1500  avg(100): 486.5
  Episode 950/1500  avg(100): 479.6
  Episode 1000/1500  avg(100): 467.1
  Episode 1050/1500  avg(100): 375.9
  Episode 1100/1500  avg(100): 370.4
  Episode 1150/1500  avg(100): 473.5
  Episode 1200/1500  avg(100): 397.0
  Episode 1250/1500  avg(100): 305.2
  Episode 1300/1500  avg(100): 405.2
  Episode 1350/1500  avg(100): 433.9
  Episode 1400/1500  avg(100): 296.2
  Episode 1450/1500  avg(100): 238.5
  Episode 1500/1500  avg(100): 137.7
Model saved to models/bitshift-64-32-4-seed78-final.pth
  per-episode CSV streamed to: metrics/multi-seed/bitshift-64-32-4/_workers/seed78/bitshift-64-32-4-seed78.csv

Summary CSV: metrics/multi-seed/bitshift-64-32-4/_workers/seed78/bitshift-64-32-4-summary.csv

Results across 1 seeds:
  solved (final_avg >= 475) : 0/1 seeds
  final_avg_reward  : 137.68 ± 0.00  (primary metric: CartPole-v1 standard)
  best_avg_reward   : 495.69 ± 0.00
  tail_iqm_reward   : 355.70 ± 0.00  (diagnostic: matches Optuna selection metric)
  convergence_ep    : never reached threshold in any seed

Robust reporting (final_avg_reward across seeds, 95% bootstrap CI):
  IQM   : 137.68  [95% CI: 137.68, 137.68]
  Mean  : 137.68  [95% CI: 137.68, 137.68]
  (note: with N < 10, bootstrap CIs and IQM are necessarily wide; per Colas et al. 2018 consider increasing --num-seeds.)
