Multi-seed training for: leaky-32-32
  device       : cpu
  num_seeds    : 1
  base_seed    : 52
  num_episodes : 1500
  output_dir   : metrics/multi-seed/leaky-32-32-25k/leaky-32-32/_workers/seed52

============================================================
Seed 52 (1/1)
============================================================
  Episode 50/1500  avg(100): 17.8
  Episode 100/1500  avg(100): 16.1
  Episode 150/1500  avg(100): 13.8
  Episode 200/1500  avg(100): 42.5
  Episode 250/1500  avg(100): 112.8
  Episode 300/1500  avg(100): 169.4
  Episode 350/1500  avg(100): 188.6
  Episode 400/1500  avg(100): 270.1
  Episode 450/1500  avg(100): 208.1
  Episode 500/1500  avg(100): 145.9
  Episode 550/1500  avg(100): 361.9
  Episode 600/1500  avg(100): 463.3
  Episode 650/1500  avg(100): 463.3
  Episode 700/1500  avg(100): 495.5
  Episode 750/1500  avg(100): 409.5
  Episode 800/1500  avg(100): 182.4
  Episode 850/1500  avg(100): 201.4
  Episode 900/1500  avg(100): 291.1
  Episode 950/1500  avg(100): 155.8
  Episode 1000/1500  avg(100): 148.2
  Episode 1050/1500  avg(100): 307.8
  Episode 1100/1500  avg(100): 298.5
  Episode 1150/1500  avg(100): 281.0
  Episode 1200/1500  avg(100): 395.3
  Episode 1250/1500  avg(100): 292.6
  Episode 1300/1500  avg(100): 318.8
  Episode 1350/1500  avg(100): 474.6
  Episode 1400/1500  avg(100): 445.3
  Episode 1450/1500  avg(100): 445.5
  Episode 1500/1500  avg(100): 492.1
Model saved to models/leaky-32-32-seed52-final.pth
  per-episode CSV streamed to: metrics/multi-seed/leaky-32-32-25k/leaky-32-32/_workers/seed52/leaky-32-32-seed52.csv

Summary CSV: metrics/multi-seed/leaky-32-32-25k/leaky-32-32/_workers/seed52/leaky-32-32-summary.csv

Results across 1 seeds:
  solved (final_avg >= 475) : 1/1 seeds
  final_avg_reward  : 492.06 ± 0.00  (primary metric: CartPole-v1 standard)
  best_avg_reward   : 497.38 ± 0.00
  tail_iqm_reward   : 393.69 ± 0.00  (diagnostic: matches Optuna selection metric)
  convergence_ep    : 1464.0 ± 0.0  (1/1 seeds converged)

Robust reporting (final_avg_reward across seeds, 95% bootstrap CI):
  IQM   : 492.06  [95% CI: 492.06, 492.06]
  Mean  : 492.06  [95% CI: 492.06, 492.06]
  (note: with N < 10, bootstrap CIs and IQM are necessarily wide; per Colas et al. 2018 consider increasing --num-seeds.)
