Multi-seed training for: fractional-32-8-8
  device       : cpu
  num_seeds    : 1
  base_seed    : 125
  num_episodes : 1500
  output_dir   : metrics/multi-seed/fractional-32-8-8/_workers/seed125

============================================================
Seed 125 (1/1)
============================================================
  Episode 50/1500  avg(100): 17.6
  Episode 100/1500  avg(100): 16.0
  Episode 150/1500  avg(100): 47.3
  Episode 200/1500  avg(100): 156.5
  Episode 250/1500  avg(100): 208.7
  Episode 300/1500  avg(100): 173.4
  Episode 350/1500  avg(100): 249.9
  Episode 400/1500  avg(100): 272.2
  Episode 450/1500  avg(100): 139.8
  Episode 500/1500  avg(100): 119.6
  Episode 550/1500  avg(100): 225.8
  Episode 600/1500  avg(100): 318.9
  Episode 650/1500  avg(100): 302.2
  Episode 700/1500  avg(100): 168.7
  Episode 750/1500  avg(100): 78.3
  Episode 800/1500  avg(100): 109.2
  Episode 850/1500  avg(100): 262.6
  Episode 900/1500  avg(100): 435.0
  Episode 950/1500  avg(100): 496.3
  Episode 1000/1500  avg(100): 500.0
  Episode 1050/1500  avg(100): 470.4
  Episode 1100/1500  avg(100): 470.4
  Episode 1150/1500  avg(100): 500.0
  Episode 1200/1500  avg(100): 427.1
  Episode 1250/1500  avg(100): 340.8
  Episode 1300/1500  avg(100): 413.6
  Episode 1350/1500  avg(100): 500.0
  Episode 1400/1500  avg(100): 468.3
  Episode 1450/1500  avg(100): 452.3
  Episode 1500/1500  avg(100): 480.6
Model saved to models/fractional-32-8-8-seed125-final.pth
  per-episode CSV streamed to: metrics/multi-seed/fractional-32-8-8/_workers/seed125/fractional-32-8-8-seed125.csv

Summary CSV: metrics/multi-seed/fractional-32-8-8/_workers/seed125/fractional-32-8-8-summary.csv

Results across 1 seeds:
  solved (final_avg >= 475) : 1/1 seeds
  final_avg_reward  : 480.59 ± 0.00  (primary metric: CartPole-v1 standard)
  best_avg_reward   : 500.00 ± 0.00
  tail_iqm_reward   : 454.29 ± 0.00  (diagnostic: matches Optuna selection metric)
  convergence_ep    : 1490.0 ± 0.0  (1/1 seeds converged)

Robust reporting (final_avg_reward across seeds, 95% bootstrap CI):
  IQM   : 480.59  [95% CI: 480.59, 480.59]
  Mean  : 480.59  [95% CI: 480.59, 480.59]
  (note: with N < 10, bootstrap CIs and IQM are necessarily wide; per Colas et al. 2018 consider increasing --num-seeds.)
