Multi-seed training for: leaky-32-32
  device       : cpu
  num_seeds    : 1
  base_seed    : 56
  num_episodes : 1500
  output_dir   : metrics/multi-seed/leaky-32-32-50k/leaky-32-32/_workers/seed56

============================================================
Seed 56 (1/1)
============================================================
  Episode 50/1500  avg(100): 17.3
  Episode 100/1500  avg(100): 17.0
  Episode 150/1500  avg(100): 33.2
  Episode 200/1500  avg(100): 102.3
  Episode 250/1500  avg(100): 159.6
  Episode 300/1500  avg(100): 174.1
  Episode 350/1500  avg(100): 233.9
  Episode 400/1500  avg(100): 277.6
  Episode 450/1500  avg(100): 228.8
  Episode 500/1500  avg(100): 147.7
  Episode 550/1500  avg(100): 119.1
  Episode 600/1500  avg(100): 201.5
  Episode 650/1500  avg(100): 372.3
  Episode 700/1500  avg(100): 426.1
  Episode 750/1500  avg(100): 403.8
  Episode 800/1500  avg(100): 432.0
  Episode 850/1500  avg(100): 458.3
  Episode 900/1500  avg(100): 478.4
  Episode 950/1500  avg(100): 489.0
  Episode 1000/1500  avg(100): 500.0
  Episode 1050/1500  avg(100): 479.3
  Episode 1100/1500  avg(100): 466.8
  Episode 1150/1500  avg(100): 484.9
  Episode 1200/1500  avg(100): 493.2
  Episode 1250/1500  avg(100): 494.9
  Episode 1300/1500  avg(100): 499.2
  Episode 1350/1500  avg(100): 500.0
  Episode 1400/1500  avg(100): 480.6
  Episode 1450/1500  avg(100): 475.7
  Episode 1500/1500  avg(100): 495.1
Model saved to models/leaky-32-32-seed56-final.pth
  per-episode CSV streamed to: metrics/multi-seed/leaky-32-32-50k/leaky-32-32/_workers/seed56/leaky-32-32-seed56.csv

Summary CSV: metrics/multi-seed/leaky-32-32-50k/leaky-32-32/_workers/seed56/leaky-32-32-summary.csv

Results across 1 seeds:
  solved (final_avg >= 475) : 1/1 seeds
  final_avg_reward  : 495.11 ± 0.00  (primary metric: CartPole-v1 standard)
  best_avg_reward   : 500.00 ± 0.00
  tail_iqm_reward   : 492.52 ± 0.00  (diagnostic: matches Optuna selection metric)
  convergence_ep    : 1133.0 ± 0.0  (1/1 seeds converged)

Robust reporting (final_avg_reward across seeds, 95% bootstrap CI):
  IQM   : 495.11  [95% CI: 495.11, 495.11]
  Mean  : 495.11  [95% CI: 495.11, 495.11]
  (note: with N < 10, bootstrap CIs and IQM are necessarily wide; per Colas et al. 2018 consider increasing --num-seeds.)
