Multi-seed training for: leaky-32-32
  device       : cpu
  num_seeds    : 1
  base_seed    : 125
  num_episodes : 1500
  output_dir   : metrics/multi-seed/leaky-32-32/_workers/seed125

============================================================
Seed 125 (1/1)
============================================================
  Episode 50/1500  avg(100): 18.7
  Episode 100/1500  avg(100): 17.5
  Episode 150/1500  avg(100): 17.1
  Episode 200/1500  avg(100): 14.2
  Episode 250/1500  avg(100): 36.5
  Episode 300/1500  avg(100): 127.3
  Episode 350/1500  avg(100): 187.4
  Episode 400/1500  avg(100): 189.8
  Episode 450/1500  avg(100): 239.2
  Episode 500/1500  avg(100): 203.3
  Episode 550/1500  avg(100): 112.1
  Episode 600/1500  avg(100): 65.8
  Episode 650/1500  avg(100): 54.0
  Episode 700/1500  avg(100): 118.8
  Episode 750/1500  avg(100): 177.9
  Episode 800/1500  avg(100): 170.7
  Episode 850/1500  avg(100): 94.1
  Episode 900/1500  avg(100): 72.2
  Episode 950/1500  avg(100): 211.1
  Episode 1000/1500  avg(100): 409.3
  Episode 1050/1500  avg(100): 497.0
  Episode 1100/1500  avg(100): 497.0
  Episode 1150/1500  avg(100): 500.0
  Episode 1200/1500  avg(100): 500.0
  Episode 1250/1500  avg(100): 500.0
  Episode 1300/1500  avg(100): 500.0
  Episode 1350/1500  avg(100): 500.0
  Episode 1400/1500  avg(100): 487.6
  Episode 1450/1500  avg(100): 487.6
  Episode 1500/1500  avg(100): 497.2
Model saved to models/leaky-32-32-seed125-final.pth
  per-episode CSV streamed to: metrics/multi-seed/leaky-32-32/_workers/seed125/leaky-32-32-seed125.csv

Summary CSV: metrics/multi-seed/leaky-32-32/_workers/seed125/leaky-32-32-summary.csv

Results across 1 seeds:
  solved (final_avg >= 475) : 1/1 seeds
  final_avg_reward  : 497.16 ± 0.00  (primary metric: CartPole-v1 standard)
  best_avg_reward   : 500.00 ± 0.00
  tail_iqm_reward   : 499.35 ± 0.00  (diagnostic: matches Optuna selection metric)
  convergence_ep    : 1020.0 ± 0.0  (1/1 seeds converged)

Robust reporting (final_avg_reward across seeds, 95% bootstrap CI):
  IQM   : 497.16  [95% CI: 497.16, 497.16]
  Mean  : 497.16  [95% CI: 497.16, 497.16]
  (note: with N < 10, bootstrap CIs and IQM are necessarily wide; per Colas et al. 2018 consider increasing --num-seeds.)
