Multi-seed training for: fractional-32-8-8
  device       : cpu
  num_seeds    : 1
  base_seed    : 55
  num_episodes : 1500
  output_dir   : metrics/multi-seed/fractional-32-8-8-30k/fractional-32-8-8/_workers/seed55

============================================================
Seed 55 (1/1)
============================================================
  Episode 50/1500  avg(100): 18.7
  Episode 100/1500  avg(100): 15.0
  Episode 150/1500  avg(100): 18.1
  Episode 200/1500  avg(100): 55.4
  Episode 250/1500  avg(100): 154.0
  Episode 300/1500  avg(100): 212.5
  Episode 350/1500  avg(100): 202.4
  Episode 400/1500  avg(100): 167.3
  Episode 450/1500  avg(100): 187.1
  Episode 500/1500  avg(100): 322.3
  Episode 550/1500  avg(100): 410.1
  Episode 600/1500  avg(100): 303.5
  Episode 650/1500  avg(100): 149.9
  Episode 700/1500  avg(100): 60.9
  Episode 750/1500  avg(100): 11.4
  Episode 800/1500  avg(100): 14.7
  Episode 850/1500  avg(100): 192.0
  Episode 900/1500  avg(100): 432.8
  Episode 950/1500  avg(100): 439.3
  Episode 1000/1500  avg(100): 194.9
  Episode 1050/1500  avg(100): 11.5
  Episode 1100/1500  avg(100): 227.0
  Episode 1150/1500  avg(100): 467.6
  Episode 1200/1500  avg(100): 487.2
  Episode 1250/1500  avg(100): 483.5
  Episode 1300/1500  avg(100): 485.3
  Episode 1350/1500  avg(100): 481.8
  Episode 1400/1500  avg(100): 342.7
  Episode 1450/1500  avg(100): 162.1
  Episode 1500/1500  avg(100): 169.4
Model saved to models/fractional-32-8-8-seed55-final.pth
  per-episode CSV streamed to: metrics/multi-seed/fractional-32-8-8-30k/fractional-32-8-8/_workers/seed55/fractional-32-8-8-seed55.csv

Summary CSV: metrics/multi-seed/fractional-32-8-8-30k/fractional-32-8-8/_workers/seed55/fractional-32-8-8-summary.csv

Results across 1 seeds:
  solved (final_avg >= 475) : 0/1 seeds
  final_avg_reward  : 169.38 ± 0.00  (primary metric: CartPole-v1 standard)
  best_avg_reward   : 496.59 ± 0.00
  tail_iqm_reward   : 452.18 ± 0.00  (diagnostic: matches Optuna selection metric)
  convergence_ep    : never reached threshold in any seed

Robust reporting (final_avg_reward across seeds, 95% bootstrap CI):
  IQM   : 169.38  [95% CI: 169.38, 169.38]
  Mean  : 169.38  [95% CI: 169.38, 169.38]
  (note: with N < 10, bootstrap CIs and IQM are necessarily wide; per Colas et al. 2018 consider increasing --num-seeds.)
