Multi-seed training for: bitshift-64-32-4
  device       : cpu
  num_seeds    : 1
  base_seed    : 101
  num_episodes : 1500
  output_dir   : metrics/multi-seed/bitshift-64-32-4/_workers/seed101

============================================================
Seed 101 (1/1)
============================================================
  Episode 50/1500  avg(100): 15.2
  Episode 100/1500  avg(100): 15.2
  Episode 150/1500  avg(100): 16.4
  Episode 200/1500  avg(100): 49.2
  Episode 250/1500  avg(100): 102.0
  Episode 300/1500  avg(100): 105.0
  Episode 350/1500  avg(100): 99.9
  Episode 400/1500  avg(100): 130.4
  Episode 450/1500  avg(100): 163.8
  Episode 500/1500  avg(100): 180.9
  Episode 550/1500  avg(100): 252.2
  Episode 600/1500  avg(100): 381.6
  Episode 650/1500  avg(100): 468.0
  Episode 700/1500  avg(100): 397.2
  Episode 750/1500  avg(100): 252.7
  Episode 800/1500  avg(100): 245.5
  Episode 850/1500  avg(100): 297.4
  Episode 900/1500  avg(100): 356.7
  Episode 950/1500  avg(100): 339.7
  Episode 1000/1500  avg(100): 317.9
  Episode 1050/1500  avg(100): 287.8
  Episode 1100/1500  avg(100): 173.2
  Episode 1150/1500  avg(100): 135.3
  Episode 1200/1500  avg(100): 237.8
  Episode 1250/1500  avg(100): 371.6
  Episode 1300/1500  avg(100): 441.4
  Episode 1350/1500  avg(100): 472.3
  Episode 1400/1500  avg(100): 368.8
  Episode 1450/1500  avg(100): 346.4
  Episode 1500/1500  avg(100): 350.3
Model saved to models/bitshift-64-32-4-seed101-final.pth
  per-episode CSV streamed to: metrics/multi-seed/bitshift-64-32-4/_workers/seed101/bitshift-64-32-4-seed101.csv

Summary CSV: metrics/multi-seed/bitshift-64-32-4/_workers/seed101/bitshift-64-32-4-summary.csv

Results across 1 seeds:
  solved (final_avg >= 475) : 0/1 seeds
  final_avg_reward  : 350.28 ± 0.00  (primary metric: CartPole-v1 standard)
  best_avg_reward   : 480.86 ± 0.00
  tail_iqm_reward   : 365.26 ± 0.00  (diagnostic: matches Optuna selection metric)
  convergence_ep    : never reached threshold in any seed

Robust reporting (final_avg_reward across seeds, 95% bootstrap CI):
  IQM   : 350.28  [95% CI: 350.28, 350.28]
  Mean  : 350.28  [95% CI: 350.28, 350.28]
  (note: with N < 10, bootstrap CIs and IQM are necessarily wide; per Colas et al. 2018 consider increasing --num-seeds.)
