Multi-seed training for: leaky-32-32
  device       : cpu
  num_seeds    : 1
  base_seed    : 59
  num_episodes : 1500
  output_dir   : metrics/multi-seed/leaky-32-32/_workers/seed59

============================================================
Seed 59 (1/1)
============================================================
  Episode 50/1500  avg(100): 13.9
  Episode 100/1500  avg(100): 13.1
  Episode 150/1500  avg(100): 12.6
  Episode 200/1500  avg(100): 15.6
  Episode 250/1500  avg(100): 21.0
  Episode 300/1500  avg(100): 56.3
  Episode 350/1500  avg(100): 103.8
  Episode 400/1500  avg(100): 119.0
  Episode 450/1500  avg(100): 117.4
  Episode 500/1500  avg(100): 113.1
  Episode 550/1500  avg(100): 98.2
  Episode 600/1500  avg(100): 90.8
  Episode 650/1500  avg(100): 135.6
  Episode 700/1500  avg(100): 196.3
  Episode 750/1500  avg(100): 257.5
  Episode 800/1500  avg(100): 301.8
  Episode 850/1500  avg(100): 319.4
  Episode 900/1500  avg(100): 344.7
  Episode 950/1500  avg(100): 341.1
  Episode 1000/1500  avg(100): 368.7
  Episode 1050/1500  avg(100): 270.0
  Episode 1100/1500  avg(100): 197.2
  Episode 1150/1500  avg(100): 264.3
  Episode 1200/1500  avg(100): 335.5
  Episode 1250/1500  avg(100): 345.6
  Episode 1300/1500  avg(100): 232.0
  Episode 1350/1500  avg(100): 195.4
  Episode 1400/1500  avg(100): 188.7
  Episode 1450/1500  avg(100): 160.3
  Episode 1500/1500  avg(100): 130.3
Model saved to models/leaky-32-32-seed59-final.pth
  per-episode CSV streamed to: metrics/multi-seed/leaky-32-32/_workers/seed59/leaky-32-32-seed59.csv

Summary CSV: metrics/multi-seed/leaky-32-32/_workers/seed59/leaky-32-32-summary.csv

Results across 1 seeds:
  solved (final_avg >= 475) : 0/1 seeds
  final_avg_reward  : 130.28 ± 0.00  (primary metric: CartPole-v1 standard)
  best_avg_reward   : 381.42 ± 0.00
  tail_iqm_reward   : 227.49 ± 0.00  (diagnostic: matches Optuna selection metric)
  convergence_ep    : never reached threshold in any seed

Robust reporting (final_avg_reward across seeds, 95% bootstrap CI):
  IQM   : 130.28  [95% CI: 130.28, 130.28]
  Mean  : 130.28  [95% CI: 130.28, 130.28]
  (note: with N < 10, bootstrap CIs and IQM are necessarily wide; per Colas et al. 2018 consider increasing --num-seeds.)
