Multi-seed training for: leaky-32-32
  device       : cpu
  num_seeds    : 1
  base_seed    : 126
  num_episodes : 1500
  output_dir   : metrics/multi-seed/leaky-32-32/_workers/seed126

============================================================
Seed 126 (1/1)
============================================================
  Episode 50/1500  avg(100): 19.4
  Episode 100/1500  avg(100): 18.8
  Episode 150/1500  avg(100): 40.8
  Episode 200/1500  avg(100): 108.0
  Episode 250/1500  avg(100): 145.8
  Episode 300/1500  avg(100): 137.3
  Episode 350/1500  avg(100): 115.2
  Episode 400/1500  avg(100): 97.5
  Episode 450/1500  avg(100): 97.0
  Episode 500/1500  avg(100): 94.3
  Episode 550/1500  avg(100): 94.0
  Episode 600/1500  avg(100): 92.0
  Episode 650/1500  avg(100): 74.6
  Episode 700/1500  avg(100): 68.2
  Episode 750/1500  avg(100): 86.8
  Episode 800/1500  avg(100): 83.4
  Episode 850/1500  avg(100): 74.3
  Episode 900/1500  avg(100): 152.0
  Episode 950/1500  avg(100): 363.1
  Episode 1000/1500  avg(100): 405.4
  Episode 1050/1500  avg(100): 377.6
  Episode 1100/1500  avg(100): 430.6
  Episode 1150/1500  avg(100): 385.3
  Episode 1200/1500  avg(100): 365.9
  Episode 1250/1500  avg(100): 360.6
  Episode 1300/1500  avg(100): 346.8
  Episode 1350/1500  avg(100): 404.5
  Episode 1400/1500  avg(100): 471.5
  Episode 1450/1500  avg(100): 490.7
  Episode 1500/1500  avg(100): 494.0
Model saved to models/leaky-32-32-seed126-final.pth
  per-episode CSV streamed to: metrics/multi-seed/leaky-32-32/_workers/seed126/leaky-32-32-seed126.csv

Summary CSV: metrics/multi-seed/leaky-32-32/_workers/seed126/leaky-32-32-summary.csv

Results across 1 seeds:
  solved (final_avg >= 475) : 1/1 seeds
  final_avg_reward  : 494.02 ± 0.00  (primary metric: CartPole-v1 standard)
  best_avg_reward   : 498.43 ± 0.00
  tail_iqm_reward   : 405.93 ± 0.00  (diagnostic: matches Optuna selection metric)
  convergence_ep    : 1402.0 ± 0.0  (1/1 seeds converged)

Robust reporting (final_avg_reward across seeds, 95% bootstrap CI):
  IQM   : 494.02  [95% CI: 494.02, 494.02]
  Mean  : 494.02  [95% CI: 494.02, 494.02]
  (note: with N < 10, bootstrap CIs and IQM are necessarily wide; per Colas et al. 2018 consider increasing --num-seeds.)
