Multi-seed training for: fractional-32-8-8
  device       : cpu
  num_seeds    : 1
  base_seed    : 50
  num_episodes : 1500
  output_dir   : metrics/multi-seed/fractional-32-8-8-20k/fractional-32-8-8/_workers/seed50

============================================================
Seed 50 (1/1)
============================================================
  Episode 50/1500  avg(100): 15.8
  Episode 100/1500  avg(100): 14.1
  Episode 150/1500  avg(100): 22.4
  Episode 200/1500  avg(100): 95.6
  Episode 250/1500  avg(100): 208.7
  Episode 300/1500  avg(100): 271.5
  Episode 350/1500  avg(100): 251.4
  Episode 400/1500  avg(100): 194.9
  Episode 450/1500  avg(100): 117.3
  Episode 500/1500  avg(100): 55.8
  Episode 550/1500  avg(100): 50.7
  Episode 600/1500  avg(100): 37.5
  Episode 650/1500  avg(100): 19.4
  Episode 700/1500  avg(100): 16.3
  Episode 750/1500  avg(100): 57.5
  Episode 800/1500  avg(100): 127.1
  Episode 850/1500  avg(100): 172.5
  Episode 900/1500  avg(100): 105.2
  Episode 950/1500  avg(100): 15.1
  Episode 1000/1500  avg(100): 36.1
  Episode 1050/1500  avg(100): 87.8
  Episode 1100/1500  avg(100): 118.5
  Episode 1150/1500  avg(100): 151.0
  Episode 1200/1500  avg(100): 261.7
  Episode 1250/1500  avg(100): 250.6
  Episode 1300/1500  avg(100): 214.6
  Episode 1350/1500  avg(100): 355.5
  Episode 1400/1500  avg(100): 415.5
  Episode 1450/1500  avg(100): 392.9
  Episode 1500/1500  avg(100): 446.1
Model saved to models/fractional-32-8-8-seed50-final.pth
  per-episode CSV streamed to: metrics/multi-seed/fractional-32-8-8-20k/fractional-32-8-8/_workers/seed50/fractional-32-8-8-seed50.csv

Summary CSV: metrics/multi-seed/fractional-32-8-8-20k/fractional-32-8-8/_workers/seed50/fractional-32-8-8-summary.csv

Results across 1 seeds:
  solved (final_avg >= 475) : 0/1 seeds
  final_avg_reward  : 446.05 ± 0.00  (primary metric: CartPole-v1 standard)
  best_avg_reward   : 446.56 ± 0.00
  tail_iqm_reward   : 303.96 ± 0.00  (diagnostic: matches Optuna selection metric)
  convergence_ep    : never reached threshold in any seed

Robust reporting (final_avg_reward across seeds, 95% bootstrap CI):
  IQM   : 446.05  [95% CI: 446.05, 446.05]
  Mean  : 446.05  [95% CI: 446.05, 446.05]
  (note: with N < 10, bootstrap CIs and IQM are necessarily wide; per Colas et al. 2018 consider increasing --num-seeds.)
