Multi-seed training for: fractional-32-8-8
  device       : cpu
  num_seeds    : 1
  base_seed    : 56
  num_episodes : 1500
  output_dir   : metrics/multi-seed/fractional-32-8-8-50k/fractional-32-8-8/_workers/seed56

============================================================
Seed 56 (1/1)
============================================================
  Episode 50/1500  avg(100): 18.1
  Episode 100/1500  avg(100): 17.2
  Episode 150/1500  avg(100): 19.4
  Episode 200/1500  avg(100): 54.0
  Episode 250/1500  avg(100): 100.2
  Episode 300/1500  avg(100): 132.3
  Episode 350/1500  avg(100): 159.5
  Episode 400/1500  avg(100): 170.0
  Episode 450/1500  avg(100): 148.2
  Episode 500/1500  avg(100): 123.1
  Episode 550/1500  avg(100): 112.3
  Episode 600/1500  avg(100): 105.0
  Episode 650/1500  avg(100): 166.6
  Episode 700/1500  avg(100): 302.1
  Episode 750/1500  avg(100): 411.6
  Episode 800/1500  avg(100): 473.1
  Episode 850/1500  avg(100): 500.0
  Episode 900/1500  avg(100): 392.6
  Episode 950/1500  avg(100): 273.6
  Episode 1000/1500  avg(100): 381.0
  Episode 1050/1500  avg(100): 500.0
  Episode 1100/1500  avg(100): 500.0
  Episode 1150/1500  avg(100): 500.0
  Episode 1200/1500  avg(100): 500.0
  Episode 1250/1500  avg(100): 500.0
  Episode 1300/1500  avg(100): 363.1
  Episode 1350/1500  avg(100): 124.7
  Episode 1400/1500  avg(100): 22.2
  Episode 1450/1500  avg(100): 78.9
  Episode 1500/1500  avg(100): 318.0
Model saved to models/fractional-32-8-8-seed56-final.pth
  per-episode CSV streamed to: metrics/multi-seed/fractional-32-8-8-50k/fractional-32-8-8/_workers/seed56/fractional-32-8-8-seed56.csv

Summary CSV: metrics/multi-seed/fractional-32-8-8-50k/fractional-32-8-8/_workers/seed56/fractional-32-8-8-summary.csv

Results across 1 seeds:
  solved (final_avg >= 475) : 0/1 seeds
  final_avg_reward  : 317.99 ± 0.00  (primary metric: CartPole-v1 standard)
  best_avg_reward   : 500.00 ± 0.00
  tail_iqm_reward   : 326.30 ± 0.00  (diagnostic: matches Optuna selection metric)
  convergence_ep    : never reached threshold in any seed

Robust reporting (final_avg_reward across seeds, 95% bootstrap CI):
  IQM   : 317.99  [95% CI: 317.99, 317.99]
  Mean  : 317.99  [95% CI: 317.99, 317.99]
  (note: with N < 10, bootstrap CIs and IQM are necessarily wide; per Colas et al. 2018 consider increasing --num-seeds.)
