Multi-seed training for: leaky-32-32
  device       : cpu
  num_seeds    : 1
  base_seed    : 60
  num_episodes : 1500
  output_dir   : metrics/multi-seed/leaky-32-32/_workers/seed60

============================================================
Seed 60 (1/1)
============================================================
  Episode 50/1500  avg(100): 16.4
  Episode 100/1500  avg(100): 14.5
  Episode 150/1500  avg(100): 13.4
  Episode 200/1500  avg(100): 29.1
  Episode 250/1500  avg(100): 60.8
  Episode 300/1500  avg(100): 131.7
  Episode 350/1500  avg(100): 237.3
  Episode 400/1500  avg(100): 264.5
  Episode 450/1500  avg(100): 264.2
  Episode 500/1500  avg(100): 322.8
  Episode 550/1500  avg(100): 313.8
  Episode 600/1500  avg(100): 257.3
  Episode 650/1500  avg(100): 249.5
  Episode 700/1500  avg(100): 254.9
  Episode 750/1500  avg(100): 236.5
  Episode 800/1500  avg(100): 237.2
  Episode 850/1500  avg(100): 244.6
  Episode 900/1500  avg(100): 238.3
  Episode 950/1500  avg(100): 249.3
  Episode 1000/1500  avg(100): 251.1
  Episode 1050/1500  avg(100): 242.9
  Episode 1100/1500  avg(100): 244.5
  Episode 1150/1500  avg(100): 273.6
  Episode 1200/1500  avg(100): 315.4
  Episode 1250/1500  avg(100): 223.0
  Episode 1300/1500  avg(100): 236.4
  Episode 1350/1500  avg(100): 313.2
  Episode 1400/1500  avg(100): 292.4
  Episode 1450/1500  avg(100): 275.9
  Episode 1500/1500  avg(100): 198.4
Model saved to models/leaky-32-32-seed60-final.pth
  per-episode CSV streamed to: metrics/multi-seed/leaky-32-32/_workers/seed60/leaky-32-32-seed60.csv

Summary CSV: metrics/multi-seed/leaky-32-32/_workers/seed60/leaky-32-32-summary.csv

Results across 1 seeds:
  solved (final_avg >= 475) : 0/1 seeds
  final_avg_reward  : 198.39 ± 0.00  (primary metric: CartPole-v1 standard)
  best_avg_reward   : 332.23 ± 0.00
  tail_iqm_reward   : 274.45 ± 0.00  (diagnostic: matches Optuna selection metric)
  convergence_ep    : never reached threshold in any seed

Robust reporting (final_avg_reward across seeds, 95% bootstrap CI):
  IQM   : 198.39  [95% CI: 198.39, 198.39]
  Mean  : 198.39  [95% CI: 198.39, 198.39]
  (note: with N < 10, bootstrap CIs and IQM are necessarily wide; per Colas et al. 2018 consider increasing --num-seeds.)
