Multi-seed training for: bitshift-64-32-4
  device       : cpu
  num_seeds    : 1
  base_seed    : 123
  num_episodes : 1500
  output_dir   : metrics/multi-seed/bitshift-64-32-4/_workers/seed123

============================================================
Seed 123 (1/1)
============================================================
  Episode 50/1500  avg(100): 17.4
  Episode 100/1500  avg(100): 16.8
  Episode 150/1500  avg(100): 36.5
  Episode 200/1500  avg(100): 117.3
  Episode 250/1500  avg(100): 248.5
  Episode 300/1500  avg(100): 275.4
  Episode 350/1500  avg(100): 243.6
  Episode 400/1500  avg(100): 268.8
  Episode 450/1500  avg(100): 280.3
  Episode 500/1500  avg(100): 233.0
  Episode 550/1500  avg(100): 280.3
  Episode 600/1500  avg(100): 409.2
  Episode 650/1500  avg(100): 355.7
  Episode 700/1500  avg(100): 344.1
  Episode 750/1500  avg(100): 368.1
  Episode 800/1500  avg(100): 407.0
  Episode 850/1500  avg(100): 499.9
  Episode 900/1500  avg(100): 500.0
  Episode 950/1500  avg(100): 500.0
  Episode 1000/1500  avg(100): 483.8
  Episode 1050/1500  avg(100): 458.2
  Episode 1100/1500  avg(100): 311.0
  Episode 1150/1500  avg(100): 310.4
  Episode 1200/1500  avg(100): 473.9
  Episode 1250/1500  avg(100): 500.0
  Episode 1300/1500  avg(100): 496.6
  Episode 1350/1500  avg(100): 406.4
  Episode 1400/1500  avg(100): 359.7
  Episode 1450/1500  avg(100): 445.5
  Episode 1500/1500  avg(100): 465.6
Model saved to models/bitshift-64-32-4-seed123-final.pth
  per-episode CSV streamed to: metrics/multi-seed/bitshift-64-32-4/_workers/seed123/bitshift-64-32-4-seed123.csv

Summary CSV: metrics/multi-seed/bitshift-64-32-4/_workers/seed123/bitshift-64-32-4-summary.csv

Results across 1 seeds:
  solved (final_avg >= 475) : 0/1 seeds
  final_avg_reward  : 465.61 ± 0.00  (primary metric: CartPole-v1 standard)
  best_avg_reward   : 500.00 ± 0.00
  tail_iqm_reward   : 447.21 ± 0.00  (diagnostic: matches Optuna selection metric)
  convergence_ep    : never reached threshold in any seed

Robust reporting (final_avg_reward across seeds, 95% bootstrap CI):
  IQM   : 465.61  [95% CI: 465.61, 465.61]
  Mean  : 465.61  [95% CI: 465.61, 465.61]
  (note: with N < 10, bootstrap CIs and IQM are necessarily wide; per Colas et al. 2018 consider increasing --num-seeds.)
