Multi-seed training for: fractional-32-8-8
  device       : cpu
  num_seeds    : 1
  base_seed    : 120
  num_episodes : 1500
  output_dir   : metrics/multi-seed/fractional-32-8-8/_workers/seed120

============================================================
Seed 120 (1/1)
============================================================
  Episode 50/1500  avg(100): 16.8
  Episode 100/1500  avg(100): 15.5
  Episode 150/1500  avg(100): 15.4
  Episode 200/1500  avg(100): 18.7
  Episode 250/1500  avg(100): 25.1
  Episode 300/1500  avg(100): 53.6
  Episode 350/1500  avg(100): 77.2
  Episode 400/1500  avg(100): 54.0
  Episode 450/1500  avg(100): 20.9
  Episode 500/1500  avg(100): 10.4
  Episode 550/1500  avg(100): 10.2
  Episode 600/1500  avg(100): 10.2
  Episode 650/1500  avg(100): 10.3
  Episode 700/1500  avg(100): 10.5
  Episode 750/1500  avg(100): 19.1
  Episode 800/1500  avg(100): 42.6
  Episode 850/1500  avg(100): 63.4
  Episode 900/1500  avg(100): 65.8
  Episode 950/1500  avg(100): 62.5
  Episode 1000/1500  avg(100): 63.4
  Episode 1050/1500  avg(100): 65.8
  Episode 1100/1500  avg(100): 69.7
  Episode 1150/1500  avg(100): 84.3
  Episode 1200/1500  avg(100): 99.7
  Episode 1250/1500  avg(100): 147.3
  Episode 1300/1500  avg(100): 202.9
  Episode 1350/1500  avg(100): 238.9
  Episode 1400/1500  avg(100): 310.8
  Episode 1450/1500  avg(100): 429.0
  Episode 1500/1500  avg(100): 453.3
Model saved to models/fractional-32-8-8-seed120-final.pth
  per-episode CSV streamed to: metrics/multi-seed/fractional-32-8-8/_workers/seed120/fractional-32-8-8-seed120.csv

Summary CSV: metrics/multi-seed/fractional-32-8-8/_workers/seed120/fractional-32-8-8-summary.csv

Results across 1 seeds:
  solved (final_avg >= 475) : 0/1 seeds
  final_avg_reward  : 453.32 ± 0.00  (primary metric: CartPole-v1 standard)
  best_avg_reward   : 477.06 ± 0.00
  tail_iqm_reward   : 209.03 ± 0.00  (diagnostic: matches Optuna selection metric)
  convergence_ep    : never reached threshold in any seed

Robust reporting (final_avg_reward across seeds, 95% bootstrap CI):
  IQM   : 453.32  [95% CI: 453.32, 453.32]
  Mean  : 453.32  [95% CI: 453.32, 453.32]
  (note: with N < 10, bootstrap CIs and IQM are necessarily wide; per Colas et al. 2018 consider increasing --num-seeds.)
