Multi-seed training for: leaky-32-32
  device       : cpu
  num_seeds    : 1
  base_seed    : 44
  num_episodes : 1500
  output_dir   : metrics/multi-seed/leaky-32-32/_workers/seed44

============================================================
Seed 44 (1/1)
============================================================
  Episode 50/1500  avg(100): 17.4
  Episode 100/1500  avg(100): 16.4
  Episode 150/1500  avg(100): 16.3
  Episode 200/1500  avg(100): 55.4
  Episode 250/1500  avg(100): 152.6
  Episode 300/1500  avg(100): 157.3
  Episode 350/1500  avg(100): 101.2
  Episode 400/1500  avg(100): 77.8
  Episode 450/1500  avg(100): 43.1
  Episode 500/1500  avg(100): 60.7
  Episode 550/1500  avg(100): 106.3
  Episode 600/1500  avg(100): 200.0
  Episode 650/1500  avg(100): 213.8
  Episode 700/1500  avg(100): 204.1
  Episode 750/1500  avg(100): 267.4
  Episode 800/1500  avg(100): 354.8
  Episode 850/1500  avg(100): 467.2
  Episode 900/1500  avg(100): 495.1
  Episode 950/1500  avg(100): 455.9
  Episode 1000/1500  avg(100): 441.8
  Episode 1050/1500  avg(100): 457.5
  Episode 1100/1500  avg(100): 448.9
  Episode 1150/1500  avg(100): 467.8
  Episode 1200/1500  avg(100): 472.3
  Episode 1250/1500  avg(100): 476.9
  Episode 1300/1500  avg(100): 495.4
  Episode 1350/1500  avg(100): 485.7
  Episode 1400/1500  avg(100): 481.2
  Episode 1450/1500  avg(100): 486.1
  Episode 1500/1500  avg(100): 490.3
Model saved to models/leaky-32-32-seed44-final.pth
  per-episode CSV streamed to: metrics/multi-seed/leaky-32-32/_workers/seed44/leaky-32-32-seed44.csv

Summary CSV: metrics/multi-seed/leaky-32-32/_workers/seed44/leaky-32-32-summary.csv

Results across 1 seeds:
  solved (final_avg >= 475) : 1/1 seeds
  final_avg_reward  : 490.30 ± 0.00  (primary metric: CartPole-v1 standard)
  best_avg_reward   : 496.10 ± 0.00
  tail_iqm_reward   : 481.39 ± 0.00  (diagnostic: matches Optuna selection metric)
  convergence_ep    : 1246.0 ± 0.0  (1/1 seeds converged)

Robust reporting (final_avg_reward across seeds, 95% bootstrap CI):
  IQM   : 490.30  [95% CI: 490.30, 490.30]
  Mean  : 490.30  [95% CI: 490.30, 490.30]
  (note: with N < 10, bootstrap CIs and IQM are necessarily wide; per Colas et al. 2018 consider increasing --num-seeds.)
