Multi-seed training for: bitshift-64-32-4
  device       : cpu
  num_seeds    : 1
  base_seed    : 44
  num_episodes : 1500
  output_dir   : metrics/multi-seed/bitshift-64-32-4-30k/bitshift-64-32-4/_workers/seed44

============================================================
Seed 44 (1/1)
============================================================
  Episode 50/1500  avg(100): 17.3
  Episode 100/1500  avg(100): 15.3
  Episode 150/1500  avg(100): 41.4
  Episode 200/1500  avg(100): 135.8
  Episode 250/1500  avg(100): 219.3
  Episode 300/1500  avg(100): 238.5
  Episode 350/1500  avg(100): 222.7
  Episode 400/1500  avg(100): 171.0
  Episode 450/1500  avg(100): 158.3
  Episode 500/1500  avg(100): 196.5
  Episode 550/1500  avg(100): 175.5
  Episode 600/1500  avg(100): 144.8
  Episode 650/1500  avg(100): 160.5
  Episode 700/1500  avg(100): 191.2
  Episode 750/1500  avg(100): 225.2
  Episode 800/1500  avg(100): 216.1
  Episode 850/1500  avg(100): 267.7
  Episode 900/1500  avg(100): 338.1
  Episode 950/1500  avg(100): 292.8
  Episode 1000/1500  avg(100): 243.7
  Episode 1050/1500  avg(100): 164.7
  Episode 1100/1500  avg(100): 67.9
  Episode 1150/1500  avg(100): 192.2
  Episode 1200/1500  avg(100): 414.1
  Episode 1250/1500  avg(100): 494.0
  Episode 1300/1500  avg(100): 381.2
  Episode 1350/1500  avg(100): 193.8
  Episode 1400/1500  avg(100): 129.8
  Episode 1450/1500  avg(100): 169.3
  Episode 1500/1500  avg(100): 325.2
Model saved to models/bitshift-64-32-4-seed44-final.pth
  per-episode CSV streamed to: metrics/multi-seed/bitshift-64-32-4-30k/bitshift-64-32-4/_workers/seed44/bitshift-64-32-4-seed44.csv

Summary CSV: metrics/multi-seed/bitshift-64-32-4-30k/bitshift-64-32-4/_workers/seed44/bitshift-64-32-4-summary.csv

Results across 1 seeds:
  solved (final_avg >= 475) : 0/1 seeds
  final_avg_reward  : 325.24 ± 0.00  (primary metric: CartPole-v1 standard)
  best_avg_reward   : 494.87 ± 0.00
  tail_iqm_reward   : 264.58 ± 0.00  (diagnostic: matches Optuna selection metric)
  convergence_ep    : never reached threshold in any seed

Robust reporting (final_avg_reward across seeds, 95% bootstrap CI):
  IQM   : 325.24  [95% CI: 325.24, 325.24]
  Mean  : 325.24  [95% CI: 325.24, 325.24]
  (note: with N < 10, bootstrap CIs and IQM are necessarily wide; per Colas et al. 2018 consider increasing --num-seeds.)
