Multi-seed training for: fractional-32-8-8
  device       : cpu
  num_seeds    : 1
  base_seed    : 128
  num_episodes : 1500
  output_dir   : metrics/multi-seed/fractional-32-8-8/_workers/seed128

============================================================
Seed 128 (1/1)
============================================================
  Episode 50/1500  avg(100): 18.7
  Episode 100/1500  avg(100): 15.9
  Episode 150/1500  avg(100): 14.3
  Episode 200/1500  avg(100): 18.9
  Episode 250/1500  avg(100): 51.7
  Episode 300/1500  avg(100): 112.8
  Episode 350/1500  avg(100): 126.1
  Episode 400/1500  avg(100): 106.7
  Episode 450/1500  avg(100): 86.9
  Episode 500/1500  avg(100): 81.1
  Episode 550/1500  avg(100): 104.2
  Episode 600/1500  avg(100): 120.3
  Episode 650/1500  avg(100): 189.8
  Episode 700/1500  avg(100): 164.4
  Episode 750/1500  avg(100): 133.8
  Episode 800/1500  avg(100): 174.4
  Episode 850/1500  avg(100): 149.9
  Episode 900/1500  avg(100): 220.1
  Episode 950/1500  avg(100): 292.3
  Episode 1000/1500  avg(100): 350.3
  Episode 1050/1500  avg(100): 256.3
  Episode 1100/1500  avg(100): 92.7
  Episode 1150/1500  avg(100): 75.6
  Episode 1200/1500  avg(100): 52.1
  Episode 1250/1500  avg(100): 205.7
  Episode 1300/1500  avg(100): 436.4
  Episode 1350/1500  avg(100): 500.0
  Episode 1400/1500  avg(100): 500.0
  Episode 1450/1500  avg(100): 500.0
  Episode 1500/1500  avg(100): 498.1
Model saved to models/fractional-32-8-8-seed128-final.pth
  per-episode CSV streamed to: metrics/multi-seed/fractional-32-8-8/_workers/seed128/fractional-32-8-8-seed128.csv

Summary CSV: metrics/multi-seed/fractional-32-8-8/_workers/seed128/fractional-32-8-8-summary.csv

Results across 1 seeds:
  solved (final_avg >= 475) : 1/1 seeds
  final_avg_reward  : 498.07 ± 0.00  (primary metric: CartPole-v1 standard)
  best_avg_reward   : 500.00 ± 0.00
  tail_iqm_reward   : 389.48 ± 0.00  (diagnostic: matches Optuna selection metric)
  convergence_ep    : 1309.0 ± 0.0  (1/1 seeds converged)

Robust reporting (final_avg_reward across seeds, 95% bootstrap CI):
  IQM   : 498.07  [95% CI: 498.07, 498.07]
  Mean  : 498.07  [95% CI: 498.07, 498.07]
  (note: with N < 10, bootstrap CIs and IQM are necessarily wide; per Colas et al. 2018 consider increasing --num-seeds.)
