Multi-seed training for: bitshift-64-32-4
  device       : cpu
  num_seeds    : 1
  base_seed    : 90
  num_episodes : 1500
  output_dir   : metrics/multi-seed/bitshift-64-32-4/_workers/seed90

============================================================
Seed 90 (1/1)
============================================================
  Episode 50/1500  avg(100): 17.4
  Episode 100/1500  avg(100): 15.9
  Episode 150/1500  avg(100): 18.3
  Episode 200/1500  avg(100): 50.6
  Episode 250/1500  avg(100): 80.0
  Episode 300/1500  avg(100): 79.5
  Episode 350/1500  avg(100): 85.1
  Episode 400/1500  avg(100): 94.2
  Episode 450/1500  avg(100): 112.2
  Episode 500/1500  avg(100): 149.7
  Episode 550/1500  avg(100): 196.1
  Episode 600/1500  avg(100): 287.8
  Episode 650/1500  avg(100): 352.3
  Episode 700/1500  avg(100): 364.7
  Episode 750/1500  avg(100): 333.2
  Episode 800/1500  avg(100): 335.0
  Episode 850/1500  avg(100): 441.4
  Episode 900/1500  avg(100): 437.6
  Episode 950/1500  avg(100): 334.5
  Episode 1000/1500  avg(100): 238.2
  Episode 1050/1500  avg(100): 313.4
  Episode 1100/1500  avg(100): 464.5
  Episode 1150/1500  avg(100): 492.4
  Episode 1200/1500  avg(100): 500.0
  Episode 1250/1500  avg(100): 497.6
  Episode 1300/1500  avg(100): 497.6
  Episode 1350/1500  avg(100): 500.0
  Episode 1400/1500  avg(100): 500.0
  Episode 1450/1500  avg(100): 500.0
  Episode 1500/1500  avg(100): 500.0
Model saved to models/bitshift-64-32-4-seed90-final.pth
  per-episode CSV streamed to: metrics/multi-seed/bitshift-64-32-4/_workers/seed90/bitshift-64-32-4-seed90.csv

Summary CSV: metrics/multi-seed/bitshift-64-32-4/_workers/seed90/bitshift-64-32-4-summary.csv

Results across 1 seeds:
  solved (final_avg >= 475) : 1/1 seeds
  final_avg_reward  : 500.00 ± 0.00  (primary metric: CartPole-v1 standard)
  best_avg_reward   : 500.00 ± 0.00
  tail_iqm_reward   : 499.08 ± 0.00  (diagnostic: matches Optuna selection metric)
  convergence_ep    : 1104.0 ± 0.0  (1/1 seeds converged)

Robust reporting (final_avg_reward across seeds, 95% bootstrap CI):
  IQM   : 500.00  [95% CI: 500.00, 500.00]
  Mean  : 500.00  [95% CI: 500.00, 500.00]
  (note: with N < 10, bootstrap CIs and IQM are necessarily wide; per Colas et al. 2018 consider increasing --num-seeds.)
