Multi-seed training for: fractional-32-8-8
  device       : cpu
  num_seeds    : 1
  base_seed    : 88
  num_episodes : 1500
  output_dir   : metrics/multi-seed/fractional-32-8-8/_workers/seed88

============================================================
Seed 88 (1/1)
============================================================
  Episode 50/1500  avg(100): 17.5
  Episode 100/1500  avg(100): 15.1
  Episode 150/1500  avg(100): 13.3
  Episode 200/1500  avg(100): 14.0
  Episode 250/1500  avg(100): 30.6
  Episode 300/1500  avg(100): 61.2
  Episode 350/1500  avg(100): 75.2
  Episode 400/1500  avg(100): 64.9
  Episode 450/1500  avg(100): 36.9
  Episode 500/1500  avg(100): 21.2
  Episode 550/1500  avg(100): 39.6
  Episode 600/1500  avg(100): 64.5
  Episode 650/1500  avg(100): 87.7
  Episode 700/1500  avg(100): 141.5
  Episode 750/1500  avg(100): 202.6
  Episode 800/1500  avg(100): 293.1
  Episode 850/1500  avg(100): 390.3
  Episode 900/1500  avg(100): 453.8
  Episode 950/1500  avg(100): 425.8
  Episode 1000/1500  avg(100): 431.6
  Episode 1050/1500  avg(100): 479.0
  Episode 1100/1500  avg(100): 440.0
  Episode 1150/1500  avg(100): 373.0
  Episode 1200/1500  avg(100): 387.1
  Episode 1250/1500  avg(100): 440.6
  Episode 1300/1500  avg(100): 340.3
  Episode 1350/1500  avg(100): 345.0
  Episode 1400/1500  avg(100): 225.3
  Episode 1450/1500  avg(100): 10.1
  Episode 1500/1500  avg(100): 10.7
Model saved to models/fractional-32-8-8-seed88-final.pth
  per-episode CSV streamed to: metrics/multi-seed/fractional-32-8-8/_workers/seed88/fractional-32-8-8-seed88.csv

Summary CSV: metrics/multi-seed/fractional-32-8-8/_workers/seed88/fractional-32-8-8-summary.csv

Results across 1 seeds:
  solved (final_avg >= 475) : 0/1 seeds
  final_avg_reward  : 10.65 ± 0.00  (primary metric: CartPole-v1 standard)
  best_avg_reward   : 485.40 ± 0.00
  tail_iqm_reward   : 336.91 ± 0.00  (diagnostic: matches Optuna selection metric)
  convergence_ep    : never reached threshold in any seed

Robust reporting (final_avg_reward across seeds, 95% bootstrap CI):
  IQM   : 10.65  [95% CI: 10.65, 10.65]
  Mean  : 10.65  [95% CI: 10.65, 10.65]
  (note: with N < 10, bootstrap CIs and IQM are necessarily wide; per Colas et al. 2018 consider increasing --num-seeds.)
