Multi-seed training for: bitshift-64-32-4
  device       : cpu
  num_seeds    : 1
  base_seed    : 59
  num_episodes : 1500
  output_dir   : metrics/multi-seed/bitshift-64-32-4-30k/bitshift-64-32-4/_workers/seed59

============================================================
Seed 59 (1/1)
============================================================
  Episode 50/1500  avg(100): 16.8
  Episode 100/1500  avg(100): 15.9
  Episode 150/1500  avg(100): 51.0
  Episode 200/1500  avg(100): 143.6
  Episode 250/1500  avg(100): 303.9
  Episode 300/1500  avg(100): 314.1
  Episode 350/1500  avg(100): 279.7
  Episode 400/1500  avg(100): 357.4
  Episode 450/1500  avg(100): 355.6
  Episode 500/1500  avg(100): 380.9
  Episode 550/1500  avg(100): 337.0
  Episode 600/1500  avg(100): 328.6
  Episode 650/1500  avg(100): 437.4
  Episode 700/1500  avg(100): 431.1
  Episode 750/1500  avg(100): 435.6
  Episode 800/1500  avg(100): 487.1
  Episode 850/1500  avg(100): 423.3
  Episode 900/1500  avg(100): 423.3
  Episode 950/1500  avg(100): 394.1
  Episode 1000/1500  avg(100): 166.1
  Episode 1050/1500  avg(100): 56.6
  Episode 1100/1500  avg(100): 231.7
  Episode 1150/1500  avg(100): 357.8
  Episode 1200/1500  avg(100): 363.8
  Episode 1250/1500  avg(100): 449.1
  Episode 1300/1500  avg(100): 493.4
  Episode 1350/1500  avg(100): 497.4
  Episode 1400/1500  avg(100): 495.5
  Episode 1450/1500  avg(100): 495.5
  Episode 1500/1500  avg(100): 500.0
Model saved to models/bitshift-64-32-4-seed59-final.pth
  per-episode CSV streamed to: metrics/multi-seed/bitshift-64-32-4-30k/bitshift-64-32-4/_workers/seed59/bitshift-64-32-4-seed59.csv

Summary CSV: metrics/multi-seed/bitshift-64-32-4-30k/bitshift-64-32-4/_workers/seed59/bitshift-64-32-4-summary.csv

Results across 1 seeds:
  solved (final_avg >= 475) : 1/1 seeds
  final_avg_reward  : 500.00 ± 0.00  (primary metric: CartPole-v1 standard)
  best_avg_reward   : 500.00 ± 0.00
  tail_iqm_reward   : 477.05 ± 0.00  (diagnostic: matches Optuna selection metric)
  convergence_ep    : 1258.0 ± 0.0  (1/1 seeds converged)

Robust reporting (final_avg_reward across seeds, 95% bootstrap CI):
  IQM   : 500.00  [95% CI: 500.00, 500.00]
  Mean  : 500.00  [95% CI: 500.00, 500.00]
  (note: with N < 10, bootstrap CIs and IQM are necessarily wide; per Colas et al. 2018 consider increasing --num-seeds.)
