Multi-seed training for: leaky-32-32
  device       : cpu
  num_seeds    : 1
  base_seed    : 116
  num_episodes : 1500
  output_dir   : metrics/multi-seed/leaky-32-32/_workers/seed116

============================================================
Seed 116 (1/1)
============================================================
  Episode 50/1500  avg(100): 17.9
  Episode 100/1500  avg(100): 16.9
  Episode 150/1500  avg(100): 14.3
  Episode 200/1500  avg(100): 14.1
  Episode 250/1500  avg(100): 25.7
  Episode 300/1500  avg(100): 92.9
  Episode 350/1500  avg(100): 148.8
  Episode 400/1500  avg(100): 168.2
  Episode 450/1500  avg(100): 165.8
  Episode 500/1500  avg(100): 138.8
  Episode 550/1500  avg(100): 122.8
  Episode 600/1500  avg(100): 94.0
  Episode 650/1500  avg(100): 97.2
  Episode 700/1500  avg(100): 87.8
  Episode 750/1500  avg(100): 120.6
  Episode 800/1500  avg(100): 212.2
  Episode 850/1500  avg(100): 242.0
  Episode 900/1500  avg(100): 322.9
  Episode 950/1500  avg(100): 404.5
  Episode 1000/1500  avg(100): 387.1
  Episode 1050/1500  avg(100): 411.1
  Episode 1100/1500  avg(100): 458.8
  Episode 1150/1500  avg(100): 470.9
  Episode 1200/1500  avg(100): 479.3
  Episode 1250/1500  avg(100): 478.8
  Episode 1300/1500  avg(100): 466.5
  Episode 1350/1500  avg(100): 464.2
  Episode 1400/1500  avg(100): 459.3
  Episode 1450/1500  avg(100): 366.8
  Episode 1500/1500  avg(100): 256.2
Model saved to models/leaky-32-32-seed116-final.pth
  per-episode CSV streamed to: metrics/multi-seed/leaky-32-32/_workers/seed116/leaky-32-32-seed116.csv

Summary CSV: metrics/multi-seed/leaky-32-32/_workers/seed116/leaky-32-32-summary.csv

Results across 1 seeds:
  solved (final_avg >= 475) : 0/1 seeds
  final_avg_reward  : 256.18 ± 0.00  (primary metric: CartPole-v1 standard)
  best_avg_reward   : 484.14 ± 0.00
  tail_iqm_reward   : 466.74 ± 0.00  (diagnostic: matches Optuna selection metric)
  convergence_ep    : never reached threshold in any seed

Robust reporting (final_avg_reward across seeds, 95% bootstrap CI):
  IQM   : 256.18  [95% CI: 256.18, 256.18]
  Mean  : 256.18  [95% CI: 256.18, 256.18]
  (note: with N < 10, bootstrap CIs and IQM are necessarily wide; per Colas et al. 2018 consider increasing --num-seeds.)
