Multi-seed training for: fractional-32-8-8
  device       : cpu
  num_seeds    : 1
  base_seed    : 52
  num_episodes : 1500
  output_dir   : metrics/multi-seed/fractional-32-8-8-50k/fractional-32-8-8/_workers/seed52

============================================================
Seed 52 (1/1)
============================================================
  Episode 50/1500  avg(100): 17.6
  Episode 100/1500  avg(100): 16.4
  Episode 150/1500  avg(100): 16.3
  Episode 200/1500  avg(100): 21.2
  Episode 250/1500  avg(100): 29.0
  Episode 300/1500  avg(100): 53.0
  Episode 350/1500  avg(100): 82.8
  Episode 400/1500  avg(100): 80.2
  Episode 450/1500  avg(100): 75.0
  Episode 500/1500  avg(100): 59.2
  Episode 550/1500  avg(100): 46.7
  Episode 600/1500  avg(100): 71.4
  Episode 650/1500  avg(100): 88.2
  Episode 700/1500  avg(100): 87.2
  Episode 750/1500  avg(100): 76.7
  Episode 800/1500  avg(100): 97.9
  Episode 850/1500  avg(100): 189.5
  Episode 900/1500  avg(100): 179.1
  Episode 950/1500  avg(100): 88.8
  Episode 1000/1500  avg(100): 86.4
  Episode 1050/1500  avg(100): 102.1
  Episode 1100/1500  avg(100): 104.6
  Episode 1150/1500  avg(100): 172.1
  Episode 1200/1500  avg(100): 293.5
  Episode 1250/1500  avg(100): 211.5
  Episode 1300/1500  avg(100): 170.1
  Episode 1350/1500  avg(100): 382.7
  Episode 1400/1500  avg(100): 334.0
  Episode 1450/1500  avg(100): 334.0
  Episode 1500/1500  avg(100): 500.0
Model saved to models/fractional-32-8-8-seed52-final.pth
  per-episode CSV streamed to: metrics/multi-seed/fractional-32-8-8-50k/fractional-32-8-8/_workers/seed52/fractional-32-8-8-seed52.csv

Summary CSV: metrics/multi-seed/fractional-32-8-8-50k/fractional-32-8-8/_workers/seed52/fractional-32-8-8-summary.csv

Results across 1 seeds:
  solved (final_avg >= 475) : 1/1 seeds
  final_avg_reward  : 500.00 ± 0.00  (primary metric: CartPole-v1 standard)
  best_avg_reward   : 500.00 ± 0.00
  tail_iqm_reward   : 293.38 ± 0.00  (diagnostic: matches Optuna selection metric)
  convergence_ep    : 1487.0 ± 0.0  (1/1 seeds converged)

Robust reporting (final_avg_reward across seeds, 95% bootstrap CI):
  IQM   : 500.00  [95% CI: 500.00, 500.00]
  Mean  : 500.00  [95% CI: 500.00, 500.00]
  (note: with N < 10, bootstrap CIs and IQM are necessarily wide; per Colas et al. 2018 consider increasing --num-seeds.)
