Multi-seed training for: leaky-32-32
  device       : cpu
  num_seeds    : 1
  base_seed    : 53
  num_episodes : 1500
  output_dir   : metrics/multi-seed/leaky-32-32-25k/leaky-32-32/_workers/seed53

============================================================
Seed 53 (1/1)
============================================================
  Episode 50/1500  avg(100): 18.2
  Episode 100/1500  avg(100): 16.7
  Episode 150/1500  avg(100): 14.9
  Episode 200/1500  avg(100): 16.1
  Episode 250/1500  avg(100): 55.8
  Episode 300/1500  avg(100): 117.3
  Episode 350/1500  avg(100): 125.6
  Episode 400/1500  avg(100): 116.0
  Episode 450/1500  avg(100): 125.3
  Episode 500/1500  avg(100): 150.1
  Episode 550/1500  avg(100): 165.2
  Episode 600/1500  avg(100): 239.0
  Episode 650/1500  avg(100): 296.4
  Episode 700/1500  avg(100): 259.3
  Episode 750/1500  avg(100): 235.5
  Episode 800/1500  avg(100): 231.2
  Episode 850/1500  avg(100): 239.5
  Episode 900/1500  avg(100): 161.9
  Episode 950/1500  avg(100): 109.4
  Episode 1000/1500  avg(100): 216.6
  Episode 1050/1500  avg(100): 355.7
  Episode 1100/1500  avg(100): 268.8
  Episode 1150/1500  avg(100): 242.9
  Episode 1200/1500  avg(100): 415.6
  Episode 1250/1500  avg(100): 370.4
  Episode 1300/1500  avg(100): 376.0
  Episode 1350/1500  avg(100): 470.5
  Episode 1400/1500  avg(100): 431.6
  Episode 1450/1500  avg(100): 432.5
  Episode 1500/1500  avg(100): 432.0
Model saved to models/leaky-32-32-seed53-final.pth
  per-episode CSV streamed to: metrics/multi-seed/leaky-32-32-25k/leaky-32-32/_workers/seed53/leaky-32-32-seed53.csv

Summary CSV: metrics/multi-seed/leaky-32-32-25k/leaky-32-32/_workers/seed53/leaky-32-32-summary.csv

Results across 1 seeds:
  solved (final_avg >= 475) : 0/1 seeds
  final_avg_reward  : 432.00 ± 0.00  (primary metric: CartPole-v1 standard)
  best_avg_reward   : 474.44 ± 0.00
  tail_iqm_reward   : 411.87 ± 0.00  (diagnostic: matches Optuna selection metric)
  convergence_ep    : never reached threshold in any seed

Robust reporting (final_avg_reward across seeds, 95% bootstrap CI):
  IQM   : 432.00  [95% CI: 432.00, 432.00]
  Mean  : 432.00  [95% CI: 432.00, 432.00]
  (note: with N < 10, bootstrap CIs and IQM are necessarily wide; per Colas et al. 2018 consider increasing --num-seeds.)
