Multi-seed training for: leaky-32-32
  device       : cpu
  num_seeds    : 1
  base_seed    : 44
  num_episodes : 1500
  output_dir   : metrics/multi-seed/leaky-32-32-25k/leaky-32-32/_workers/seed44

============================================================
Seed 44 (1/1)
============================================================
  Episode 50/1500  avg(100): 15.7
  Episode 100/1500  avg(100): 14.2
  Episode 150/1500  avg(100): 26.8
  Episode 200/1500  avg(100): 87.3
  Episode 250/1500  avg(100): 229.9
  Episode 300/1500  avg(100): 322.5
  Episode 350/1500  avg(100): 283.7
  Episode 400/1500  avg(100): 234.1
  Episode 450/1500  avg(100): 228.0
  Episode 500/1500  avg(100): 224.9
  Episode 550/1500  avg(100): 220.2
  Episode 600/1500  avg(100): 205.4
  Episode 650/1500  avg(100): 150.7
  Episode 700/1500  avg(100): 160.6
  Episode 750/1500  avg(100): 118.2
  Episode 800/1500  avg(100): 124.7
  Episode 850/1500  avg(100): 189.8
  Episode 900/1500  avg(100): 143.1
  Episode 950/1500  avg(100): 113.9
  Episode 1000/1500  avg(100): 101.4
  Episode 1050/1500  avg(100): 120.7
  Episode 1100/1500  avg(100): 106.4
  Episode 1150/1500  avg(100): 50.2
  Episode 1200/1500  avg(100): 35.3
  Episode 1250/1500  avg(100): 103.8
  Episode 1300/1500  avg(100): 305.2
  Episode 1350/1500  avg(100): 464.3
  Episode 1400/1500  avg(100): 458.8
  Episode 1450/1500  avg(100): 461.3
  Episode 1500/1500  avg(100): 430.0
Model saved to models/leaky-32-32-seed44-final.pth
  per-episode CSV streamed to: metrics/multi-seed/leaky-32-32-25k/leaky-32-32/_workers/seed44/leaky-32-32-seed44.csv

Summary CSV: metrics/multi-seed/leaky-32-32-25k/leaky-32-32/_workers/seed44/leaky-32-32-summary.csv

Results across 1 seeds:
  solved (final_avg >= 475) : 0/1 seeds
  final_avg_reward  : 430.04 ± 0.00  (primary metric: CartPole-v1 standard)
  best_avg_reward   : 485.86 ± 0.00
  tail_iqm_reward   : 306.99 ± 0.00  (diagnostic: matches Optuna selection metric)
  convergence_ep    : never reached threshold in any seed

Robust reporting (final_avg_reward across seeds, 95% bootstrap CI):
  IQM   : 430.04  [95% CI: 430.04, 430.04]
  Mean  : 430.04  [95% CI: 430.04, 430.04]
  (note: with N < 10, bootstrap CIs and IQM are necessarily wide; per Colas et al. 2018 consider increasing --num-seeds.)
