Multi-seed training for: leaky-32-32
  device       : cpu
  num_seeds    : 1
  base_seed    : 121
  num_episodes : 1500
  output_dir   : metrics/multi-seed/leaky-32-32/_workers/seed121

============================================================
Seed 121 (1/1)
============================================================
  Episode 50/1500  avg(100): 17.8
  Episode 100/1500  avg(100): 20.4
  Episode 150/1500  avg(100): 21.8
  Episode 200/1500  avg(100): 95.0
  Episode 250/1500  avg(100): 175.3
  Episode 300/1500  avg(100): 170.8
  Episode 350/1500  avg(100): 146.1
  Episode 400/1500  avg(100): 135.0
  Episode 450/1500  avg(100): 128.9
  Episode 500/1500  avg(100): 115.9
  Episode 550/1500  avg(100): 114.6
  Episode 600/1500  avg(100): 109.2
  Episode 650/1500  avg(100): 111.9
  Episode 700/1500  avg(100): 128.8
  Episode 750/1500  avg(100): 165.1
  Episode 800/1500  avg(100): 214.2
  Episode 850/1500  avg(100): 192.4
  Episode 900/1500  avg(100): 115.5
  Episode 950/1500  avg(100): 106.3
  Episode 1000/1500  avg(100): 146.8
  Episode 1050/1500  avg(100): 182.4
  Episode 1100/1500  avg(100): 142.8
  Episode 1150/1500  avg(100): 127.6
  Episode 1200/1500  avg(100): 288.1
  Episode 1250/1500  avg(100): 271.6
  Episode 1300/1500  avg(100): 181.8
  Episode 1350/1500  avg(100): 233.4
  Episode 1400/1500  avg(100): 200.6
  Episode 1450/1500  avg(100): 192.4
  Episode 1500/1500  avg(100): 247.3
Model saved to models/leaky-32-32-seed121-final.pth
  per-episode CSV streamed to: metrics/multi-seed/leaky-32-32/_workers/seed121/leaky-32-32-seed121.csv

Summary CSV: metrics/multi-seed/leaky-32-32/_workers/seed121/leaky-32-32-summary.csv

Results across 1 seeds:
  solved (final_avg >= 475) : 0/1 seeds
  final_avg_reward  : 247.28 ± 0.00  (primary metric: CartPole-v1 standard)
  best_avg_reward   : 300.86 ± 0.00
  tail_iqm_reward   : 214.29 ± 0.00  (diagnostic: matches Optuna selection metric)
  convergence_ep    : never reached threshold in any seed

Robust reporting (final_avg_reward across seeds, 95% bootstrap CI):
  IQM   : 247.28  [95% CI: 247.28, 247.28]
  Mean  : 247.28  [95% CI: 247.28, 247.28]
  (note: with N < 10, bootstrap CIs and IQM are necessarily wide; per Colas et al. 2018 consider increasing --num-seeds.)
