Multi-seed training for: leaky-32-32
  device       : cpu
  num_seeds    : 1
  base_seed    : 85
  num_episodes : 1500
  output_dir   : metrics/multi-seed/leaky-32-32/_workers/seed85

============================================================
Seed 85 (1/1)
============================================================
  Episode 50/1500  avg(100): 16.6
  Episode 100/1500  avg(100): 17.0
  Episode 150/1500  avg(100): 36.9
  Episode 200/1500  avg(100): 95.3
  Episode 250/1500  avg(100): 138.2
  Episode 300/1500  avg(100): 139.5
  Episode 350/1500  avg(100): 152.9
  Episode 400/1500  avg(100): 194.8
  Episode 450/1500  avg(100): 351.4
  Episode 500/1500  avg(100): 487.3
  Episode 550/1500  avg(100): 487.4
  Episode 600/1500  avg(100): 491.3
  Episode 650/1500  avg(100): 500.0
  Episode 700/1500  avg(100): 479.0
  Episode 750/1500  avg(100): 470.7
  Episode 800/1500  avg(100): 488.9
  Episode 850/1500  avg(100): 497.3
  Episode 900/1500  avg(100): 489.3
  Episode 950/1500  avg(100): 488.0
  Episode 1000/1500  avg(100): 498.8
  Episode 1050/1500  avg(100): 481.0
  Episode 1100/1500  avg(100): 471.3
  Episode 1150/1500  avg(100): 475.8
  Episode 1200/1500  avg(100): 403.8
  Episode 1250/1500  avg(100): 343.8
  Episode 1300/1500  avg(100): 329.3
  Episode 1350/1500  avg(100): 272.4
  Episode 1400/1500  avg(100): 136.5
  Episode 1450/1500  avg(100): 26.1
  Episode 1500/1500  avg(100): 108.0
Model saved to models/leaky-32-32-seed85-final.pth
  per-episode CSV streamed to: metrics/multi-seed/leaky-32-32/_workers/seed85/leaky-32-32-seed85.csv

Summary CSV: metrics/multi-seed/leaky-32-32/_workers/seed85/leaky-32-32-summary.csv

Results across 1 seeds:
  solved (final_avg >= 475) : 0/1 seeds
  final_avg_reward  : 108.00 ± 0.00  (primary metric: CartPole-v1 standard)
  best_avg_reward   : 500.00 ± 0.00
  tail_iqm_reward   : 287.39 ± 0.00  (diagnostic: matches Optuna selection metric)
  convergence_ep    : never reached threshold in any seed

Robust reporting (final_avg_reward across seeds, 95% bootstrap CI):
  IQM   : 108.00  [95% CI: 108.00, 108.00]
  Mean  : 108.00  [95% CI: 108.00, 108.00]
  (note: with N < 10, bootstrap CIs and IQM are necessarily wide; per Colas et al. 2018 consider increasing --num-seeds.)
