Multi-seed training for: fractional-32-8-8
  device       : cpu
  num_seeds    : 1
  base_seed    : 45
  num_episodes : 1500
  output_dir   : metrics/multi-seed/fractional-32-8-8-30k/fractional-32-8-8/_workers/seed45

============================================================
Seed 45 (1/1)
============================================================
  Episode 50/1500  avg(100): 17.9
  Episode 100/1500  avg(100): 15.6
  Episode 150/1500  avg(100): 14.6
  Episode 200/1500  avg(100): 22.4
  Episode 250/1500  avg(100): 59.3
  Episode 300/1500  avg(100): 102.3
  Episode 350/1500  avg(100): 119.0
  Episode 400/1500  avg(100): 117.8
  Episode 450/1500  avg(100): 129.6
  Episode 500/1500  avg(100): 175.4
  Episode 550/1500  avg(100): 160.5
  Episode 600/1500  avg(100): 135.2
  Episode 650/1500  avg(100): 176.7
  Episode 700/1500  avg(100): 347.1
  Episode 750/1500  avg(100): 425.8
  Episode 800/1500  avg(100): 303.6
  Episode 850/1500  avg(100): 208.1
  Episode 900/1500  avg(100): 332.9
  Episode 950/1500  avg(100): 500.0
  Episode 1000/1500  avg(100): 500.0
  Episode 1050/1500  avg(100): 499.9
  Episode 1100/1500  avg(100): 498.1
  Episode 1150/1500  avg(100): 498.2
  Episode 1200/1500  avg(100): 500.0
  Episode 1250/1500  avg(100): 497.6
  Episode 1300/1500  avg(100): 460.8
  Episode 1350/1500  avg(100): 442.2
  Episode 1400/1500  avg(100): 469.9
  Episode 1450/1500  avg(100): 449.6
  Episode 1500/1500  avg(100): 398.8
Model saved to models/fractional-32-8-8-seed45-final.pth
  per-episode CSV streamed to: metrics/multi-seed/fractional-32-8-8-30k/fractional-32-8-8/_workers/seed45/fractional-32-8-8-seed45.csv

Summary CSV: metrics/multi-seed/fractional-32-8-8-30k/fractional-32-8-8/_workers/seed45/fractional-32-8-8-summary.csv

Results across 1 seeds:
  solved (final_avg >= 475) : 0/1 seeds
  final_avg_reward  : 398.80 ± 0.00  (primary metric: CartPole-v1 standard)
  best_avg_reward   : 500.00 ± 0.00
  tail_iqm_reward   : 471.22 ± 0.00  (diagnostic: matches Optuna selection metric)
  convergence_ep    : never reached threshold in any seed

Robust reporting (final_avg_reward across seeds, 95% bootstrap CI):
  IQM   : 398.80  [95% CI: 398.80, 398.80]
  Mean  : 398.80  [95% CI: 398.80, 398.80]
  (note: with N < 10, bootstrap CIs and IQM are necessarily wide; per Colas et al. 2018 consider increasing --num-seeds.)
