Multi-seed training for: bitshift-64-32-4
  device       : cpu
  num_seeds    : 1
  base_seed    : 113
  num_episodes : 1500
  output_dir   : metrics/multi-seed/bitshift-64-32-4/_workers/seed113

============================================================
Seed 113 (1/1)
============================================================
  Episode 50/1500  avg(100): 15.3
  Episode 100/1500  avg(100): 14.8
  Episode 150/1500  avg(100): 33.2
  Episode 200/1500  avg(100): 138.7
  Episode 250/1500  avg(100): 208.7
  Episode 300/1500  avg(100): 218.8
  Episode 350/1500  avg(100): 305.9
  Episode 400/1500  avg(100): 382.3
  Episode 450/1500  avg(100): 445.7
  Episode 500/1500  avg(100): 496.5
  Episode 550/1500  avg(100): 486.2
  Episode 600/1500  avg(100): 481.3
  Episode 650/1500  avg(100): 477.4
  Episode 700/1500  avg(100): 440.6
  Episode 750/1500  avg(100): 417.6
  Episode 800/1500  avg(100): 438.2
  Episode 850/1500  avg(100): 476.6
  Episode 900/1500  avg(100): 448.1
  Episode 950/1500  avg(100): 419.9
  Episode 1000/1500  avg(100): 296.3
  Episode 1050/1500  avg(100): 187.7
  Episode 1100/1500  avg(100): 353.6
  Episode 1150/1500  avg(100): 492.8
  Episode 1200/1500  avg(100): 500.0
  Episode 1250/1500  avg(100): 499.9
  Episode 1300/1500  avg(100): 419.0
  Episode 1350/1500  avg(100): 186.0
  Episode 1400/1500  avg(100): 207.0
  Episode 1450/1500  avg(100): 429.9
  Episode 1500/1500  avg(100): 414.2
Model saved to models/bitshift-64-32-4-seed113-final.pth
  per-episode CSV streamed to: metrics/multi-seed/bitshift-64-32-4/_workers/seed113/bitshift-64-32-4-seed113.csv

Summary CSV: metrics/multi-seed/bitshift-64-32-4/_workers/seed113/bitshift-64-32-4-summary.csv

Results across 1 seeds:
  solved (final_avg >= 475) : 0/1 seeds
  final_avg_reward  : 414.16 ± 0.00  (primary metric: CartPole-v1 standard)
  best_avg_reward   : 500.00 ± 0.00
  tail_iqm_reward   : 430.25 ± 0.00  (diagnostic: matches Optuna selection metric)
  convergence_ep    : never reached threshold in any seed

Robust reporting (final_avg_reward across seeds, 95% bootstrap CI):
  IQM   : 414.16  [95% CI: 414.16, 414.16]
  Mean  : 414.16  [95% CI: 414.16, 414.16]
  (note: with N < 10, bootstrap CIs and IQM are necessarily wide; per Colas et al. 2018 consider increasing --num-seeds.)
