Multi-seed training for: leaky-32-32
  device       : cpu
  num_seeds    : 1
  base_seed    : 103
  num_episodes : 1500
  output_dir   : metrics/multi-seed/leaky-32-32/_workers/seed103

============================================================
Seed 103 (1/1)
============================================================
  Episode 50/1500  avg(100): 18.3
  Episode 100/1500  avg(100): 16.3
  Episode 150/1500  avg(100): 24.6
  Episode 200/1500  avg(100): 103.8
  Episode 250/1500  avg(100): 145.6
  Episode 300/1500  avg(100): 110.9
  Episode 350/1500  avg(100): 90.4
  Episode 400/1500  avg(100): 228.7
  Episode 450/1500  avg(100): 365.7
  Episode 500/1500  avg(100): 354.6
  Episode 550/1500  avg(100): 306.5
  Episode 600/1500  avg(100): 275.9
  Episode 650/1500  avg(100): 253.6
  Episode 700/1500  avg(100): 217.5
  Episode 750/1500  avg(100): 251.8
  Episode 800/1500  avg(100): 259.4
  Episode 850/1500  avg(100): 169.8
  Episode 900/1500  avg(100): 55.2
  Episode 950/1500  avg(100): 46.5
  Episode 1000/1500  avg(100): 110.9
  Episode 1050/1500  avg(100): 281.9
  Episode 1100/1500  avg(100): 368.2
  Episode 1150/1500  avg(100): 327.1
  Episode 1200/1500  avg(100): 410.9
  Episode 1250/1500  avg(100): 441.7
  Episode 1300/1500  avg(100): 276.2
  Episode 1350/1500  avg(100): 291.6
  Episode 1400/1500  avg(100): 244.5
  Episode 1450/1500  avg(100): 183.5
  Episode 1500/1500  avg(100): 383.1
Model saved to models/leaky-32-32-seed103-final.pth
  per-episode CSV streamed to: metrics/multi-seed/leaky-32-32/_workers/seed103/leaky-32-32-seed103.csv

Summary CSV: metrics/multi-seed/leaky-32-32/_workers/seed103/leaky-32-32-summary.csv

Results across 1 seeds:
  solved (final_avg >= 475) : 0/1 seeds
  final_avg_reward  : 383.15 ± 0.00  (primary metric: CartPole-v1 standard)
  best_avg_reward   : 473.70 ± 0.00
  tail_iqm_reward   : 303.60 ± 0.00  (diagnostic: matches Optuna selection metric)
  convergence_ep    : never reached threshold in any seed

Robust reporting (final_avg_reward across seeds, 95% bootstrap CI):
  IQM   : 383.15  [95% CI: 383.15, 383.15]
  Mean  : 383.15  [95% CI: 383.15, 383.15]
  (note: with N < 10, bootstrap CIs and IQM are necessarily wide; per Colas et al. 2018 consider increasing --num-seeds.)
