Multi-seed training for: fractional-32-8-8
  device       : cpu
  num_seeds    : 1
  base_seed    : 78
  num_episodes : 1500
  output_dir   : metrics/multi-seed/fractional-32-8-8/_workers/seed78

============================================================
Seed 78 (1/1)
============================================================
  Episode 50/1500  avg(100): 18.0
  Episode 100/1500  avg(100): 14.7
  Episode 150/1500  avg(100): 11.0
  Episode 200/1500  avg(100): 18.6
  Episode 250/1500  avg(100): 26.2
  Episode 300/1500  avg(100): 39.0
  Episode 350/1500  avg(100): 77.8
  Episode 400/1500  avg(100): 95.0
  Episode 450/1500  avg(100): 100.9
  Episode 500/1500  avg(100): 105.5
  Episode 550/1500  avg(100): 64.7
  Episode 600/1500  avg(100): 29.8
  Episode 650/1500  avg(100): 25.8
  Episode 700/1500  avg(100): 25.9
  Episode 750/1500  avg(100): 29.1
  Episode 800/1500  avg(100): 31.4
  Episode 850/1500  avg(100): 31.6
  Episode 900/1500  avg(100): 33.2
  Episode 950/1500  avg(100): 50.7
  Episode 1000/1500  avg(100): 97.4
  Episode 1050/1500  avg(100): 157.8
  Episode 1100/1500  avg(100): 154.0
  Episode 1150/1500  avg(100): 95.0
  Episode 1200/1500  avg(100): 84.5
  Episode 1250/1500  avg(100): 115.7
  Episode 1300/1500  avg(100): 161.6
  Episode 1350/1500  avg(100): 217.1
  Episode 1400/1500  avg(100): 159.3
  Episode 1450/1500  avg(100): 219.2
  Episode 1500/1500  avg(100): 426.5
Model saved to models/fractional-32-8-8-seed78-final.pth
  per-episode CSV streamed to: metrics/multi-seed/fractional-32-8-8/_workers/seed78/fractional-32-8-8-seed78.csv

Summary CSV: metrics/multi-seed/fractional-32-8-8/_workers/seed78/fractional-32-8-8-summary.csv

Results across 1 seeds:
  solved (final_avg >= 475) : 0/1 seeds
  final_avg_reward  : 426.54 ± 0.00  (primary metric: CartPole-v1 standard)
  best_avg_reward   : 426.54 ± 0.00
  tail_iqm_reward   : 153.76 ± 0.00  (diagnostic: matches Optuna selection metric)
  convergence_ep    : never reached threshold in any seed

Robust reporting (final_avg_reward across seeds, 95% bootstrap CI):
  IQM   : 426.54  [95% CI: 426.54, 426.54]
  Mean  : 426.54  [95% CI: 426.54, 426.54]
  (note: with N < 10, bootstrap CIs and IQM are necessarily wide; per Colas et al. 2018 consider increasing --num-seeds.)
