Multi-seed training for: bitshift-64-32-4
  device       : cpu
  num_seeds    : 1
  base_seed    : 93
  num_episodes : 1500
  output_dir   : metrics/multi-seed/bitshift-64-32-4/_workers/seed93

============================================================
Seed 93 (1/1)
============================================================
  Episode 50/1500  avg(100): 15.8
  Episode 100/1500  avg(100): 15.6
  Episode 150/1500  avg(100): 19.2
  Episode 200/1500  avg(100): 84.5
  Episode 250/1500  avg(100): 166.3
  Episode 300/1500  avg(100): 190.3
  Episode 350/1500  avg(100): 210.4
  Episode 400/1500  avg(100): 306.3
  Episode 450/1500  avg(100): 438.5
  Episode 500/1500  avg(100): 491.8
  Episode 550/1500  avg(100): 379.7
  Episode 600/1500  avg(100): 383.6
  Episode 650/1500  avg(100): 484.7
  Episode 700/1500  avg(100): 359.8
  Episode 750/1500  avg(100): 301.4
  Episode 800/1500  avg(100): 426.3
  Episode 850/1500  avg(100): 457.8
  Episode 900/1500  avg(100): 364.1
  Episode 950/1500  avg(100): 284.9
  Episode 1000/1500  avg(100): 245.8
  Episode 1050/1500  avg(100): 282.8
  Episode 1100/1500  avg(100): 238.7
  Episode 1150/1500  avg(100): 177.6
  Episode 1200/1500  avg(100): 322.1
  Episode 1250/1500  avg(100): 467.7
  Episode 1300/1500  avg(100): 500.0
  Episode 1350/1500  avg(100): 500.0
  Episode 1400/1500  avg(100): 500.0
  Episode 1450/1500  avg(100): 500.0
  Episode 1500/1500  avg(100): 500.0
Model saved to models/bitshift-64-32-4-seed93-final.pth
  per-episode CSV streamed to: metrics/multi-seed/bitshift-64-32-4/_workers/seed93/bitshift-64-32-4-seed93.csv

Summary CSV: metrics/multi-seed/bitshift-64-32-4/_workers/seed93/bitshift-64-32-4-summary.csv

Results across 1 seeds:
  solved (final_avg >= 475) : 1/1 seeds
  final_avg_reward  : 500.00 ± 0.00  (primary metric: CartPole-v1 standard)
  best_avg_reward   : 500.00 ± 0.00
  tail_iqm_reward   : 486.03 ± 0.00  (diagnostic: matches Optuna selection metric)
  convergence_ep    : 1251.0 ± 0.0  (1/1 seeds converged)

Robust reporting (final_avg_reward across seeds, 95% bootstrap CI):
  IQM   : 500.00  [95% CI: 500.00, 500.00]
  Mean  : 500.00  [95% CI: 500.00, 500.00]
  (note: with N < 10, bootstrap CIs and IQM are necessarily wide; per Colas et al. 2018 consider increasing --num-seeds.)
