Multi-seed training for: fractional-32-8-8
  device       : cpu
  num_seeds    : 1
  base_seed    : 59
  num_episodes : 1500
  output_dir   : metrics/multi-seed/fractional-32-8-8/_workers/seed59

============================================================
Seed 59 (1/1)
============================================================
  Episode 50/1500  avg(100): 17.9
  Episode 100/1500  avg(100): 14.8
  Episode 150/1500  avg(100): 11.4
  Episode 200/1500  avg(100): 12.5
  Episode 250/1500  avg(100): 14.2
  Episode 300/1500  avg(100): 17.5
  Episode 350/1500  avg(100): 48.2
  Episode 400/1500  avg(100): 157.0
  Episode 450/1500  avg(100): 240.7
  Episode 500/1500  avg(100): 211.0
  Episode 550/1500  avg(100): 186.4
  Episode 600/1500  avg(100): 191.7
  Episode 650/1500  avg(100): 221.2
  Episode 700/1500  avg(100): 249.7
  Episode 750/1500  avg(100): 371.4
  Episode 800/1500  avg(100): 467.3
  Episode 850/1500  avg(100): 469.0
  Episode 900/1500  avg(100): 451.5
  Episode 950/1500  avg(100): 418.2
  Episode 1000/1500  avg(100): 460.8
  Episode 1050/1500  avg(100): 482.1
  Episode 1100/1500  avg(100): 468.0
  Episode 1150/1500  avg(100): 428.4
  Episode 1200/1500  avg(100): 434.3
  Episode 1250/1500  avg(100): 476.1
  Episode 1300/1500  avg(100): 427.7
  Episode 1350/1500  avg(100): 359.6
  Episode 1400/1500  avg(100): 295.3
  Episode 1450/1500  avg(100): 285.5
  Episode 1500/1500  avg(100): 251.3
Model saved to models/fractional-32-8-8-seed59-final.pth
  per-episode CSV streamed to: metrics/multi-seed/fractional-32-8-8/_workers/seed59/fractional-32-8-8-seed59.csv

Summary CSV: metrics/multi-seed/fractional-32-8-8/_workers/seed59/fractional-32-8-8-summary.csv

Results across 1 seeds:
  solved (final_avg >= 475) : 0/1 seeds
  final_avg_reward  : 251.33 ± 0.00  (primary metric: CartPole-v1 standard)
  best_avg_reward   : 488.40 ± 0.00
  tail_iqm_reward   : 389.42 ± 0.00  (diagnostic: matches Optuna selection metric)
  convergence_ep    : never reached threshold in any seed

Robust reporting (final_avg_reward across seeds, 95% bootstrap CI):
  IQM   : 251.33  [95% CI: 251.33, 251.33]
  Mean  : 251.33  [95% CI: 251.33, 251.33]
  (note: with N < 10, bootstrap CIs and IQM are necessarily wide; per Colas et al. 2018 consider increasing --num-seeds.)
