Multi-seed training for: leaky-32-32
  device       : cpu
  num_seeds    : 1
  base_seed    : 96
  num_episodes : 1500
  output_dir   : metrics/multi-seed/leaky-32-32/_workers/seed96

============================================================
Seed 96 (1/1)
============================================================
  Episode 50/1500  avg(100): 20.1
  Episode 100/1500  avg(100): 16.3
  Episode 150/1500  avg(100): 12.7
  Episode 200/1500  avg(100): 14.5
  Episode 250/1500  avg(100): 43.3
  Episode 300/1500  avg(100): 98.3
  Episode 350/1500  avg(100): 131.8
  Episode 400/1500  avg(100): 155.5
  Episode 450/1500  avg(100): 172.3
  Episode 500/1500  avg(100): 170.5
  Episode 550/1500  avg(100): 158.1
  Episode 600/1500  avg(100): 135.8
  Episode 650/1500  avg(100): 125.7
  Episode 700/1500  avg(100): 142.5
  Episode 750/1500  avg(100): 277.1
  Episode 800/1500  avg(100): 349.4
  Episode 850/1500  avg(100): 297.0
  Episode 900/1500  avg(100): 373.6
  Episode 950/1500  avg(100): 473.4
  Episode 1000/1500  avg(100): 476.8
  Episode 1050/1500  avg(100): 431.3
  Episode 1100/1500  avg(100): 386.6
  Episode 1150/1500  avg(100): 404.5
  Episode 1200/1500  avg(100): 326.6
  Episode 1250/1500  avg(100): 249.1
  Episode 1300/1500  avg(100): 381.3
  Episode 1350/1500  avg(100): 455.4
  Episode 1400/1500  avg(100): 449.4
  Episode 1450/1500  avg(100): 473.6
  Episode 1500/1500  avg(100): 400.4
Model saved to models/leaky-32-32-seed96-final.pth
  per-episode CSV streamed to: metrics/multi-seed/leaky-32-32/_workers/seed96/leaky-32-32-seed96.csv

Summary CSV: metrics/multi-seed/leaky-32-32/_workers/seed96/leaky-32-32-summary.csv

Results across 1 seeds:
  solved (final_avg >= 475) : 0/1 seeds
  final_avg_reward  : 400.35 ± 0.00  (primary metric: CartPole-v1 standard)
  best_avg_reward   : 495.12 ± 0.00
  tail_iqm_reward   : 411.20 ± 0.00  (diagnostic: matches Optuna selection metric)
  convergence_ep    : never reached threshold in any seed

Robust reporting (final_avg_reward across seeds, 95% bootstrap CI):
  IQM   : 400.35  [95% CI: 400.35, 400.35]
  Mean  : 400.35  [95% CI: 400.35, 400.35]
  (note: with N < 10, bootstrap CIs and IQM are necessarily wide; per Colas et al. 2018 consider increasing --num-seeds.)
