Multi-seed training for: bitshift-64-32-4
  device       : cpu
  num_seeds    : 1
  base_seed    : 57
  num_episodes : 1500
  output_dir   : metrics/multi-seed/bitshift-64-32-4/_workers/seed57

============================================================
Seed 57 (1/1)
============================================================
  Episode 50/1500  avg(100): 18.1
  Episode 100/1500  avg(100): 17.0
  Episode 150/1500  avg(100): 26.0
  Episode 200/1500  avg(100): 99.7
  Episode 250/1500  avg(100): 161.2
  Episode 300/1500  avg(100): 186.7
  Episode 350/1500  avg(100): 202.3
  Episode 400/1500  avg(100): 198.5
  Episode 450/1500  avg(100): 292.0
  Episode 500/1500  avg(100): 422.1
  Episode 550/1500  avg(100): 483.0
  Episode 600/1500  avg(100): 499.6
  Episode 650/1500  avg(100): 493.7
  Episode 700/1500  avg(100): 491.7
  Episode 750/1500  avg(100): 443.8
  Episode 800/1500  avg(100): 445.8
  Episode 850/1500  avg(100): 500.0
  Episode 900/1500  avg(100): 500.0
  Episode 950/1500  avg(100): 499.7
  Episode 1000/1500  avg(100): 499.7
  Episode 1050/1500  avg(100): 500.0
  Episode 1100/1500  avg(100): 500.0
  Episode 1150/1500  avg(100): 500.0
  Episode 1200/1500  avg(100): 500.0
  Episode 1250/1500  avg(100): 500.0
  Episode 1300/1500  avg(100): 500.0
  Episode 1350/1500  avg(100): 500.0
  Episode 1400/1500  avg(100): 500.0
  Episode 1450/1500  avg(100): 500.0
  Episode 1500/1500  avg(100): 494.6
Model saved to models/bitshift-64-32-4-seed57-final.pth
  per-episode CSV streamed to: metrics/multi-seed/bitshift-64-32-4/_workers/seed57/bitshift-64-32-4-seed57.csv

Summary CSV: metrics/multi-seed/bitshift-64-32-4/_workers/seed57/bitshift-64-32-4-summary.csv

Results across 1 seeds:
  solved (final_avg >= 475) : 1/1 seeds
  final_avg_reward  : 494.59 ± 0.00  (primary metric: CartPole-v1 standard)
  best_avg_reward   : 500.00 ± 0.00
  tail_iqm_reward   : 500.00 ± 0.00  (diagnostic: matches Optuna selection metric)
  convergence_ep    : 829.0 ± 0.0  (1/1 seeds converged)

Robust reporting (final_avg_reward across seeds, 95% bootstrap CI):
  IQM   : 494.59  [95% CI: 494.59, 494.59]
  Mean  : 494.59  [95% CI: 494.59, 494.59]
  (note: with N < 10, bootstrap CIs and IQM are necessarily wide; per Colas et al. 2018 consider increasing --num-seeds.)
