Multi-seed training for: leaky-32-32
  device       : cpu
  num_seeds    : 1
  base_seed    : 119
  num_episodes : 1500
  output_dir   : metrics/multi-seed/leaky-32-32/_workers/seed119

============================================================
Seed 119 (1/1)
============================================================
  Episode 50/1500  avg(100): 16.8
  Episode 100/1500  avg(100): 16.8
  Episode 150/1500  avg(100): 42.9
  Episode 200/1500  avg(100): 94.4
  Episode 250/1500  avg(100): 176.5
  Episode 300/1500  avg(100): 281.2
  Episode 350/1500  avg(100): 171.4
  Episode 400/1500  avg(100): 220.6
  Episode 450/1500  avg(100): 462.9
  Episode 500/1500  avg(100): 495.0
  Episode 550/1500  avg(100): 461.8
  Episode 600/1500  avg(100): 454.2
  Episode 650/1500  avg(100): 473.2
  Episode 700/1500  avg(100): 474.0
  Episode 750/1500  avg(100): 489.0
  Episode 800/1500  avg(100): 473.0
  Episode 850/1500  avg(100): 457.5
  Episode 900/1500  avg(100): 467.2
  Episode 950/1500  avg(100): 472.6
  Episode 1000/1500  avg(100): 476.5
  Episode 1050/1500  avg(100): 469.0
  Episode 1100/1500  avg(100): 460.9
  Episode 1150/1500  avg(100): 468.1
  Episode 1200/1500  avg(100): 398.6
  Episode 1250/1500  avg(100): 201.6
  Episode 1300/1500  avg(100): 131.1
  Episode 1350/1500  avg(100): 232.4
  Episode 1400/1500  avg(100): 288.4
  Episode 1450/1500  avg(100): 364.8
  Episode 1500/1500  avg(100): 229.4
Model saved to models/leaky-32-32-seed119-final.pth
  per-episode CSV streamed to: metrics/multi-seed/leaky-32-32/_workers/seed119/leaky-32-32-seed119.csv

Summary CSV: metrics/multi-seed/leaky-32-32/_workers/seed119/leaky-32-32-summary.csv

Results across 1 seeds:
  solved (final_avg >= 475) : 0/1 seeds
  final_avg_reward  : 229.41 ± 0.00  (primary metric: CartPole-v1 standard)
  best_avg_reward   : 499.13 ± 0.00
  tail_iqm_reward   : 291.73 ± 0.00  (diagnostic: matches Optuna selection metric)
  convergence_ep    : never reached threshold in any seed

Robust reporting (final_avg_reward across seeds, 95% bootstrap CI):
  IQM   : 229.41  [95% CI: 229.41, 229.41]
  Mean  : 229.41  [95% CI: 229.41, 229.41]
  (note: with N < 10, bootstrap CIs and IQM are necessarily wide; per Colas et al. 2018 consider increasing --num-seeds.)
