Multi-seed training for: leaky-32-32
  device       : cpu
  num_seeds    : 1
  base_seed    : 47
  num_episodes : 1500
  output_dir   : metrics/multi-seed/leaky-32-32-50k/leaky-32-32/_workers/seed47

============================================================
Seed 47 (1/1)
============================================================
  Episode 50/1500  avg(100): 15.7
  Episode 100/1500  avg(100): 14.6
  Episode 150/1500  avg(100): 13.5
  Episode 200/1500  avg(100): 12.2
  Episode 250/1500  avg(100): 11.8
  Episode 300/1500  avg(100): 14.0
  Episode 350/1500  avg(100): 33.2
  Episode 400/1500  avg(100): 58.2
  Episode 450/1500  avg(100): 78.1
  Episode 500/1500  avg(100): 134.0
  Episode 550/1500  avg(100): 161.7
  Episode 600/1500  avg(100): 148.2
  Episode 650/1500  avg(100): 152.0
  Episode 700/1500  avg(100): 158.3
  Episode 750/1500  avg(100): 156.3
  Episode 800/1500  avg(100): 153.0
  Episode 850/1500  avg(100): 153.2
  Episode 900/1500  avg(100): 148.0
  Episode 950/1500  avg(100): 147.6
  Episode 1000/1500  avg(100): 169.0
  Episode 1050/1500  avg(100): 201.4
  Episode 1100/1500  avg(100): 187.7
  Episode 1150/1500  avg(100): 208.3
  Episode 1200/1500  avg(100): 247.3
  Episode 1250/1500  avg(100): 235.3
  Episode 1300/1500  avg(100): 245.9
  Episode 1350/1500  avg(100): 220.7
  Episode 1400/1500  avg(100): 165.3
  Episode 1450/1500  avg(100): 142.1
  Episode 1500/1500  avg(100): 141.4
Model saved to models/leaky-32-32-seed47-final.pth
  per-episode CSV streamed to: metrics/multi-seed/leaky-32-32-50k/leaky-32-32/_workers/seed47/leaky-32-32-seed47.csv

Summary CSV: metrics/multi-seed/leaky-32-32-50k/leaky-32-32/_workers/seed47/leaky-32-32-summary.csv

Results across 1 seeds:
  solved (final_avg >= 475) : 0/1 seeds
  final_avg_reward  : 141.42 ± 0.00  (primary metric: CartPole-v1 standard)
  best_avg_reward   : 251.84 ± 0.00
  tail_iqm_reward   : 212.28 ± 0.00  (diagnostic: matches Optuna selection metric)
  convergence_ep    : never reached threshold in any seed

Robust reporting (final_avg_reward across seeds, 95% bootstrap CI):
  IQM   : 141.42  [95% CI: 141.42, 141.42]
  Mean  : 141.42  [95% CI: 141.42, 141.42]
  (note: with N < 10, bootstrap CIs and IQM are necessarily wide; per Colas et al. 2018 consider increasing --num-seeds.)
