Multi-seed training for: fractional-32-8-8
  device       : cpu
  num_seeds    : 1
  base_seed    : 43
  num_episodes : 1500
  output_dir   : metrics/multi-seed/fractional-32-8-8-20k/fractional-32-8-8/_workers/seed43

============================================================
Seed 43 (1/1)
============================================================
  Episode 50/1500  avg(100): 17.2
  Episode 100/1500  avg(100): 16.1
  Episode 150/1500  avg(100): 16.5
  Episode 200/1500  avg(100): 44.2
  Episode 250/1500  avg(100): 97.1
  Episode 300/1500  avg(100): 131.1
  Episode 350/1500  avg(100): 121.8
  Episode 400/1500  avg(100): 104.4
  Episode 450/1500  avg(100): 106.2
  Episode 500/1500  avg(100): 175.7
  Episode 550/1500  avg(100): 258.0
  Episode 600/1500  avg(100): 358.8
  Episode 650/1500  avg(100): 408.8
  Episode 700/1500  avg(100): 421.9
  Episode 750/1500  avg(100): 481.7
  Episode 800/1500  avg(100): 464.7
  Episode 850/1500  avg(100): 446.1
  Episode 900/1500  avg(100): 435.4
  Episode 950/1500  avg(100): 451.3
  Episode 1000/1500  avg(100): 489.8
  Episode 1050/1500  avg(100): 495.9
  Episode 1100/1500  avg(100): 488.1
  Episode 1150/1500  avg(100): 446.1
  Episode 1200/1500  avg(100): 260.3
  Episode 1250/1500  avg(100): 118.6
  Episode 1300/1500  avg(100): 93.2
  Episode 1350/1500  avg(100): 33.5
  Episode 1400/1500  avg(100): 12.2
  Episode 1450/1500  avg(100): 11.2
  Episode 1500/1500  avg(100): 11.9
Model saved to models/fractional-32-8-8-seed43-final.pth
  per-episode CSV streamed to: metrics/multi-seed/fractional-32-8-8-20k/fractional-32-8-8/_workers/seed43/fractional-32-8-8-seed43.csv

Summary CSV: metrics/multi-seed/fractional-32-8-8-20k/fractional-32-8-8/_workers/seed43/fractional-32-8-8-summary.csv

Results across 1 seeds:
  solved (final_avg >= 475) : 0/1 seeds
  final_avg_reward  : 11.87 ± 0.00  (primary metric: CartPole-v1 standard)
  best_avg_reward   : 495.85 ± 0.00
  tail_iqm_reward   : 76.91 ± 0.00  (diagnostic: matches Optuna selection metric)
  convergence_ep    : never reached threshold in any seed

Robust reporting (final_avg_reward across seeds, 95% bootstrap CI):
  IQM   : 11.87  [95% CI: 11.87, 11.87]
  Mean  : 11.87  [95% CI: 11.87, 11.87]
  (note: with N < 10, bootstrap CIs and IQM are necessarily wide; per Colas et al. 2018 consider increasing --num-seeds.)
