Multi-seed training for: leaky-32-32
  device       : cpu
  num_seeds    : 1
  base_seed    : 43
  num_episodes : 1500
  output_dir   : metrics/multi-seed/leaky-32-32-30k/leaky-32-32/_workers/seed43

============================================================
Seed 43 (1/1)
============================================================
  Episode 50/1500  avg(100): 19.5
  Episode 100/1500  avg(100): 15.1
  Episode 150/1500  avg(100): 11.6
  Episode 200/1500  avg(100): 33.7
  Episode 250/1500  avg(100): 121.5
  Episode 300/1500  avg(100): 191.1
  Episode 350/1500  avg(100): 207.6
  Episode 400/1500  avg(100): 190.8
  Episode 450/1500  avg(100): 128.5
  Episode 500/1500  avg(100): 85.1
  Episode 550/1500  avg(100): 49.6
  Episode 600/1500  avg(100): 40.4
  Episode 650/1500  avg(100): 144.8
  Episode 700/1500  avg(100): 247.2
  Episode 750/1500  avg(100): 242.9
  Episode 800/1500  avg(100): 286.9
  Episode 850/1500  avg(100): 308.9
  Episode 900/1500  avg(100): 269.8
  Episode 950/1500  avg(100): 273.5
  Episode 1000/1500  avg(100): 300.8
  Episode 1050/1500  avg(100): 274.3
  Episode 1100/1500  avg(100): 210.9
  Episode 1150/1500  avg(100): 311.6
  Episode 1200/1500  avg(100): 441.5
  Episode 1250/1500  avg(100): 452.9
  Episode 1300/1500  avg(100): 446.6
  Episode 1350/1500  avg(100): 433.7
  Episode 1400/1500  avg(100): 331.6
  Episode 1450/1500  avg(100): 287.7
  Episode 1500/1500  avg(100): 323.2
Model saved to models/leaky-32-32-seed43-final.pth
  per-episode CSV streamed to: metrics/multi-seed/leaky-32-32-30k/leaky-32-32/_workers/seed43/leaky-32-32-seed43.csv

Summary CSV: metrics/multi-seed/leaky-32-32-30k/leaky-32-32/_workers/seed43/leaky-32-32-summary.csv

Results across 1 seeds:
  solved (final_avg >= 475) : 0/1 seeds
  final_avg_reward  : 323.22 ± 0.00  (primary metric: CartPole-v1 standard)
  best_avg_reward   : 460.83 ± 0.00
  tail_iqm_reward   : 389.30 ± 0.00  (diagnostic: matches Optuna selection metric)
  convergence_ep    : never reached threshold in any seed

Robust reporting (final_avg_reward across seeds, 95% bootstrap CI):
  IQM   : 323.22  [95% CI: 323.22, 323.22]
  Mean  : 323.22  [95% CI: 323.22, 323.22]
  (note: with N < 10, bootstrap CIs and IQM are necessarily wide; per Colas et al. 2018 consider increasing --num-seeds.)
