Multi-seed training for: leaky-32-32
  device       : cpu
  num_seeds    : 1
  base_seed    : 112
  num_episodes : 1500
  output_dir   : metrics/multi-seed/leaky-32-32/_workers/seed112

============================================================
Seed 112 (1/1)
============================================================
  Episode 50/1500  avg(100): 18.1
  Episode 100/1500  avg(100): 16.6
  Episode 150/1500  avg(100): 76.3
  Episode 200/1500  avg(100): 214.2
  Episode 250/1500  avg(100): 210.0
  Episode 300/1500  avg(100): 101.0
  Episode 350/1500  avg(100): 64.8
  Episode 400/1500  avg(100): 70.0
  Episode 450/1500  avg(100): 112.8
  Episode 500/1500  avg(100): 230.1
  Episode 550/1500  avg(100): 341.9
  Episode 600/1500  avg(100): 404.0
  Episode 650/1500  avg(100): 451.9
  Episode 700/1500  avg(100): 471.7
  Episode 750/1500  avg(100): 378.6
  Episode 800/1500  avg(100): 168.9
  Episode 850/1500  avg(100): 172.2
  Episode 900/1500  avg(100): 387.9
  Episode 950/1500  avg(100): 485.0
  Episode 1000/1500  avg(100): 431.6
  Episode 1050/1500  avg(100): 418.8
  Episode 1100/1500  avg(100): 369.6
  Episode 1150/1500  avg(100): 359.5
  Episode 1200/1500  avg(100): 422.3
  Episode 1250/1500  avg(100): 442.2
  Episode 1300/1500  avg(100): 483.4
  Episode 1350/1500  avg(100): 312.8
  Episode 1400/1500  avg(100): 173.5
  Episode 1450/1500  avg(100): 231.2
  Episode 1500/1500  avg(100): 355.5
Model saved to models/leaky-32-32-seed112-final.pth
  per-episode CSV streamed to: metrics/multi-seed/leaky-32-32/_workers/seed112/leaky-32-32-seed112.csv

Summary CSV: metrics/multi-seed/leaky-32-32/_workers/seed112/leaky-32-32-summary.csv

Results across 1 seeds:
  solved (final_avg >= 475) : 0/1 seeds
  final_avg_reward  : 355.50 ± 0.00  (primary metric: CartPole-v1 standard)
  best_avg_reward   : 496.69 ± 0.00
  tail_iqm_reward   : 360.68 ± 0.00  (diagnostic: matches Optuna selection metric)
  convergence_ep    : never reached threshold in any seed

Robust reporting (final_avg_reward across seeds, 95% bootstrap CI):
  IQM   : 355.50  [95% CI: 355.50, 355.50]
  Mean  : 355.50  [95% CI: 355.50, 355.50]
  (note: with N < 10, bootstrap CIs and IQM are necessarily wide; per Colas et al. 2018 consider increasing --num-seeds.)
