Multi-seed training for: fractional-32-8-8
  device       : cpu
  num_seeds    : 1
  base_seed    : 48
  num_episodes : 1500
  output_dir   : metrics/multi-seed/fractional-32-8-8-30k/fractional-32-8-8/_workers/seed48

============================================================
Seed 48 (1/1)
============================================================
  Episode 50/1500  avg(100): 17.7
  Episode 100/1500  avg(100): 15.3
  Episode 150/1500  avg(100): 13.5
  Episode 200/1500  avg(100): 15.5
  Episode 250/1500  avg(100): 24.4
  Episode 300/1500  avg(100): 54.3
  Episode 350/1500  avg(100): 75.4
  Episode 400/1500  avg(100): 91.2
  Episode 450/1500  avg(100): 109.3
  Episode 500/1500  avg(100): 113.5
  Episode 550/1500  avg(100): 128.3
  Episode 600/1500  avg(100): 140.2
  Episode 650/1500  avg(100): 166.5
  Episode 700/1500  avg(100): 251.4
  Episode 750/1500  avg(100): 396.3
  Episode 800/1500  avg(100): 491.1
  Episode 850/1500  avg(100): 500.0
  Episode 900/1500  avg(100): 480.5
  Episode 950/1500  avg(100): 467.7
  Episode 1000/1500  avg(100): 431.9
  Episode 1050/1500  avg(100): 414.1
  Episode 1100/1500  avg(100): 469.5
  Episode 1150/1500  avg(100): 500.0
  Episode 1200/1500  avg(100): 495.8
  Episode 1250/1500  avg(100): 345.8
  Episode 1300/1500  avg(100): 114.6
  Episode 1350/1500  avg(100): 27.0
  Episode 1400/1500  avg(100): 49.5
  Episode 1450/1500  avg(100): 47.6
  Episode 1500/1500  avg(100): 38.1
Model saved to models/fractional-32-8-8-seed48-final.pth
  per-episode CSV streamed to: metrics/multi-seed/fractional-32-8-8-30k/fractional-32-8-8/_workers/seed48/fractional-32-8-8-seed48.csv

Summary CSV: metrics/multi-seed/fractional-32-8-8-30k/fractional-32-8-8/_workers/seed48/fractional-32-8-8-summary.csv

Results across 1 seeds:
  solved (final_avg >= 475) : 0/1 seeds
  final_avg_reward  : 38.15 ± 0.00  (primary metric: CartPole-v1 standard)
  best_avg_reward   : 500.00 ± 0.00
  tail_iqm_reward   : 160.32 ± 0.00  (diagnostic: matches Optuna selection metric)
  convergence_ep    : never reached threshold in any seed

Robust reporting (final_avg_reward across seeds, 95% bootstrap CI):
  IQM   : 38.15  [95% CI: 38.15, 38.15]
  Mean  : 38.15  [95% CI: 38.15, 38.15]
  (note: with N < 10, bootstrap CIs and IQM are necessarily wide; per Colas et al. 2018 consider increasing --num-seeds.)
