Multi-seed training for: bitshift-64-32-4
  device       : cpu
  num_seeds    : 1
  base_seed    : 99
  num_episodes : 1500
  output_dir   : metrics/multi-seed/bitshift-64-32-4/_workers/seed99

============================================================
Seed 99 (1/1)
============================================================
  Episode 50/1500  avg(100): 17.7
  Episode 100/1500  avg(100): 16.8
  Episode 150/1500  avg(100): 34.4
  Episode 200/1500  avg(100): 137.9
  Episode 250/1500  avg(100): 210.4
  Episode 300/1500  avg(100): 179.1
  Episode 350/1500  avg(100): 274.6
  Episode 400/1500  avg(100): 415.4
  Episode 450/1500  avg(100): 470.9
  Episode 500/1500  avg(100): 499.7
  Episode 550/1500  avg(100): 499.7
  Episode 600/1500  avg(100): 500.0
  Episode 650/1500  avg(100): 500.0
  Episode 700/1500  avg(100): 500.0
  Episode 750/1500  avg(100): 486.8
  Episode 800/1500  avg(100): 483.3
  Episode 850/1500  avg(100): 483.1
  Episode 900/1500  avg(100): 486.0
  Episode 950/1500  avg(100): 496.2
  Episode 1000/1500  avg(100): 495.2
  Episode 1050/1500  avg(100): 498.4
  Episode 1100/1500  avg(100): 500.0
  Episode 1150/1500  avg(100): 500.0
  Episode 1200/1500  avg(100): 500.0
  Episode 1250/1500  avg(100): 500.0
  Episode 1300/1500  avg(100): 468.2
  Episode 1350/1500  avg(100): 432.7
  Episode 1400/1500  avg(100): 464.5
  Episode 1450/1500  avg(100): 419.4
  Episode 1500/1500  avg(100): 419.4
Model saved to models/bitshift-64-32-4-seed99-final.pth
  per-episode CSV streamed to: metrics/multi-seed/bitshift-64-32-4/_workers/seed99/bitshift-64-32-4-seed99.csv

Summary CSV: metrics/multi-seed/bitshift-64-32-4/_workers/seed99/bitshift-64-32-4-summary.csv

Results across 1 seeds:
  solved (final_avg >= 475) : 0/1 seeds
  final_avg_reward  : 419.37 ± 0.00  (primary metric: CartPole-v1 standard)
  best_avg_reward   : 500.00 ± 0.00
  tail_iqm_reward   : 473.91 ± 0.00  (diagnostic: matches Optuna selection metric)
  convergence_ep    : never reached threshold in any seed

Robust reporting (final_avg_reward across seeds, 95% bootstrap CI):
  IQM   : 419.37  [95% CI: 419.37, 419.37]
  Mean  : 419.37  [95% CI: 419.37, 419.37]
  (note: with N < 10, bootstrap CIs and IQM are necessarily wide; per Colas et al. 2018 consider increasing --num-seeds.)
