Multi-seed training for: bitshift-64-32-4
  device       : cpu
  num_seeds    : 1
  base_seed    : 73
  num_episodes : 1500
  output_dir   : metrics/multi-seed/bitshift-64-32-4/_workers/seed73

============================================================
Seed 73 (1/1)
============================================================
  Episode 50/1500  avg(100): 17.2
  Episode 100/1500  avg(100): 17.5
  Episode 150/1500  avg(100): 17.8
  Episode 200/1500  avg(100): 68.3
  Episode 250/1500  avg(100): 128.2
  Episode 300/1500  avg(100): 174.3
  Episode 350/1500  avg(100): 268.8
  Episode 400/1500  avg(100): 407.6
  Episode 450/1500  avg(100): 491.6
  Episode 500/1500  avg(100): 483.7
  Episode 550/1500  avg(100): 483.7
  Episode 600/1500  avg(100): 497.3
  Episode 650/1500  avg(100): 471.1
  Episode 700/1500  avg(100): 446.9
  Episode 750/1500  avg(100): 471.2
  Episode 800/1500  avg(100): 486.5
  Episode 850/1500  avg(100): 491.0
  Episode 900/1500  avg(100): 495.4
  Episode 950/1500  avg(100): 480.7
  Episode 1000/1500  avg(100): 482.1
  Episode 1050/1500  avg(100): 420.8
  Episode 1100/1500  avg(100): 277.8
  Episode 1150/1500  avg(100): 198.7
  Episode 1200/1500  avg(100): 187.1
  Episode 1250/1500  avg(100): 182.4
  Episode 1300/1500  avg(100): 194.4
  Episode 1350/1500  avg(100): 307.6
  Episode 1400/1500  avg(100): 438.2
  Episode 1450/1500  avg(100): 484.8
  Episode 1500/1500  avg(100): 500.0
Model saved to models/bitshift-64-32-4-seed73-final.pth
  per-episode CSV streamed to: metrics/multi-seed/bitshift-64-32-4/_workers/seed73/bitshift-64-32-4-seed73.csv

Summary CSV: metrics/multi-seed/bitshift-64-32-4/_workers/seed73/bitshift-64-32-4-summary.csv

Results across 1 seeds:
  solved (final_avg >= 475) : 1/1 seeds
  final_avg_reward  : 500.00 ± 0.00  (primary metric: CartPole-v1 standard)
  best_avg_reward   : 500.00 ± 0.00
  tail_iqm_reward   : 261.60 ± 0.00  (diagnostic: matches Optuna selection metric)
  convergence_ep    : 1415.0 ± 0.0  (1/1 seeds converged)

Robust reporting (final_avg_reward across seeds, 95% bootstrap CI):
  IQM   : 500.00  [95% CI: 500.00, 500.00]
  Mean  : 500.00  [95% CI: 500.00, 500.00]
  (note: with N < 10, bootstrap CIs and IQM are necessarily wide; per Colas et al. 2018 consider increasing --num-seeds.)
