Multi-seed training for: fractional-32-8-8
  device       : cpu
  num_seeds    : 1
  base_seed    : 71
  num_episodes : 1500
  output_dir   : metrics/multi-seed/fractional-32-8-8/_workers/seed71

============================================================
Seed 71 (1/1)
============================================================
  Episode 50/1500  avg(100): 17.6
  Episode 100/1500  avg(100): 14.5
  Episode 150/1500  avg(100): 17.7
  Episode 200/1500  avg(100): 41.6
  Episode 250/1500  avg(100): 65.7
  Episode 300/1500  avg(100): 100.7
  Episode 350/1500  avg(100): 139.6
  Episode 400/1500  avg(100): 82.5
  Episode 450/1500  avg(100): 13.4
  Episode 500/1500  avg(100): 11.0
  Episode 550/1500  avg(100): 34.0
  Episode 600/1500  avg(100): 78.0
  Episode 650/1500  avg(100): 170.8
  Episode 700/1500  avg(100): 256.8
  Episode 750/1500  avg(100): 376.9
  Episode 800/1500  avg(100): 432.0
  Episode 850/1500  avg(100): 390.1
  Episode 900/1500  avg(100): 370.9
  Episode 950/1500  avg(100): 419.2
  Episode 1000/1500  avg(100): 498.0
  Episode 1050/1500  avg(100): 490.2
  Episode 1100/1500  avg(100): 405.7
  Episode 1150/1500  avg(100): 219.3
  Episode 1200/1500  avg(100): 114.0
  Episode 1250/1500  avg(100): 222.5
  Episode 1300/1500  avg(100): 411.9
  Episode 1350/1500  avg(100): 488.8
  Episode 1400/1500  avg(100): 404.0
  Episode 1450/1500  avg(100): 396.7
  Episode 1500/1500  avg(100): 441.2
Model saved to models/fractional-32-8-8-seed71-final.pth
  per-episode CSV streamed to: metrics/multi-seed/fractional-32-8-8/_workers/seed71/fractional-32-8-8-seed71.csv

Summary CSV: metrics/multi-seed/fractional-32-8-8/_workers/seed71/fractional-32-8-8-summary.csv

Results across 1 seeds:
  solved (final_avg >= 475) : 0/1 seeds
  final_avg_reward  : 441.22 ± 0.00  (primary metric: CartPole-v1 standard)
  best_avg_reward   : 500.00 ± 0.00
  tail_iqm_reward   : 349.07 ± 0.00  (diagnostic: matches Optuna selection metric)
  convergence_ep    : never reached threshold in any seed

Robust reporting (final_avg_reward across seeds, 95% bootstrap CI):
  IQM   : 441.22  [95% CI: 441.22, 441.22]
  Mean  : 441.22  [95% CI: 441.22, 441.22]
  (note: with N < 10, bootstrap CIs and IQM are necessarily wide; per Colas et al. 2018 consider increasing --num-seeds.)
