Multi-seed training for: leaky-32-32
  device       : cpu
  num_seeds    : 1
  base_seed    : 113
  num_episodes : 1500
  output_dir   : metrics/multi-seed/leaky-32-32/_workers/seed113

============================================================
Seed 113 (1/1)
============================================================
  Episode 50/1500  avg(100): 19.0
  Episode 100/1500  avg(100): 16.4
  Episode 150/1500  avg(100): 13.6
  Episode 200/1500  avg(100): 14.8
  Episode 250/1500  avg(100): 17.4
  Episode 300/1500  avg(100): 33.5
  Episode 350/1500  avg(100): 65.3
  Episode 400/1500  avg(100): 100.9
  Episode 450/1500  avg(100): 128.9
  Episode 500/1500  avg(100): 136.1
  Episode 550/1500  avg(100): 127.2
  Episode 600/1500  avg(100): 156.1
  Episode 650/1500  avg(100): 267.1
  Episode 700/1500  avg(100): 228.8
  Episode 750/1500  avg(100): 113.2
  Episode 800/1500  avg(100): 178.2
  Episode 850/1500  avg(100): 231.8
  Episode 900/1500  avg(100): 170.4
  Episode 950/1500  avg(100): 252.7
  Episode 1000/1500  avg(100): 426.8
  Episode 1050/1500  avg(100): 437.7
  Episode 1100/1500  avg(100): 345.4
  Episode 1150/1500  avg(100): 347.4
  Episode 1200/1500  avg(100): 439.6
  Episode 1250/1500  avg(100): 465.4
  Episode 1300/1500  avg(100): 462.1
  Episode 1350/1500  avg(100): 460.8
  Episode 1400/1500  avg(100): 453.8
  Episode 1450/1500  avg(100): 450.2
  Episode 1500/1500  avg(100): 405.3
Model saved to models/leaky-32-32-seed113-final.pth
  per-episode CSV streamed to: metrics/multi-seed/leaky-32-32/_workers/seed113/leaky-32-32-seed113.csv

Summary CSV: metrics/multi-seed/leaky-32-32/_workers/seed113/leaky-32-32-summary.csv

Results across 1 seeds:
  solved (final_avg >= 475) : 0/1 seeds
  final_avg_reward  : 405.30 ± 0.00  (primary metric: CartPole-v1 standard)
  best_avg_reward   : 474.44 ± 0.00
  tail_iqm_reward   : 445.75 ± 0.00  (diagnostic: matches Optuna selection metric)
  convergence_ep    : never reached threshold in any seed

Robust reporting (final_avg_reward across seeds, 95% bootstrap CI):
  IQM   : 405.30  [95% CI: 405.30, 405.30]
  Mean  : 405.30  [95% CI: 405.30, 405.30]
  (note: with N < 10, bootstrap CIs and IQM are necessarily wide; per Colas et al. 2018 consider increasing --num-seeds.)
