Multi-seed training for: bitshift-64-32-4
  device       : cpu
  num_seeds    : 1
  base_seed    : 42
  num_episodes : 1500
  output_dir   : metrics/multi-seed/bitshift-64-32-4-30k/bitshift-64-32-4/_workers/seed42

============================================================
Seed 42 (1/1)
============================================================
  Episode 50/1500  avg(100): 15.8
  Episode 100/1500  avg(100): 15.1
  Episode 150/1500  avg(100): 43.5
  Episode 200/1500  avg(100): 128.1
  Episode 250/1500  avg(100): 184.2
  Episode 300/1500  avg(100): 186.5
  Episode 350/1500  avg(100): 188.8
  Episode 400/1500  avg(100): 244.6
  Episode 450/1500  avg(100): 344.2
  Episode 500/1500  avg(100): 402.4
  Episode 550/1500  avg(100): 337.3
  Episode 600/1500  avg(100): 280.9
  Episode 650/1500  avg(100): 334.6
  Episode 700/1500  avg(100): 325.9
  Episode 750/1500  avg(100): 273.8
  Episode 800/1500  avg(100): 273.9
  Episode 850/1500  avg(100): 336.7
  Episode 900/1500  avg(100): 344.8
  Episode 950/1500  avg(100): 362.2
  Episode 1000/1500  avg(100): 456.4
  Episode 1050/1500  avg(100): 478.1
  Episode 1100/1500  avg(100): 444.5
  Episode 1150/1500  avg(100): 448.3
  Episode 1200/1500  avg(100): 486.4
  Episode 1250/1500  avg(100): 500.0
  Episode 1300/1500  avg(100): 500.0
  Episode 1350/1500  avg(100): 491.8
  Episode 1400/1500  avg(100): 491.8
  Episode 1450/1500  avg(100): 500.0
  Episode 1500/1500  avg(100): 496.4
Model saved to models/bitshift-64-32-4-seed42-final.pth
  per-episode CSV streamed to: metrics/multi-seed/bitshift-64-32-4-30k/bitshift-64-32-4/_workers/seed42/bitshift-64-32-4-seed42.csv

Summary CSV: metrics/multi-seed/bitshift-64-32-4-30k/bitshift-64-32-4/_workers/seed42/bitshift-64-32-4-summary.csv

Results across 1 seeds:
  solved (final_avg >= 475) : 1/1 seeds
  final_avg_reward  : 496.42 ± 0.00  (primary metric: CartPole-v1 standard)
  best_avg_reward   : 500.00 ± 0.00
  tail_iqm_reward   : 496.07 ± 0.00  (diagnostic: matches Optuna selection metric)
  convergence_ep    : 1195.0 ± 0.0  (1/1 seeds converged)

Robust reporting (final_avg_reward across seeds, 95% bootstrap CI):
  IQM   : 496.42  [95% CI: 496.42, 496.42]
  Mean  : 496.42  [95% CI: 496.42, 496.42]
  (note: with N < 10, bootstrap CIs and IQM are necessarily wide; per Colas et al. 2018 consider increasing --num-seeds.)
