Multi-seed training for: leaky-32-32
  device       : cpu
  num_seeds    : 1
  base_seed    : 61
  num_episodes : 1500
  output_dir   : metrics/multi-seed/leaky-32-32-25k/leaky-32-32/_workers/seed61

============================================================
Seed 61 (1/1)
============================================================
  Episode 50/1500  avg(100): 17.9
  Episode 100/1500  avg(100): 16.2
  Episode 150/1500  avg(100): 14.6
  Episode 200/1500  avg(100): 16.2
  Episode 250/1500  avg(100): 84.6
  Episode 300/1500  avg(100): 178.4
  Episode 350/1500  avg(100): 218.3
  Episode 400/1500  avg(100): 315.5
  Episode 450/1500  avg(100): 412.1
  Episode 500/1500  avg(100): 392.0
  Episode 550/1500  avg(100): 423.7
  Episode 600/1500  avg(100): 454.2
  Episode 650/1500  avg(100): 343.8
  Episode 700/1500  avg(100): 287.9
  Episode 750/1500  avg(100): 283.5
  Episode 800/1500  avg(100): 241.2
  Episode 850/1500  avg(100): 337.1
  Episode 900/1500  avg(100): 441.4
  Episode 950/1500  avg(100): 394.3
  Episode 1000/1500  avg(100): 218.2
  Episode 1050/1500  avg(100): 263.7
  Episode 1100/1500  avg(100): 424.6
  Episode 1150/1500  avg(100): 445.4
  Episode 1200/1500  avg(100): 474.8
  Episode 1250/1500  avg(100): 480.7
  Episode 1300/1500  avg(100): 500.0
  Episode 1350/1500  avg(100): 500.0
  Episode 1400/1500  avg(100): 500.0
  Episode 1450/1500  avg(100): 498.4
  Episode 1500/1500  avg(100): 377.0
Model saved to models/leaky-32-32-seed61-final.pth
  per-episode CSV streamed to: metrics/multi-seed/leaky-32-32-25k/leaky-32-32/_workers/seed61/leaky-32-32-seed61.csv

Summary CSV: metrics/multi-seed/leaky-32-32-25k/leaky-32-32/_workers/seed61/leaky-32-32-summary.csv

Results across 1 seeds:
  solved (final_avg >= 475) : 0/1 seeds
  final_avg_reward  : 377.04 ± 0.00  (primary metric: CartPole-v1 standard)
  best_avg_reward   : 500.00 ± 0.00
  tail_iqm_reward   : 490.20 ± 0.00  (diagnostic: matches Optuna selection metric)
  convergence_ep    : never reached threshold in any seed

Robust reporting (final_avg_reward across seeds, 95% bootstrap CI):
  IQM   : 377.04  [95% CI: 377.04, 377.04]
  Mean  : 377.04  [95% CI: 377.04, 377.04]
  (note: with N < 10, bootstrap CIs and IQM are necessarily wide; per Colas et al. 2018 consider increasing --num-seeds.)
