Multi-seed training for: bitshift-64-32-4
  device       : cpu
  num_seeds    : 1
  base_seed    : 47
  num_episodes : 1500
  output_dir   : metrics/multi-seed/bitshift-64-32-4-30k/bitshift-64-32-4/_workers/seed47

============================================================
Seed 47 (1/1)
============================================================
  Episode 50/1500  avg(100): 16.0
  Episode 100/1500  avg(100): 14.9
  Episode 150/1500  avg(100): 26.6
  Episode 200/1500  avg(100): 95.3
  Episode 250/1500  avg(100): 158.8
  Episode 300/1500  avg(100): 182.3
  Episode 350/1500  avg(100): 137.2
  Episode 400/1500  avg(100): 89.7
  Episode 450/1500  avg(100): 111.5
  Episode 500/1500  avg(100): 200.3
  Episode 550/1500  avg(100): 214.7
  Episode 600/1500  avg(100): 234.8
  Episode 650/1500  avg(100): 355.3
  Episode 700/1500  avg(100): 330.0
  Episode 750/1500  avg(100): 270.1
  Episode 800/1500  avg(100): 279.1
  Episode 850/1500  avg(100): 259.7
  Episode 900/1500  avg(100): 273.7
  Episode 950/1500  avg(100): 353.7
  Episode 1000/1500  avg(100): 350.0
  Episode 1050/1500  avg(100): 245.5
  Episode 1100/1500  avg(100): 150.0
  Episode 1150/1500  avg(100): 170.3
  Episode 1200/1500  avg(100): 361.4
  Episode 1250/1500  avg(100): 289.5
  Episode 1300/1500  avg(100): 47.7
  Episode 1350/1500  avg(100): 76.2
  Episode 1400/1500  avg(100): 103.4
  Episode 1450/1500  avg(100): 277.8
  Episode 1500/1500  avg(100): 480.2
Model saved to models/bitshift-64-32-4-seed47-final.pth
  per-episode CSV streamed to: metrics/multi-seed/bitshift-64-32-4-30k/bitshift-64-32-4/_workers/seed47/bitshift-64-32-4-seed47.csv

Summary CSV: metrics/multi-seed/bitshift-64-32-4-30k/bitshift-64-32-4/_workers/seed47/bitshift-64-32-4-summary.csv

Results across 1 seeds:
  solved (final_avg >= 475) : 1/1 seeds
  final_avg_reward  : 480.19 ± 0.00  (primary metric: CartPole-v1 standard)
  best_avg_reward   : 481.48 ± 0.00
  tail_iqm_reward   : 199.96 ± 0.00  (diagnostic: matches Optuna selection metric)
  convergence_ep    : 1494.0 ± 0.0  (1/1 seeds converged)

Robust reporting (final_avg_reward across seeds, 95% bootstrap CI):
  IQM   : 480.19  [95% CI: 480.19, 480.19]
  Mean  : 480.19  [95% CI: 480.19, 480.19]
  (note: with N < 10, bootstrap CIs and IQM are necessarily wide; per Colas et al. 2018 consider increasing --num-seeds.)
