Multi-seed training for: fractional-32-8-8
  device       : cpu
  num_seeds    : 1
  base_seed    : 54
  num_episodes : 1500
  output_dir   : metrics/multi-seed/fractional-32-8-8-20k/fractional-32-8-8/_workers/seed54

============================================================
Seed 54 (1/1)
============================================================
  Episode 50/1500  avg(100): 15.2
  Episode 100/1500  avg(100): 14.4
  Episode 150/1500  avg(100): 14.6
  Episode 200/1500  avg(100): 25.9
  Episode 250/1500  avg(100): 83.6
  Episode 300/1500  avg(100): 135.6
  Episode 350/1500  avg(100): 131.1
  Episode 400/1500  avg(100): 207.8
  Episode 450/1500  avg(100): 261.9
  Episode 500/1500  avg(100): 123.1
  Episode 550/1500  avg(100): 18.6
  Episode 600/1500  avg(100): 218.4
  Episode 650/1500  avg(100): 241.6
  Episode 700/1500  avg(100): 40.3
  Episode 750/1500  avg(100): 12.6
  Episode 800/1500  avg(100): 11.7
  Episode 850/1500  avg(100): 10.8
  Episode 900/1500  avg(100): 10.6
  Episode 950/1500  avg(100): 10.7
  Episode 1000/1500  avg(100): 11.3
  Episode 1050/1500  avg(100): 14.4
  Episode 1100/1500  avg(100): 174.0
  Episode 1150/1500  avg(100): 266.2
  Episode 1200/1500  avg(100): 198.6
  Episode 1250/1500  avg(100): 205.2
  Episode 1300/1500  avg(100): 281.7
  Episode 1350/1500  avg(100): 200.7
  Episode 1400/1500  avg(100): 112.8
  Episode 1450/1500  avg(100): 122.4
  Episode 1500/1500  avg(100): 51.8
Model saved to models/fractional-32-8-8-seed54-final.pth
  per-episode CSV streamed to: metrics/multi-seed/fractional-32-8-8-20k/fractional-32-8-8/_workers/seed54/fractional-32-8-8-seed54.csv

Summary CSV: metrics/multi-seed/fractional-32-8-8-20k/fractional-32-8-8/_workers/seed54/fractional-32-8-8-summary.csv

Results across 1 seeds:
  solved (final_avg >= 475) : 0/1 seeds
  final_avg_reward  : 51.82 ± 0.00  (primary metric: CartPole-v1 standard)
  best_avg_reward   : 290.93 ± 0.00
  tail_iqm_reward   : 192.67 ± 0.00  (diagnostic: matches Optuna selection metric)
  convergence_ep    : never reached threshold in any seed

Robust reporting (final_avg_reward across seeds, 95% bootstrap CI):
  IQM   : 51.82  [95% CI: 51.82, 51.82]
  Mean  : 51.82  [95% CI: 51.82, 51.82]
  (note: with N < 10, bootstrap CIs and IQM are necessarily wide; per Colas et al. 2018 consider increasing --num-seeds.)
