Multi-seed training for: fractional-32-8-8
  device       : cpu
  num_seeds    : 1
  base_seed    : 46
  num_episodes : 1500
  output_dir   : metrics/multi-seed/fractional-32-8-8-30k/fractional-32-8-8/_workers/seed46

============================================================
Seed 46 (1/1)
============================================================
  Episode 50/1500  avg(100): 18.1
  Episode 100/1500  avg(100): 16.1
  Episode 150/1500  avg(100): 14.4
  Episode 200/1500  avg(100): 49.1
  Episode 250/1500  avg(100): 117.7
  Episode 300/1500  avg(100): 145.1
  Episode 350/1500  avg(100): 134.6
  Episode 400/1500  avg(100): 147.1
  Episode 450/1500  avg(100): 164.7
  Episode 500/1500  avg(100): 197.0
  Episode 550/1500  avg(100): 231.4
  Episode 600/1500  avg(100): 335.4
  Episode 650/1500  avg(100): 467.9
  Episode 700/1500  avg(100): 415.7
  Episode 750/1500  avg(100): 399.7
  Episode 800/1500  avg(100): 402.0
  Episode 850/1500  avg(100): 294.5
  Episode 900/1500  avg(100): 270.9
  Episode 950/1500  avg(100): 185.6
  Episode 1000/1500  avg(100): 163.1
  Episode 1050/1500  avg(100): 255.2
  Episode 1100/1500  avg(100): 275.2
  Episode 1150/1500  avg(100): 218.4
  Episode 1200/1500  avg(100): 145.1
  Episode 1250/1500  avg(100): 132.4
  Episode 1300/1500  avg(100): 227.4
  Episode 1350/1500  avg(100): 405.0
  Episode 1400/1500  avg(100): 391.3
  Episode 1450/1500  avg(100): 367.5
  Episode 1500/1500  avg(100): 375.3
Model saved to models/fractional-32-8-8-seed46-final.pth
  per-episode CSV streamed to: metrics/multi-seed/fractional-32-8-8-30k/fractional-32-8-8/_workers/seed46/fractional-32-8-8-seed46.csv

Summary CSV: metrics/multi-seed/fractional-32-8-8-30k/fractional-32-8-8/_workers/seed46/fractional-32-8-8-summary.csv

Results across 1 seeds:
  solved (final_avg >= 475) : 0/1 seeds
  final_avg_reward  : 375.34 ± 0.00  (primary metric: CartPole-v1 standard)
  best_avg_reward   : 486.67 ± 0.00
  tail_iqm_reward   : 283.37 ± 0.00  (diagnostic: matches Optuna selection metric)
  convergence_ep    : never reached threshold in any seed

Robust reporting (final_avg_reward across seeds, 95% bootstrap CI):
  IQM   : 375.34  [95% CI: 375.34, 375.34]
  Mean  : 375.34  [95% CI: 375.34, 375.34]
  (note: with N < 10, bootstrap CIs and IQM are necessarily wide; per Colas et al. 2018 consider increasing --num-seeds.)
