Multi-seed training for: leaky-32-32
  device       : cpu
  num_seeds    : 1
  base_seed    : 52
  num_episodes : 1500
  output_dir   : metrics/multi-seed/leaky-32-32-50k/leaky-32-32/_workers/seed52

============================================================
Seed 52 (1/1)
============================================================
  Episode 50/1500  avg(100): 17.8
  Episode 100/1500  avg(100): 16.1
  Episode 150/1500  avg(100): 13.8
  Episode 200/1500  avg(100): 42.5
  Episode 250/1500  avg(100): 112.8
  Episode 300/1500  avg(100): 169.4
  Episode 350/1500  avg(100): 216.3
  Episode 400/1500  avg(100): 261.7
  Episode 450/1500  avg(100): 267.9
  Episode 500/1500  avg(100): 146.1
  Episode 550/1500  avg(100): 145.4
  Episode 600/1500  avg(100): 379.1
  Episode 650/1500  avg(100): 494.8
  Episode 700/1500  avg(100): 494.8
  Episode 750/1500  avg(100): 496.7
  Episode 800/1500  avg(100): 494.9
  Episode 850/1500  avg(100): 498.2
  Episode 900/1500  avg(100): 500.0
  Episode 950/1500  avg(100): 500.0
  Episode 1000/1500  avg(100): 496.6
  Episode 1050/1500  avg(100): 471.3
  Episode 1100/1500  avg(100): 448.5
  Episode 1150/1500  avg(100): 401.8
  Episode 1200/1500  avg(100): 366.2
  Episode 1250/1500  avg(100): 351.1
  Episode 1300/1500  avg(100): 259.0
  Episode 1350/1500  avg(100): 221.6
  Episode 1400/1500  avg(100): 282.4
  Episode 1450/1500  avg(100): 317.0
  Episode 1500/1500  avg(100): 322.2
Model saved to models/leaky-32-32-seed52-final.pth
  per-episode CSV streamed to: metrics/multi-seed/leaky-32-32-50k/leaky-32-32/_workers/seed52/leaky-32-32-seed52.csv

Summary CSV: metrics/multi-seed/leaky-32-32-50k/leaky-32-32/_workers/seed52/leaky-32-32-summary.csv

Results across 1 seeds:
  solved (final_avg >= 475) : 0/1 seeds
  final_avg_reward  : 322.20 ± 0.00  (primary metric: CartPole-v1 standard)
  best_avg_reward   : 500.00 ± 0.00
  tail_iqm_reward   : 313.10 ± 0.00  (diagnostic: matches Optuna selection metric)
  convergence_ep    : never reached threshold in any seed

Robust reporting (final_avg_reward across seeds, 95% bootstrap CI):
  IQM   : 322.20  [95% CI: 322.20, 322.20]
  Mean  : 322.20  [95% CI: 322.20, 322.20]
  (note: with N < 10, bootstrap CIs and IQM are necessarily wide; per Colas et al. 2018 consider increasing --num-seeds.)
