Multi-seed training for: fractional-32-8-8
  device       : cpu
  num_seeds    : 1
  base_seed    : 52
  num_episodes : 1500
  output_dir   : metrics/multi-seed/fractional-32-8-8/_workers/seed52

============================================================
Seed 52 (1/1)
============================================================
  Episode 50/1500  avg(100): 17.6
  Episode 100/1500  avg(100): 16.4
  Episode 150/1500  avg(100): 16.3
  Episode 200/1500  avg(100): 21.2
  Episode 250/1500  avg(100): 29.0
  Episode 300/1500  avg(100): 53.0
  Episode 350/1500  avg(100): 90.7
  Episode 400/1500  avg(100): 80.3
  Episode 450/1500  avg(100): 44.0
  Episode 500/1500  avg(100): 31.6
  Episode 550/1500  avg(100): 19.9
  Episode 600/1500  avg(100): 14.6
  Episode 650/1500  avg(100): 15.8
  Episode 700/1500  avg(100): 31.2
  Episode 750/1500  avg(100): 92.9
  Episode 800/1500  avg(100): 136.8
  Episode 850/1500  avg(100): 140.6
  Episode 900/1500  avg(100): 81.0
  Episode 950/1500  avg(100): 13.8
  Episode 1000/1500  avg(100): 41.2
  Episode 1050/1500  avg(100): 85.3
  Episode 1100/1500  avg(100): 112.6
  Episode 1150/1500  avg(100): 156.0
  Episode 1200/1500  avg(100): 192.0
  Episode 1250/1500  avg(100): 315.9
  Episode 1300/1500  avg(100): 418.7
  Episode 1350/1500  avg(100): 420.2
  Episode 1400/1500  avg(100): 467.9
  Episode 1450/1500  avg(100): 499.0
  Episode 1500/1500  avg(100): 500.0
Model saved to models/fractional-32-8-8-seed52-final.pth
  per-episode CSV streamed to: metrics/multi-seed/fractional-32-8-8/_workers/seed52/fractional-32-8-8-seed52.csv

Summary CSV: metrics/multi-seed/fractional-32-8-8/_workers/seed52/fractional-32-8-8-summary.csv

Results across 1 seeds:
  solved (final_avg >= 475) : 1/1 seeds
  final_avg_reward  : 500.00 ± 0.00  (primary metric: CartPole-v1 standard)
  best_avg_reward   : 500.00 ± 0.00
  tail_iqm_reward   : 391.34 ± 0.00  (diagnostic: matches Optuna selection metric)
  convergence_ep    : 1402.0 ± 0.0  (1/1 seeds converged)

Robust reporting (final_avg_reward across seeds, 95% bootstrap CI):
  IQM   : 500.00  [95% CI: 500.00, 500.00]
  Mean  : 500.00  [95% CI: 500.00, 500.00]
  (note: with N < 10, bootstrap CIs and IQM are necessarily wide; per Colas et al. 2018 consider increasing --num-seeds.)
