Multi-seed training for: bitshift-64-32-4
  device       : cpu
  num_seeds    : 1
  base_seed    : 83
  num_episodes : 1500
  output_dir   : metrics/multi-seed/bitshift-64-32-4/_workers/seed83

============================================================
Seed 83 (1/1)
============================================================
  Episode 50/1500  avg(100): 17.3
  Episode 100/1500  avg(100): 15.8
  Episode 150/1500  avg(100): 34.1
  Episode 200/1500  avg(100): 97.5
  Episode 250/1500  avg(100): 225.5
  Episode 300/1500  avg(100): 267.3
  Episode 350/1500  avg(100): 299.8
  Episode 400/1500  avg(100): 417.5
  Episode 450/1500  avg(100): 459.2
  Episode 500/1500  avg(100): 469.4
  Episode 550/1500  avg(100): 482.1
  Episode 600/1500  avg(100): 481.5
  Episode 650/1500  avg(100): 489.8
  Episode 700/1500  avg(100): 494.2
  Episode 750/1500  avg(100): 487.3
  Episode 800/1500  avg(100): 470.8
  Episode 850/1500  avg(100): 373.5
  Episode 900/1500  avg(100): 272.5
  Episode 950/1500  avg(100): 322.5
  Episode 1000/1500  avg(100): 436.4
  Episode 1050/1500  avg(100): 490.7
  Episode 1100/1500  avg(100): 500.0
  Episode 1150/1500  avg(100): 491.9
  Episode 1200/1500  avg(100): 441.6
  Episode 1250/1500  avg(100): 436.5
  Episode 1300/1500  avg(100): 485.2
  Episode 1350/1500  avg(100): 497.9
  Episode 1400/1500  avg(100): 499.2
  Episode 1450/1500  avg(100): 497.4
  Episode 1500/1500  avg(100): 497.7
Model saved to models/bitshift-64-32-4-seed83-final.pth
  per-episode CSV streamed to: metrics/multi-seed/bitshift-64-32-4/_workers/seed83/bitshift-64-32-4-seed83.csv

Summary CSV: metrics/multi-seed/bitshift-64-32-4/_workers/seed83/bitshift-64-32-4-summary.csv

Results across 1 seeds:
  solved (final_avg >= 475) : 1/1 seeds
  final_avg_reward  : 497.68 ± 0.00  (primary metric: CartPole-v1 standard)
  best_avg_reward   : 500.00 ± 0.00
  tail_iqm_reward   : 490.81 ± 0.00  (diagnostic: matches Optuna selection metric)
  convergence_ep    : 1291.0 ± 0.0  (1/1 seeds converged)

Robust reporting (final_avg_reward across seeds, 95% bootstrap CI):
  IQM   : 497.68  [95% CI: 497.68, 497.68]
  Mean  : 497.68  [95% CI: 497.68, 497.68]
  (note: with N < 10, bootstrap CIs and IQM are necessarily wide; per Colas et al. 2018 consider increasing --num-seeds.)
