Multi-seed training for: fractional-32-8-8
  device       : cpu
  num_seeds    : 1
  base_seed    : 81
  num_episodes : 1500
  output_dir   : metrics/multi-seed/fractional-32-8-8/_workers/seed81

============================================================
Seed 81 (1/1)
============================================================
  Episode 50/1500  avg(100): 18.2
  Episode 100/1500  avg(100): 15.7
  Episode 150/1500  avg(100): 15.5
  Episode 200/1500  avg(100): 19.1
  Episode 250/1500  avg(100): 60.0
  Episode 300/1500  avg(100): 114.9
  Episode 350/1500  avg(100): 146.2
  Episode 400/1500  avg(100): 160.2
  Episode 450/1500  avg(100): 152.6
  Episode 500/1500  avg(100): 144.6
  Episode 550/1500  avg(100): 132.8
  Episode 600/1500  avg(100): 120.8
  Episode 650/1500  avg(100): 77.2
  Episode 700/1500  avg(100): 37.0
  Episode 750/1500  avg(100): 105.9
  Episode 800/1500  avg(100): 102.6
  Episode 850/1500  avg(100): 21.2
  Episode 900/1500  avg(100): 10.8
  Episode 950/1500  avg(100): 11.4
  Episode 1000/1500  avg(100): 19.6
  Episode 1050/1500  avg(100): 29.3
  Episode 1100/1500  avg(100): 31.4
  Episode 1150/1500  avg(100): 28.9
  Episode 1200/1500  avg(100): 29.1
  Episode 1250/1500  avg(100): 34.1
  Episode 1300/1500  avg(100): 38.7
  Episode 1350/1500  avg(100): 60.8
  Episode 1400/1500  avg(100): 99.7
  Episode 1450/1500  avg(100): 171.3
  Episode 1500/1500  avg(100): 291.6
Model saved to models/fractional-32-8-8-seed81-final.pth
  per-episode CSV streamed to: metrics/multi-seed/fractional-32-8-8/_workers/seed81/fractional-32-8-8-seed81.csv

Summary CSV: metrics/multi-seed/fractional-32-8-8/_workers/seed81/fractional-32-8-8-summary.csv

Results across 1 seeds:
  solved (final_avg >= 475) : 0/1 seeds
  final_avg_reward  : 291.57 ± 0.00  (primary metric: CartPole-v1 standard)
  best_avg_reward   : 291.57 ± 0.00
  tail_iqm_reward   : 51.11 ± 0.00  (diagnostic: matches Optuna selection metric)
  convergence_ep    : never reached threshold in any seed

Robust reporting (final_avg_reward across seeds, 95% bootstrap CI):
  IQM   : 291.57  [95% CI: 291.57, 291.57]
  Mean  : 291.57  [95% CI: 291.57, 291.57]
  (note: with N < 10, bootstrap CIs and IQM are necessarily wide; per Colas et al. 2018 consider increasing --num-seeds.)
