Multi-seed training for: fractional-32-8-8
  device       : cpu
  num_seeds    : 1
  base_seed    : 44
  num_episodes : 1500
  output_dir   : metrics/multi-seed/fractional-32-8-8-25k/fractional-32-8-8/_workers/seed44

============================================================
Seed 44 (1/1)
============================================================
  Episode 50/1500  avg(100): 18.5
  Episode 100/1500  avg(100): 15.4
  Episode 150/1500  avg(100): 14.2
  Episode 200/1500  avg(100): 17.3
  Episode 250/1500  avg(100): 52.5
  Episode 300/1500  avg(100): 98.4
  Episode 350/1500  avg(100): 125.8
  Episode 400/1500  avg(100): 117.0
  Episode 450/1500  avg(100): 92.9
  Episode 500/1500  avg(100): 92.8
  Episode 550/1500  avg(100): 107.9
  Episode 600/1500  avg(100): 169.4
  Episode 650/1500  avg(100): 264.3
  Episode 700/1500  avg(100): 406.6
  Episode 750/1500  avg(100): 493.1
  Episode 800/1500  avg(100): 472.9
  Episode 850/1500  avg(100): 445.9
  Episode 900/1500  avg(100): 367.4
  Episode 950/1500  avg(100): 247.6
  Episode 1000/1500  avg(100): 343.0
  Episode 1050/1500  avg(100): 483.2
  Episode 1100/1500  avg(100): 475.1
  Episode 1150/1500  avg(100): 295.1
  Episode 1200/1500  avg(100): 97.5
  Episode 1250/1500  avg(100): 183.2
  Episode 1300/1500  avg(100): 227.7
  Episode 1350/1500  avg(100): 165.4
  Episode 1400/1500  avg(100): 327.0
  Episode 1450/1500  avg(100): 460.3
  Episode 1500/1500  avg(100): 301.7
Model saved to models/fractional-32-8-8-seed44-final.pth
  per-episode CSV streamed to: metrics/multi-seed/fractional-32-8-8-25k/fractional-32-8-8/_workers/seed44/fractional-32-8-8-seed44.csv

Summary CSV: metrics/multi-seed/fractional-32-8-8-25k/fractional-32-8-8/_workers/seed44/fractional-32-8-8-summary.csv

Results across 1 seeds:
  solved (final_avg >= 475) : 0/1 seeds
  final_avg_reward  : 301.71 ± 0.00  (primary metric: CartPole-v1 standard)
  best_avg_reward   : 493.13 ± 0.00
  tail_iqm_reward   : 245.66 ± 0.00  (diagnostic: matches Optuna selection metric)
  convergence_ep    : never reached threshold in any seed

Robust reporting (final_avg_reward across seeds, 95% bootstrap CI):
  IQM   : 301.71  [95% CI: 301.71, 301.71]
  Mean  : 301.71  [95% CI: 301.71, 301.71]
  (note: with N < 10, bootstrap CIs and IQM are necessarily wide; per Colas et al. 2018 consider increasing --num-seeds.)
