Multi-seed training for: bitshift-64-32-4
  device       : cpu
  num_seeds    : 1
  base_seed    : 71
  num_episodes : 1500
  output_dir   : metrics/multi-seed/bitshift-64-32-4/_workers/seed71

============================================================
Seed 71 (1/1)
============================================================
  Episode 50/1500  avg(100): 19.7
  Episode 100/1500  avg(100): 17.2
  Episode 150/1500  avg(100): 13.9
  Episode 200/1500  avg(100): 15.2
  Episode 250/1500  avg(100): 97.0
  Episode 300/1500  avg(100): 186.8
  Episode 350/1500  avg(100): 174.1
  Episode 400/1500  avg(100): 192.4
  Episode 450/1500  avg(100): 268.5
  Episode 500/1500  avg(100): 294.4
  Episode 550/1500  avg(100): 281.8
  Episode 600/1500  avg(100): 349.4
  Episode 650/1500  avg(100): 409.4
  Episode 700/1500  avg(100): 410.8
  Episode 750/1500  avg(100): 354.0
  Episode 800/1500  avg(100): 199.6
  Episode 850/1500  avg(100): 140.3
  Episode 900/1500  avg(100): 118.0
  Episode 950/1500  avg(100): 236.5
  Episode 1000/1500  avg(100): 427.7
  Episode 1050/1500  avg(100): 449.0
  Episode 1100/1500  avg(100): 405.0
  Episode 1150/1500  avg(100): 373.4
  Episode 1200/1500  avg(100): 441.1
  Episode 1250/1500  avg(100): 463.9
  Episode 1300/1500  avg(100): 463.9
  Episode 1350/1500  avg(100): 497.6
  Episode 1400/1500  avg(100): 497.6
  Episode 1450/1500  avg(100): 477.9
  Episode 1500/1500  avg(100): 368.3
Model saved to models/bitshift-64-32-4-seed71-final.pth
  per-episode CSV streamed to: metrics/multi-seed/bitshift-64-32-4/_workers/seed71/bitshift-64-32-4-seed71.csv

Summary CSV: metrics/multi-seed/bitshift-64-32-4/_workers/seed71/bitshift-64-32-4-summary.csv

Results across 1 seeds:
  solved (final_avg >= 475) : 0/1 seeds
  final_avg_reward  : 368.34 ± 0.00  (primary metric: CartPole-v1 standard)
  best_avg_reward   : 497.56 ± 0.00
  tail_iqm_reward   : 462.99 ± 0.00  (diagnostic: matches Optuna selection metric)
  convergence_ep    : never reached threshold in any seed

Robust reporting (final_avg_reward across seeds, 95% bootstrap CI):
  IQM   : 368.34  [95% CI: 368.34, 368.34]
  Mean  : 368.34  [95% CI: 368.34, 368.34]
  (note: with N < 10, bootstrap CIs and IQM are necessarily wide; per Colas et al. 2018 consider increasing --num-seeds.)
