Multi-seed training for: fractional-32-8-8
  device       : cpu
  num_seeds    : 1
  base_seed    : 80
  num_episodes : 1500
  output_dir   : metrics/multi-seed/fractional-32-8-8/_workers/seed80

============================================================
Seed 80 (1/1)
============================================================
  Episode 50/1500  avg(100): 16.2
  Episode 100/1500  avg(100): 17.1
  Episode 150/1500  avg(100): 18.5
  Episode 200/1500  avg(100): 57.4
  Episode 250/1500  avg(100): 125.4
  Episode 300/1500  avg(100): 142.6
  Episode 350/1500  avg(100): 125.9
  Episode 400/1500  avg(100): 126.2
  Episode 450/1500  avg(100): 164.1
  Episode 500/1500  avg(100): 221.7
  Episode 550/1500  avg(100): 347.8
  Episode 600/1500  avg(100): 328.7
  Episode 650/1500  avg(100): 254.4
  Episode 700/1500  avg(100): 240.3
  Episode 750/1500  avg(100): 320.6
  Episode 800/1500  avg(100): 323.2
  Episode 850/1500  avg(100): 232.7
  Episode 900/1500  avg(100): 304.0
  Episode 950/1500  avg(100): 323.1
  Episode 1000/1500  avg(100): 170.9
  Episode 1050/1500  avg(100): 248.4
  Episode 1100/1500  avg(100): 485.0
  Episode 1150/1500  avg(100): 485.6
  Episode 1200/1500  avg(100): 487.5
  Episode 1250/1500  avg(100): 486.7
  Episode 1300/1500  avg(100): 311.4
  Episode 1350/1500  avg(100): 268.3
  Episode 1400/1500  avg(100): 410.6
  Episode 1450/1500  avg(100): 392.9
  Episode 1500/1500  avg(100): 193.8
Model saved to models/fractional-32-8-8-seed80-final.pth
  per-episode CSV streamed to: metrics/multi-seed/fractional-32-8-8/_workers/seed80/fractional-32-8-8-seed80.csv

Summary CSV: metrics/multi-seed/fractional-32-8-8/_workers/seed80/fractional-32-8-8-summary.csv

Results across 1 seeds:
  solved (final_avg >= 475) : 0/1 seeds
  final_avg_reward  : 193.78 ± 0.00  (primary metric: CartPole-v1 standard)
  best_avg_reward   : 500.00 ± 0.00
  tail_iqm_reward   : 407.79 ± 0.00  (diagnostic: matches Optuna selection metric)
  convergence_ep    : never reached threshold in any seed

Robust reporting (final_avg_reward across seeds, 95% bootstrap CI):
  IQM   : 193.78  [95% CI: 193.78, 193.78]
  Mean  : 193.78  [95% CI: 193.78, 193.78]
  (note: with N < 10, bootstrap CIs and IQM are necessarily wide; per Colas et al. 2018 consider increasing --num-seeds.)
