Multi-seed training for: fractional-32-8-8
  device       : cpu
  num_seeds    : 1
  base_seed    : 46
  num_episodes : 1500
  output_dir   : metrics/multi-seed/fractional-32-8-8-50k/fractional-32-8-8/_workers/seed46

============================================================
Seed 46 (1/1)
============================================================
  Episode 50/1500  avg(100): 18.1
  Episode 100/1500  avg(100): 16.1
  Episode 150/1500  avg(100): 14.4
  Episode 200/1500  avg(100): 49.1
  Episode 250/1500  avg(100): 117.7
  Episode 300/1500  avg(100): 145.1
  Episode 350/1500  avg(100): 134.6
  Episode 400/1500  avg(100): 153.2
  Episode 450/1500  avg(100): 187.4
  Episode 500/1500  avg(100): 245.2
  Episode 550/1500  avg(100): 318.6
  Episode 600/1500  avg(100): 416.6
  Episode 650/1500  avg(100): 493.4
  Episode 700/1500  avg(100): 472.7
  Episode 750/1500  avg(100): 463.7
  Episode 800/1500  avg(100): 354.6
  Episode 850/1500  avg(100): 226.0
  Episode 900/1500  avg(100): 235.8
  Episode 950/1500  avg(100): 294.1
  Episode 1000/1500  avg(100): 372.3
  Episode 1050/1500  avg(100): 443.7
  Episode 1100/1500  avg(100): 400.2
  Episode 1150/1500  avg(100): 265.7
  Episode 1200/1500  avg(100): 211.4
  Episode 1250/1500  avg(100): 147.0
  Episode 1300/1500  avg(100): 155.3
  Episode 1350/1500  avg(100): 262.5
  Episode 1400/1500  avg(100): 225.3
  Episode 1450/1500  avg(100): 254.6
  Episode 1500/1500  avg(100): 308.2
Model saved to models/fractional-32-8-8-seed46-final.pth
  per-episode CSV streamed to: metrics/multi-seed/fractional-32-8-8-50k/fractional-32-8-8/_workers/seed46/fractional-32-8-8-seed46.csv

Summary CSV: metrics/multi-seed/fractional-32-8-8-50k/fractional-32-8-8/_workers/seed46/fractional-32-8-8-summary.csv

Results across 1 seeds:
  solved (final_avg >= 475) : 0/1 seeds
  final_avg_reward  : 308.22 ± 0.00  (primary metric: CartPole-v1 standard)
  best_avg_reward   : 493.41 ± 0.00
  tail_iqm_reward   : 237.04 ± 0.00  (diagnostic: matches Optuna selection metric)
  convergence_ep    : never reached threshold in any seed

Robust reporting (final_avg_reward across seeds, 95% bootstrap CI):
  IQM   : 308.22  [95% CI: 308.22, 308.22]
  Mean  : 308.22  [95% CI: 308.22, 308.22]
  (note: with N < 10, bootstrap CIs and IQM are necessarily wide; per Colas et al. 2018 consider increasing --num-seeds.)
