Multi-seed training for: bitshift-64-32-4
  device       : cpu
  num_seeds    : 1
  base_seed    : 64
  num_episodes : 1500
  output_dir   : metrics/multi-seed/bitshift-64-32-4/_workers/seed64

============================================================
Seed 64 (1/1)
============================================================
  Episode 50/1500  avg(100): 17.5
  Episode 100/1500  avg(100): 16.1
  Episode 150/1500  avg(100): 16.3
  Episode 200/1500  avg(100): 56.0
  Episode 250/1500  avg(100): 192.0
  Episode 300/1500  avg(100): 235.2
  Episode 350/1500  avg(100): 221.4
  Episode 400/1500  avg(100): 272.0
  Episode 450/1500  avg(100): 391.0
  Episode 500/1500  avg(100): 454.2
  Episode 550/1500  avg(100): 320.1
  Episode 600/1500  avg(100): 344.6
  Episode 650/1500  avg(100): 477.1
  Episode 700/1500  avg(100): 409.3
  Episode 750/1500  avg(100): 358.2
  Episode 800/1500  avg(100): 356.4
  Episode 850/1500  avg(100): 231.8
  Episode 900/1500  avg(100): 109.2
  Episode 950/1500  avg(100): 156.7
  Episode 1000/1500  avg(100): 287.3
  Episode 1050/1500  avg(100): 328.8
  Episode 1100/1500  avg(100): 209.9
  Episode 1150/1500  avg(100): 298.2
  Episode 1200/1500  avg(100): 500.0
  Episode 1250/1500  avg(100): 500.0
  Episode 1300/1500  avg(100): 500.0
  Episode 1350/1500  avg(100): 500.0
  Episode 1400/1500  avg(100): 500.0
  Episode 1450/1500  avg(100): 500.0
  Episode 1500/1500  avg(100): 500.0
Model saved to models/bitshift-64-32-4-seed64-final.pth
  per-episode CSV streamed to: metrics/multi-seed/bitshift-64-32-4/_workers/seed64/bitshift-64-32-4-seed64.csv

Summary CSV: metrics/multi-seed/bitshift-64-32-4/_workers/seed64/bitshift-64-32-4-summary.csv

Results across 1 seeds:
  solved (final_avg >= 475) : 1/1 seeds
  final_avg_reward  : 500.00 ± 0.00  (primary metric: CartPole-v1 standard)
  best_avg_reward   : 500.00 ± 0.00
  tail_iqm_reward   : 500.00 ± 0.00  (diagnostic: matches Optuna selection metric)
  convergence_ep    : 1187.0 ± 0.0  (1/1 seeds converged)

Robust reporting (final_avg_reward across seeds, 95% bootstrap CI):
  IQM   : 500.00  [95% CI: 500.00, 500.00]
  Mean  : 500.00  [95% CI: 500.00, 500.00]
  (note: with N < 10, bootstrap CIs and IQM are necessarily wide; per Colas et al. 2018 consider increasing --num-seeds.)
