Multi-seed training for: leaky-32-32
  device       : cpu
  num_seeds    : 1
  base_seed    : 54
  num_episodes : 1500
  output_dir   : metrics/multi-seed/leaky-32-32-50k/leaky-32-32/_workers/seed54

============================================================
Seed 54 (1/1)
============================================================
  Episode 50/1500  avg(100): 19.0
  Episode 100/1500  avg(100): 18.8
  Episode 150/1500  avg(100): 58.7
  Episode 200/1500  avg(100): 181.5
  Episode 250/1500  avg(100): 246.6
  Episode 300/1500  avg(100): 291.3
  Episode 350/1500  avg(100): 227.8
  Episode 400/1500  avg(100): 99.0
  Episode 450/1500  avg(100): 65.9
  Episode 500/1500  avg(100): 30.9
  Episode 550/1500  avg(100): 112.2
  Episode 600/1500  avg(100): 206.8
  Episode 650/1500  avg(100): 251.5
  Episode 700/1500  avg(100): 228.6
  Episode 750/1500  avg(100): 194.6
  Episode 800/1500  avg(100): 192.3
  Episode 850/1500  avg(100): 136.8
  Episode 900/1500  avg(100): 170.4
  Episode 950/1500  avg(100): 241.2
  Episode 1000/1500  avg(100): 225.7
  Episode 1050/1500  avg(100): 259.3
  Episode 1100/1500  avg(100): 213.6
  Episode 1150/1500  avg(100): 87.3
  Episode 1200/1500  avg(100): 79.9
  Episode 1250/1500  avg(100): 82.3
  Episode 1300/1500  avg(100): 54.3
  Episode 1350/1500  avg(100): 82.7
  Episode 1400/1500  avg(100): 177.9
  Episode 1450/1500  avg(100): 308.8
  Episode 1500/1500  avg(100): 419.7
Model saved to models/leaky-32-32-seed54-final.pth
  per-episode CSV streamed to: metrics/multi-seed/leaky-32-32-50k/leaky-32-32/_workers/seed54/leaky-32-32-seed54.csv

Summary CSV: metrics/multi-seed/leaky-32-32-50k/leaky-32-32/_workers/seed54/leaky-32-32-summary.csv

Results across 1 seeds:
  solved (final_avg >= 475) : 0/1 seeds
  final_avg_reward  : 419.69 ± 0.00  (primary metric: CartPole-v1 standard)
  best_avg_reward   : 419.69 ± 0.00
  tail_iqm_reward   : 100.13 ± 0.00  (diagnostic: matches Optuna selection metric)
  convergence_ep    : never reached threshold in any seed

Robust reporting (final_avg_reward across seeds, 95% bootstrap CI):
  IQM   : 419.69  [95% CI: 419.69, 419.69]
  Mean  : 419.69  [95% CI: 419.69, 419.69]
  (note: with N < 10, bootstrap CIs and IQM are necessarily wide; per Colas et al. 2018 consider increasing --num-seeds.)
