Multi-seed training for: bitshift-64-32-4
  device       : cpu
  num_seeds    : 1
  base_seed    : 44
  num_episodes : 1500
  output_dir   : metrics/multi-seed/bitshift-64-32-4/_workers/seed44

============================================================
Seed 44 (1/1)
============================================================
  Episode 50/1500  avg(100): 17.3
  Episode 100/1500  avg(100): 15.4
  Episode 150/1500  avg(100): 34.6
  Episode 200/1500  avg(100): 140.6
  Episode 250/1500  avg(100): 303.4
  Episode 300/1500  avg(100): 412.6
  Episode 350/1500  avg(100): 425.6
  Episode 400/1500  avg(100): 381.2
  Episode 450/1500  avg(100): 367.2
  Episode 500/1500  avg(100): 383.0
  Episode 550/1500  avg(100): 430.2
  Episode 600/1500  avg(100): 485.9
  Episode 650/1500  avg(100): 498.8
  Episode 700/1500  avg(100): 492.8
  Episode 750/1500  avg(100): 490.1
  Episode 800/1500  avg(100): 492.9
  Episode 850/1500  avg(100): 495.9
  Episode 900/1500  avg(100): 500.0
  Episode 950/1500  avg(100): 500.0
  Episode 1000/1500  avg(100): 496.1
  Episode 1050/1500  avg(100): 490.0
  Episode 1100/1500  avg(100): 489.1
  Episode 1150/1500  avg(100): 480.6
  Episode 1200/1500  avg(100): 453.5
  Episode 1250/1500  avg(100): 458.3
  Episode 1300/1500  avg(100): 480.5
  Episode 1350/1500  avg(100): 474.9
  Episode 1400/1500  avg(100): 478.8
  Episode 1450/1500  avg(100): 483.5
  Episode 1500/1500  avg(100): 385.2
Model saved to models/bitshift-64-32-4-seed44-final.pth
  per-episode CSV streamed to: metrics/multi-seed/bitshift-64-32-4/_workers/seed44/bitshift-64-32-4-seed44.csv

Summary CSV: metrics/multi-seed/bitshift-64-32-4/_workers/seed44/bitshift-64-32-4-summary.csv

Results across 1 seeds:
  solved (final_avg >= 475) : 0/1 seeds
  final_avg_reward  : 385.25 ± 0.00  (primary metric: CartPole-v1 standard)
  best_avg_reward   : 500.00 ± 0.00
  tail_iqm_reward   : 475.06 ± 0.00  (diagnostic: matches Optuna selection metric)
  convergence_ep    : never reached threshold in any seed

Robust reporting (final_avg_reward across seeds, 95% bootstrap CI):
  IQM   : 385.25  [95% CI: 385.25, 385.25]
  Mean  : 385.25  [95% CI: 385.25, 385.25]
  (note: with N < 10, bootstrap CIs and IQM are necessarily wide; per Colas et al. 2018 consider increasing --num-seeds.)
