Multi-seed training for: fractional-32-8-8
  device       : cpu
  num_seeds    : 1
  base_seed    : 57
  num_episodes : 1500
  output_dir   : metrics/multi-seed/fractional-32-8-8/_workers/seed57

============================================================
Seed 57 (1/1)
============================================================
  Episode 50/1500  avg(100): 17.5
  Episode 100/1500  avg(100): 15.9
  Episode 150/1500  avg(100): 15.4
  Episode 200/1500  avg(100): 95.0
  Episode 250/1500  avg(100): 182.5
  Episode 300/1500  avg(100): 163.7
  Episode 350/1500  avg(100): 143.9
  Episode 400/1500  avg(100): 132.2
  Episode 450/1500  avg(100): 117.3
  Episode 500/1500  avg(100): 83.7
  Episode 550/1500  avg(100): 60.2
  Episode 600/1500  avg(100): 84.7
  Episode 650/1500  avg(100): 110.0
  Episode 700/1500  avg(100): 146.1
  Episode 750/1500  avg(100): 166.0
  Episode 800/1500  avg(100): 148.5
  Episode 850/1500  avg(100): 242.5
  Episode 900/1500  avg(100): 417.1
  Episode 950/1500  avg(100): 446.7
  Episode 1000/1500  avg(100): 374.0
  Episode 1050/1500  avg(100): 417.6
  Episode 1100/1500  avg(100): 466.0
  Episode 1150/1500  avg(100): 422.2
  Episode 1200/1500  avg(100): 324.8
  Episode 1250/1500  avg(100): 166.3
  Episode 1300/1500  avg(100): 70.9
  Episode 1350/1500  avg(100): 116.0
  Episode 1400/1500  avg(100): 218.5
  Episode 1450/1500  avg(100): 238.9
  Episode 1500/1500  avg(100): 193.3
Model saved to models/fractional-32-8-8-seed57-final.pth
  per-episode CSV streamed to: metrics/multi-seed/fractional-32-8-8/_workers/seed57/fractional-32-8-8-seed57.csv

Summary CSV: metrics/multi-seed/fractional-32-8-8/_workers/seed57/fractional-32-8-8-summary.csv

Results across 1 seeds:
  solved (final_avg >= 475) : 0/1 seeds
  final_avg_reward  : 193.31 ± 0.00  (primary metric: CartPole-v1 standard)
  best_avg_reward   : 500.00 ± 0.00
  tail_iqm_reward   : 209.38 ± 0.00  (diagnostic: matches Optuna selection metric)
  convergence_ep    : never reached threshold in any seed

Robust reporting (final_avg_reward across seeds, 95% bootstrap CI):
  IQM   : 193.31  [95% CI: 193.31, 193.31]
  Mean  : 193.31  [95% CI: 193.31, 193.31]
  (note: with N < 10, bootstrap CIs and IQM are necessarily wide; per Colas et al. 2018 consider increasing --num-seeds.)
