Multi-seed training for: bitshift-64-32-4
  device       : cpu
  num_seeds    : 1
  base_seed    : 111
  num_episodes : 1500
  output_dir   : metrics/multi-seed/bitshift-64-32-4/_workers/seed111

============================================================
Seed 111 (1/1)
============================================================
  Episode 50/1500  avg(100): 16.2
  Episode 100/1500  avg(100): 15.9
  Episode 150/1500  avg(100): 55.5
  Episode 200/1500  avg(100): 151.2
  Episode 250/1500  avg(100): 286.3
  Episode 300/1500  avg(100): 276.7
  Episode 350/1500  avg(100): 189.7
  Episode 400/1500  avg(100): 180.7
  Episode 450/1500  avg(100): 185.1
  Episode 500/1500  avg(100): 269.6
  Episode 550/1500  avg(100): 387.6
  Episode 600/1500  avg(100): 403.3
  Episode 650/1500  avg(100): 421.6
  Episode 700/1500  avg(100): 435.6
  Episode 750/1500  avg(100): 420.5
  Episode 800/1500  avg(100): 461.5
  Episode 850/1500  avg(100): 490.1
  Episode 900/1500  avg(100): 500.0
  Episode 950/1500  avg(100): 500.0
  Episode 1000/1500  avg(100): 500.0
  Episode 1050/1500  avg(100): 381.3
  Episode 1100/1500  avg(100): 228.3
  Episode 1150/1500  avg(100): 271.9
  Episode 1200/1500  avg(100): 285.9
  Episode 1250/1500  avg(100): 352.4
  Episode 1300/1500  avg(100): 443.1
  Episode 1350/1500  avg(100): 381.6
  Episode 1400/1500  avg(100): 394.9
  Episode 1450/1500  avg(100): 426.5
  Episode 1500/1500  avg(100): 413.9
Model saved to models/bitshift-64-32-4-seed111-final.pth
  per-episode CSV streamed to: metrics/multi-seed/bitshift-64-32-4/_workers/seed111/bitshift-64-32-4-seed111.csv

Summary CSV: metrics/multi-seed/bitshift-64-32-4/_workers/seed111/bitshift-64-32-4-summary.csv

Results across 1 seeds:
  solved (final_avg >= 475) : 0/1 seeds
  final_avg_reward  : 413.86 ± 0.00  (primary metric: CartPole-v1 standard)
  best_avg_reward   : 500.00 ± 0.00
  tail_iqm_reward   : 379.00 ± 0.00  (diagnostic: matches Optuna selection metric)
  convergence_ep    : never reached threshold in any seed

Robust reporting (final_avg_reward across seeds, 95% bootstrap CI):
  IQM   : 413.86  [95% CI: 413.86, 413.86]
  Mean  : 413.86  [95% CI: 413.86, 413.86]
  (note: with N < 10, bootstrap CIs and IQM are necessarily wide; per Colas et al. 2018 consider increasing --num-seeds.)
