Multi-seed training for: leaky-32-32
  device       : cpu
  num_seeds    : 1
  base_seed    : 47
  num_episodes : 1500
  output_dir   : metrics/multi-seed/leaky-32-32-25k/leaky-32-32/_workers/seed47

============================================================
Seed 47 (1/1)
============================================================
  Episode 50/1500  avg(100): 17.0
  Episode 100/1500  avg(100): 15.4
  Episode 150/1500  avg(100): 13.2
  Episode 200/1500  avg(100): 13.5
  Episode 250/1500  avg(100): 30.4
  Episode 300/1500  avg(100): 73.2
  Episode 350/1500  avg(100): 118.5
  Episode 400/1500  avg(100): 132.6
  Episode 450/1500  avg(100): 144.7
  Episode 500/1500  avg(100): 169.3
  Episode 550/1500  avg(100): 222.9
  Episode 600/1500  avg(100): 331.8
  Episode 650/1500  avg(100): 371.0
  Episode 700/1500  avg(100): 342.3
  Episode 750/1500  avg(100): 282.9
  Episode 800/1500  avg(100): 202.3
  Episode 850/1500  avg(100): 174.8
  Episode 900/1500  avg(100): 203.6
  Episode 950/1500  avg(100): 184.3
  Episode 1000/1500  avg(100): 109.4
  Episode 1050/1500  avg(100): 133.5
  Episode 1100/1500  avg(100): 232.3
  Episode 1150/1500  avg(100): 345.7
  Episode 1200/1500  avg(100): 390.5
  Episode 1250/1500  avg(100): 383.5
  Episode 1300/1500  avg(100): 447.9
  Episode 1350/1500  avg(100): 491.3
  Episode 1400/1500  avg(100): 324.2
  Episode 1450/1500  avg(100): 286.8
  Episode 1500/1500  avg(100): 278.6
Model saved to models/leaky-32-32-seed47-final.pth
  per-episode CSV streamed to: metrics/multi-seed/leaky-32-32-25k/leaky-32-32/_workers/seed47/leaky-32-32-seed47.csv

Summary CSV: metrics/multi-seed/leaky-32-32-25k/leaky-32-32/_workers/seed47/leaky-32-32-summary.csv

Results across 1 seeds:
  solved (final_avg >= 475) : 0/1 seeds
  final_avg_reward  : 278.57 ± 0.00  (primary metric: CartPole-v1 standard)
  best_avg_reward   : 500.00 ± 0.00
  tail_iqm_reward   : 370.01 ± 0.00  (diagnostic: matches Optuna selection metric)
  convergence_ep    : never reached threshold in any seed

Robust reporting (final_avg_reward across seeds, 95% bootstrap CI):
  IQM   : 278.57  [95% CI: 278.57, 278.57]
  Mean  : 278.57  [95% CI: 278.57, 278.57]
  (note: with N < 10, bootstrap CIs and IQM are necessarily wide; per Colas et al. 2018 consider increasing --num-seeds.)
