Multi-seed training for: leaky-32-32
  device       : cpu
  num_seeds    : 1
  base_seed    : 141
  num_episodes : 1500
  output_dir   : metrics/multi-seed/leaky-32-32/_workers/seed141

============================================================
Seed 141 (1/1)
============================================================
  Episode 50/1500  avg(100): 19.4
  Episode 100/1500  avg(100): 17.7
  Episode 150/1500  avg(100): 29.1
  Episode 200/1500  avg(100): 66.3
  Episode 250/1500  avg(100): 119.4
  Episode 300/1500  avg(100): 154.8
  Episode 350/1500  avg(100): 173.9
  Episode 400/1500  avg(100): 229.6
  Episode 450/1500  avg(100): 230.2
  Episode 500/1500  avg(100): 118.4
  Episode 550/1500  avg(100): 252.1
  Episode 600/1500  avg(100): 419.7
  Episode 650/1500  avg(100): 325.9
  Episode 700/1500  avg(100): 370.6
  Episode 750/1500  avg(100): 476.8
  Episode 800/1500  avg(100): 485.2
  Episode 850/1500  avg(100): 435.3
  Episode 900/1500  avg(100): 436.2
  Episode 950/1500  avg(100): 496.2
  Episode 1000/1500  avg(100): 481.1
  Episode 1050/1500  avg(100): 459.8
  Episode 1100/1500  avg(100): 442.7
  Episode 1150/1500  avg(100): 445.7
  Episode 1200/1500  avg(100): 449.9
  Episode 1250/1500  avg(100): 454.9
  Episode 1300/1500  avg(100): 481.8
  Episode 1350/1500  avg(100): 490.4
  Episode 1400/1500  avg(100): 457.8
  Episode 1450/1500  avg(100): 299.7
  Episode 1500/1500  avg(100): 285.8
Model saved to models/leaky-32-32-seed141-final.pth
  per-episode CSV streamed to: metrics/multi-seed/leaky-32-32/_workers/seed141/leaky-32-32-seed141.csv

Summary CSV: metrics/multi-seed/leaky-32-32/_workers/seed141/leaky-32-32-summary.csv

Results across 1 seeds:
  solved (final_avg >= 475) : 0/1 seeds
  final_avg_reward  : 285.81 ± 0.00  (primary metric: CartPole-v1 standard)
  best_avg_reward   : 496.22 ± 0.00
  tail_iqm_reward   : 457.26 ± 0.00  (diagnostic: matches Optuna selection metric)
  convergence_ep    : never reached threshold in any seed

Robust reporting (final_avg_reward across seeds, 95% bootstrap CI):
  IQM   : 285.81  [95% CI: 285.81, 285.81]
  Mean  : 285.81  [95% CI: 285.81, 285.81]
  (note: with N < 10, bootstrap CIs and IQM are necessarily wide; per Colas et al. 2018 consider increasing --num-seeds.)
