Multi-seed training for: leaky-32-32
  device       : cpu
  num_seeds    : 1
  base_seed    : 48
  num_episodes : 1500
  output_dir   : metrics/multi-seed/leaky-32-32/_workers/seed48

============================================================
Seed 48 (1/1)
============================================================
  Episode 50/1500  avg(100): 16.3
  Episode 100/1500  avg(100): 14.1
  Episode 150/1500  avg(100): 11.7
  Episode 200/1500  avg(100): 11.9
  Episode 250/1500  avg(100): 13.1
  Episode 300/1500  avg(100): 38.3
  Episode 350/1500  avg(100): 144.9
  Episode 400/1500  avg(100): 231.8
  Episode 450/1500  avg(100): 240.6
  Episode 500/1500  avg(100): 268.4
  Episode 550/1500  avg(100): 292.3
  Episode 600/1500  avg(100): 264.9
  Episode 650/1500  avg(100): 233.1
  Episode 700/1500  avg(100): 236.5
  Episode 750/1500  avg(100): 268.8
  Episode 800/1500  avg(100): 308.2
  Episode 850/1500  avg(100): 323.1
  Episode 900/1500  avg(100): 299.8
  Episode 950/1500  avg(100): 263.3
  Episode 1000/1500  avg(100): 254.6
  Episode 1050/1500  avg(100): 265.8
  Episode 1100/1500  avg(100): 270.2
  Episode 1150/1500  avg(100): 263.5
  Episode 1200/1500  avg(100): 302.7
  Episode 1250/1500  avg(100): 408.6
  Episode 1300/1500  avg(100): 485.7
  Episode 1350/1500  avg(100): 500.0
  Episode 1400/1500  avg(100): 500.0
  Episode 1450/1500  avg(100): 500.0
  Episode 1500/1500  avg(100): 499.0
Model saved to models/leaky-32-32-seed48-final.pth
  per-episode CSV streamed to: metrics/multi-seed/leaky-32-32/_workers/seed48/leaky-32-32-seed48.csv

Summary CSV: metrics/multi-seed/leaky-32-32/_workers/seed48/leaky-32-32-summary.csv

Results across 1 seeds:
  solved (final_avg >= 475) : 1/1 seeds
  final_avg_reward  : 499.04 ± 0.00  (primary metric: CartPole-v1 standard)
  best_avg_reward   : 500.00 ± 0.00
  tail_iqm_reward   : 464.86 ± 0.00  (diagnostic: matches Optuna selection metric)
  convergence_ep    : 1292.0 ± 0.0  (1/1 seeds converged)

Robust reporting (final_avg_reward across seeds, 95% bootstrap CI):
  IQM   : 499.04  [95% CI: 499.04, 499.04]
  Mean  : 499.04  [95% CI: 499.04, 499.04]
  (note: with N < 10, bootstrap CIs and IQM are necessarily wide; per Colas et al. 2018 consider increasing --num-seeds.)
