Multi-seed training for: bitshift-64-32-4
  device       : cpu
  num_seeds    : 1
  base_seed    : 48
  num_episodes : 1500
  output_dir   : metrics/multi-seed/bitshift-64-32-4-20k/bitshift-64-32-4/_workers/seed48

============================================================
Seed 48 (1/1)
============================================================
  Episode 50/1500  avg(100): 17.5
  Episode 100/1500  avg(100): 17.7
  Episode 150/1500  avg(100): 96.2
  Episode 200/1500  avg(100): 145.9
  Episode 250/1500  avg(100): 162.1
  Episode 300/1500  avg(100): 278.1
  Episode 350/1500  avg(100): 387.6
  Episode 400/1500  avg(100): 313.7
  Episode 450/1500  avg(100): 287.1
  Episode 500/1500  avg(100): 397.1
  Episode 550/1500  avg(100): 459.4
  Episode 600/1500  avg(100): 496.2
  Episode 650/1500  avg(100): 480.2
  Episode 700/1500  avg(100): 482.5
  Episode 750/1500  avg(100): 484.4
  Episode 800/1500  avg(100): 477.6
  Episode 850/1500  avg(100): 485.6
  Episode 900/1500  avg(100): 492.2
  Episode 950/1500  avg(100): 499.4
  Episode 1000/1500  avg(100): 499.9
  Episode 1050/1500  avg(100): 495.5
  Episode 1100/1500  avg(100): 493.2
  Episode 1150/1500  avg(100): 497.6
  Episode 1200/1500  avg(100): 499.9
  Episode 1250/1500  avg(100): 500.0
  Episode 1300/1500  avg(100): 500.0
  Episode 1350/1500  avg(100): 500.0
  Episode 1400/1500  avg(100): 500.0
  Episode 1450/1500  avg(100): 492.5
  Episode 1500/1500  avg(100): 492.5
Model saved to models/bitshift-64-32-4-seed48-final.pth
  per-episode CSV streamed to: metrics/multi-seed/bitshift-64-32-4-20k/bitshift-64-32-4/_workers/seed48/bitshift-64-32-4-seed48.csv

Summary CSV: metrics/multi-seed/bitshift-64-32-4-20k/bitshift-64-32-4/_workers/seed48/bitshift-64-32-4-summary.csv

Results across 1 seeds:
  solved (final_avg >= 475) : 1/1 seeds
  final_avg_reward  : 492.48 ± 0.00  (primary metric: CartPole-v1 standard)
  best_avg_reward   : 500.00 ± 0.00
  tail_iqm_reward   : 499.64 ± 0.00  (diagnostic: matches Optuna selection metric)
  convergence_ep    : 835.0 ± 0.0  (1/1 seeds converged)

Robust reporting (final_avg_reward across seeds, 95% bootstrap CI):
  IQM   : 492.48  [95% CI: 492.48, 492.48]
  Mean  : 492.48  [95% CI: 492.48, 492.48]
  (note: with N < 10, bootstrap CIs and IQM are necessarily wide; per Colas et al. 2018 consider increasing --num-seeds.)
