Multi-seed training for: bitshift-64-32-4
  device       : cpu
  num_seeds    : 1
  base_seed    : 60
  num_episodes : 1500
  output_dir   : metrics/multi-seed/bitshift-64-32-4-25k/bitshift-64-32-4/_workers/seed60

============================================================
Seed 60 (1/1)
============================================================
  Episode 50/1500  avg(100): 16.4
  Episode 100/1500  avg(100): 16.5
  Episode 150/1500  avg(100): 52.9
  Episode 200/1500  avg(100): 131.5
  Episode 250/1500  avg(100): 156.6
  Episode 300/1500  avg(100): 140.6
  Episode 350/1500  avg(100): 149.4
  Episode 400/1500  avg(100): 153.4
  Episode 450/1500  avg(100): 142.8
  Episode 500/1500  avg(100): 132.5
  Episode 550/1500  avg(100): 179.1
  Episode 600/1500  avg(100): 191.8
  Episode 650/1500  avg(100): 225.4
  Episode 700/1500  avg(100): 308.3
  Episode 750/1500  avg(100): 245.2
  Episode 800/1500  avg(100): 184.9
  Episode 850/1500  avg(100): 308.3
  Episode 900/1500  avg(100): 453.4
  Episode 950/1500  avg(100): 440.9
  Episode 1000/1500  avg(100): 445.9
  Episode 1050/1500  avg(100): 425.5
  Episode 1100/1500  avg(100): 409.4
  Episode 1150/1500  avg(100): 422.6
  Episode 1200/1500  avg(100): 346.8
  Episode 1250/1500  avg(100): 367.5
  Episode 1300/1500  avg(100): 425.4
  Episode 1350/1500  avg(100): 448.0
  Episode 1400/1500  avg(100): 478.1
  Episode 1450/1500  avg(100): 471.7
  Episode 1500/1500  avg(100): 347.2
Model saved to models/bitshift-64-32-4-seed60-final.pth
  per-episode CSV streamed to: metrics/multi-seed/bitshift-64-32-4-25k/bitshift-64-32-4/_workers/seed60/bitshift-64-32-4-seed60.csv

Summary CSV: metrics/multi-seed/bitshift-64-32-4-25k/bitshift-64-32-4/_workers/seed60/bitshift-64-32-4-summary.csv

Results across 1 seeds:
  solved (final_avg >= 475) : 0/1 seeds
  final_avg_reward  : 347.21 ± 0.00  (primary metric: CartPole-v1 standard)
  best_avg_reward   : 483.66 ± 0.00
  tail_iqm_reward   : 424.39 ± 0.00  (diagnostic: matches Optuna selection metric)
  convergence_ep    : never reached threshold in any seed

Robust reporting (final_avg_reward across seeds, 95% bootstrap CI):
  IQM   : 347.21  [95% CI: 347.21, 347.21]
  Mean  : 347.21  [95% CI: 347.21, 347.21]
  (note: with N < 10, bootstrap CIs and IQM are necessarily wide; per Colas et al. 2018 consider increasing --num-seeds.)
