Multi-seed training for: leaky-32-32
  device       : cpu
  num_seeds    : 1
  base_seed    : 137
  num_episodes : 1500
  output_dir   : metrics/multi-seed/leaky-32-32/_workers/seed137

============================================================
Seed 137 (1/1)
============================================================
  Episode 50/1500  avg(100): 18.0
  Episode 100/1500  avg(100): 16.6
  Episode 150/1500  avg(100): 15.8
  Episode 200/1500  avg(100): 14.1
  Episode 250/1500  avg(100): 25.3
  Episode 300/1500  avg(100): 81.3
  Episode 350/1500  avg(100): 124.9
  Episode 400/1500  avg(100): 133.4
  Episode 450/1500  avg(100): 94.9
  Episode 500/1500  avg(100): 84.4
  Episode 550/1500  avg(100): 157.2
  Episode 600/1500  avg(100): 134.7
  Episode 650/1500  avg(100): 243.2
  Episode 700/1500  avg(100): 455.9
  Episode 750/1500  avg(100): 488.6
  Episode 800/1500  avg(100): 464.1
  Episode 850/1500  avg(100): 464.7
  Episode 900/1500  avg(100): 489.2
  Episode 950/1500  avg(100): 472.8
  Episode 1000/1500  avg(100): 464.0
  Episode 1050/1500  avg(100): 483.4
  Episode 1100/1500  avg(100): 472.9
  Episode 1150/1500  avg(100): 291.8
  Episode 1200/1500  avg(100): 192.4
  Episode 1250/1500  avg(100): 381.4
  Episode 1300/1500  avg(100): 500.0
  Episode 1350/1500  avg(100): 495.2
  Episode 1400/1500  avg(100): 495.2
  Episode 1450/1500  avg(100): 500.0
  Episode 1500/1500  avg(100): 495.4
Model saved to models/leaky-32-32-seed137-final.pth
  per-episode CSV streamed to: metrics/multi-seed/leaky-32-32/_workers/seed137/leaky-32-32-seed137.csv

Summary CSV: metrics/multi-seed/leaky-32-32/_workers/seed137/leaky-32-32-summary.csv

Results across 1 seeds:
  solved (final_avg >= 475) : 1/1 seeds
  final_avg_reward  : 495.40 ± 0.00  (primary metric: CartPole-v1 standard)
  best_avg_reward   : 500.00 ± 0.00
  tail_iqm_reward   : 460.50 ± 0.00  (diagnostic: matches Optuna selection metric)
  convergence_ep    : 1277.0 ± 0.0  (1/1 seeds converged)

Robust reporting (final_avg_reward across seeds, 95% bootstrap CI):
  IQM   : 495.40  [95% CI: 495.40, 495.40]
  Mean  : 495.40  [95% CI: 495.40, 495.40]
  (note: with N < 10, bootstrap CIs and IQM are necessarily wide; per Colas et al. 2018 consider increasing --num-seeds.)
