Multi-seed training for: leaky-32-32
  device       : cpu
  num_seeds    : 1
  base_seed    : 50
  num_episodes : 1500
  output_dir   : metrics/multi-seed/leaky-32-32-25k/leaky-32-32/_workers/seed50

============================================================
Seed 50 (1/1)
============================================================
  Episode 50/1500  avg(100): 17.7
  Episode 100/1500  avg(100): 16.2
  Episode 150/1500  avg(100): 13.4
  Episode 200/1500  avg(100): 12.4
  Episode 250/1500  avg(100): 20.3
  Episode 300/1500  avg(100): 46.3
  Episode 350/1500  avg(100): 102.5
  Episode 400/1500  avg(100): 127.5
  Episode 450/1500  avg(100): 101.7
  Episode 500/1500  avg(100): 113.7
  Episode 550/1500  avg(100): 229.3
  Episode 600/1500  avg(100): 292.9
  Episode 650/1500  avg(100): 261.1
  Episode 700/1500  avg(100): 239.1
  Episode 750/1500  avg(100): 337.7
  Episode 800/1500  avg(100): 476.7
  Episode 850/1500  avg(100): 481.6
  Episode 900/1500  avg(100): 432.0
  Episode 950/1500  avg(100): 326.9
  Episode 1000/1500  avg(100): 203.5
  Episode 1050/1500  avg(100): 229.1
  Episode 1100/1500  avg(100): 291.0
  Episode 1150/1500  avg(100): 225.9
  Episode 1200/1500  avg(100): 330.9
  Episode 1250/1500  avg(100): 410.4
  Episode 1300/1500  avg(100): 358.3
  Episode 1350/1500  avg(100): 356.1
  Episode 1400/1500  avg(100): 378.2
  Episode 1450/1500  avg(100): 442.6
  Episode 1500/1500  avg(100): 421.2
Model saved to models/leaky-32-32-seed50-final.pth
  per-episode CSV streamed to: metrics/multi-seed/leaky-32-32-25k/leaky-32-32/_workers/seed50/leaky-32-32-seed50.csv

Summary CSV: metrics/multi-seed/leaky-32-32-25k/leaky-32-32/_workers/seed50/leaky-32-32-summary.csv

Results across 1 seeds:
  solved (final_avg >= 475) : 0/1 seeds
  final_avg_reward  : 421.17 ± 0.00  (primary metric: CartPole-v1 standard)
  best_avg_reward   : 495.30 ± 0.00
  tail_iqm_reward   : 373.75 ± 0.00  (diagnostic: matches Optuna selection metric)
  convergence_ep    : never reached threshold in any seed

Robust reporting (final_avg_reward across seeds, 95% bootstrap CI):
  IQM   : 421.17  [95% CI: 421.17, 421.17]
  Mean  : 421.17  [95% CI: 421.17, 421.17]
  (note: with N < 10, bootstrap CIs and IQM are necessarily wide; per Colas et al. 2018 consider increasing --num-seeds.)
