Multi-seed training for: bitshift-64-32-4
  device       : cpu
  num_seeds    : 1
  base_seed    : 49
  num_episodes : 1500
  output_dir   : metrics/multi-seed/bitshift-64-32-4-50k/bitshift-64-32-4/_workers/seed49

============================================================
Seed 49 (1/1)
============================================================
  Episode 50/1500  avg(100): 17.1
  Episode 100/1500  avg(100): 15.6
  Episode 150/1500  avg(100): 33.9
  Episode 200/1500  avg(100): 91.3
  Episode 250/1500  avg(100): 137.7
  Episode 300/1500  avg(100): 168.2
  Episode 350/1500  avg(100): 247.9
  Episode 400/1500  avg(100): 403.0
  Episode 450/1500  avg(100): 482.3
  Episode 500/1500  avg(100): 445.2
  Episode 550/1500  avg(100): 450.2
  Episode 600/1500  avg(100): 458.9
  Episode 650/1500  avg(100): 373.7
  Episode 700/1500  avg(100): 377.1
  Episode 750/1500  avg(100): 333.6
  Episode 800/1500  avg(100): 299.5
  Episode 850/1500  avg(100): 285.5
  Episode 900/1500  avg(100): 112.5
  Episode 950/1500  avg(100): 29.0
  Episode 1000/1500  avg(100): 25.9
  Episode 1050/1500  avg(100): 80.8
  Episode 1100/1500  avg(100): 141.8
  Episode 1150/1500  avg(100): 151.7
  Episode 1200/1500  avg(100): 188.5
  Episode 1250/1500  avg(100): 227.6
  Episode 1300/1500  avg(100): 202.2
  Episode 1350/1500  avg(100): 165.5
  Episode 1400/1500  avg(100): 172.4
  Episode 1450/1500  avg(100): 226.7
  Episode 1500/1500  avg(100): 256.5
Model saved to models/bitshift-64-32-4-seed49-final.pth
  per-episode CSV streamed to: metrics/multi-seed/bitshift-64-32-4-50k/bitshift-64-32-4/_workers/seed49/bitshift-64-32-4-seed49.csv

Summary CSV: metrics/multi-seed/bitshift-64-32-4-50k/bitshift-64-32-4/_workers/seed49/bitshift-64-32-4-summary.csv

Results across 1 seeds:
  solved (final_avg >= 475) : 0/1 seeds
  final_avg_reward  : 256.53 ± 0.00  (primary metric: CartPole-v1 standard)
  best_avg_reward   : 482.30 ± 0.00
  tail_iqm_reward   : 192.06 ± 0.00  (diagnostic: matches Optuna selection metric)
  convergence_ep    : never reached threshold in any seed

Robust reporting (final_avg_reward across seeds, 95% bootstrap CI):
  IQM   : 256.53  [95% CI: 256.53, 256.53]
  Mean  : 256.53  [95% CI: 256.53, 256.53]
  (note: with N < 10, bootstrap CIs and IQM are necessarily wide; per Colas et al. 2018 consider increasing --num-seeds.)
