Multi-seed training for: bitshift-64-32-4
  device       : cpu
  num_seeds    : 1
  base_seed    : 91
  num_episodes : 1500
  output_dir   : metrics/multi-seed/bitshift-64-32-4/_workers/seed91

============================================================
Seed 91 (1/1)
============================================================
  Episode 50/1500  avg(100): 16.0
  Episode 100/1500  avg(100): 14.4
  Episode 150/1500  avg(100): 25.2
  Episode 200/1500  avg(100): 96.2
  Episode 250/1500  avg(100): 180.2
  Episode 300/1500  avg(100): 240.2
  Episode 350/1500  avg(100): 222.2
  Episode 400/1500  avg(100): 265.4
  Episode 450/1500  avg(100): 337.8
  Episode 500/1500  avg(100): 401.0
  Episode 550/1500  avg(100): 401.9
  Episode 600/1500  avg(100): 344.4
  Episode 650/1500  avg(100): 428.1
  Episode 700/1500  avg(100): 411.3
  Episode 750/1500  avg(100): 411.4
  Episode 800/1500  avg(100): 480.5
  Episode 850/1500  avg(100): 455.9
  Episode 900/1500  avg(100): 467.4
  Episode 950/1500  avg(100): 450.0
  Episode 1000/1500  avg(100): 397.3
  Episode 1050/1500  avg(100): 312.6
  Episode 1100/1500  avg(100): 317.7
  Episode 1150/1500  avg(100): 425.3
  Episode 1200/1500  avg(100): 443.6
  Episode 1250/1500  avg(100): 459.3
  Episode 1300/1500  avg(100): 476.8
  Episode 1350/1500  avg(100): 484.0
  Episode 1400/1500  avg(100): 495.7
  Episode 1450/1500  avg(100): 498.0
  Episode 1500/1500  avg(100): 441.0
Model saved to models/bitshift-64-32-4-seed91-final.pth
  per-episode CSV streamed to: metrics/multi-seed/bitshift-64-32-4/_workers/seed91/bitshift-64-32-4-seed91.csv

Summary CSV: metrics/multi-seed/bitshift-64-32-4/_workers/seed91/bitshift-64-32-4-summary.csv

Results across 1 seeds:
  solved (final_avg >= 475) : 0/1 seeds
  final_avg_reward  : 441.00 ± 0.00  (primary metric: CartPole-v1 standard)
  best_avg_reward   : 500.00 ± 0.00
  tail_iqm_reward   : 468.78 ± 0.00  (diagnostic: matches Optuna selection metric)
  convergence_ep    : never reached threshold in any seed

Robust reporting (final_avg_reward across seeds, 95% bootstrap CI):
  IQM   : 441.00  [95% CI: 441.00, 441.00]
  Mean  : 441.00  [95% CI: 441.00, 441.00]
  (note: with N < 10, bootstrap CIs and IQM are necessarily wide; per Colas et al. 2018 consider increasing --num-seeds.)
