Multi-seed training for: bitshift-64-32-4
  device       : cpu
  num_seeds    : 1
  base_seed    : 135
  num_episodes : 1500
  output_dir   : metrics/multi-seed/bitshift-64-32-4/_workers/seed135

============================================================
Seed 135 (1/1)
============================================================
  Episode 50/1500  avg(100): 16.5
  Episode 100/1500  avg(100): 15.4
  Episode 150/1500  avg(100): 19.7
  Episode 200/1500  avg(100): 100.1
  Episode 250/1500  avg(100): 177.2
  Episode 300/1500  avg(100): 176.4
  Episode 350/1500  avg(100): 172.8
  Episode 400/1500  avg(100): 168.7
  Episode 450/1500  avg(100): 168.4
  Episode 500/1500  avg(100): 189.3
  Episode 550/1500  avg(100): 224.9
  Episode 600/1500  avg(100): 303.6
  Episode 650/1500  avg(100): 349.2
  Episode 700/1500  avg(100): 416.9
  Episode 750/1500  avg(100): 499.9
  Episode 800/1500  avg(100): 437.2
  Episode 850/1500  avg(100): 296.1
  Episode 900/1500  avg(100): 224.2
  Episode 950/1500  avg(100): 263.5
  Episode 1000/1500  avg(100): 383.1
  Episode 1050/1500  avg(100): 425.4
  Episode 1100/1500  avg(100): 342.7
  Episode 1150/1500  avg(100): 391.7
  Episode 1200/1500  avg(100): 427.7
  Episode 1250/1500  avg(100): 417.5
  Episode 1300/1500  avg(100): 425.7
  Episode 1350/1500  avg(100): 432.1
  Episode 1400/1500  avg(100): 449.6
  Episode 1450/1500  avg(100): 369.0
  Episode 1500/1500  avg(100): 377.0
Model saved to models/bitshift-64-32-4-seed135-final.pth
  per-episode CSV streamed to: metrics/multi-seed/bitshift-64-32-4/_workers/seed135/bitshift-64-32-4-seed135.csv

Summary CSV: metrics/multi-seed/bitshift-64-32-4/_workers/seed135/bitshift-64-32-4-summary.csv

Results across 1 seeds:
  solved (final_avg >= 475) : 0/1 seeds
  final_avg_reward  : 377.04 ± 0.00  (primary metric: CartPole-v1 standard)
  best_avg_reward   : 499.94 ± 0.00
  tail_iqm_reward   : 418.76 ± 0.00  (diagnostic: matches Optuna selection metric)
  convergence_ep    : never reached threshold in any seed

Robust reporting (final_avg_reward across seeds, 95% bootstrap CI):
  IQM   : 377.04  [95% CI: 377.04, 377.04]
  Mean  : 377.04  [95% CI: 377.04, 377.04]
  (note: with N < 10, bootstrap CIs and IQM are necessarily wide; per Colas et al. 2018 consider increasing --num-seeds.)
