Multi-seed training for: leaky-32-32
  device       : cpu
  num_seeds    : 1
  base_seed    : 48
  num_episodes : 1500
  output_dir   : metrics/multi-seed/leaky-32-32-20k/leaky-32-32/_workers/seed48

============================================================
Seed 48 (1/1)
============================================================
  Episode 50/1500  avg(100): 17.6
  Episode 100/1500  avg(100): 15.9
  Episode 150/1500  avg(100): 14.0
  Episode 200/1500  avg(100): 15.1
  Episode 250/1500  avg(100): 15.7
  Episode 300/1500  avg(100): 32.2
  Episode 350/1500  avg(100): 122.0
  Episode 400/1500  avg(100): 188.1
  Episode 450/1500  avg(100): 187.1
  Episode 500/1500  avg(100): 194.4
  Episode 550/1500  avg(100): 177.3
  Episode 600/1500  avg(100): 277.9
  Episode 650/1500  avg(100): 381.9
  Episode 700/1500  avg(100): 381.2
  Episode 750/1500  avg(100): 258.9
  Episode 800/1500  avg(100): 311.1
  Episode 850/1500  avg(100): 500.0
  Episode 900/1500  avg(100): 495.1
  Episode 950/1500  avg(100): 495.1
  Episode 1000/1500  avg(100): 500.0
  Episode 1050/1500  avg(100): 500.0
  Episode 1100/1500  avg(100): 500.0
  Episode 1150/1500  avg(100): 495.1
  Episode 1200/1500  avg(100): 495.1
  Episode 1250/1500  avg(100): 495.6
  Episode 1300/1500  avg(100): 485.8
  Episode 1350/1500  avg(100): 490.3
  Episode 1400/1500  avg(100): 494.1
  Episode 1450/1500  avg(100): 489.2
  Episode 1500/1500  avg(100): 481.0
Model saved to models/leaky-32-32-seed48-final.pth
  per-episode CSV streamed to: metrics/multi-seed/leaky-32-32-20k/leaky-32-32/_workers/seed48/leaky-32-32-seed48.csv

Summary CSV: metrics/multi-seed/leaky-32-32-20k/leaky-32-32/_workers/seed48/leaky-32-32-summary.csv

Results across 1 seeds:
  solved (final_avg >= 475) : 1/1 seeds
  final_avg_reward  : 480.98 ± 0.00  (primary metric: CartPole-v1 standard)
  best_avg_reward   : 500.00 ± 0.00
  tail_iqm_reward   : 491.88 ± 0.00  (diagnostic: matches Optuna selection metric)
  convergence_ep    : 840.0 ± 0.0  (1/1 seeds converged)

Robust reporting (final_avg_reward across seeds, 95% bootstrap CI):
  IQM   : 480.98  [95% CI: 480.98, 480.98]
  Mean  : 480.98  [95% CI: 480.98, 480.98]
  (note: with N < 10, bootstrap CIs and IQM are necessarily wide; per Colas et al. 2018 consider increasing --num-seeds.)
