Multi-seed training for: fractional-32-8-8
  device       : cpu
  num_seeds    : 1
  base_seed    : 45
  num_episodes : 1500
  output_dir   : metrics/multi-seed/fractional-32-8-8-25k/fractional-32-8-8/_workers/seed45

============================================================
Seed 45 (1/1)
============================================================
  Episode 50/1500  avg(100): 17.9
  Episode 100/1500  avg(100): 15.6
  Episode 150/1500  avg(100): 14.6
  Episode 200/1500  avg(100): 22.4
  Episode 250/1500  avg(100): 59.3
  Episode 300/1500  avg(100): 102.3
  Episode 350/1500  avg(100): 119.0
  Episode 400/1500  avg(100): 117.8
  Episode 450/1500  avg(100): 147.2
  Episode 500/1500  avg(100): 187.0
  Episode 550/1500  avg(100): 148.6
  Episode 600/1500  avg(100): 260.2
  Episode 650/1500  avg(100): 435.8
  Episode 700/1500  avg(100): 477.9
  Episode 750/1500  avg(100): 500.0
  Episode 800/1500  avg(100): 500.0
  Episode 850/1500  avg(100): 498.2
  Episode 900/1500  avg(100): 385.3
  Episode 950/1500  avg(100): 144.1
  Episode 1000/1500  avg(100): 20.3
  Episode 1050/1500  avg(100): 69.2
  Episode 1100/1500  avg(100): 186.5
  Episode 1150/1500  avg(100): 380.6
  Episode 1200/1500  avg(100): 497.6
  Episode 1250/1500  avg(100): 483.7
  Episode 1300/1500  avg(100): 465.8
  Episode 1350/1500  avg(100): 323.8
  Episode 1400/1500  avg(100): 150.2
  Episode 1450/1500  avg(100): 252.4
  Episode 1500/1500  avg(100): 446.4
Model saved to models/fractional-32-8-8-seed45-final.pth
  per-episode CSV streamed to: metrics/multi-seed/fractional-32-8-8-25k/fractional-32-8-8/_workers/seed45/fractional-32-8-8-seed45.csv

Summary CSV: metrics/multi-seed/fractional-32-8-8-25k/fractional-32-8-8/_workers/seed45/fractional-32-8-8-summary.csv

Results across 1 seeds:
  solved (final_avg >= 475) : 0/1 seeds
  final_avg_reward  : 446.36 ± 0.00  (primary metric: CartPole-v1 standard)
  best_avg_reward   : 500.00 ± 0.00
  tail_iqm_reward   : 388.86 ± 0.00  (diagnostic: matches Optuna selection metric)
  convergence_ep    : never reached threshold in any seed

Robust reporting (final_avg_reward across seeds, 95% bootstrap CI):
  IQM   : 446.36  [95% CI: 446.36, 446.36]
  Mean  : 446.36  [95% CI: 446.36, 446.36]
  (note: with N < 10, bootstrap CIs and IQM are necessarily wide; per Colas et al. 2018 consider increasing --num-seeds.)
