Multi-seed training for: leaky-32-32
  device       : cpu
  num_seeds    : 1
  base_seed    : 43
  num_episodes : 1500
  output_dir   : metrics/multi-seed/leaky-32-32-50k/leaky-32-32/_workers/seed43

============================================================
Seed 43 (1/1)
============================================================
  Episode 50/1500  avg(100): 19.5
  Episode 100/1500  avg(100): 15.1
  Episode 150/1500  avg(100): 11.5
  Episode 200/1500  avg(100): 33.2
  Episode 250/1500  avg(100): 100.8
  Episode 300/1500  avg(100): 169.6
  Episode 350/1500  avg(100): 210.0
  Episode 400/1500  avg(100): 213.8
  Episode 450/1500  avg(100): 196.5
  Episode 500/1500  avg(100): 188.0
  Episode 550/1500  avg(100): 171.7
  Episode 600/1500  avg(100): 171.5
  Episode 650/1500  avg(100): 169.1
  Episode 700/1500  avg(100): 148.7
  Episode 750/1500  avg(100): 115.7
  Episode 800/1500  avg(100): 81.1
  Episode 850/1500  avg(100): 84.7
  Episode 900/1500  avg(100): 110.4
  Episode 950/1500  avg(100): 139.0
  Episode 1000/1500  avg(100): 161.8
  Episode 1050/1500  avg(100): 184.3
  Episode 1100/1500  avg(100): 203.6
  Episode 1150/1500  avg(100): 158.1
  Episode 1200/1500  avg(100): 139.5
  Episode 1250/1500  avg(100): 177.9
  Episode 1300/1500  avg(100): 196.1
  Episode 1350/1500  avg(100): 220.1
  Episode 1400/1500  avg(100): 217.8
  Episode 1450/1500  avg(100): 192.7
  Episode 1500/1500  avg(100): 186.5
Model saved to models/leaky-32-32-seed43-final.pth
  per-episode CSV streamed to: metrics/multi-seed/leaky-32-32-50k/leaky-32-32/_workers/seed43/leaky-32-32-seed43.csv

Summary CSV: metrics/multi-seed/leaky-32-32-50k/leaky-32-32/_workers/seed43/leaky-32-32-summary.csv

Results across 1 seeds:
  solved (final_avg >= 475) : 0/1 seeds
  final_avg_reward  : 186.51 ± 0.00  (primary metric: CartPole-v1 standard)
  best_avg_reward   : 225.11 ± 0.00
  tail_iqm_reward   : 189.77 ± 0.00  (diagnostic: matches Optuna selection metric)
  convergence_ep    : never reached threshold in any seed

Robust reporting (final_avg_reward across seeds, 95% bootstrap CI):
  IQM   : 186.51  [95% CI: 186.51, 186.51]
  Mean  : 186.51  [95% CI: 186.51, 186.51]
  (note: with N < 10, bootstrap CIs and IQM are necessarily wide; per Colas et al. 2018 consider increasing --num-seeds.)
