Multi-seed training for: leaky-32-32
  device       : cpu
  num_seeds    : 1
  base_seed    : 117
  num_episodes : 1500
  output_dir   : metrics/multi-seed/leaky-32-32/_workers/seed117

============================================================
Seed 117 (1/1)
============================================================
  Episode 50/1500  avg(100): 15.5
  Episode 100/1500  avg(100): 16.3
  Episode 150/1500  avg(100): 34.5
  Episode 200/1500  avg(100): 85.3
  Episode 250/1500  avg(100): 139.7
  Episode 300/1500  avg(100): 169.1
  Episode 350/1500  avg(100): 146.8
  Episode 400/1500  avg(100): 69.0
  Episode 450/1500  avg(100): 170.1
  Episode 500/1500  avg(100): 290.8
  Episode 550/1500  avg(100): 207.5
  Episode 600/1500  avg(100): 256.5
  Episode 650/1500  avg(100): 430.6
  Episode 700/1500  avg(100): 500.0
  Episode 750/1500  avg(100): 500.0
  Episode 800/1500  avg(100): 500.0
  Episode 850/1500  avg(100): 480.5
  Episode 900/1500  avg(100): 470.8
  Episode 950/1500  avg(100): 475.6
  Episode 1000/1500  avg(100): 423.9
  Episode 1050/1500  avg(100): 430.8
  Episode 1100/1500  avg(100): 489.1
  Episode 1150/1500  avg(100): 447.0
  Episode 1200/1500  avg(100): 391.8
  Episode 1250/1500  avg(100): 408.7
  Episode 1300/1500  avg(100): 385.6
  Episode 1350/1500  avg(100): 367.9
  Episode 1400/1500  avg(100): 342.7
  Episode 1450/1500  avg(100): 323.0
  Episode 1500/1500  avg(100): 310.6
Model saved to models/leaky-32-32-seed117-final.pth
  per-episode CSV streamed to: metrics/multi-seed/leaky-32-32/_workers/seed117/leaky-32-32-seed117.csv

Summary CSV: metrics/multi-seed/leaky-32-32/_workers/seed117/leaky-32-32-summary.csv

Results across 1 seeds:
  solved (final_avg >= 475) : 0/1 seeds
  final_avg_reward  : 310.61 ± 0.00  (primary metric: CartPole-v1 standard)
  best_avg_reward   : 500.00 ± 0.00
  tail_iqm_reward   : 377.99 ± 0.00  (diagnostic: matches Optuna selection metric)
  convergence_ep    : never reached threshold in any seed

Robust reporting (final_avg_reward across seeds, 95% bootstrap CI):
  IQM   : 310.61  [95% CI: 310.61, 310.61]
  Mean  : 310.61  [95% CI: 310.61, 310.61]
  (note: with N < 10, bootstrap CIs and IQM are necessarily wide; per Colas et al. 2018 consider increasing --num-seeds.)
