Multi-seed training for: fractional-32-8-8
  device       : cpu
  num_seeds    : 1
  base_seed    : 91
  num_episodes : 1500
  output_dir   : metrics/multi-seed/fractional-32-8-8/_workers/seed91

============================================================
Seed 91 (1/1)
============================================================
  Episode 50/1500  avg(100): 16.4
  Episode 100/1500  avg(100): 14.6
  Episode 150/1500  avg(100): 14.4
  Episode 200/1500  avg(100): 19.4
  Episode 250/1500  avg(100): 37.6
  Episode 300/1500  avg(100): 79.8
  Episode 350/1500  avg(100): 118.2
  Episode 400/1500  avg(100): 135.3
  Episode 450/1500  avg(100): 135.9
  Episode 500/1500  avg(100): 132.7
  Episode 550/1500  avg(100): 105.1
  Episode 600/1500  avg(100): 62.7
  Episode 650/1500  avg(100): 49.3
  Episode 700/1500  avg(100): 41.5
  Episode 750/1500  avg(100): 25.1
  Episode 800/1500  avg(100): 13.9
  Episode 850/1500  avg(100): 13.6
  Episode 900/1500  avg(100): 52.1
  Episode 950/1500  avg(100): 106.9
  Episode 1000/1500  avg(100): 126.7
  Episode 1050/1500  avg(100): 226.2
  Episode 1100/1500  avg(100): 411.4
  Episode 1150/1500  avg(100): 499.6
  Episode 1200/1500  avg(100): 500.0
  Episode 1250/1500  avg(100): 500.0
  Episode 1300/1500  avg(100): 500.0
  Episode 1350/1500  avg(100): 500.0
  Episode 1400/1500  avg(100): 491.0
  Episode 1450/1500  avg(100): 471.7
  Episode 1500/1500  avg(100): 478.9
Model saved to models/fractional-32-8-8-seed91-final.pth
  per-episode CSV streamed to: metrics/multi-seed/fractional-32-8-8/_workers/seed91/fractional-32-8-8-seed91.csv

Summary CSV: metrics/multi-seed/fractional-32-8-8/_workers/seed91/fractional-32-8-8-summary.csv

Results across 1 seeds:
  solved (final_avg >= 475) : 1/1 seeds
  final_avg_reward  : 478.95 ± 0.00  (primary metric: CartPole-v1 standard)
  best_avg_reward   : 500.00 ± 0.00
  tail_iqm_reward   : 498.10 ± 0.00  (diagnostic: matches Optuna selection metric)
  convergence_ep    : 1479.0 ± 0.0  (1/1 seeds converged)

Robust reporting (final_avg_reward across seeds, 95% bootstrap CI):
  IQM   : 478.95  [95% CI: 478.95, 478.95]
  Mean  : 478.95  [95% CI: 478.95, 478.95]
  (note: with N < 10, bootstrap CIs and IQM are necessarily wide; per Colas et al. 2018 consider increasing --num-seeds.)
