Multi-seed training for: fractional-32-8-8
  device       : cpu
  num_seeds    : 1
  base_seed    : 56
  num_episodes : 1500
  output_dir   : metrics/multi-seed/fractional-32-8-8-20k/fractional-32-8-8/_workers/seed56

============================================================
Seed 56 (1/1)
============================================================
  Episode 50/1500  avg(100): 18.1
  Episode 100/1500  avg(100): 17.2
  Episode 150/1500  avg(100): 19.4
  Episode 200/1500  avg(100): 54.0
  Episode 250/1500  avg(100): 100.2
  Episode 300/1500  avg(100): 132.1
  Episode 350/1500  avg(100): 151.9
  Episode 400/1500  avg(100): 130.1
  Episode 450/1500  avg(100): 108.7
  Episode 500/1500  avg(100): 97.7
  Episode 550/1500  avg(100): 80.1
  Episode 600/1500  avg(100): 79.2
  Episode 650/1500  avg(100): 84.4
  Episode 700/1500  avg(100): 61.9
  Episode 750/1500  avg(100): 76.8
  Episode 800/1500  avg(100): 138.7
  Episode 850/1500  avg(100): 119.4
  Episode 900/1500  avg(100): 139.5
  Episode 950/1500  avg(100): 301.9
  Episode 1000/1500  avg(100): 427.8
  Episode 1050/1500  avg(100): 458.6
  Episode 1100/1500  avg(100): 482.1
  Episode 1150/1500  avg(100): 495.2
  Episode 1200/1500  avg(100): 495.2
  Episode 1250/1500  avg(100): 500.0
  Episode 1300/1500  avg(100): 500.0
  Episode 1350/1500  avg(100): 499.4
  Episode 1400/1500  avg(100): 482.6
  Episode 1450/1500  avg(100): 483.2
  Episode 1500/1500  avg(100): 500.0
Model saved to models/fractional-32-8-8-seed56-final.pth
  per-episode CSV streamed to: metrics/multi-seed/fractional-32-8-8-20k/fractional-32-8-8/_workers/seed56/fractional-32-8-8-seed56.csv

Summary CSV: metrics/multi-seed/fractional-32-8-8-20k/fractional-32-8-8/_workers/seed56/fractional-32-8-8-summary.csv

Results across 1 seeds:
  solved (final_avg >= 475) : 1/1 seeds
  final_avg_reward  : 500.00 ± 0.00  (primary metric: CartPole-v1 standard)
  best_avg_reward   : 500.00 ± 0.00
  tail_iqm_reward   : 496.73 ± 0.00  (diagnostic: matches Optuna selection metric)
  convergence_ep    : 1092.0 ± 0.0  (1/1 seeds converged)

Robust reporting (final_avg_reward across seeds, 95% bootstrap CI):
  IQM   : 500.00  [95% CI: 500.00, 500.00]
  Mean  : 500.00  [95% CI: 500.00, 500.00]
  (note: with N < 10, bootstrap CIs and IQM are necessarily wide; per Colas et al. 2018 consider increasing --num-seeds.)
