Multi-seed training for: fractional-32-8-8
  device       : cpu
  num_seeds    : 1
  base_seed    : 133
  num_episodes : 1500
  output_dir   : metrics/multi-seed/fractional-32-8-8/_workers/seed133

============================================================
Seed 133 (1/1)
============================================================
  Episode 50/1500  avg(100): 16.0
  Episode 100/1500  avg(100): 14.5
  Episode 150/1500  avg(100): 13.7
  Episode 200/1500  avg(100): 22.2
  Episode 250/1500  avg(100): 40.1
  Episode 300/1500  avg(100): 53.0
  Episode 350/1500  avg(100): 74.5
  Episode 400/1500  avg(100): 62.3
  Episode 450/1500  avg(100): 39.7
  Episode 500/1500  avg(100): 79.8
  Episode 550/1500  avg(100): 121.8
  Episode 600/1500  avg(100): 195.5
  Episode 650/1500  avg(100): 249.0
  Episode 700/1500  avg(100): 227.6
  Episode 750/1500  avg(100): 242.1
  Episode 800/1500  avg(100): 319.6
  Episode 850/1500  avg(100): 295.8
  Episode 900/1500  avg(100): 240.8
  Episode 950/1500  avg(100): 150.8
  Episode 1000/1500  avg(100): 203.4
  Episode 1050/1500  avg(100): 399.0
  Episode 1100/1500  avg(100): 426.6
  Episode 1150/1500  avg(100): 373.9
  Episode 1200/1500  avg(100): 230.7
  Episode 1250/1500  avg(100): 84.0
  Episode 1300/1500  avg(100): 43.9
  Episode 1350/1500  avg(100): 49.5
  Episode 1400/1500  avg(100): 28.1
  Episode 1450/1500  avg(100): 13.0
  Episode 1500/1500  avg(100): 12.5
Model saved to models/fractional-32-8-8-seed133-final.pth
  per-episode CSV streamed to: metrics/multi-seed/fractional-32-8-8/_workers/seed133/fractional-32-8-8-seed133.csv

Summary CSV: metrics/multi-seed/fractional-32-8-8/_workers/seed133/fractional-32-8-8-summary.csv

Results across 1 seeds:
  solved (final_avg >= 475) : 0/1 seeds
  final_avg_reward  : 12.46 ± 0.00  (primary metric: CartPole-v1 standard)
  best_avg_reward   : 464.07 ± 0.00
  tail_iqm_reward   : 59.11 ± 0.00  (diagnostic: matches Optuna selection metric)
  convergence_ep    : never reached threshold in any seed

Robust reporting (final_avg_reward across seeds, 95% bootstrap CI):
  IQM   : 12.46  [95% CI: 12.46, 12.46]
  Mean  : 12.46  [95% CI: 12.46, 12.46]
  (note: with N < 10, bootstrap CIs and IQM are necessarily wide; per Colas et al. 2018 consider increasing --num-seeds.)
