Multi-seed training for: bitshift-64-32-4
  device       : cpu
  num_seeds    : 1
  base_seed    : 47
  num_episodes : 1500
  output_dir   : metrics/multi-seed/bitshift-64-32-4-25k/bitshift-64-32-4/_workers/seed47

============================================================
Seed 47 (1/1)
============================================================
  Episode 50/1500  avg(100): 16.0
  Episode 100/1500  avg(100): 15.6
  Episode 150/1500  avg(100): 33.5
  Episode 200/1500  avg(100): 105.9
  Episode 250/1500  avg(100): 174.8
  Episode 300/1500  avg(100): 267.3
  Episode 350/1500  avg(100): 306.2
  Episode 400/1500  avg(100): 261.3
  Episode 450/1500  avg(100): 221.3
  Episode 500/1500  avg(100): 220.2
  Episode 550/1500  avg(100): 373.5
  Episode 600/1500  avg(100): 394.4
  Episode 650/1500  avg(100): 314.6
  Episode 700/1500  avg(100): 286.7
  Episode 750/1500  avg(100): 239.0
  Episode 800/1500  avg(100): 254.0
  Episode 850/1500  avg(100): 307.9
  Episode 900/1500  avg(100): 363.5
  Episode 950/1500  avg(100): 326.6
  Episode 1000/1500  avg(100): 353.7
  Episode 1050/1500  avg(100): 370.6
  Episode 1100/1500  avg(100): 276.7
  Episode 1150/1500  avg(100): 169.6
  Episode 1200/1500  avg(100): 92.3
  Episode 1250/1500  avg(100): 153.1
  Episode 1300/1500  avg(100): 353.6
  Episode 1350/1500  avg(100): 475.4
  Episode 1400/1500  avg(100): 421.4
  Episode 1450/1500  avg(100): 204.5
  Episode 1500/1500  avg(100): 34.2
Model saved to models/bitshift-64-32-4-seed47-final.pth
  per-episode CSV streamed to: metrics/multi-seed/bitshift-64-32-4-25k/bitshift-64-32-4/_workers/seed47/bitshift-64-32-4-seed47.csv

Summary CSV: metrics/multi-seed/bitshift-64-32-4-25k/bitshift-64-32-4/_workers/seed47/bitshift-64-32-4-summary.csv

Results across 1 seeds:
  solved (final_avg >= 475) : 0/1 seeds
  final_avg_reward  : 34.19 ± 0.00  (primary metric: CartPole-v1 standard)
  best_avg_reward   : 478.49 ± 0.00
  tail_iqm_reward   : 233.74 ± 0.00  (diagnostic: matches Optuna selection metric)
  convergence_ep    : never reached threshold in any seed

Robust reporting (final_avg_reward across seeds, 95% bootstrap CI):
  IQM   : 34.19  [95% CI: 34.19, 34.19]
  Mean  : 34.19  [95% CI: 34.19, 34.19]
  (note: with N < 10, bootstrap CIs and IQM are necessarily wide; per Colas et al. 2018 consider increasing --num-seeds.)
