Multi-seed training for: bitshift-64-32-4
  device       : cpu
  num_seeds    : 1
  base_seed    : 51
  num_episodes : 1500
  output_dir   : metrics/multi-seed/bitshift-64-32-4-30k/bitshift-64-32-4/_workers/seed51

============================================================
Seed 51 (1/1)
============================================================
  Episode 50/1500  avg(100): 17.4
  Episode 100/1500  avg(100): 15.9
  Episode 150/1500  avg(100): 21.3
  Episode 200/1500  avg(100): 91.8
  Episode 250/1500  avg(100): 171.0
  Episode 300/1500  avg(100): 240.9
  Episode 350/1500  avg(100): 237.3
  Episode 400/1500  avg(100): 211.7
  Episode 450/1500  avg(100): 284.2
  Episode 500/1500  avg(100): 374.7
  Episode 550/1500  avg(100): 453.3
  Episode 600/1500  avg(100): 422.3
  Episode 650/1500  avg(100): 363.9
  Episode 700/1500  avg(100): 381.2
  Episode 750/1500  avg(100): 429.7
  Episode 800/1500  avg(100): 458.9
  Episode 850/1500  avg(100): 458.8
  Episode 900/1500  avg(100): 469.3
  Episode 950/1500  avg(100): 484.9
  Episode 1000/1500  avg(100): 471.3
  Episode 1050/1500  avg(100): 474.8
  Episode 1100/1500  avg(100): 498.1
  Episode 1150/1500  avg(100): 480.7
  Episode 1200/1500  avg(100): 480.6
  Episode 1250/1500  avg(100): 473.1
  Episode 1300/1500  avg(100): 361.1
  Episode 1350/1500  avg(100): 373.7
  Episode 1400/1500  avg(100): 487.6
  Episode 1450/1500  avg(100): 485.2
  Episode 1500/1500  avg(100): 485.2
Model saved to models/bitshift-64-32-4-seed51-final.pth
  per-episode CSV streamed to: metrics/multi-seed/bitshift-64-32-4-30k/bitshift-64-32-4/_workers/seed51/bitshift-64-32-4-seed51.csv

Summary CSV: metrics/multi-seed/bitshift-64-32-4-30k/bitshift-64-32-4/_workers/seed51/bitshift-64-32-4-summary.csv

Results across 1 seeds:
  solved (final_avg >= 475) : 1/1 seeds
  final_avg_reward  : 485.18 ± 0.00  (primary metric: CartPole-v1 standard)
  best_avg_reward   : 500.00 ± 0.00
  tail_iqm_reward   : 469.22 ± 0.00  (diagnostic: matches Optuna selection metric)
  convergence_ep    : 1391.0 ± 0.0  (1/1 seeds converged)

Robust reporting (final_avg_reward across seeds, 95% bootstrap CI):
  IQM   : 485.18  [95% CI: 485.18, 485.18]
  Mean  : 485.18  [95% CI: 485.18, 485.18]
  (note: with N < 10, bootstrap CIs and IQM are necessarily wide; per Colas et al. 2018 consider increasing --num-seeds.)
