Multi-seed training for: leaky-32-32
  device       : cpu
  num_seeds    : 1
  base_seed    : 54
  num_episodes : 1500
  output_dir   : metrics/multi-seed/leaky-32-32-25k/leaky-32-32/_workers/seed54

============================================================
Seed 54 (1/1)
============================================================
  Episode 50/1500  avg(100): 19.0
  Episode 100/1500  avg(100): 18.8
  Episode 150/1500  avg(100): 58.7
  Episode 200/1500  avg(100): 181.5
  Episode 250/1500  avg(100): 265.5
  Episode 300/1500  avg(100): 241.6
  Episode 350/1500  avg(100): 137.7
  Episode 400/1500  avg(100): 124.1
  Episode 450/1500  avg(100): 286.5
  Episode 500/1500  avg(100): 342.3
  Episode 550/1500  avg(100): 297.5
  Episode 600/1500  avg(100): 217.6
  Episode 650/1500  avg(100): 264.4
  Episode 700/1500  avg(100): 323.3
  Episode 750/1500  avg(100): 204.3
  Episode 800/1500  avg(100): 221.7
  Episode 850/1500  avg(100): 305.0
  Episode 900/1500  avg(100): 235.6
  Episode 950/1500  avg(100): 215.1
  Episode 1000/1500  avg(100): 234.9
  Episode 1050/1500  avg(100): 312.0
  Episode 1100/1500  avg(100): 313.9
  Episode 1150/1500  avg(100): 215.1
  Episode 1200/1500  avg(100): 270.3
  Episode 1250/1500  avg(100): 400.9
  Episode 1300/1500  avg(100): 438.6
  Episode 1350/1500  avg(100): 317.4
  Episode 1400/1500  avg(100): 213.1
  Episode 1450/1500  avg(100): 181.8
  Episode 1500/1500  avg(100): 205.6
Model saved to models/leaky-32-32-seed54-final.pth
  per-episode CSV streamed to: metrics/multi-seed/leaky-32-32-25k/leaky-32-32/_workers/seed54/leaky-32-32-seed54.csv

Summary CSV: metrics/multi-seed/leaky-32-32-25k/leaky-32-32/_workers/seed54/leaky-32-32-summary.csv

Results across 1 seeds:
  solved (final_avg >= 475) : 0/1 seeds
  final_avg_reward  : 205.64 ± 0.00  (primary metric: CartPole-v1 standard)
  best_avg_reward   : 491.19 ± 0.00
  tail_iqm_reward   : 262.10 ± 0.00  (diagnostic: matches Optuna selection metric)
  convergence_ep    : never reached threshold in any seed

Robust reporting (final_avg_reward across seeds, 95% bootstrap CI):
  IQM   : 205.64  [95% CI: 205.64, 205.64]
  Mean  : 205.64  [95% CI: 205.64, 205.64]
  (note: with N < 10, bootstrap CIs and IQM are necessarily wide; per Colas et al. 2018 consider increasing --num-seeds.)
