Multi-seed training for: fractional-32-8-8
  device       : cpu
  num_seeds    : 1
  base_seed    : 118
  num_episodes : 1500
  output_dir   : metrics/multi-seed/fractional-32-8-8/_workers/seed118

============================================================
Seed 118 (1/1)
============================================================
  Episode 50/1500  avg(100): 17.8
  Episode 100/1500  avg(100): 15.7
  Episode 150/1500  avg(100): 18.2
  Episode 200/1500  avg(100): 42.7
  Episode 250/1500  avg(100): 71.7
  Episode 300/1500  avg(100): 94.2
  Episode 350/1500  avg(100): 124.8
  Episode 400/1500  avg(100): 138.8
  Episode 450/1500  avg(100): 123.1
  Episode 500/1500  avg(100): 97.2
  Episode 550/1500  avg(100): 186.8
  Episode 600/1500  avg(100): 183.6
  Episode 650/1500  avg(100): 125.9
  Episode 700/1500  avg(100): 260.2
  Episode 750/1500  avg(100): 188.0
  Episode 800/1500  avg(100): 179.5
  Episode 850/1500  avg(100): 186.2
  Episode 900/1500  avg(100): 32.7
  Episode 950/1500  avg(100): 147.4
  Episode 1000/1500  avg(100): 348.9
  Episode 1050/1500  avg(100): 448.7
  Episode 1100/1500  avg(100): 417.9
  Episode 1150/1500  avg(100): 406.4
  Episode 1200/1500  avg(100): 439.6
  Episode 1250/1500  avg(100): 422.9
  Episode 1300/1500  avg(100): 352.6
  Episode 1350/1500  avg(100): 303.9
  Episode 1400/1500  avg(100): 386.2
  Episode 1450/1500  avg(100): 383.2
  Episode 1500/1500  avg(100): 378.4
Model saved to models/fractional-32-8-8-seed118-final.pth
  per-episode CSV streamed to: metrics/multi-seed/fractional-32-8-8/_workers/seed118/fractional-32-8-8-seed118.csv

Summary CSV: metrics/multi-seed/fractional-32-8-8/_workers/seed118/fractional-32-8-8-summary.csv

Results across 1 seeds:
  solved (final_avg >= 475) : 0/1 seeds
  final_avg_reward  : 378.41 ± 0.00  (primary metric: CartPole-v1 standard)
  best_avg_reward   : 453.61 ± 0.00
  tail_iqm_reward   : 394.53 ± 0.00  (diagnostic: matches Optuna selection metric)
  convergence_ep    : never reached threshold in any seed

Robust reporting (final_avg_reward across seeds, 95% bootstrap CI):
  IQM   : 378.41  [95% CI: 378.41, 378.41]
  Mean  : 378.41  [95% CI: 378.41, 378.41]
  (note: with N < 10, bootstrap CIs and IQM are necessarily wide; per Colas et al. 2018 consider increasing --num-seeds.)
