Multi-seed training for: bitshift-64-32-4
  device       : cpu
  num_seeds    : 1
  base_seed    : 48
  num_episodes : 1500
  output_dir   : metrics/multi-seed/bitshift-64-32-4/_workers/seed48

============================================================
Seed 48 (1/1)
============================================================
  Episode 50/1500  avg(100): 17.5
  Episode 100/1500  avg(100): 21.8
  Episode 150/1500  avg(100): 144.3
  Episode 200/1500  avg(100): 247.5
  Episode 250/1500  avg(100): 324.5
  Episode 300/1500  avg(100): 458.3
  Episode 350/1500  avg(100): 497.6
  Episode 400/1500  avg(100): 496.2
  Episode 450/1500  avg(100): 498.6
  Episode 500/1500  avg(100): 447.8
  Episode 550/1500  avg(100): 325.1
  Episode 600/1500  avg(100): 248.3
  Episode 650/1500  avg(100): 355.7
  Episode 700/1500  avg(100): 467.7
  Episode 750/1500  avg(100): 468.6
  Episode 800/1500  avg(100): 485.5
  Episode 850/1500  avg(100): 468.2
  Episode 900/1500  avg(100): 453.7
  Episode 950/1500  avg(100): 408.8
  Episode 1000/1500  avg(100): 364.8
  Episode 1050/1500  avg(100): 306.2
  Episode 1100/1500  avg(100): 348.8
  Episode 1150/1500  avg(100): 348.2
  Episode 1200/1500  avg(100): 197.5
  Episode 1250/1500  avg(100): 91.2
  Episode 1300/1500  avg(100): 133.9
  Episode 1350/1500  avg(100): 376.1
  Episode 1400/1500  avg(100): 497.1
  Episode 1450/1500  avg(100): 496.1
  Episode 1500/1500  avg(100): 497.9
Model saved to models/bitshift-64-32-4-seed48-final.pth
  per-episode CSV streamed to: metrics/multi-seed/bitshift-64-32-4/_workers/seed48/bitshift-64-32-4-seed48.csv

Summary CSV: metrics/multi-seed/bitshift-64-32-4/_workers/seed48/bitshift-64-32-4-summary.csv

Results across 1 seeds:
  solved (final_avg >= 475) : 1/1 seeds
  final_avg_reward  : 497.94 ± 0.00  (primary metric: CartPole-v1 standard)
  best_avg_reward   : 500.00 ± 0.00
  tail_iqm_reward   : 337.75 ± 0.00  (diagnostic: matches Optuna selection metric)
  convergence_ep    : 1370.0 ± 0.0  (1/1 seeds converged)

Robust reporting (final_avg_reward across seeds, 95% bootstrap CI):
  IQM   : 497.94  [95% CI: 497.94, 497.94]
  Mean  : 497.94  [95% CI: 497.94, 497.94]
  (note: with N < 10, bootstrap CIs and IQM are necessarily wide; per Colas et al. 2018 consider increasing --num-seeds.)
