Multi-seed training for: leaky-32-32
  device       : cpu
  num_seeds    : 1
  base_seed    : 51
  num_episodes : 1500
  output_dir   : metrics/multi-seed/leaky-32-32-20k/leaky-32-32/_workers/seed51

============================================================
Seed 51 (1/1)
============================================================
  Episode 50/1500  avg(100): 20.0
  Episode 100/1500  avg(100): 16.7
  Episode 150/1500  avg(100): 35.4
  Episode 200/1500  avg(100): 130.5
  Episode 250/1500  avg(100): 217.1
  Episode 300/1500  avg(100): 288.1
  Episode 350/1500  avg(100): 332.8
  Episode 400/1500  avg(100): 307.3
  Episode 450/1500  avg(100): 227.8
  Episode 500/1500  avg(100): 160.3
  Episode 550/1500  avg(100): 168.9
  Episode 600/1500  avg(100): 296.0
  Episode 650/1500  avg(100): 375.9
  Episode 700/1500  avg(100): 386.4
  Episode 750/1500  avg(100): 457.6
  Episode 800/1500  avg(100): 486.3
  Episode 850/1500  avg(100): 427.3
  Episode 900/1500  avg(100): 362.3
  Episode 950/1500  avg(100): 418.4
  Episode 1000/1500  avg(100): 432.0
  Episode 1050/1500  avg(100): 297.9
  Episode 1100/1500  avg(100): 297.2
  Episode 1150/1500  avg(100): 396.5
  Episode 1200/1500  avg(100): 420.3
  Episode 1250/1500  avg(100): 458.4
  Episode 1300/1500  avg(100): 436.0
  Episode 1350/1500  avg(100): 356.9
  Episode 1400/1500  avg(100): 176.5
  Episode 1450/1500  avg(100): 20.1
  Episode 1500/1500  avg(100): 10.1
Model saved to models/leaky-32-32-seed51-final.pth
  per-episode CSV streamed to: metrics/multi-seed/leaky-32-32-20k/leaky-32-32/_workers/seed51/leaky-32-32-seed51.csv

Summary CSV: metrics/multi-seed/leaky-32-32-20k/leaky-32-32/_workers/seed51/leaky-32-32-summary.csv

Results across 1 seeds:
  solved (final_avg >= 475) : 0/1 seeds
  final_avg_reward  : 10.12 ± 0.00  (primary metric: CartPole-v1 standard)
  best_avg_reward   : 489.16 ± 0.00
  tail_iqm_reward   : 359.70 ± 0.00  (diagnostic: matches Optuna selection metric)
  convergence_ep    : never reached threshold in any seed

Robust reporting (final_avg_reward across seeds, 95% bootstrap CI):
  IQM   : 10.12  [95% CI: 10.12, 10.12]
  Mean  : 10.12  [95% CI: 10.12, 10.12]
  (note: with N < 10, bootstrap CIs and IQM are necessarily wide; per Colas et al. 2018 consider increasing --num-seeds.)
