Multi-seed training for: leaky-32-32
  device       : cpu
  num_seeds    : 1
  base_seed    : 60
  num_episodes : 1500
  output_dir   : metrics/multi-seed/leaky-32-32-20k/leaky-32-32/_workers/seed60

============================================================
Seed 60 (1/1)
============================================================
  Episode 50/1500  avg(100): 18.6
  Episode 100/1500  avg(100): 16.0
  Episode 150/1500  avg(100): 18.1
  Episode 200/1500  avg(100): 109.6
  Episode 250/1500  avg(100): 218.8
  Episode 300/1500  avg(100): 249.5
  Episode 350/1500  avg(100): 308.1
  Episode 400/1500  avg(100): 269.2
  Episode 450/1500  avg(100): 287.6
  Episode 500/1500  avg(100): 290.4
  Episode 550/1500  avg(100): 260.4
  Episode 600/1500  avg(100): 349.6
  Episode 650/1500  avg(100): 427.7
  Episode 700/1500  avg(100): 463.6
  Episode 750/1500  avg(100): 467.9
  Episode 800/1500  avg(100): 500.0
  Episode 850/1500  avg(100): 484.6
  Episode 900/1500  avg(100): 475.1
  Episode 950/1500  avg(100): 485.7
  Episode 1000/1500  avg(100): 320.2
  Episode 1050/1500  avg(100): 218.0
  Episode 1100/1500  avg(100): 300.2
  Episode 1150/1500  avg(100): 259.8
  Episode 1200/1500  avg(100): 240.5
  Episode 1250/1500  avg(100): 192.2
  Episode 1300/1500  avg(100): 168.1
  Episode 1350/1500  avg(100): 237.8
  Episode 1400/1500  avg(100): 286.6
  Episode 1450/1500  avg(100): 321.7
  Episode 1500/1500  avg(100): 384.1
Model saved to models/leaky-32-32-seed60-final.pth
  per-episode CSV streamed to: metrics/multi-seed/leaky-32-32-20k/leaky-32-32/_workers/seed60/leaky-32-32-seed60.csv

Summary CSV: metrics/multi-seed/leaky-32-32-20k/leaky-32-32/_workers/seed60/leaky-32-32-summary.csv

Results across 1 seeds:
  solved (final_avg >= 475) : 0/1 seeds
  final_avg_reward  : 384.07 ± 0.00  (primary metric: CartPole-v1 standard)
  best_avg_reward   : 500.00 ± 0.00
  tail_iqm_reward   : 256.32 ± 0.00  (diagnostic: matches Optuna selection metric)
  convergence_ep    : never reached threshold in any seed

Robust reporting (final_avg_reward across seeds, 95% bootstrap CI):
  IQM   : 384.07  [95% CI: 384.07, 384.07]
  Mean  : 384.07  [95% CI: 384.07, 384.07]
  (note: with N < 10, bootstrap CIs and IQM are necessarily wide; per Colas et al. 2018 consider increasing --num-seeds.)
