Multi-seed training for: fractional-32-8-8
  device       : cpu
  num_seeds    : 1
  base_seed    : 61
  num_episodes : 1500
  output_dir   : metrics/multi-seed/fractional-32-8-8-25k/fractional-32-8-8/_workers/seed61

============================================================
Seed 61 (1/1)
============================================================
  Episode 50/1500  avg(100): 16.1
  Episode 100/1500  avg(100): 14.1
  Episode 150/1500  avg(100): 35.4
  Episode 200/1500  avg(100): 100.0
  Episode 250/1500  avg(100): 161.5
  Episode 300/1500  avg(100): 151.6
  Episode 350/1500  avg(100): 110.5
  Episode 400/1500  avg(100): 81.9
  Episode 450/1500  avg(100): 50.7
  Episode 500/1500  avg(100): 30.3
  Episode 550/1500  avg(100): 23.6
  Episode 600/1500  avg(100): 23.3
  Episode 650/1500  avg(100): 24.9
  Episode 700/1500  avg(100): 37.9
  Episode 750/1500  avg(100): 48.9
  Episode 800/1500  avg(100): 53.1
  Episode 850/1500  avg(100): 58.9
  Episode 900/1500  avg(100): 59.8
  Episode 950/1500  avg(100): 56.6
  Episode 1000/1500  avg(100): 69.8
  Episode 1050/1500  avg(100): 107.0
  Episode 1100/1500  avg(100): 114.8
  Episode 1150/1500  avg(100): 155.4
  Episode 1200/1500  avg(100): 266.8
  Episode 1250/1500  avg(100): 239.2
  Episode 1300/1500  avg(100): 275.5
  Episode 1350/1500  avg(100): 414.3
  Episode 1400/1500  avg(100): 439.1
  Episode 1450/1500  avg(100): 473.1
  Episode 1500/1500  avg(100): 500.0
Model saved to models/fractional-32-8-8-seed61-final.pth
  per-episode CSV streamed to: metrics/multi-seed/fractional-32-8-8-25k/fractional-32-8-8/_workers/seed61/fractional-32-8-8-seed61.csv

Summary CSV: metrics/multi-seed/fractional-32-8-8-25k/fractional-32-8-8/_workers/seed61/fractional-32-8-8-summary.csv

Results across 1 seeds:
  solved (final_avg >= 475) : 1/1 seeds
  final_avg_reward  : 500.00 ± 0.00  (primary metric: CartPole-v1 standard)
  best_avg_reward   : 500.00 ± 0.00
  tail_iqm_reward   : 339.52 ± 0.00  (diagnostic: matches Optuna selection metric)
  convergence_ep    : 1450.0 ± 0.0  (1/1 seeds converged)

Robust reporting (final_avg_reward across seeds, 95% bootstrap CI):
  IQM   : 500.00  [95% CI: 500.00, 500.00]
  Mean  : 500.00  [95% CI: 500.00, 500.00]
  (note: with N < 10, bootstrap CIs and IQM are necessarily wide; per Colas et al. 2018 consider increasing --num-seeds.)
