Multi-seed training for: bitshift-64-32-4
  device       : cpu
  num_seeds    : 1
  base_seed    : 54
  num_episodes : 1500
  output_dir   : metrics/multi-seed/bitshift-64-32-4-20k/bitshift-64-32-4/_workers/seed54

============================================================
Seed 54 (1/1)
============================================================
  Episode 50/1500  avg(100): 16.4
  Episode 100/1500  avg(100): 16.2
  Episode 150/1500  avg(100): 39.1
  Episode 200/1500  avg(100): 76.6
  Episode 250/1500  avg(100): 121.8
  Episode 300/1500  avg(100): 245.6
  Episode 350/1500  avg(100): 355.4
  Episode 400/1500  avg(100): 356.4
  Episode 450/1500  avg(100): 308.3
  Episode 500/1500  avg(100): 321.1
  Episode 550/1500  avg(100): 350.2
  Episode 600/1500  avg(100): 260.1
  Episode 650/1500  avg(100): 211.2
  Episode 700/1500  avg(100): 329.0
  Episode 750/1500  avg(100): 454.7
  Episode 800/1500  avg(100): 333.7
  Episode 850/1500  avg(100): 181.6
  Episode 900/1500  avg(100): 175.5
  Episode 950/1500  avg(100): 218.9
  Episode 1000/1500  avg(100): 283.2
  Episode 1050/1500  avg(100): 209.6
  Episode 1100/1500  avg(100): 142.9
  Episode 1150/1500  avg(100): 172.3
  Episode 1200/1500  avg(100): 202.4
  Episode 1250/1500  avg(100): 237.4
  Episode 1300/1500  avg(100): 312.2
  Episode 1350/1500  avg(100): 341.4
  Episode 1400/1500  avg(100): 368.4
  Episode 1450/1500  avg(100): 350.9
  Episode 1500/1500  avg(100): 218.9
Model saved to models/bitshift-64-32-4-seed54-final.pth
  per-episode CSV streamed to: metrics/multi-seed/bitshift-64-32-4-20k/bitshift-64-32-4/_workers/seed54/bitshift-64-32-4-seed54.csv

Summary CSV: metrics/multi-seed/bitshift-64-32-4-20k/bitshift-64-32-4/_workers/seed54/bitshift-64-32-4-summary.csv

Results across 1 seeds:
  solved (final_avg >= 475) : 0/1 seeds
  final_avg_reward  : 218.94 ± 0.00  (primary metric: CartPole-v1 standard)
  best_avg_reward   : 458.09 ± 0.00
  tail_iqm_reward   : 285.65 ± 0.00  (diagnostic: matches Optuna selection metric)
  convergence_ep    : never reached threshold in any seed

Robust reporting (final_avg_reward across seeds, 95% bootstrap CI):
  IQM   : 218.94  [95% CI: 218.94, 218.94]
  Mean  : 218.94  [95% CI: 218.94, 218.94]
  (note: with N < 10, bootstrap CIs and IQM are necessarily wide; per Colas et al. 2018 consider increasing --num-seeds.)
