Multi-seed training for: fractional-32-8-8
  device       : cpu
  num_seeds    : 1
  base_seed    : 48
  num_episodes : 1500
  output_dir   : metrics/multi-seed/fractional-32-8-8-50k/fractional-32-8-8/_workers/seed48

============================================================
Seed 48 (1/1)
============================================================
  Episode 50/1500  avg(100): 17.7
  Episode 100/1500  avg(100): 15.3
  Episode 150/1500  avg(100): 13.5
  Episode 200/1500  avg(100): 15.5
  Episode 250/1500  avg(100): 24.4
  Episode 300/1500  avg(100): 54.3
  Episode 350/1500  avg(100): 75.4
  Episode 400/1500  avg(100): 91.2
  Episode 450/1500  avg(100): 109.3
  Episode 500/1500  avg(100): 113.5
  Episode 550/1500  avg(100): 124.0
  Episode 600/1500  avg(100): 143.1
  Episode 650/1500  avg(100): 160.0
  Episode 700/1500  avg(100): 174.3
  Episode 750/1500  avg(100): 151.6
  Episode 800/1500  avg(100): 234.1
  Episode 850/1500  avg(100): 424.4
  Episode 900/1500  avg(100): 274.6
  Episode 950/1500  avg(100): 40.2
  Episode 1000/1500  avg(100): 30.1
  Episode 1050/1500  avg(100): 44.4
  Episode 1100/1500  avg(100): 198.6
  Episode 1150/1500  avg(100): 402.8
  Episode 1200/1500  avg(100): 420.1
  Episode 1250/1500  avg(100): 383.3
  Episode 1300/1500  avg(100): 399.3
  Episode 1350/1500  avg(100): 420.8
  Episode 1400/1500  avg(100): 469.1
  Episode 1450/1500  avg(100): 493.6
  Episode 1500/1500  avg(100): 468.4
Model saved to models/fractional-32-8-8-seed48-final.pth
  per-episode CSV streamed to: metrics/multi-seed/fractional-32-8-8-50k/fractional-32-8-8/_workers/seed48/fractional-32-8-8-seed48.csv

Summary CSV: metrics/multi-seed/fractional-32-8-8-50k/fractional-32-8-8/_workers/seed48/fractional-32-8-8-summary.csv

Results across 1 seeds:
  solved (final_avg >= 475) : 0/1 seeds
  final_avg_reward  : 468.41 ± 0.00  (primary metric: CartPole-v1 standard)
  best_avg_reward   : 496.60 ± 0.00
  tail_iqm_reward   : 431.26 ± 0.00  (diagnostic: matches Optuna selection metric)
  convergence_ep    : never reached threshold in any seed

Robust reporting (final_avg_reward across seeds, 95% bootstrap CI):
  IQM   : 468.41  [95% CI: 468.41, 468.41]
  Mean  : 468.41  [95% CI: 468.41, 468.41]
  (note: with N < 10, bootstrap CIs and IQM are necessarily wide; per Colas et al. 2018 consider increasing --num-seeds.)
