Multi-seed training for: fractional-32-8-8
  device       : cpu
  num_seeds    : 1
  base_seed    : 57
  num_episodes : 1500
  output_dir   : metrics/multi-seed/fractional-32-8-8-30k/fractional-32-8-8/_workers/seed57

============================================================
Seed 57 (1/1)
============================================================
  Episode 50/1500  avg(100): 17.5
  Episode 100/1500  avg(100): 15.9
  Episode 150/1500  avg(100): 15.4
  Episode 200/1500  avg(100): 95.5
  Episode 250/1500  avg(100): 167.5
  Episode 300/1500  avg(100): 149.6
  Episode 350/1500  avg(100): 159.4
  Episode 400/1500  avg(100): 151.9
  Episode 450/1500  avg(100): 92.5
  Episode 500/1500  avg(100): 92.9
  Episode 550/1500  avg(100): 77.9
  Episode 600/1500  avg(100): 29.5
  Episode 650/1500  avg(100): 190.5
  Episode 700/1500  avg(100): 426.5
  Episode 750/1500  avg(100): 475.2
  Episode 800/1500  avg(100): 457.0
  Episode 850/1500  avg(100): 477.7
  Episode 900/1500  avg(100): 460.7
  Episode 950/1500  avg(100): 444.8
  Episode 1000/1500  avg(100): 421.6
  Episode 1050/1500  avg(100): 408.1
  Episode 1100/1500  avg(100): 447.8
  Episode 1150/1500  avg(100): 468.7
  Episode 1200/1500  avg(100): 446.6
  Episode 1250/1500  avg(100): 459.3
  Episode 1300/1500  avg(100): 475.0
  Episode 1350/1500  avg(100): 474.8
  Episode 1400/1500  avg(100): 348.9
  Episode 1450/1500  avg(100): 154.9
  Episode 1500/1500  avg(100): 200.5
Model saved to models/fractional-32-8-8-seed57-final.pth
  per-episode CSV streamed to: metrics/multi-seed/fractional-32-8-8-30k/fractional-32-8-8/_workers/seed57/fractional-32-8-8-seed57.csv

Summary CSV: metrics/multi-seed/fractional-32-8-8-30k/fractional-32-8-8/_workers/seed57/fractional-32-8-8-summary.csv

Results across 1 seeds:
  solved (final_avg >= 475) : 0/1 seeds
  final_avg_reward  : 200.48 ± 0.00  (primary metric: CartPole-v1 standard)
  best_avg_reward   : 496.47 ± 0.00
  tail_iqm_reward   : 443.04 ± 0.00  (diagnostic: matches Optuna selection metric)
  convergence_ep    : never reached threshold in any seed

Robust reporting (final_avg_reward across seeds, 95% bootstrap CI):
  IQM   : 200.48  [95% CI: 200.48, 200.48]
  Mean  : 200.48  [95% CI: 200.48, 200.48]
  (note: with N < 10, bootstrap CIs and IQM are necessarily wide; per Colas et al. 2018 consider increasing --num-seeds.)
