Multi-seed training for: bitshift-64-32-4
  device       : cpu
  num_seeds    : 1
  base_seed    : 92
  num_episodes : 1500
  output_dir   : metrics/multi-seed/bitshift-64-32-4/_workers/seed92

============================================================
Seed 92 (1/1)
============================================================
  Episode 50/1500  avg(100): 17.6
  Episode 100/1500  avg(100): 16.8
  Episode 150/1500  avg(100): 37.8
  Episode 200/1500  avg(100): 124.3
  Episode 250/1500  avg(100): 175.9
  Episode 300/1500  avg(100): 179.8
  Episode 350/1500  avg(100): 194.9
  Episode 400/1500  avg(100): 268.0
  Episode 450/1500  avg(100): 310.0
  Episode 500/1500  avg(100): 324.8
  Episode 550/1500  avg(100): 352.5
  Episode 600/1500  avg(100): 358.7
  Episode 650/1500  avg(100): 416.9
  Episode 700/1500  avg(100): 463.7
  Episode 750/1500  avg(100): 476.2
  Episode 800/1500  avg(100): 437.4
  Episode 850/1500  avg(100): 440.9
  Episode 900/1500  avg(100): 490.4
  Episode 950/1500  avg(100): 470.4
  Episode 1000/1500  avg(100): 468.0
  Episode 1050/1500  avg(100): 374.9
  Episode 1100/1500  avg(100): 317.8
  Episode 1150/1500  avg(100): 323.0
  Episode 1200/1500  avg(100): 294.4
  Episode 1250/1500  avg(100): 352.9
  Episode 1300/1500  avg(100): 440.6
  Episode 1350/1500  avg(100): 406.7
  Episode 1400/1500  avg(100): 385.0
  Episode 1450/1500  avg(100): 403.4
  Episode 1500/1500  avg(100): 326.1
Model saved to models/bitshift-64-32-4-seed92-final.pth
  per-episode CSV streamed to: metrics/multi-seed/bitshift-64-32-4/_workers/seed92/bitshift-64-32-4-seed92.csv

Summary CSV: metrics/multi-seed/bitshift-64-32-4/_workers/seed92/bitshift-64-32-4-summary.csv

Results across 1 seeds:
  solved (final_avg >= 475) : 0/1 seeds
  final_avg_reward  : 326.11 ± 0.00  (primary metric: CartPole-v1 standard)
  best_avg_reward   : 500.00 ± 0.00
  tail_iqm_reward   : 362.46 ± 0.00  (diagnostic: matches Optuna selection metric)
  convergence_ep    : never reached threshold in any seed

Robust reporting (final_avg_reward across seeds, 95% bootstrap CI):
  IQM   : 326.11  [95% CI: 326.11, 326.11]
  Mean  : 326.11  [95% CI: 326.11, 326.11]
  (note: with N < 10, bootstrap CIs and IQM are necessarily wide; per Colas et al. 2018 consider increasing --num-seeds.)
