Multi-seed training for: bitshift-64-32-4
  device       : cpu
  num_seeds    : 1
  base_seed    : 122
  num_episodes : 1500
  output_dir   : metrics/multi-seed/bitshift-64-32-4/_workers/seed122

============================================================
Seed 122 (1/1)
============================================================
  Episode 50/1500  avg(100): 14.6
  Episode 100/1500  avg(100): 14.1
  Episode 150/1500  avg(100): 28.4
  Episode 200/1500  avg(100): 99.2
  Episode 250/1500  avg(100): 156.1
  Episode 300/1500  avg(100): 163.0
  Episode 350/1500  avg(100): 248.8
  Episode 400/1500  avg(100): 365.5
  Episode 450/1500  avg(100): 272.4
  Episode 500/1500  avg(100): 185.7
  Episode 550/1500  avg(100): 346.6
  Episode 600/1500  avg(100): 463.9
  Episode 650/1500  avg(100): 478.4
  Episode 700/1500  avg(100): 440.8
  Episode 750/1500  avg(100): 444.2
  Episode 800/1500  avg(100): 495.8
  Episode 850/1500  avg(100): 431.6
  Episode 900/1500  avg(100): 274.7
  Episode 950/1500  avg(100): 338.0
  Episode 1000/1500  avg(100): 499.1
  Episode 1050/1500  avg(100): 500.0
  Episode 1100/1500  avg(100): 500.0
  Episode 1150/1500  avg(100): 445.7
  Episode 1200/1500  avg(100): 430.3
  Episode 1250/1500  avg(100): 484.6
  Episode 1300/1500  avg(100): 496.7
  Episode 1350/1500  avg(100): 481.2
  Episode 1400/1500  avg(100): 484.5
  Episode 1450/1500  avg(100): 500.0
  Episode 1500/1500  avg(100): 500.0
Model saved to models/bitshift-64-32-4-seed122-final.pth
  per-episode CSV streamed to: metrics/multi-seed/bitshift-64-32-4/_workers/seed122/bitshift-64-32-4-seed122.csv

Summary CSV: metrics/multi-seed/bitshift-64-32-4/_workers/seed122/bitshift-64-32-4-summary.csv

Results across 1 seeds:
  solved (final_avg >= 475) : 1/1 seeds
  final_avg_reward  : 500.00 ± 0.00  (primary metric: CartPole-v1 standard)
  best_avg_reward   : 500.00 ± 0.00
  tail_iqm_reward   : 486.54 ± 0.00  (diagnostic: matches Optuna selection metric)
  convergence_ep    : 1247.0 ± 0.0  (1/1 seeds converged)

Robust reporting (final_avg_reward across seeds, 95% bootstrap CI):
  IQM   : 500.00  [95% CI: 500.00, 500.00]
  Mean  : 500.00  [95% CI: 500.00, 500.00]
  (note: with N < 10, bootstrap CIs and IQM are necessarily wide; per Colas et al. 2018 consider increasing --num-seeds.)
