Multi-seed training for: bitshift-64-32-4
  device       : cpu
  num_seeds    : 1
  base_seed    : 58
  num_episodes : 1500
  output_dir   : metrics/multi-seed/bitshift-64-32-4-50k/bitshift-64-32-4/_workers/seed58

============================================================
Seed 58 (1/1)
============================================================
  Episode 50/1500  avg(100): 16.4
  Episode 100/1500  avg(100): 15.2
  Episode 150/1500  avg(100): 16.1
  Episode 200/1500  avg(100): 48.3
  Episode 250/1500  avg(100): 115.1
  Episode 300/1500  avg(100): 155.1
  Episode 350/1500  avg(100): 166.4
  Episode 400/1500  avg(100): 176.4
  Episode 450/1500  avg(100): 189.6
  Episode 500/1500  avg(100): 180.0
  Episode 550/1500  avg(100): 210.5
  Episode 600/1500  avg(100): 142.1
  Episode 650/1500  avg(100): 73.3
  Episode 700/1500  avg(100): 237.3
  Episode 750/1500  avg(100): 327.3
  Episode 800/1500  avg(100): 245.9
  Episode 850/1500  avg(100): 194.1
  Episode 900/1500  avg(100): 207.0
  Episode 950/1500  avg(100): 312.8
  Episode 1000/1500  avg(100): 282.6
  Episode 1050/1500  avg(100): 171.7
  Episode 1100/1500  avg(100): 265.6
  Episode 1150/1500  avg(100): 327.6
  Episode 1200/1500  avg(100): 287.8
  Episode 1250/1500  avg(100): 294.1
  Episode 1300/1500  avg(100): 362.5
  Episode 1350/1500  avg(100): 324.8
  Episode 1400/1500  avg(100): 232.6
  Episode 1450/1500  avg(100): 215.7
  Episode 1500/1500  avg(100): 188.6
Model saved to models/bitshift-64-32-4-seed58-final.pth
  per-episode CSV streamed to: metrics/multi-seed/bitshift-64-32-4-50k/bitshift-64-32-4/_workers/seed58/bitshift-64-32-4-seed58.csv

Summary CSV: metrics/multi-seed/bitshift-64-32-4-50k/bitshift-64-32-4/_workers/seed58/bitshift-64-32-4-summary.csv

Results across 1 seeds:
  solved (final_avg >= 475) : 0/1 seeds
  final_avg_reward  : 188.55 ± 0.00  (primary metric: CartPole-v1 standard)
  best_avg_reward   : 372.17 ± 0.00
  tail_iqm_reward   : 290.23 ± 0.00  (diagnostic: matches Optuna selection metric)
  convergence_ep    : never reached threshold in any seed

Robust reporting (final_avg_reward across seeds, 95% bootstrap CI):
  IQM   : 188.55  [95% CI: 188.55, 188.55]
  Mean  : 188.55  [95% CI: 188.55, 188.55]
  (note: with N < 10, bootstrap CIs and IQM are necessarily wide; per Colas et al. 2018 consider increasing --num-seeds.)
