Multi-seed training for: leaky-32-32
  device       : cpu
  num_seeds    : 1
  base_seed    : 42
  num_episodes : 1500
  output_dir   : metrics/multi-seed/leaky-32-32/_workers/seed42

============================================================
Seed 42 (1/1)
============================================================
  Episode 50/1500  avg(100): 14.6
  Episode 100/1500  avg(100): 14.1
  Episode 150/1500  avg(100): 13.8
  Episode 200/1500  avg(100): 52.9
  Episode 250/1500  avg(100): 125.0
  Episode 300/1500  avg(100): 152.6
  Episode 350/1500  avg(100): 136.7
  Episode 400/1500  avg(100): 122.6
  Episode 450/1500  avg(100): 119.8
  Episode 500/1500  avg(100): 129.6
  Episode 550/1500  avg(100): 169.4
  Episode 600/1500  avg(100): 204.5
  Episode 650/1500  avg(100): 213.9
  Episode 700/1500  avg(100): 220.3
  Episode 750/1500  avg(100): 281.8
  Episode 800/1500  avg(100): 373.4
  Episode 850/1500  avg(100): 259.7
  Episode 900/1500  avg(100): 254.8
  Episode 950/1500  avg(100): 356.9
  Episode 1000/1500  avg(100): 249.0
  Episode 1050/1500  avg(100): 104.7
  Episode 1100/1500  avg(100): 34.9
  Episode 1150/1500  avg(100): 76.2
  Episode 1200/1500  avg(100): 251.9
  Episode 1250/1500  avg(100): 443.9
  Episode 1300/1500  avg(100): 498.6
  Episode 1350/1500  avg(100): 477.0
  Episode 1400/1500  avg(100): 409.0
  Episode 1450/1500  avg(100): 326.8
  Episode 1500/1500  avg(100): 277.0
Model saved to models/leaky-32-32-seed42-final.pth
  per-episode CSV streamed to: metrics/multi-seed/leaky-32-32/_workers/seed42/leaky-32-32-seed42.csv

Summary CSV: metrics/multi-seed/leaky-32-32/_workers/seed42/leaky-32-32-summary.csv

Results across 1 seeds:
  solved (final_avg >= 475) : 0/1 seeds
  final_avg_reward  : 277.01 ± 0.00  (primary metric: CartPole-v1 standard)
  best_avg_reward   : 500.00 ± 0.00
  tail_iqm_reward   : 378.37 ± 0.00  (diagnostic: matches Optuna selection metric)
  convergence_ep    : never reached threshold in any seed

Robust reporting (final_avg_reward across seeds, 95% bootstrap CI):
  IQM   : 277.01  [95% CI: 277.01, 277.01]
  Mean  : 277.01  [95% CI: 277.01, 277.01]
  (note: with N < 10, bootstrap CIs and IQM are necessarily wide; per Colas et al. 2018 consider increasing --num-seeds.)
