Multi-seed training for: bitshift-64-32-4
  device       : cpu
  num_seeds    : 1
  base_seed    : 100
  num_episodes : 1500
  output_dir   : metrics/multi-seed/bitshift-64-32-4/_workers/seed100

============================================================
Seed 100 (1/1)
============================================================
  Episode 50/1500  avg(100): 15.2
  Episode 100/1500  avg(100): 15.2
  Episode 150/1500  avg(100): 15.9
  Episode 200/1500  avg(100): 63.3
  Episode 250/1500  avg(100): 136.6
  Episode 300/1500  avg(100): 126.1
  Episode 350/1500  avg(100): 92.5
  Episode 400/1500  avg(100): 91.3
  Episode 450/1500  avg(100): 92.1
  Episode 500/1500  avg(100): 98.9
  Episode 550/1500  avg(100): 94.8
  Episode 600/1500  avg(100): 93.1
  Episode 650/1500  avg(100): 93.2
  Episode 700/1500  avg(100): 94.4
  Episode 750/1500  avg(100): 132.2
  Episode 800/1500  avg(100): 164.7
  Episode 850/1500  avg(100): 233.6
  Episode 900/1500  avg(100): 399.4
  Episode 950/1500  avg(100): 492.1
  Episode 1000/1500  avg(100): 492.1
  Episode 1050/1500  avg(100): 497.8
  Episode 1100/1500  avg(100): 462.3
  Episode 1150/1500  avg(100): 461.1
  Episode 1200/1500  avg(100): 491.9
  Episode 1250/1500  avg(100): 398.6
  Episode 1300/1500  avg(100): 405.2
  Episode 1350/1500  avg(100): 497.6
  Episode 1400/1500  avg(100): 469.3
  Episode 1450/1500  avg(100): 443.6
  Episode 1500/1500  avg(100): 349.0
Model saved to models/bitshift-64-32-4-seed100-final.pth
  per-episode CSV streamed to: metrics/multi-seed/bitshift-64-32-4/_workers/seed100/bitshift-64-32-4-seed100.csv

Summary CSV: metrics/multi-seed/bitshift-64-32-4/_workers/seed100/bitshift-64-32-4-summary.csv

Results across 1 seeds:
  solved (final_avg >= 475) : 0/1 seeds
  final_avg_reward  : 349.00 ± 0.00  (primary metric: CartPole-v1 standard)
  best_avg_reward   : 497.77 ± 0.00
  tail_iqm_reward   : 454.47 ± 0.00  (diagnostic: matches Optuna selection metric)
  convergence_ep    : never reached threshold in any seed

Robust reporting (final_avg_reward across seeds, 95% bootstrap CI):
  IQM   : 349.00  [95% CI: 349.00, 349.00]
  Mean  : 349.00  [95% CI: 349.00, 349.00]
  (note: with N < 10, bootstrap CIs and IQM are necessarily wide; per Colas et al. 2018 consider increasing --num-seeds.)
