Multi-seed training for: bitshift-64-32-4
  device       : cpu
  num_seeds    : 1
  base_seed    : 54
  num_episodes : 1500
  output_dir   : metrics/multi-seed/bitshift-64-32-4-30k/bitshift-64-32-4/_workers/seed54

============================================================
Seed 54 (1/1)
============================================================
  Episode 50/1500  avg(100): 16.4
  Episode 100/1500  avg(100): 16.2
  Episode 150/1500  avg(100): 39.1
  Episode 200/1500  avg(100): 76.6
  Episode 250/1500  avg(100): 121.8
  Episode 300/1500  avg(100): 242.7
  Episode 350/1500  avg(100): 299.8
  Episode 400/1500  avg(100): 263.2
  Episode 450/1500  avg(100): 228.9
  Episode 500/1500  avg(100): 291.6
  Episode 550/1500  avg(100): 375.4
  Episode 600/1500  avg(100): 346.1
  Episode 650/1500  avg(100): 355.4
  Episode 700/1500  avg(100): 323.2
  Episode 750/1500  avg(100): 169.5
  Episode 800/1500  avg(100): 155.4
  Episode 850/1500  avg(100): 348.1
  Episode 900/1500  avg(100): 418.2
  Episode 950/1500  avg(100): 390.2
  Episode 1000/1500  avg(100): 383.7
  Episode 1050/1500  avg(100): 366.8
  Episode 1100/1500  avg(100): 292.9
  Episode 1150/1500  avg(100): 167.5
  Episode 1200/1500  avg(100): 117.7
  Episode 1250/1500  avg(100): 121.0
  Episode 1300/1500  avg(100): 151.5
  Episode 1350/1500  avg(100): 158.4
  Episode 1400/1500  avg(100): 163.1
  Episode 1450/1500  avg(100): 185.8
  Episode 1500/1500  avg(100): 184.5
Model saved to models/bitshift-64-32-4-seed54-final.pth
  per-episode CSV streamed to: metrics/multi-seed/bitshift-64-32-4-30k/bitshift-64-32-4/_workers/seed54/bitshift-64-32-4-seed54.csv

Summary CSV: metrics/multi-seed/bitshift-64-32-4-30k/bitshift-64-32-4/_workers/seed54/bitshift-64-32-4-summary.csv

Results across 1 seeds:
  solved (final_avg >= 475) : 0/1 seeds
  final_avg_reward  : 184.53 ± 0.00  (primary metric: CartPole-v1 standard)
  best_avg_reward   : 433.65 ± 0.00
  tail_iqm_reward   : 154.28 ± 0.00  (diagnostic: matches Optuna selection metric)
  convergence_ep    : never reached threshold in any seed

Robust reporting (final_avg_reward across seeds, 95% bootstrap CI):
  IQM   : 184.53  [95% CI: 184.53, 184.53]
  Mean  : 184.53  [95% CI: 184.53, 184.53]
  (note: with N < 10, bootstrap CIs and IQM are necessarily wide; per Colas et al. 2018 consider increasing --num-seeds.)
