Multi-seed training for: leaky-32-32
  device       : cpu
  num_seeds    : 1
  base_seed    : 44
  num_episodes : 1500
  output_dir   : metrics/multi-seed/leaky-32-32-30k/leaky-32-32/_workers/seed44

============================================================
Seed 44 (1/1)
============================================================
  Episode 50/1500  avg(100): 17.4
  Episode 100/1500  avg(100): 16.4
  Episode 150/1500  avg(100): 16.3
  Episode 200/1500  avg(100): 55.4
  Episode 250/1500  avg(100): 133.1
  Episode 300/1500  avg(100): 144.3
  Episode 350/1500  avg(100): 116.3
  Episode 400/1500  avg(100): 119.6
  Episode 450/1500  avg(100): 125.7
  Episode 500/1500  avg(100): 145.5
  Episode 550/1500  avg(100): 138.8
  Episode 600/1500  avg(100): 227.4
  Episode 650/1500  avg(100): 412.9
  Episode 700/1500  avg(100): 485.8
  Episode 750/1500  avg(100): 484.6
  Episode 800/1500  avg(100): 415.5
  Episode 850/1500  avg(100): 350.5
  Episode 900/1500  avg(100): 328.0
  Episode 950/1500  avg(100): 305.1
  Episode 1000/1500  avg(100): 295.7
  Episode 1050/1500  avg(100): 384.7
  Episode 1100/1500  avg(100): 492.5
  Episode 1150/1500  avg(100): 428.2
  Episode 1200/1500  avg(100): 381.9
  Episode 1250/1500  avg(100): 432.6
  Episode 1300/1500  avg(100): 430.3
  Episode 1350/1500  avg(100): 291.5
  Episode 1400/1500  avg(100): 98.3
  Episode 1450/1500  avg(100): 232.3
  Episode 1500/1500  avg(100): 474.7
Model saved to models/leaky-32-32-seed44-final.pth
  per-episode CSV streamed to: metrics/multi-seed/leaky-32-32-30k/leaky-32-32/_workers/seed44/leaky-32-32-seed44.csv

Summary CSV: metrics/multi-seed/leaky-32-32-30k/leaky-32-32/_workers/seed44/leaky-32-32-summary.csv

Results across 1 seeds:
  solved (final_avg >= 475) : 0/1 seeds
  final_avg_reward  : 474.68 ± 0.00  (primary metric: CartPole-v1 standard)
  best_avg_reward   : 493.07 ± 0.00
  tail_iqm_reward   : 375.78 ± 0.00  (diagnostic: matches Optuna selection metric)
  convergence_ep    : never reached threshold in any seed

Robust reporting (final_avg_reward across seeds, 95% bootstrap CI):
  IQM   : 474.68  [95% CI: 474.68, 474.68]
  Mean  : 474.68  [95% CI: 474.68, 474.68]
  (note: with N < 10, bootstrap CIs and IQM are necessarily wide; per Colas et al. 2018 consider increasing --num-seeds.)
