Multi-seed training for: leaky-32-32
  device       : cpu
  num_seeds    : 1
  base_seed    : 55
  num_episodes : 1500
  output_dir   : metrics/multi-seed/leaky-32-32-50k/leaky-32-32/_workers/seed55

============================================================
Seed 55 (1/1)
============================================================
  Episode 50/1500  avg(100): 17.7
  Episode 100/1500  avg(100): 17.8
  Episode 150/1500  avg(100): 16.2
  Episode 200/1500  avg(100): 41.2
  Episode 250/1500  avg(100): 131.4
  Episode 300/1500  avg(100): 192.5
  Episode 350/1500  avg(100): 193.2
  Episode 400/1500  avg(100): 195.3
  Episode 450/1500  avg(100): 180.1
  Episode 500/1500  avg(100): 126.3
  Episode 550/1500  avg(100): 100.9
  Episode 600/1500  avg(100): 115.2
  Episode 650/1500  avg(100): 96.9
  Episode 700/1500  avg(100): 76.8
  Episode 750/1500  avg(100): 96.4
  Episode 800/1500  avg(100): 215.7
  Episode 850/1500  avg(100): 214.6
  Episode 900/1500  avg(100): 129.5
  Episode 950/1500  avg(100): 152.2
  Episode 1000/1500  avg(100): 223.7
  Episode 1050/1500  avg(100): 314.6
  Episode 1100/1500  avg(100): 311.8
  Episode 1150/1500  avg(100): 255.1
  Episode 1200/1500  avg(100): 241.7
  Episode 1250/1500  avg(100): 190.8
  Episode 1300/1500  avg(100): 216.3
  Episode 1350/1500  avg(100): 315.1
  Episode 1400/1500  avg(100): 357.2
  Episode 1450/1500  avg(100): 406.6
  Episode 1500/1500  avg(100): 451.8
Model saved to models/leaky-32-32-seed55-final.pth
  per-episode CSV streamed to: metrics/multi-seed/leaky-32-32-50k/leaky-32-32/_workers/seed55/leaky-32-32-seed55.csv

Summary CSV: metrics/multi-seed/leaky-32-32-50k/leaky-32-32/_workers/seed55/leaky-32-32-summary.csv

Results across 1 seeds:
  solved (final_avg >= 475) : 0/1 seeds
  final_avg_reward  : 451.77 ± 0.00  (primary metric: CartPole-v1 standard)
  best_avg_reward   : 457.01 ± 0.00
  tail_iqm_reward   : 283.23 ± 0.00  (diagnostic: matches Optuna selection metric)
  convergence_ep    : never reached threshold in any seed

Robust reporting (final_avg_reward across seeds, 95% bootstrap CI):
  IQM   : 451.77  [95% CI: 451.77, 451.77]
  Mean  : 451.77  [95% CI: 451.77, 451.77]
  (note: with N < 10, bootstrap CIs and IQM are necessarily wide; per Colas et al. 2018 consider increasing --num-seeds.)
