Multi-seed training for: fractional-32-8-8
  device       : cpu
  num_seeds    : 1
  base_seed    : 53
  num_episodes : 1500
  output_dir   : metrics/multi-seed/fractional-32-8-8-25k/fractional-32-8-8/_workers/seed53

============================================================
Seed 53 (1/1)
============================================================
  Episode 50/1500  avg(100): 18.0
  Episode 100/1500  avg(100): 15.4
  Episode 150/1500  avg(100): 12.3
  Episode 200/1500  avg(100): 26.2
  Episode 250/1500  avg(100): 83.7
  Episode 300/1500  avg(100): 152.1
  Episode 350/1500  avg(100): 182.8
  Episode 400/1500  avg(100): 237.7
  Episode 450/1500  avg(100): 317.6
  Episode 500/1500  avg(100): 372.8
  Episode 550/1500  avg(100): 446.4
  Episode 600/1500  avg(100): 492.9
  Episode 650/1500  avg(100): 495.3
  Episode 700/1500  avg(100): 494.5
  Episode 750/1500  avg(100): 494.5
  Episode 800/1500  avg(100): 500.0
  Episode 850/1500  avg(100): 500.0
  Episode 900/1500  avg(100): 500.0
  Episode 950/1500  avg(100): 500.0
  Episode 1000/1500  avg(100): 500.0
  Episode 1050/1500  avg(100): 465.9
  Episode 1100/1500  avg(100): 465.9
  Episode 1150/1500  avg(100): 500.0
  Episode 1200/1500  avg(100): 500.0
  Episode 1250/1500  avg(100): 500.0
  Episode 1300/1500  avg(100): 500.0
  Episode 1350/1500  avg(100): 500.0
  Episode 1400/1500  avg(100): 500.0
  Episode 1450/1500  avg(100): 430.2
  Episode 1500/1500  avg(100): 409.5
Model saved to models/fractional-32-8-8-seed53-final.pth
  per-episode CSV streamed to: metrics/multi-seed/fractional-32-8-8-25k/fractional-32-8-8/_workers/seed53/fractional-32-8-8-seed53.csv

Summary CSV: metrics/multi-seed/fractional-32-8-8-25k/fractional-32-8-8/_workers/seed53/fractional-32-8-8-summary.csv

Results across 1 seeds:
  solved (final_avg >= 475) : 0/1 seeds
  final_avg_reward  : 409.51 ± 0.00  (primary metric: CartPole-v1 standard)
  best_avg_reward   : 500.00 ± 0.00
  tail_iqm_reward   : 500.00 ± 0.00  (diagnostic: matches Optuna selection metric)
  convergence_ep    : never reached threshold in any seed

Robust reporting (final_avg_reward across seeds, 95% bootstrap CI):
  IQM   : 409.51  [95% CI: 409.51, 409.51]
  Mean  : 409.51  [95% CI: 409.51, 409.51]
  (note: with N < 10, bootstrap CIs and IQM are necessarily wide; per Colas et al. 2018 consider increasing --num-seeds.)
