Multi-seed training for: leaky-32-32
  device       : cpu
  num_seeds    : 1
  base_seed    : 49
  num_episodes : 1500
  output_dir   : metrics/multi-seed/leaky-32-32-30k/leaky-32-32/_workers/seed49

============================================================
Seed 49 (1/1)
============================================================
  Episode 50/1500  avg(100): 17.3
  Episode 100/1500  avg(100): 15.8
  Episode 150/1500  avg(100): 38.6
  Episode 200/1500  avg(100): 96.4
  Episode 250/1500  avg(100): 129.8
  Episode 300/1500  avg(100): 163.0
  Episode 350/1500  avg(100): 172.9
  Episode 400/1500  avg(100): 115.4
  Episode 450/1500  avg(100): 70.7
  Episode 500/1500  avg(100): 60.8
  Episode 550/1500  avg(100): 64.9
  Episode 600/1500  avg(100): 107.7
  Episode 650/1500  avg(100): 200.4
  Episode 700/1500  avg(100): 205.7
  Episode 750/1500  avg(100): 194.4
  Episode 800/1500  avg(100): 223.8
  Episode 850/1500  avg(100): 214.0
  Episode 900/1500  avg(100): 310.9
  Episode 950/1500  avg(100): 430.4
  Episode 1000/1500  avg(100): 438.0
  Episode 1050/1500  avg(100): 397.7
  Episode 1100/1500  avg(100): 397.4
  Episode 1150/1500  avg(100): 452.8
  Episode 1200/1500  avg(100): 434.0
  Episode 1250/1500  avg(100): 331.0
  Episode 1300/1500  avg(100): 209.7
  Episode 1350/1500  avg(100): 183.8
  Episode 1400/1500  avg(100): 298.7
  Episode 1450/1500  avg(100): 418.0
  Episode 1500/1500  avg(100): 473.1
Model saved to models/leaky-32-32-seed49-final.pth
  per-episode CSV streamed to: metrics/multi-seed/leaky-32-32-30k/leaky-32-32/_workers/seed49/leaky-32-32-seed49.csv

Summary CSV: metrics/multi-seed/leaky-32-32-30k/leaky-32-32/_workers/seed49/leaky-32-32-summary.csv

Results across 1 seeds:
  solved (final_avg >= 475) : 0/1 seeds
  final_avg_reward  : 473.10 ± 0.00  (primary metric: CartPole-v1 standard)
  best_avg_reward   : 473.10 ± 0.00
  tail_iqm_reward   : 357.23 ± 0.00  (diagnostic: matches Optuna selection metric)
  convergence_ep    : never reached threshold in any seed

Robust reporting (final_avg_reward across seeds, 95% bootstrap CI):
  IQM   : 473.10  [95% CI: 473.10, 473.10]
  Mean  : 473.10  [95% CI: 473.10, 473.10]
  (note: with N < 10, bootstrap CIs and IQM are necessarily wide; per Colas et al. 2018 consider increasing --num-seeds.)
