Multi-seed training for: leaky-32-32
  device       : cpu
  num_seeds    : 1
  base_seed    : 45
  num_episodes : 1500
  output_dir   : metrics/multi-seed/leaky-32-32-50k/leaky-32-32/_workers/seed45

============================================================
Seed 45 (1/1)
============================================================
  Episode 50/1500  avg(100): 17.5
  Episode 100/1500  avg(100): 19.7
  Episode 150/1500  avg(100): 24.7
  Episode 200/1500  avg(100): 74.8
  Episode 250/1500  avg(100): 143.7
  Episode 300/1500  avg(100): 231.3
  Episode 350/1500  avg(100): 224.9
  Episode 400/1500  avg(100): 143.9
  Episode 450/1500  avg(100): 121.9
  Episode 500/1500  avg(100): 107.8
  Episode 550/1500  avg(100): 117.6
  Episode 600/1500  avg(100): 147.1
  Episode 650/1500  avg(100): 201.6
  Episode 700/1500  avg(100): 291.8
  Episode 750/1500  avg(100): 423.4
  Episode 800/1500  avg(100): 486.4
  Episode 850/1500  avg(100): 481.2
  Episode 900/1500  avg(100): 478.9
  Episode 950/1500  avg(100): 478.8
  Episode 1000/1500  avg(100): 493.2
  Episode 1050/1500  avg(100): 494.7
  Episode 1100/1500  avg(100): 395.7
  Episode 1150/1500  avg(100): 318.4
  Episode 1200/1500  avg(100): 376.1
  Episode 1250/1500  avg(100): 440.1
  Episode 1300/1500  avg(100): 368.4
  Episode 1350/1500  avg(100): 273.1
  Episode 1400/1500  avg(100): 279.8
  Episode 1450/1500  avg(100): 327.8
  Episode 1500/1500  avg(100): 376.8
Model saved to models/leaky-32-32-seed45-final.pth
  per-episode CSV streamed to: metrics/multi-seed/leaky-32-32-50k/leaky-32-32/_workers/seed45/leaky-32-32-seed45.csv

Summary CSV: metrics/multi-seed/leaky-32-32-50k/leaky-32-32/_workers/seed45/leaky-32-32-summary.csv

Results across 1 seeds:
  solved (final_avg >= 475) : 0/1 seeds
  final_avg_reward  : 376.79 ± 0.00  (primary metric: CartPole-v1 standard)
  best_avg_reward   : 497.92 ± 0.00
  tail_iqm_reward   : 348.62 ± 0.00  (diagnostic: matches Optuna selection metric)
  convergence_ep    : never reached threshold in any seed

Robust reporting (final_avg_reward across seeds, 95% bootstrap CI):
  IQM   : 376.79  [95% CI: 376.79, 376.79]
  Mean  : 376.79  [95% CI: 376.79, 376.79]
  (note: with N < 10, bootstrap CIs and IQM are necessarily wide; per Colas et al. 2018 consider increasing --num-seeds.)
