Multi-seed training for: fractional-32-8-8
  device       : cpu
  num_seeds    : 1
  base_seed    : 75
  num_episodes : 1500
  output_dir   : metrics/multi-seed/fractional-32-8-8/_workers/seed75

============================================================
Seed 75 (1/1)
============================================================
  Episode 50/1500  avg(100): 17.1
  Episode 100/1500  avg(100): 15.6
  Episode 150/1500  avg(100): 19.4
  Episode 200/1500  avg(100): 115.1
  Episode 250/1500  avg(100): 189.2
  Episode 300/1500  avg(100): 151.0
  Episode 350/1500  avg(100): 149.9
  Episode 400/1500  avg(100): 202.5
  Episode 450/1500  avg(100): 204.7
  Episode 500/1500  avg(100): 92.3
  Episode 550/1500  avg(100): 9.8
  Episode 600/1500  avg(100): 51.2
  Episode 650/1500  avg(100): 105.5
  Episode 700/1500  avg(100): 202.4
  Episode 750/1500  avg(100): 323.9
  Episode 800/1500  avg(100): 281.9
  Episode 850/1500  avg(100): 291.8
  Episode 900/1500  avg(100): 226.3
  Episode 950/1500  avg(100): 41.0
  Episode 1000/1500  avg(100): 10.5
  Episode 1050/1500  avg(100): 11.0
  Episode 1100/1500  avg(100): 203.1
  Episode 1150/1500  avg(100): 447.2
  Episode 1200/1500  avg(100): 500.0
  Episode 1250/1500  avg(100): 487.4
  Episode 1300/1500  avg(100): 380.1
  Episode 1350/1500  avg(100): 287.3
  Episode 1400/1500  avg(100): 293.1
  Episode 1450/1500  avg(100): 180.1
  Episode 1500/1500  avg(100): 38.6
Model saved to models/fractional-32-8-8-seed75-final.pth
  per-episode CSV streamed to: metrics/multi-seed/fractional-32-8-8/_workers/seed75/fractional-32-8-8-seed75.csv

Summary CSV: metrics/multi-seed/fractional-32-8-8/_workers/seed75/fractional-32-8-8-summary.csv

Results across 1 seeds:
  solved (final_avg >= 475) : 0/1 seeds
  final_avg_reward  : 38.65 ± 0.00  (primary metric: CartPole-v1 standard)
  best_avg_reward   : 500.00 ± 0.00
  tail_iqm_reward   : 359.87 ± 0.00  (diagnostic: matches Optuna selection metric)
  convergence_ep    : never reached threshold in any seed

Robust reporting (final_avg_reward across seeds, 95% bootstrap CI):
  IQM   : 38.65  [95% CI: 38.65, 38.65]
  Mean  : 38.65  [95% CI: 38.65, 38.65]
  (note: with N < 10, bootstrap CIs and IQM are necessarily wide; per Colas et al. 2018 consider increasing --num-seeds.)
