Multi-seed training for: bitshift-64-32-4
  device       : cpu
  num_seeds    : 1
  base_seed    : 42
  num_episodes : 1500
  output_dir   : metrics/multi-seed/bitshift-64-32-4/_workers/seed42

============================================================
Seed 42 (1/1)
============================================================
  Episode 50/1500  avg(100): 15.8
  Episode 100/1500  avg(100): 15.1
  Episode 150/1500  avg(100): 19.7
  Episode 200/1500  avg(100): 84.0
  Episode 250/1500  avg(100): 140.9
  Episode 300/1500  avg(100): 173.9
  Episode 350/1500  avg(100): 253.4
  Episode 400/1500  avg(100): 357.3
  Episode 450/1500  avg(100): 404.8
  Episode 500/1500  avg(100): 418.6
  Episode 550/1500  avg(100): 470.7
  Episode 600/1500  avg(100): 497.3
  Episode 650/1500  avg(100): 438.0
  Episode 700/1500  avg(100): 345.1
  Episode 750/1500  avg(100): 282.5
  Episode 800/1500  avg(100): 243.2
  Episode 850/1500  avg(100): 225.0
  Episode 900/1500  avg(100): 233.9
  Episode 950/1500  avg(100): 220.8
  Episode 1000/1500  avg(100): 210.1
  Episode 1050/1500  avg(100): 243.7
  Episode 1100/1500  avg(100): 247.8
  Episode 1150/1500  avg(100): 339.4
  Episode 1200/1500  avg(100): 377.5
  Episode 1250/1500  avg(100): 366.5
  Episode 1300/1500  avg(100): 387.1
  Episode 1350/1500  avg(100): 364.3
  Episode 1400/1500  avg(100): 430.7
  Episode 1450/1500  avg(100): 494.2
  Episode 1500/1500  avg(100): 499.9
Model saved to models/bitshift-64-32-4-seed42-final.pth
  per-episode CSV streamed to: metrics/multi-seed/bitshift-64-32-4/_workers/seed42/bitshift-64-32-4-seed42.csv

Summary CSV: metrics/multi-seed/bitshift-64-32-4/_workers/seed42/bitshift-64-32-4-summary.csv

Results across 1 seeds:
  solved (final_avg >= 475) : 1/1 seeds
  final_avg_reward  : 499.87 ± 0.00  (primary metric: CartPole-v1 standard)
  best_avg_reward   : 499.87 ± 0.00
  tail_iqm_reward   : 384.15 ± 0.00  (diagnostic: matches Optuna selection metric)
  convergence_ep    : 1417.0 ± 0.0  (1/1 seeds converged)

Robust reporting (final_avg_reward across seeds, 95% bootstrap CI):
  IQM   : 499.87  [95% CI: 499.87, 499.87]
  Mean  : 499.87  [95% CI: 499.87, 499.87]
  (note: with N < 10, bootstrap CIs and IQM are necessarily wide; per Colas et al. 2018 consider increasing --num-seeds.)
