Multi-seed training for: bitshift-64-32-4
  device       : cpu
  num_seeds    : 1
  base_seed    : 65
  num_episodes : 1500
  output_dir   : metrics/multi-seed/bitshift-64-32-4/_workers/seed65

============================================================
Seed 65 (1/1)
============================================================
  Episode 50/1500  avg(100): 16.8
  Episode 100/1500  avg(100): 16.3
  Episode 150/1500  avg(100): 42.0
  Episode 200/1500  avg(100): 104.2
  Episode 250/1500  avg(100): 172.8
  Episode 300/1500  avg(100): 160.1
  Episode 350/1500  avg(100): 122.7
  Episode 400/1500  avg(100): 222.3
  Episode 450/1500  avg(100): 398.4
  Episode 500/1500  avg(100): 479.4
  Episode 550/1500  avg(100): 474.8
  Episode 600/1500  avg(100): 443.2
  Episode 650/1500  avg(100): 435.3
  Episode 700/1500  avg(100): 436.6
  Episode 750/1500  avg(100): 295.4
  Episode 800/1500  avg(100): 190.8
  Episode 850/1500  avg(100): 232.0
  Episode 900/1500  avg(100): 294.5
  Episode 950/1500  avg(100): 283.0
  Episode 1000/1500  avg(100): 288.4
  Episode 1050/1500  avg(100): 421.1
  Episode 1100/1500  avg(100): 377.5
  Episode 1150/1500  avg(100): 232.5
  Episode 1200/1500  avg(100): 355.0
  Episode 1250/1500  avg(100): 471.2
  Episode 1300/1500  avg(100): 471.2
  Episode 1350/1500  avg(100): 370.6
  Episode 1400/1500  avg(100): 216.8
  Episode 1450/1500  avg(100): 220.0
  Episode 1500/1500  avg(100): 217.4
Model saved to models/bitshift-64-32-4-seed65-final.pth
  per-episode CSV streamed to: metrics/multi-seed/bitshift-64-32-4/_workers/seed65/bitshift-64-32-4-seed65.csv

Summary CSV: metrics/multi-seed/bitshift-64-32-4/_workers/seed65/bitshift-64-32-4-summary.csv

Results across 1 seeds:
  solved (final_avg >= 475) : 0/1 seeds
  final_avg_reward  : 217.40 ± 0.00  (primary metric: CartPole-v1 standard)
  best_avg_reward   : 485.13 ± 0.00
  tail_iqm_reward   : 318.61 ± 0.00  (diagnostic: matches Optuna selection metric)
  convergence_ep    : never reached threshold in any seed

Robust reporting (final_avg_reward across seeds, 95% bootstrap CI):
  IQM   : 217.40  [95% CI: 217.40, 217.40]
  Mean  : 217.40  [95% CI: 217.40, 217.40]
  (note: with N < 10, bootstrap CIs and IQM are necessarily wide; per Colas et al. 2018 consider increasing --num-seeds.)
