Multi-seed training for: fractional-32-8-8
  device       : cpu
  num_seeds    : 1
  base_seed    : 92
  num_episodes : 1500
  output_dir   : metrics/multi-seed/fractional-32-8-8/_workers/seed92

============================================================
Seed 92 (1/1)
============================================================
  Episode 50/1500  avg(100): 17.1
  Episode 100/1500  avg(100): 15.2
  Episode 150/1500  avg(100): 13.8
  Episode 200/1500  avg(100): 19.2
  Episode 250/1500  avg(100): 22.2
  Episode 300/1500  avg(100): 17.4
  Episode 350/1500  avg(100): 24.6
  Episode 400/1500  avg(100): 144.5
  Episode 450/1500  avg(100): 295.3
  Episode 500/1500  avg(100): 259.1
  Episode 550/1500  avg(100): 150.4
  Episode 600/1500  avg(100): 116.6
  Episode 650/1500  avg(100): 119.0
  Episode 700/1500  avg(100): 135.1
  Episode 750/1500  avg(100): 122.0
  Episode 800/1500  avg(100): 54.1
  Episode 850/1500  avg(100): 176.9
  Episode 900/1500  avg(100): 380.3
  Episode 950/1500  avg(100): 216.7
  Episode 1000/1500  avg(100): 60.7
  Episode 1050/1500  avg(100): 302.5
  Episode 1100/1500  avg(100): 500.0
  Episode 1150/1500  avg(100): 500.0
  Episode 1200/1500  avg(100): 500.0
  Episode 1250/1500  avg(100): 500.0
  Episode 1300/1500  avg(100): 500.0
  Episode 1350/1500  avg(100): 488.5
  Episode 1400/1500  avg(100): 474.4
  Episode 1450/1500  avg(100): 458.6
  Episode 1500/1500  avg(100): 460.5
Model saved to models/fractional-32-8-8-seed92-final.pth
  per-episode CSV streamed to: metrics/multi-seed/fractional-32-8-8/_workers/seed92/fractional-32-8-8-seed92.csv

Summary CSV: metrics/multi-seed/fractional-32-8-8/_workers/seed92/fractional-32-8-8-summary.csv

Results across 1 seeds:
  solved (final_avg >= 475) : 0/1 seeds
  final_avg_reward  : 460.47 ± 0.00  (primary metric: CartPole-v1 standard)
  best_avg_reward   : 500.00 ± 0.00
  tail_iqm_reward   : 494.49 ± 0.00  (diagnostic: matches Optuna selection metric)
  convergence_ep    : never reached threshold in any seed

Robust reporting (final_avg_reward across seeds, 95% bootstrap CI):
  IQM   : 460.47  [95% CI: 460.47, 460.47]
  Mean  : 460.47  [95% CI: 460.47, 460.47]
  (note: with N < 10, bootstrap CIs and IQM are necessarily wide; per Colas et al. 2018 consider increasing --num-seeds.)
