Multi-seed training for: leaky-32-32
  device       : cpu
  num_seeds    : 1
  base_seed    : 49
  num_episodes : 1500
  output_dir   : metrics/multi-seed/leaky-32-32-50k/leaky-32-32/_workers/seed49

============================================================
Seed 49 (1/1)
============================================================
  Episode 50/1500  avg(100): 17.3
  Episode 100/1500  avg(100): 15.8
  Episode 150/1500  avg(100): 38.6
  Episode 200/1500  avg(100): 96.4
  Episode 250/1500  avg(100): 129.8
  Episode 300/1500  avg(100): 163.0
  Episode 350/1500  avg(100): 182.6
  Episode 400/1500  avg(100): 126.4
  Episode 450/1500  avg(100): 84.5
  Episode 500/1500  avg(100): 80.7
  Episode 550/1500  avg(100): 102.3
  Episode 600/1500  avg(100): 179.1
  Episode 650/1500  avg(100): 183.6
  Episode 700/1500  avg(100): 159.2
  Episode 750/1500  avg(100): 109.3
  Episode 800/1500  avg(100): 25.4
  Episode 850/1500  avg(100): 13.1
  Episode 900/1500  avg(100): 12.9
  Episode 950/1500  avg(100): 12.8
  Episode 1000/1500  avg(100): 12.9
  Episode 1050/1500  avg(100): 12.9
  Episode 1100/1500  avg(100): 12.9
  Episode 1150/1500  avg(100): 12.9
  Episode 1200/1500  avg(100): 13.0
  Episode 1250/1500  avg(100): 20.3
  Episode 1300/1500  avg(100): 144.6
  Episode 1350/1500  avg(100): 365.0
  Episode 1400/1500  avg(100): 367.2
  Episode 1450/1500  avg(100): 217.5
  Episode 1500/1500  avg(100): 150.4
Model saved to models/leaky-32-32-seed49-final.pth
  per-episode CSV streamed to: metrics/multi-seed/leaky-32-32-50k/leaky-32-32/_workers/seed49/leaky-32-32-seed49.csv

Summary CSV: metrics/multi-seed/leaky-32-32-50k/leaky-32-32/_workers/seed49/leaky-32-32-summary.csv

Results across 1 seeds:
  solved (final_avg >= 475) : 0/1 seeds
  final_avg_reward  : 150.43 ± 0.00  (primary metric: CartPole-v1 standard)
  best_avg_reward   : 413.40 ± 0.00
  tail_iqm_reward   : 137.53 ± 0.00  (diagnostic: matches Optuna selection metric)
  convergence_ep    : never reached threshold in any seed

Robust reporting (final_avg_reward across seeds, 95% bootstrap CI):
  IQM   : 150.43  [95% CI: 150.43, 150.43]
  Mean  : 150.43  [95% CI: 150.43, 150.43]
  (note: with N < 10, bootstrap CIs and IQM are necessarily wide; per Colas et al. 2018 consider increasing --num-seeds.)
