Multi-seed training for: fractional-32-8-8
  device       : cpu
  num_seeds    : 1
  base_seed    : 66
  num_episodes : 1500
  output_dir   : metrics/multi-seed/fractional-32-8-8/_workers/seed66

============================================================
Seed 66 (1/1)
============================================================
  Episode 50/1500  avg(100): 18.0
  Episode 100/1500  avg(100): 16.5
  Episode 150/1500  avg(100): 16.5
  Episode 200/1500  avg(100): 62.8
  Episode 250/1500  avg(100): 135.7
  Episode 300/1500  avg(100): 204.7
  Episode 350/1500  avg(100): 273.6
  Episode 400/1500  avg(100): 391.5
  Episode 450/1500  avg(100): 432.9
  Episode 500/1500  avg(100): 353.4
  Episode 550/1500  avg(100): 192.3
  Episode 600/1500  avg(100): 169.3
  Episode 650/1500  avg(100): 312.2
  Episode 700/1500  avg(100): 363.6
  Episode 750/1500  avg(100): 411.6
  Episode 800/1500  avg(100): 288.4
  Episode 850/1500  avg(100): 250.4
  Episode 900/1500  avg(100): 395.5
  Episode 950/1500  avg(100): 387.0
  Episode 1000/1500  avg(100): 328.7
  Episode 1050/1500  avg(100): 398.4
  Episode 1100/1500  avg(100): 422.1
  Episode 1150/1500  avg(100): 330.4
  Episode 1200/1500  avg(100): 239.0
  Episode 1250/1500  avg(100): 93.5
  Episode 1300/1500  avg(100): 184.9
  Episode 1350/1500  avg(100): 426.8
  Episode 1400/1500  avg(100): 500.0
  Episode 1450/1500  avg(100): 500.0
  Episode 1500/1500  avg(100): 500.0
Model saved to models/fractional-32-8-8-seed66-final.pth
  per-episode CSV streamed to: metrics/multi-seed/fractional-32-8-8/_workers/seed66/fractional-32-8-8-seed66.csv

Summary CSV: metrics/multi-seed/fractional-32-8-8/_workers/seed66/fractional-32-8-8-summary.csv

Results across 1 seeds:
  solved (final_avg >= 475) : 1/1 seeds
  final_avg_reward  : 500.00 ± 0.00  (primary metric: CartPole-v1 standard)
  best_avg_reward   : 500.00 ± 0.00
  tail_iqm_reward   : 359.29 ± 0.00  (diagnostic: matches Optuna selection metric)
  convergence_ep    : 1365.0 ± 0.0  (1/1 seeds converged)

Robust reporting (final_avg_reward across seeds, 95% bootstrap CI):
  IQM   : 500.00  [95% CI: 500.00, 500.00]
  Mean  : 500.00  [95% CI: 500.00, 500.00]
  (note: with N < 10, bootstrap CIs and IQM are necessarily wide; per Colas et al. 2018 consider increasing --num-seeds.)
