Multi-seed training for: leaky-32-32
  device       : cpu
  num_seeds    : 1
  base_seed    : 84
  num_episodes : 1500
  output_dir   : metrics/multi-seed/leaky-32-32/_workers/seed84

============================================================
Seed 84 (1/1)
============================================================
  Episode 50/1500  avg(100): 16.3
  Episode 100/1500  avg(100): 15.6
  Episode 150/1500  avg(100): 16.6
  Episode 200/1500  avg(100): 43.0
  Episode 250/1500  avg(100): 100.5
  Episode 300/1500  avg(100): 140.8
  Episode 350/1500  avg(100): 200.1
  Episode 400/1500  avg(100): 186.2
  Episode 450/1500  avg(100): 122.8
  Episode 500/1500  avg(100): 213.7
  Episode 550/1500  avg(100): 320.7
  Episode 600/1500  avg(100): 302.9
  Episode 650/1500  avg(100): 334.4
  Episode 700/1500  avg(100): 349.7
  Episode 750/1500  avg(100): 373.0
  Episode 800/1500  avg(100): 474.4
  Episode 850/1500  avg(100): 398.1
  Episode 900/1500  avg(100): 392.8
  Episode 950/1500  avg(100): 472.7
  Episode 1000/1500  avg(100): 406.7
  Episode 1050/1500  avg(100): 365.7
  Episode 1100/1500  avg(100): 388.3
  Episode 1150/1500  avg(100): 449.3
  Episode 1200/1500  avg(100): 347.4
  Episode 1250/1500  avg(100): 299.1
  Episode 1300/1500  avg(100): 404.4
  Episode 1350/1500  avg(100): 436.7
  Episode 1400/1500  avg(100): 461.8
  Episode 1450/1500  avg(100): 413.5
  Episode 1500/1500  avg(100): 363.7
Model saved to models/leaky-32-32-seed84-final.pth
  per-episode CSV streamed to: metrics/multi-seed/leaky-32-32/_workers/seed84/leaky-32-32-seed84.csv

Summary CSV: metrics/multi-seed/leaky-32-32/_workers/seed84/leaky-32-32-summary.csv

Results across 1 seeds:
  solved (final_avg >= 475) : 0/1 seeds
  final_avg_reward  : 363.74 ± 0.00  (primary metric: CartPole-v1 standard)
  best_avg_reward   : 500.00 ± 0.00
  tail_iqm_reward   : 401.49 ± 0.00  (diagnostic: matches Optuna selection metric)
  convergence_ep    : never reached threshold in any seed

Robust reporting (final_avg_reward across seeds, 95% bootstrap CI):
  IQM   : 363.74  [95% CI: 363.74, 363.74]
  Mean  : 363.74  [95% CI: 363.74, 363.74]
  (note: with N < 10, bootstrap CIs and IQM are necessarily wide; per Colas et al. 2018 consider increasing --num-seeds.)
