Multi-seed training for: fractional-32-8-8
  device       : cpu
  num_seeds    : 1
  base_seed    : 55
  num_episodes : 1500
  output_dir   : metrics/multi-seed/fractional-32-8-8-25k/fractional-32-8-8/_workers/seed55

============================================================
Seed 55 (1/1)
============================================================
  Episode 50/1500  avg(100): 18.7
  Episode 100/1500  avg(100): 15.0
  Episode 150/1500  avg(100): 18.1
  Episode 200/1500  avg(100): 55.4
  Episode 250/1500  avg(100): 154.0
  Episode 300/1500  avg(100): 216.3
  Episode 350/1500  avg(100): 209.3
  Episode 400/1500  avg(100): 195.8
  Episode 450/1500  avg(100): 256.6
  Episode 500/1500  avg(100): 231.7
  Episode 550/1500  avg(100): 255.3
  Episode 600/1500  avg(100): 259.1
  Episode 650/1500  avg(100): 146.4
  Episode 700/1500  avg(100): 118.3
  Episode 750/1500  avg(100): 87.5
  Episode 800/1500  avg(100): 102.0
  Episode 850/1500  avg(100): 97.3
  Episode 900/1500  avg(100): 99.8
  Episode 950/1500  avg(100): 88.4
  Episode 1000/1500  avg(100): 82.5
  Episode 1050/1500  avg(100): 194.7
  Episode 1100/1500  avg(100): 391.0
  Episode 1150/1500  avg(100): 500.0
  Episode 1200/1500  avg(100): 500.0
  Episode 1250/1500  avg(100): 427.4
  Episode 1300/1500  avg(100): 425.1
  Episode 1350/1500  avg(100): 338.8
  Episode 1400/1500  avg(100): 114.2
  Episode 1450/1500  avg(100): 144.2
  Episode 1500/1500  avg(100): 274.6
Model saved to models/fractional-32-8-8-seed55-final.pth
  per-episode CSV streamed to: metrics/multi-seed/fractional-32-8-8-25k/fractional-32-8-8/_workers/seed55/fractional-32-8-8-seed55.csv

Summary CSV: metrics/multi-seed/fractional-32-8-8-25k/fractional-32-8-8/_workers/seed55/fractional-32-8-8-summary.csv

Results across 1 seeds:
  solved (final_avg >= 475) : 0/1 seeds
  final_avg_reward  : 274.64 ± 0.00  (primary metric: CartPole-v1 standard)
  best_avg_reward   : 500.00 ± 0.00
  tail_iqm_reward   : 373.79 ± 0.00  (diagnostic: matches Optuna selection metric)
  convergence_ep    : never reached threshold in any seed

Robust reporting (final_avg_reward across seeds, 95% bootstrap CI):
  IQM   : 274.64  [95% CI: 274.64, 274.64]
  Mean  : 274.64  [95% CI: 274.64, 274.64]
  (note: with N < 10, bootstrap CIs and IQM are necessarily wide; per Colas et al. 2018 consider increasing --num-seeds.)
