Multi-seed training for: leaky-32-32
  device       : cpu
  num_seeds    : 1
  base_seed    : 43
  num_episodes : 1500
  output_dir   : metrics/multi-seed/leaky-32-32-20k/leaky-32-32/_workers/seed43

============================================================
Seed 43 (1/1)
============================================================
  Episode 50/1500  avg(100): 19.5
  Episode 100/1500  avg(100): 15.1
  Episode 150/1500  avg(100): 11.6
  Episode 200/1500  avg(100): 33.7
  Episode 250/1500  avg(100): 121.5
  Episode 300/1500  avg(100): 193.6
  Episode 350/1500  avg(100): 221.3
  Episode 400/1500  avg(100): 183.3
  Episode 450/1500  avg(100): 87.9
  Episode 500/1500  avg(100): 64.8
  Episode 550/1500  avg(100): 140.9
  Episode 600/1500  avg(100): 192.2
  Episode 650/1500  avg(100): 180.0
  Episode 700/1500  avg(100): 215.8
  Episode 750/1500  avg(100): 261.8
  Episode 800/1500  avg(100): 250.6
  Episode 850/1500  avg(100): 220.3
  Episode 900/1500  avg(100): 194.1
  Episode 950/1500  avg(100): 171.6
  Episode 1000/1500  avg(100): 240.3
  Episode 1050/1500  avg(100): 393.4
  Episode 1100/1500  avg(100): 358.6
  Episode 1150/1500  avg(100): 165.4
  Episode 1200/1500  avg(100): 84.5
  Episode 1250/1500  avg(100): 213.8
  Episode 1300/1500  avg(100): 368.8
  Episode 1350/1500  avg(100): 352.8
  Episode 1400/1500  avg(100): 386.6
  Episode 1450/1500  avg(100): 451.7
  Episode 1500/1500  avg(100): 443.9
Model saved to models/leaky-32-32-seed43-final.pth
  per-episode CSV streamed to: metrics/multi-seed/leaky-32-32-20k/leaky-32-32/_workers/seed43/leaky-32-32-seed43.csv

Summary CSV: metrics/multi-seed/leaky-32-32-20k/leaky-32-32/_workers/seed43/leaky-32-32-summary.csv

Results across 1 seeds:
  solved (final_avg >= 475) : 0/1 seeds
  final_avg_reward  : 443.88 ± 0.00  (primary metric: CartPole-v1 standard)
  best_avg_reward   : 461.29 ± 0.00
  tail_iqm_reward   : 324.04 ± 0.00  (diagnostic: matches Optuna selection metric)
  convergence_ep    : never reached threshold in any seed

Robust reporting (final_avg_reward across seeds, 95% bootstrap CI):
  IQM   : 443.88  [95% CI: 443.88, 443.88]
  Mean  : 443.88  [95% CI: 443.88, 443.88]
  (note: with N < 10, bootstrap CIs and IQM are necessarily wide; per Colas et al. 2018 consider increasing --num-seeds.)
