Multi-seed training for: fractional-32-8-8
  device       : cpu
  num_seeds    : 1
  base_seed    : 132
  num_episodes : 1500
  output_dir   : metrics/multi-seed/fractional-32-8-8/_workers/seed132

============================================================
Seed 132 (1/1)
============================================================
  Episode 50/1500  avg(100): 17.2
  Episode 100/1500  avg(100): 15.4
  Episode 150/1500  avg(100): 13.9
  Episode 200/1500  avg(100): 15.1
  Episode 250/1500  avg(100): 23.5
  Episode 300/1500  avg(100): 55.1
  Episode 350/1500  avg(100): 66.4
  Episode 400/1500  avg(100): 58.1
  Episode 450/1500  avg(100): 70.5
  Episode 500/1500  avg(100): 87.8
  Episode 550/1500  avg(100): 130.6
  Episode 600/1500  avg(100): 122.2
  Episode 650/1500  avg(100): 95.8
  Episode 700/1500  avg(100): 108.4
  Episode 750/1500  avg(100): 97.1
  Episode 800/1500  avg(100): 86.5
  Episode 850/1500  avg(100): 118.6
  Episode 900/1500  avg(100): 203.8
  Episode 950/1500  avg(100): 345.8
  Episode 1000/1500  avg(100): 348.3
  Episode 1050/1500  avg(100): 198.7
  Episode 1100/1500  avg(100): 148.8
  Episode 1150/1500  avg(100): 228.9
  Episode 1200/1500  avg(100): 395.1
  Episode 1250/1500  avg(100): 480.6
  Episode 1300/1500  avg(100): 433.9
  Episode 1350/1500  avg(100): 416.9
  Episode 1400/1500  avg(100): 413.4
  Episode 1450/1500  avg(100): 438.0
  Episode 1500/1500  avg(100): 492.2
Model saved to models/fractional-32-8-8-seed132-final.pth
  per-episode CSV streamed to: metrics/multi-seed/fractional-32-8-8/_workers/seed132/fractional-32-8-8-seed132.csv

Summary CSV: metrics/multi-seed/fractional-32-8-8/_workers/seed132/fractional-32-8-8-summary.csv

Results across 1 seeds:
  solved (final_avg >= 475) : 1/1 seeds
  final_avg_reward  : 492.16 ± 0.00  (primary metric: CartPole-v1 standard)
  best_avg_reward   : 492.16 ± 0.00
  tail_iqm_reward   : 423.86 ± 0.00  (diagnostic: matches Optuna selection metric)
  convergence_ep    : 1465.0 ± 0.0  (1/1 seeds converged)

Robust reporting (final_avg_reward across seeds, 95% bootstrap CI):
  IQM   : 492.16  [95% CI: 492.16, 492.16]
  Mean  : 492.16  [95% CI: 492.16, 492.16]
  (note: with N < 10, bootstrap CIs and IQM are necessarily wide; per Colas et al. 2018 consider increasing --num-seeds.)
