Multi-seed training for: leaky-32-32
  device       : cpu
  num_seeds    : 1
  base_seed    : 118
  num_episodes : 1500
  output_dir   : metrics/multi-seed/leaky-32-32/_workers/seed118

============================================================
Seed 118 (1/1)
============================================================
  Episode 50/1500  avg(100): 15.8
  Episode 100/1500  avg(100): 15.5
  Episode 150/1500  avg(100): 14.8
  Episode 200/1500  avg(100): 16.4
  Episode 250/1500  avg(100): 36.6
  Episode 300/1500  avg(100): 71.2
  Episode 350/1500  avg(100): 85.5
  Episode 400/1500  avg(100): 95.0
  Episode 450/1500  avg(100): 126.5
  Episode 500/1500  avg(100): 163.1
  Episode 550/1500  avg(100): 173.5
  Episode 600/1500  avg(100): 134.5
  Episode 650/1500  avg(100): 154.5
  Episode 700/1500  avg(100): 215.2
  Episode 750/1500  avg(100): 288.2
  Episode 800/1500  avg(100): 284.0
  Episode 850/1500  avg(100): 190.2
  Episode 900/1500  avg(100): 280.5
  Episode 950/1500  avg(100): 378.1
  Episode 1000/1500  avg(100): 344.2
  Episode 1050/1500  avg(100): 400.4
  Episode 1100/1500  avg(100): 482.3
  Episode 1150/1500  avg(100): 495.7
  Episode 1200/1500  avg(100): 451.3
  Episode 1250/1500  avg(100): 418.6
  Episode 1300/1500  avg(100): 442.6
  Episode 1350/1500  avg(100): 446.2
  Episode 1400/1500  avg(100): 461.1
  Episode 1450/1500  avg(100): 490.2
  Episode 1500/1500  avg(100): 495.1
Model saved to models/leaky-32-32-seed118-final.pth
  per-episode CSV streamed to: metrics/multi-seed/leaky-32-32/_workers/seed118/leaky-32-32-seed118.csv

Summary CSV: metrics/multi-seed/leaky-32-32/_workers/seed118/leaky-32-32-summary.csv

Results across 1 seeds:
  solved (final_avg >= 475) : 1/1 seeds
  final_avg_reward  : 495.14 ± 0.00  (primary metric: CartPole-v1 standard)
  best_avg_reward   : 500.00 ± 0.00
  tail_iqm_reward   : 460.59 ± 0.00  (diagnostic: matches Optuna selection metric)
  convergence_ep    : 1405.0 ± 0.0  (1/1 seeds converged)

Robust reporting (final_avg_reward across seeds, 95% bootstrap CI):
  IQM   : 495.14  [95% CI: 495.14, 495.14]
  Mean  : 495.14  [95% CI: 495.14, 495.14]
  (note: with N < 10, bootstrap CIs and IQM are necessarily wide; per Colas et al. 2018 consider increasing --num-seeds.)
