Multi-seed training for: leaky-32-32
  device       : cpu
  num_seeds    : 1
  base_seed    : 70
  num_episodes : 1500
  output_dir   : metrics/multi-seed/leaky-32-32/_workers/seed70

============================================================
Seed 70 (1/1)
============================================================
  Episode 50/1500  avg(100): 17.2
  Episode 100/1500  avg(100): 16.0
  Episode 150/1500  avg(100): 22.7
  Episode 200/1500  avg(100): 101.4
  Episode 250/1500  avg(100): 207.9
  Episode 300/1500  avg(100): 240.5
  Episode 350/1500  avg(100): 129.2
  Episode 400/1500  avg(100): 183.4
  Episode 450/1500  avg(100): 343.3
  Episode 500/1500  avg(100): 294.3
  Episode 550/1500  avg(100): 204.2
  Episode 600/1500  avg(100): 117.2
  Episode 650/1500  avg(100): 193.4
  Episode 700/1500  avg(100): 332.4
  Episode 750/1500  avg(100): 285.8
  Episode 800/1500  avg(100): 315.1
  Episode 850/1500  avg(100): 431.4
  Episode 900/1500  avg(100): 416.1
  Episode 950/1500  avg(100): 349.1
  Episode 1000/1500  avg(100): 388.0
  Episode 1050/1500  avg(100): 476.9
  Episode 1100/1500  avg(100): 463.9
  Episode 1150/1500  avg(100): 411.5
  Episode 1200/1500  avg(100): 364.8
  Episode 1250/1500  avg(100): 298.7
  Episode 1300/1500  avg(100): 313.1
  Episode 1350/1500  avg(100): 309.0
  Episode 1400/1500  avg(100): 290.5
  Episode 1450/1500  avg(100): 414.8
  Episode 1500/1500  avg(100): 495.4
Model saved to models/leaky-32-32-seed70-final.pth
  per-episode CSV streamed to: metrics/multi-seed/leaky-32-32/_workers/seed70/leaky-32-32-seed70.csv

Summary CSV: metrics/multi-seed/leaky-32-32/_workers/seed70/leaky-32-32-summary.csv

Results across 1 seeds:
  solved (final_avg >= 475) : 1/1 seeds
  final_avg_reward  : 495.42 ± 0.00  (primary metric: CartPole-v1 standard)
  best_avg_reward   : 500.00 ± 0.00
  tail_iqm_reward   : 338.89 ± 0.00  (diagnostic: matches Optuna selection metric)
  convergence_ep    : 1462.0 ± 0.0  (1/1 seeds converged)

Robust reporting (final_avg_reward across seeds, 95% bootstrap CI):
  IQM   : 495.42  [95% CI: 495.42, 495.42]
  Mean  : 495.42  [95% CI: 495.42, 495.42]
  (note: with N < 10, bootstrap CIs and IQM are necessarily wide; per Colas et al. 2018 consider increasing --num-seeds.)
