Multi-seed training for: leaky-32-32
  device       : cpu
  num_seeds    : 1
  base_seed    : 129
  num_episodes : 1500
  output_dir   : metrics/multi-seed/leaky-32-32/_workers/seed129

============================================================
Seed 129 (1/1)
============================================================
  Episode 50/1500  avg(100): 18.4
  Episode 100/1500  avg(100): 15.5
  Episode 150/1500  avg(100): 14.6
  Episode 200/1500  avg(100): 67.5
  Episode 250/1500  avg(100): 135.3
  Episode 300/1500  avg(100): 149.7
  Episode 350/1500  avg(100): 133.0
  Episode 400/1500  avg(100): 132.9
  Episode 450/1500  avg(100): 204.6
  Episode 500/1500  avg(100): 189.6
  Episode 550/1500  avg(100): 64.0
  Episode 600/1500  avg(100): 244.8
  Episode 650/1500  avg(100): 489.3
  Episode 700/1500  avg(100): 413.3
  Episode 750/1500  avg(100): 294.6
  Episode 800/1500  avg(100): 286.4
  Episode 850/1500  avg(100): 283.6
  Episode 900/1500  avg(100): 229.6
  Episode 950/1500  avg(100): 144.4
  Episode 1000/1500  avg(100): 207.4
  Episode 1050/1500  avg(100): 252.2
  Episode 1100/1500  avg(100): 281.8
  Episode 1150/1500  avg(100): 401.8
  Episode 1200/1500  avg(100): 445.9
  Episode 1250/1500  avg(100): 487.9
  Episode 1300/1500  avg(100): 482.7
  Episode 1350/1500  avg(100): 478.8
  Episode 1400/1500  avg(100): 390.1
  Episode 1450/1500  avg(100): 168.4
  Episode 1500/1500  avg(100): 174.8
Model saved to models/leaky-32-32-seed129-final.pth
  per-episode CSV streamed to: metrics/multi-seed/leaky-32-32/_workers/seed129/leaky-32-32-seed129.csv

Summary CSV: metrics/multi-seed/leaky-32-32/_workers/seed129/leaky-32-32-summary.csv

Results across 1 seeds:
  solved (final_avg >= 475) : 0/1 seeds
  final_avg_reward  : 174.79 ± 0.00  (primary metric: CartPole-v1 standard)
  best_avg_reward   : 499.08 ± 0.00
  tail_iqm_reward   : 436.52 ± 0.00  (diagnostic: matches Optuna selection metric)
  convergence_ep    : never reached threshold in any seed

Robust reporting (final_avg_reward across seeds, 95% bootstrap CI):
  IQM   : 174.79  [95% CI: 174.79, 174.79]
  Mean  : 174.79  [95% CI: 174.79, 174.79]
  (note: with N < 10, bootstrap CIs and IQM are necessarily wide; per Colas et al. 2018 consider increasing --num-seeds.)
