Multi-seed training for: leaky-32-32
  device       : cpu
  num_seeds    : 1
  base_seed    : 55
  num_episodes : 1500
  output_dir   : metrics/multi-seed/leaky-32-32-30k/leaky-32-32/_workers/seed55

============================================================
Seed 55 (1/1)
============================================================
  Episode 50/1500  avg(100): 17.7
  Episode 100/1500  avg(100): 17.8
  Episode 150/1500  avg(100): 16.2
  Episode 200/1500  avg(100): 41.2
  Episode 250/1500  avg(100): 131.4
  Episode 300/1500  avg(100): 192.5
  Episode 350/1500  avg(100): 198.9
  Episode 400/1500  avg(100): 177.3
  Episode 450/1500  avg(100): 116.7
  Episode 500/1500  avg(100): 69.1
  Episode 550/1500  avg(100): 64.4
  Episode 600/1500  avg(100): 99.2
  Episode 650/1500  avg(100): 113.4
  Episode 700/1500  avg(100): 153.1
  Episode 750/1500  avg(100): 237.4
  Episode 800/1500  avg(100): 312.6
  Episode 850/1500  avg(100): 300.9
  Episode 900/1500  avg(100): 351.7
  Episode 950/1500  avg(100): 454.6
  Episode 1000/1500  avg(100): 478.4
  Episode 1050/1500  avg(100): 462.5
  Episode 1100/1500  avg(100): 440.7
  Episode 1150/1500  avg(100): 473.3
  Episode 1200/1500  avg(100): 466.3
  Episode 1250/1500  avg(100): 471.0
  Episode 1300/1500  avg(100): 500.0
  Episode 1350/1500  avg(100): 417.4
  Episode 1400/1500  avg(100): 368.9
  Episode 1450/1500  avg(100): 447.3
  Episode 1500/1500  avg(100): 468.5
Model saved to models/leaky-32-32-seed55-final.pth
  per-episode CSV streamed to: metrics/multi-seed/leaky-32-32-30k/leaky-32-32/_workers/seed55/leaky-32-32-seed55.csv

Summary CSV: metrics/multi-seed/leaky-32-32-30k/leaky-32-32/_workers/seed55/leaky-32-32-summary.csv

Results across 1 seeds:
  solved (final_avg >= 475) : 0/1 seeds
  final_avg_reward  : 468.48 ± 0.00  (primary metric: CartPole-v1 standard)
  best_avg_reward   : 500.00 ± 0.00
  tail_iqm_reward   : 465.29 ± 0.00  (diagnostic: matches Optuna selection metric)
  convergence_ep    : never reached threshold in any seed

Robust reporting (final_avg_reward across seeds, 95% bootstrap CI):
  IQM   : 468.48  [95% CI: 468.48, 468.48]
  Mean  : 468.48  [95% CI: 468.48, 468.48]
  (note: with N < 10, bootstrap CIs and IQM are necessarily wide; per Colas et al. 2018 consider increasing --num-seeds.)
