Multi-seed training for: bitshift-64-32-4
  device       : cpu
  num_seeds    : 1
  base_seed    : 112
  num_episodes : 1500
  output_dir   : metrics/multi-seed/bitshift-64-32-4/_workers/seed112

============================================================
Seed 112 (1/1)
============================================================
  Episode 50/1500  avg(100): 18.3
  Episode 100/1500  avg(100): 16.0
  Episode 150/1500  avg(100): 19.4
  Episode 200/1500  avg(100): 94.3
  Episode 250/1500  avg(100): 180.7
  Episode 300/1500  avg(100): 210.7
  Episode 350/1500  avg(100): 278.5
  Episode 400/1500  avg(100): 233.5
  Episode 450/1500  avg(100): 271.2
  Episode 500/1500  avg(100): 442.5
  Episode 550/1500  avg(100): 416.9
  Episode 600/1500  avg(100): 270.6
  Episode 650/1500  avg(100): 144.7
  Episode 700/1500  avg(100): 131.8
  Episode 750/1500  avg(100): 148.4
  Episode 800/1500  avg(100): 185.0
  Episode 850/1500  avg(100): 248.3
  Episode 900/1500  avg(100): 334.0
  Episode 950/1500  avg(100): 451.0
  Episode 1000/1500  avg(100): 492.2
  Episode 1050/1500  avg(100): 444.0
  Episode 1100/1500  avg(100): 451.8
  Episode 1150/1500  avg(100): 500.0
  Episode 1200/1500  avg(100): 500.0
  Episode 1250/1500  avg(100): 485.5
  Episode 1300/1500  avg(100): 480.7
  Episode 1350/1500  avg(100): 495.2
  Episode 1400/1500  avg(100): 495.2
  Episode 1450/1500  avg(100): 446.6
  Episode 1500/1500  avg(100): 413.3
Model saved to models/bitshift-64-32-4-seed112-final.pth
  per-episode CSV streamed to: metrics/multi-seed/bitshift-64-32-4/_workers/seed112/bitshift-64-32-4-seed112.csv

Summary CSV: metrics/multi-seed/bitshift-64-32-4/_workers/seed112/bitshift-64-32-4-summary.csv

Results across 1 seeds:
  solved (final_avg >= 475) : 0/1 seeds
  final_avg_reward  : 413.29 ± 0.00  (primary metric: CartPole-v1 standard)
  best_avg_reward   : 500.00 ± 0.00
  tail_iqm_reward   : 489.51 ± 0.00  (diagnostic: matches Optuna selection metric)
  convergence_ep    : never reached threshold in any seed

Robust reporting (final_avg_reward across seeds, 95% bootstrap CI):
  IQM   : 413.29  [95% CI: 413.29, 413.29]
  Mean  : 413.29  [95% CI: 413.29, 413.29]
  (note: with N < 10, bootstrap CIs and IQM are necessarily wide; per Colas et al. 2018 consider increasing --num-seeds.)
