Multi-seed training for: bitshift-64-32-4
  device       : cpu
  num_seeds    : 1
  base_seed    : 55
  num_episodes : 1500
  output_dir   : metrics/multi-seed/bitshift-64-32-4-30k/bitshift-64-32-4/_workers/seed55

============================================================
Seed 55 (1/1)
============================================================
  Episode 50/1500  avg(100): 18.6
  Episode 100/1500  avg(100): 16.8
  Episode 150/1500  avg(100): 105.3
  Episode 200/1500  avg(100): 206.7
  Episode 250/1500  avg(100): 203.1
  Episode 300/1500  avg(100): 183.1
  Episode 350/1500  avg(100): 190.3
  Episode 400/1500  avg(100): 220.8
  Episode 450/1500  avg(100): 206.0
  Episode 500/1500  avg(100): 311.3
  Episode 550/1500  avg(100): 362.8
  Episode 600/1500  avg(100): 346.8
  Episode 650/1500  avg(100): 407.7
  Episode 700/1500  avg(100): 420.3
  Episode 750/1500  avg(100): 438.9
  Episode 800/1500  avg(100): 433.1
  Episode 850/1500  avg(100): 414.4
  Episode 900/1500  avg(100): 390.2
  Episode 950/1500  avg(100): 376.6
  Episode 1000/1500  avg(100): 382.4
  Episode 1050/1500  avg(100): 436.6
  Episode 1100/1500  avg(100): 394.6
  Episode 1150/1500  avg(100): 281.8
  Episode 1200/1500  avg(100): 142.2
  Episode 1250/1500  avg(100): 30.9
  Episode 1300/1500  avg(100): 51.1
  Episode 1350/1500  avg(100): 172.6
  Episode 1400/1500  avg(100): 268.7
  Episode 1450/1500  avg(100): 346.0
  Episode 1500/1500  avg(100): 392.4
Model saved to models/bitshift-64-32-4-seed55-final.pth
  per-episode CSV streamed to: metrics/multi-seed/bitshift-64-32-4-30k/bitshift-64-32-4/_workers/seed55/bitshift-64-32-4-seed55.csv

Summary CSV: metrics/multi-seed/bitshift-64-32-4-30k/bitshift-64-32-4/_workers/seed55/bitshift-64-32-4-summary.csv

Results across 1 seeds:
  solved (final_avg >= 475) : 0/1 seeds
  final_avg_reward  : 392.36 ± 0.00  (primary metric: CartPole-v1 standard)
  best_avg_reward   : 459.24 ± 0.00
  tail_iqm_reward   : 203.14 ± 0.00  (diagnostic: matches Optuna selection metric)
  convergence_ep    : never reached threshold in any seed

Robust reporting (final_avg_reward across seeds, 95% bootstrap CI):
  IQM   : 392.36  [95% CI: 392.36, 392.36]
  Mean  : 392.36  [95% CI: 392.36, 392.36]
  (note: with N < 10, bootstrap CIs and IQM are necessarily wide; per Colas et al. 2018 consider increasing --num-seeds.)
