Multi-seed training for: leaky-32-32
  device       : cpu
  num_seeds    : 1
  base_seed    : 51
  num_episodes : 1500
  output_dir   : metrics/multi-seed/leaky-32-32-30k/leaky-32-32/_workers/seed51

============================================================
Seed 51 (1/1)
============================================================
  Episode 50/1500  avg(100): 19.1
  Episode 100/1500  avg(100): 16.1
  Episode 150/1500  avg(100): 18.9
  Episode 200/1500  avg(100): 66.5
  Episode 250/1500  avg(100): 138.6
  Episode 300/1500  avg(100): 174.0
  Episode 350/1500  avg(100): 176.3
  Episode 400/1500  avg(100): 229.1
  Episode 450/1500  avg(100): 371.6
  Episode 500/1500  avg(100): 352.8
  Episode 550/1500  avg(100): 230.9
  Episode 600/1500  avg(100): 240.1
  Episode 650/1500  avg(100): 307.0
  Episode 700/1500  avg(100): 288.2
  Episode 750/1500  avg(100): 231.6
  Episode 800/1500  avg(100): 220.0
  Episode 850/1500  avg(100): 219.4
  Episode 900/1500  avg(100): 232.8
  Episode 950/1500  avg(100): 197.4
  Episode 1000/1500  avg(100): 196.9
  Episode 1050/1500  avg(100): 266.0
  Episode 1100/1500  avg(100): 298.1
  Episode 1150/1500  avg(100): 379.8
  Episode 1200/1500  avg(100): 469.7
  Episode 1250/1500  avg(100): 480.2
  Episode 1300/1500  avg(100): 492.9
  Episode 1350/1500  avg(100): 492.2
  Episode 1400/1500  avg(100): 470.1
  Episode 1450/1500  avg(100): 460.4
  Episode 1500/1500  avg(100): 478.4
Model saved to models/leaky-32-32-seed51-final.pth
  per-episode CSV streamed to: metrics/multi-seed/leaky-32-32-30k/leaky-32-32/_workers/seed51/leaky-32-32-seed51.csv

Summary CSV: metrics/multi-seed/leaky-32-32-30k/leaky-32-32/_workers/seed51/leaky-32-32-summary.csv

Results across 1 seeds:
  solved (final_avg >= 475) : 1/1 seeds
  final_avg_reward  : 478.37 ± 0.00  (primary metric: CartPole-v1 standard)
  best_avg_reward   : 493.83 ± 0.00
  tail_iqm_reward   : 474.98 ± 0.00  (diagnostic: matches Optuna selection metric)
  convergence_ep    : 1499.0 ± 0.0  (1/1 seeds converged)

Robust reporting (final_avg_reward across seeds, 95% bootstrap CI):
  IQM   : 478.37  [95% CI: 478.37, 478.37]
  Mean  : 478.37  [95% CI: 478.37, 478.37]
  (note: with N < 10, bootstrap CIs and IQM are necessarily wide; per Colas et al. 2018 consider increasing --num-seeds.)
