Copyright 1986-2022 Xilinx, Inc. All Rights Reserved. Copyright 2022-2025 Advanced Micro Devices, Inc. All Rights Reserved.
-------------------------------------------------------------------------------------------------------------------------------------------------------------------
| Tool Version : Vivado v.2025.1 (lin64) Build 6140274 Wed May 21 22:58:25 MDT 2025
| Date         : Thu May 28 17:49:58 2026
| Host         : niklas.ece.pdx.edu running 64-bit Pop!_OS 22.04 LTS
| Command      : report_timing_summary -file /home/stonepine/intrinsic-memory-SNNs/3_benchmarking_on_FPGA/results/lif-32-32/buffer_lutram/synth_timing_summary.rpt
| Design       : board_top_lif_32_32
| Device       : 7a100t-csg324
| Speed File   : -1  PRODUCTION 1.23 2018-06-13
| Design State : Synthesized
-------------------------------------------------------------------------------------------------------------------------------------------------------------------

Timing Summary Report

------------------------------------------------------------------------------------------------
| Timer Settings
| --------------
------------------------------------------------------------------------------------------------

  Enable Multi Corner Analysis               :  Yes
  Enable Pessimism Removal                   :  Yes
  Pessimism Removal Resolution               :  Nearest Common Node
  Enable Input Delay Default Clock           :  No
  Enable Preset / Clear Arcs                 :  No
  Disable Flight Delays                      :  No
  Ignore I/O Paths                           :  No
  Timing Early Launch at Borrowing Latches   :  No
  Borrow Time for Max Delay Exceptions       :  Yes
  Merge Timing Exceptions                    :  Yes
  Inter-SLR Compensation                     :  Conservative

  Corner  Analyze    Analyze    
  Name    Max Paths  Min Paths  
  ------  ---------  ---------  
  Slow    Yes        Yes        
  Fast    Yes        Yes        


------------------------------------------------------------------------------------------------
| Report Methodology
| ------------------
------------------------------------------------------------------------------------------------

No report available as report_methodology has not been run prior. Run report_methodology on the current design for the summary of methodology violations.



check_timing report

Table of Contents
-----------------
1. checking no_clock (0)
2. checking constant_clock (0)
3. checking pulse_width_clock (0)
4. checking unconstrained_internal_endpoints (0)
5. checking no_input_delay (2)
6. checking no_output_delay (4)
7. checking multiple_clock (0)
8. checking generated_clocks (0)
9. checking loops (0)
10. checking partial_input_delay (0)
11. checking partial_output_delay (0)
12. checking latch_loops (0)

1. checking no_clock (0)
------------------------
 There are 0 register/latch pins with no clock.


2. checking constant_clock (0)
------------------------------
 There are 0 register/latch pins with constant_clock.


3. checking pulse_width_clock (0)
---------------------------------
 There are 0 register/latch pins which need pulse_width check


4. checking unconstrained_internal_endpoints (0)
------------------------------------------------
 There are 0 pins that are not constrained for maximum delay.

 There are 0 pins that are not constrained for maximum delay due to constant clock.


5. checking no_input_delay (2)
------------------------------
 There are 2 input ports with no input delay specified. (HIGH)

 There are 0 input ports with no input delay but user has a false path constraint.


6. checking no_output_delay (4)
-------------------------------
 There are 4 ports with no output delay specified. (HIGH)

 There are 0 ports with no output delay but user has a false path constraint

 There are 0 ports with no output delay but with a timing clock defined on it or propagating through it


7. checking multiple_clock (0)
------------------------------
 There are 0 register/latch pins with multiple clocks.


8. checking generated_clocks (0)
--------------------------------
 There are 0 generated clocks that are not connected to a clock source.


9. checking loops (0)
---------------------
 There are 0 combinational loops in the design.


10. checking partial_input_delay (0)
------------------------------------
 There are 0 input ports with partial input delay specified.


11. checking partial_output_delay (0)
-------------------------------------
 There are 0 ports with partial output delay specified.


12. checking latch_loops (0)
----------------------------
 There are 0 combinational latch loops in the design through latch input



------------------------------------------------------------------------------------------------
| Design Timing Summary
| ---------------------
------------------------------------------------------------------------------------------------

    WNS(ns)      TNS(ns)  TNS Failing Endpoints  TNS Total Endpoints      WHS(ns)      THS(ns)  THS Failing Endpoints  THS Total Endpoints     WPWS(ns)     TPWS(ns)  TPWS Failing Endpoints  TPWS Total Endpoints  
    -------      -------  ---------------------  -------------------      -------      -------  ---------------------  -------------------     --------     --------  ----------------------  --------------------  
      0.232        0.000                      0                42344        0.137        0.000                      0                42344        4.500        0.000                       0                 21421  


All user specified timing constraints are met.


------------------------------------------------------------------------------------------------
| Clock Summary
| -------------
------------------------------------------------------------------------------------------------

Clock        Waveform(ns)       Period(ns)      Frequency(MHz)
-----        ------------       ----------      --------------
sys_clk_pin  {0.000 5.000}      10.000          100.000         


------------------------------------------------------------------------------------------------
| Intra Clock Table
| -----------------
------------------------------------------------------------------------------------------------

Clock             WNS(ns)      TNS(ns)  TNS Failing Endpoints  TNS Total Endpoints      WHS(ns)      THS(ns)  THS Failing Endpoints  THS Total Endpoints     WPWS(ns)     TPWS(ns)  TPWS Failing Endpoints  TPWS Total Endpoints  
-----             -------      -------  ---------------------  -------------------      -------      -------  ---------------------  -------------------     --------     --------  ----------------------  --------------------  
sys_clk_pin         0.232        0.000                      0                42344        0.137        0.000                      0                42344        4.500        0.000                       0                 21421  


------------------------------------------------------------------------------------------------
| Inter Clock Table
| -----------------
------------------------------------------------------------------------------------------------

From Clock    To Clock          WNS(ns)      TNS(ns)  TNS Failing Endpoints  TNS Total Endpoints      WHS(ns)      THS(ns)  THS Failing Endpoints  THS Total Endpoints  
----------    --------          -------      -------  ---------------------  -------------------      -------      -------  ---------------------  -------------------  


------------------------------------------------------------------------------------------------
| Other Path Groups Table
| -----------------------
------------------------------------------------------------------------------------------------

Path Group    From Clock    To Clock          WNS(ns)      TNS(ns)  TNS Failing Endpoints  TNS Total Endpoints      WHS(ns)      THS(ns)  THS Failing Endpoints  THS Total Endpoints  
----------    ----------    --------          -------      -------  ---------------------  -------------------      -------      -------  ---------------------  -------------------  


------------------------------------------------------------------------------------------------
| Timing Details
| --------------
------------------------------------------------------------------------------------------------


---------------------------------------------------------------------------------------------------
From Clock:  sys_clk_pin
  To Clock:  sys_clk_pin

Setup :            0  Failing Endpoints,  Worst Slack        0.232ns,  Total Violation        0.000ns
Hold  :            0  Failing Endpoints,  Worst Slack        0.137ns,  Total Violation        0.000ns
PW    :            0  Failing Endpoints,  Worst Slack        4.500ns,  Total Violation        0.000ns
---------------------------------------------------------------------------------------------------


Max Delay Paths
--------------------------------------------------------------------------------------
Slack (MET) :             0.232ns  (required time - arrival time)
  Source:                 u_accel/gen_nn_standard.u_accel/gen_hl1_lif[0].hl1_lif/membrane_potential_reg[23]/C
                            (rising edge-triggered cell FDCE clocked by sys_clk_pin  {rise@0.000ns fall@5.000ns period=10.000ns})
  Destination:            u_accel/gen_nn_standard.u_accel/gen_hl1_lif[0].hl1_lif/spike_prev_reg/D
                            (rising edge-triggered cell FDCE clocked by sys_clk_pin  {rise@0.000ns fall@5.000ns period=10.000ns})
  Path Group:             sys_clk_pin
  Path Type:              Setup (Max at Slow Process Corner)
  Requirement:            10.000ns  (sys_clk_pin rise@10.000ns - sys_clk_pin rise@0.000ns)
  Data Path Delay:        9.632ns  (logic 6.649ns (69.032%)  route 2.983ns (30.968%))
  Logic Levels:           10  (CARRY4=6 DSP48E1=1 LUT2=3)
  Clock Path Skew:        -0.145ns (DCD - SCD + CPR)
    Destination Clock Delay (DCD):    2.704ns = ( 12.704 - 10.000 ) 
    Source Clock Delay      (SCD):    2.965ns
    Clock Pessimism Removal (CPR):    0.116ns
  Clock Uncertainty:      0.035ns  ((TSJ^2 + TIJ^2)^1/2 + DJ) / 2 + PE
    Total System Jitter     (TSJ):    0.071ns
    Total Input Jitter      (TIJ):    0.000ns
    Discrete Jitter          (DJ):    0.000ns
    Phase Error              (PE):    0.000ns

    Location             Delay type                Incr(ns)  Path(ns)    Netlist Resource(s)
  -------------------------------------------------------------------    -------------------
                         (clock sys_clk_pin rise edge)
                                                      0.000     0.000 r  
    E3                                                0.000     0.000 r  CLK100MHZ (IN)
                         net (fo=0)                   0.000     0.000    CLK100MHZ
    E3                   IBUF (Prop_ibuf_I_O)         1.482     1.482 r  CLK100MHZ_IBUF_inst/O
                         net (fo=1, unplaced)         0.803     2.285    CLK100MHZ_IBUF
                         BUFG (Prop_bufg_I_O)         0.096     2.381 r  CLK100MHZ_IBUF_BUFG_inst/O
                         net (fo=21420, unplaced)     0.584     2.965    u_accel/gen_nn_standard.u_accel/gen_hl1_lif[0].hl1_lif/CLK100MHZ_IBUF_BUFG
                         FDCE                                         r  u_accel/gen_nn_standard.u_accel/gen_hl1_lif[0].hl1_lif/membrane_potential_reg[23]/C
  -------------------------------------------------------------------    -------------------
                         FDCE (Prop_fdce_C_Q)         0.478     3.443 r  u_accel/gen_nn_standard.u_accel/gen_hl1_lif[0].hl1_lif/membrane_potential_reg[23]/Q
                         net (fo=7, unplaced)         0.803     4.246    u_accel/gen_nn_standard.u_accel/gen_hl1_lif[0].hl1_lif/membrane_potential_reg_n_0_[23]
                         DSP48E1 (Prop_dsp48e1_A[29]_P[8])
                                                      4.016     8.262 r  u_accel/gen_nn_standard.u_accel/gen_hl1_lif[0].hl1_lif/membrane_potential3/P[8]
                         net (fo=2, unplaced)         0.803     9.064    u_accel/gen_nn_standard.u_accel/gen_hl1_lif[0].hl1_lif/membrane_potential2[1]
                         LUT2 (Prop_lut2_I0_O)        0.124     9.188 r  u_accel/gen_nn_standard.u_accel/gen_hl1_lif[0].hl1_lif/membrane_potential[3]_i_5__56/O
                         net (fo=1, unplaced)         0.000     9.188    u_accel/gen_nn_standard.u_accel/gen_hl1_lif[0].hl1_lif/membrane_potential[3]_i_5__56_n_0
                         CARRY4 (Prop_carry4_S[1]_CO[3])
                                                      0.533     9.721 r  u_accel/gen_nn_standard.u_accel/gen_hl1_lif[0].hl1_lif/membrane_potential_reg[3]_i_2__56/CO[3]
                         net (fo=1, unplaced)         0.000     9.721    u_accel/gen_nn_standard.u_accel/gen_hl1_lif[0].hl1_lif/membrane_potential_reg[3]_i_2__56_n_0
                         CARRY4 (Prop_carry4_CI_CO[3])
                                                      0.117     9.838 r  u_accel/gen_nn_standard.u_accel/gen_hl1_lif[0].hl1_lif/membrane_potential_reg[7]_i_2__56/CO[3]
                         net (fo=1, unplaced)         0.000     9.838    u_accel/gen_nn_standard.u_accel/gen_hl1_lif[0].hl1_lif/membrane_potential_reg[7]_i_2__56_n_0
                         CARRY4 (Prop_carry4_CI_CO[3])
                                                      0.117     9.955 r  u_accel/gen_nn_standard.u_accel/gen_hl1_lif[0].hl1_lif/membrane_potential_reg[11]_i_2__56/CO[3]
                         net (fo=1, unplaced)         0.000     9.955    u_accel/gen_nn_standard.u_accel/gen_hl1_lif[0].hl1_lif/membrane_potential_reg[11]_i_2__56_n_0
                         CARRY4 (Prop_carry4_CI_O[1])
                                                      0.337    10.292 r  u_accel/gen_nn_standard.u_accel/gen_hl1_lif[0].hl1_lif/membrane_potential_reg[15]_i_2__56/O[1]
                         net (fo=3, unplaced)         0.629    10.921    u_accel/gen_nn_standard.u_accel/gen_hl1_lif[0].hl1_lif/membrane_potential0[13]
                         LUT2 (Prop_lut2_I0_O)        0.306    11.227 r  u_accel/gen_nn_standard.u_accel/gen_hl1_lif[0].hl1_lif/spike_prev_i_18__56/O
                         net (fo=1, unplaced)         0.000    11.227    u_accel/gen_nn_standard.u_accel/gen_hl1_lif[0].hl1_lif/spike_prev_i_18__56_n_0
                         CARRY4 (Prop_carry4_S[2]_CO[3])
                                                      0.380    11.607 r  u_accel/gen_nn_standard.u_accel/gen_hl1_lif[0].hl1_lif/spike_prev_reg_i_3__56/CO[3]
                         net (fo=1, unplaced)         0.000    11.607    u_accel/gen_nn_standard.u_accel/gen_hl1_lif[0].hl1_lif/spike_prev_reg_i_3__56_n_0
                         CARRY4 (Prop_carry4_CI_CO[3])
                                                      0.117    11.724 r  u_accel/gen_nn_standard.u_accel/gen_hl1_lif[0].hl1_lif/spike_prev_reg_i_2__56/CO[3]
                         net (fo=1, unplaced)         0.748    12.472    u_accel/gen_nn_standard.u_accel/gen_hl1_lif[0].hl1_lif/next_spike
                         LUT2 (Prop_lut2_I0_O)        0.124    12.596 r  u_accel/gen_nn_standard.u_accel/gen_hl1_lif[0].hl1_lif/spike_prev_i_1__62/O
                         net (fo=1, unplaced)         0.000    12.596    u_accel/gen_nn_standard.u_accel/gen_hl1_lif[0].hl1_lif/spike_prev_i_1__62_n_0
                         FDCE                                         r  u_accel/gen_nn_standard.u_accel/gen_hl1_lif[0].hl1_lif/spike_prev_reg/D
  -------------------------------------------------------------------    -------------------

                         (clock sys_clk_pin rise edge)
                                                     10.000    10.000 r  
    E3                                                0.000    10.000 r  CLK100MHZ (IN)
                         net (fo=0)                   0.000    10.000    CLK100MHZ
    E3                   IBUF (Prop_ibuf_I_O)         1.411    11.411 r  CLK100MHZ_IBUF_inst/O
                         net (fo=1, unplaced)         0.763    12.174    CLK100MHZ_IBUF
                         BUFG (Prop_bufg_I_O)         0.091    12.265 r  CLK100MHZ_IBUF_BUFG_inst/O
                         net (fo=21420, unplaced)     0.439    12.704    u_accel/gen_nn_standard.u_accel/gen_hl1_lif[0].hl1_lif/CLK100MHZ_IBUF_BUFG
                         FDCE                                         r  u_accel/gen_nn_standard.u_accel/gen_hl1_lif[0].hl1_lif/spike_prev_reg/C
                         clock pessimism              0.116    12.820    
                         clock uncertainty           -0.035    12.784    
                         FDCE (Setup_fdce_C_D)        0.044    12.828    u_accel/gen_nn_standard.u_accel/gen_hl1_lif[0].hl1_lif/spike_prev_reg
  -------------------------------------------------------------------
                         required time                         12.828    
                         arrival time                         -12.596    
  -------------------------------------------------------------------
                         slack                                  0.232    





Min Delay Paths
--------------------------------------------------------------------------------------
Slack (MET) :             0.137ns  (arrival time - required time)
  Source:                 u_accel/gen_nn_standard.u_accel/fc2/done_reg/C
                            (rising edge-triggered cell FDCE clocked by sys_clk_pin  {rise@0.000ns fall@5.000ns period=10.000ns})
  Destination:            u_accel/gen_nn_standard.u_accel/fc2/done_reg/D
                            (rising edge-triggered cell FDCE clocked by sys_clk_pin  {rise@0.000ns fall@5.000ns period=10.000ns})
  Path Group:             sys_clk_pin
  Path Type:              Hold (Min at Fast Process Corner)
  Requirement:            0.000ns  (sys_clk_pin rise@0.000ns - sys_clk_pin rise@0.000ns)
  Data Path Delay:        0.381ns  (logic 0.245ns (64.350%)  route 0.136ns (35.650%))
  Logic Levels:           1  (LUT4=1)
  Clock Path Skew:        0.145ns (DCD - SCD - CPR)
    Destination Clock Delay (DCD):    1.082ns
    Source Clock Delay      (SCD):    0.728ns
    Clock Pessimism Removal (CPR):    0.209ns

    Location             Delay type                Incr(ns)  Path(ns)    Netlist Resource(s)
  -------------------------------------------------------------------    -------------------
                         (clock sys_clk_pin rise edge)
                                                      0.000     0.000 r  
    E3                                                0.000     0.000 r  CLK100MHZ (IN)
                         net (fo=0)                   0.000     0.000    CLK100MHZ
    E3                   IBUF (Prop_ibuf_I_O)         0.250     0.250 r  CLK100MHZ_IBUF_inst/O
                         net (fo=1, unplaced)         0.338     0.588    CLK100MHZ_IBUF
                         BUFG (Prop_bufg_I_O)         0.026     0.614 r  CLK100MHZ_IBUF_BUFG_inst/O
                         net (fo=21420, unplaced)     0.114     0.728    u_accel/gen_nn_standard.u_accel/fc2/CLK100MHZ_IBUF_BUFG
                         FDCE                                         r  u_accel/gen_nn_standard.u_accel/fc2/done_reg/C
  -------------------------------------------------------------------    -------------------
                         FDCE (Prop_fdce_C_Q)         0.147     0.875 r  u_accel/gen_nn_standard.u_accel/fc2/done_reg/Q
                         net (fo=2, unplaced)         0.136     1.011    u_accel/gen_nn_standard.u_accel/fc2/fc2_done
                         LUT4 (Prop_lut4_I3_O)        0.098     1.109 r  u_accel/gen_nn_standard.u_accel/fc2/done_i_1__0/O
                         net (fo=1, unplaced)         0.000     1.109    u_accel/gen_nn_standard.u_accel/fc2/done_i_1__0_n_0
                         FDCE                                         r  u_accel/gen_nn_standard.u_accel/fc2/done_reg/D
  -------------------------------------------------------------------    -------------------

                         (clock sys_clk_pin rise edge)
                                                      0.000     0.000 r  
    E3                                                0.000     0.000 r  CLK100MHZ (IN)
                         net (fo=0)                   0.000     0.000    CLK100MHZ
    E3                   IBUF (Prop_ibuf_I_O)         0.438     0.438 r  CLK100MHZ_IBUF_inst/O
                         net (fo=1, unplaced)         0.356     0.794    CLK100MHZ_IBUF
                         BUFG (Prop_bufg_I_O)         0.029     0.823 r  CLK100MHZ_IBUF_BUFG_inst/O
                         net (fo=21420, unplaced)     0.259     1.082    u_accel/gen_nn_standard.u_accel/fc2/CLK100MHZ_IBUF_BUFG
                         FDCE                                         r  u_accel/gen_nn_standard.u_accel/fc2/done_reg/C
                         clock pessimism             -0.209     0.873    
                         FDCE (Hold_fdce_C_D)         0.099     0.972    u_accel/gen_nn_standard.u_accel/fc2/done_reg
  -------------------------------------------------------------------
                         required time                         -0.972    
                         arrival time                           1.109    
  -------------------------------------------------------------------
                         slack                                  0.137    





Pulse Width Checks
--------------------------------------------------------------------------------------
Clock Name:         sys_clk_pin
Waveform(ns):       { 0.000 5.000 }
Period(ns):         10.000
Sources:            { CLK100MHZ }

Check Type        Corner  Lib Pin  Reference Pin  Required(ns)  Actual(ns)  Slack(ns)  Location  Pin
Min Period        n/a     BUFG/I   n/a            2.155         10.000      7.845                CLK100MHZ_IBUF_BUFG_inst/I
Low Pulse Width   Slow    FDCE/C   n/a            0.500         5.000       4.500                action_q_reg/C
High Pulse Width  Slow    FDCE/C   n/a            0.500         5.000       4.500                action_q_reg/C



