Multi-seed training for: bitshift-64-32-4
  device       : cpu
  num_seeds    : 1
  base_seed    : 110
  num_episodes : 1500
  output_dir   : metrics/multi-seed/bitshift-64-32-4/_workers/seed110

============================================================
Seed 110 (1/1)
============================================================
  Episode 50/1500  avg(100): 16.5
  Episode 100/1500  avg(100): 15.4
  Episode 150/1500  avg(100): 43.1
  Episode 200/1500  avg(100): 112.6
  Episode 250/1500  avg(100): 146.2
  Episode 300/1500  avg(100): 139.3
  Episode 350/1500  avg(100): 159.4
  Episode 400/1500  avg(100): 183.8
  Episode 450/1500  avg(100): 180.9
  Episode 500/1500  avg(100): 219.2
  Episode 550/1500  avg(100): 294.3
  Episode 600/1500  avg(100): 313.9
  Episode 650/1500  avg(100): 354.3
  Episode 700/1500  avg(100): 303.4
  Episode 750/1500  avg(100): 140.3
  Episode 800/1500  avg(100): 241.4
  Episode 850/1500  avg(100): 444.1
  Episode 900/1500  avg(100): 476.3
  Episode 950/1500  avg(100): 447.0
  Episode 1000/1500  avg(100): 462.5
  Episode 1050/1500  avg(100): 500.0
  Episode 1100/1500  avg(100): 496.6
  Episode 1150/1500  avg(100): 496.6
  Episode 1200/1500  avg(100): 500.0
  Episode 1250/1500  avg(100): 477.3
  Episode 1300/1500  avg(100): 469.8
  Episode 1350/1500  avg(100): 477.2
  Episode 1400/1500  avg(100): 430.9
  Episode 1450/1500  avg(100): 365.9
  Episode 1500/1500  avg(100): 359.0
Model saved to models/bitshift-64-32-4-seed110-final.pth
  per-episode CSV streamed to: metrics/multi-seed/bitshift-64-32-4/_workers/seed110/bitshift-64-32-4-seed110.csv

Summary CSV: metrics/multi-seed/bitshift-64-32-4/_workers/seed110/bitshift-64-32-4-summary.csv

Results across 1 seeds:
  solved (final_avg >= 475) : 0/1 seeds
  final_avg_reward  : 359.00 ± 0.00  (primary metric: CartPole-v1 standard)
  best_avg_reward   : 500.00 ± 0.00
  tail_iqm_reward   : 467.44 ± 0.00  (diagnostic: matches Optuna selection metric)
  convergence_ep    : never reached threshold in any seed

Robust reporting (final_avg_reward across seeds, 95% bootstrap CI):
  IQM   : 359.00  [95% CI: 359.00, 359.00]
  Mean  : 359.00  [95% CI: 359.00, 359.00]
  (note: with N < 10, bootstrap CIs and IQM are necessarily wide; per Colas et al. 2018 consider increasing --num-seeds.)
