Multi-seed training for: fractional-32-8-8
  device       : cpu
  num_seeds    : 1
  base_seed    : 60
  num_episodes : 1500
  output_dir   : metrics/multi-seed/fractional-32-8-8-20k/fractional-32-8-8/_workers/seed60

============================================================
Seed 60 (1/1)
============================================================
  Episode 50/1500  avg(100): 15.9
  Episode 100/1500  avg(100): 14.5
  Episode 150/1500  avg(100): 14.1
  Episode 200/1500  avg(100): 23.4
  Episode 250/1500  avg(100): 22.2
  Episode 300/1500  avg(100): 12.5
  Episode 350/1500  avg(100): 12.7
  Episode 400/1500  avg(100): 60.4
  Episode 450/1500  avg(100): 118.5
  Episode 500/1500  avg(100): 139.5
  Episode 550/1500  avg(100): 159.3
  Episode 600/1500  avg(100): 166.3
  Episode 650/1500  avg(100): 183.8
  Episode 700/1500  avg(100): 181.9
  Episode 750/1500  avg(100): 137.6
  Episode 800/1500  avg(100): 114.0
  Episode 850/1500  avg(100): 111.9
  Episode 900/1500  avg(100): 111.7
  Episode 950/1500  avg(100): 135.3
  Episode 1000/1500  avg(100): 296.9
  Episode 1050/1500  avg(100): 467.9
  Episode 1100/1500  avg(100): 495.1
  Episode 1150/1500  avg(100): 446.3
  Episode 1200/1500  avg(100): 451.2
  Episode 1250/1500  avg(100): 412.3
  Episode 1300/1500  avg(100): 412.3
  Episode 1350/1500  avg(100): 500.0
  Episode 1400/1500  avg(100): 485.4
  Episode 1450/1500  avg(100): 437.9
  Episode 1500/1500  avg(100): 260.0
Model saved to models/fractional-32-8-8-seed60-final.pth
  per-episode CSV streamed to: metrics/multi-seed/fractional-32-8-8-20k/fractional-32-8-8/_workers/seed60/fractional-32-8-8-seed60.csv

Summary CSV: metrics/multi-seed/fractional-32-8-8-20k/fractional-32-8-8/_workers/seed60/fractional-32-8-8-summary.csv

Results across 1 seeds:
  solved (final_avg >= 475) : 0/1 seeds
  final_avg_reward  : 259.98 ± 0.00  (primary metric: CartPole-v1 standard)
  best_avg_reward   : 500.00 ± 0.00
  tail_iqm_reward   : 445.24 ± 0.00  (diagnostic: matches Optuna selection metric)
  convergence_ep    : never reached threshold in any seed

Robust reporting (final_avg_reward across seeds, 95% bootstrap CI):
  IQM   : 259.98  [95% CI: 259.98, 259.98]
  Mean  : 259.98  [95% CI: 259.98, 259.98]
  (note: with N < 10, bootstrap CIs and IQM are necessarily wide; per Colas et al. 2018 consider increasing --num-seeds.)
