Multi-seed training for: fractional-32-8-8
  device       : cpu
  num_seeds    : 1
  base_seed    : 57
  num_episodes : 1500
  output_dir   : metrics/multi-seed/fractional-32-8-8-20k/fractional-32-8-8/_workers/seed57

============================================================
Seed 57 (1/1)
============================================================
  Episode 50/1500  avg(100): 17.5
  Episode 100/1500  avg(100): 15.9
  Episode 150/1500  avg(100): 15.4
  Episode 200/1500  avg(100): 95.5
  Episode 250/1500  avg(100): 167.5
  Episode 300/1500  avg(100): 151.5
  Episode 350/1500  avg(100): 137.8
  Episode 400/1500  avg(100): 122.4
  Episode 450/1500  avg(100): 120.5
  Episode 500/1500  avg(100): 73.0
  Episode 550/1500  avg(100): 68.3
  Episode 600/1500  avg(100): 136.1
  Episode 650/1500  avg(100): 88.2
  Episode 700/1500  avg(100): 169.2
  Episode 750/1500  avg(100): 344.7
  Episode 800/1500  avg(100): 384.1
  Episode 850/1500  avg(100): 312.5
  Episode 900/1500  avg(100): 366.0
  Episode 950/1500  avg(100): 500.0
  Episode 1000/1500  avg(100): 496.2
  Episode 1050/1500  avg(100): 414.9
  Episode 1100/1500  avg(100): 358.7
  Episode 1150/1500  avg(100): 243.4
  Episode 1200/1500  avg(100): 85.8
  Episode 1250/1500  avg(100): 70.7
  Episode 1300/1500  avg(100): 221.2
  Episode 1350/1500  avg(100): 291.3
  Episode 1400/1500  avg(100): 165.3
  Episode 1450/1500  avg(100): 108.4
  Episode 1500/1500  avg(100): 157.3
Model saved to models/fractional-32-8-8-seed57-final.pth
  per-episode CSV streamed to: metrics/multi-seed/fractional-32-8-8-20k/fractional-32-8-8/_workers/seed57/fractional-32-8-8-seed57.csv

Summary CSV: metrics/multi-seed/fractional-32-8-8-20k/fractional-32-8-8/_workers/seed57/fractional-32-8-8-summary.csv

Results across 1 seeds:
  solved (final_avg >= 475) : 0/1 seeds
  final_avg_reward  : 157.29 ± 0.00  (primary metric: CartPole-v1 standard)
  best_avg_reward   : 500.00 ± 0.00
  tail_iqm_reward   : 159.55 ± 0.00  (diagnostic: matches Optuna selection metric)
  convergence_ep    : never reached threshold in any seed

Robust reporting (final_avg_reward across seeds, 95% bootstrap CI):
  IQM   : 157.29  [95% CI: 157.29, 157.29]
  Mean  : 157.29  [95% CI: 157.29, 157.29]
  (note: with N < 10, bootstrap CIs and IQM are necessarily wide; per Colas et al. 2018 consider increasing --num-seeds.)
