Multi-seed training for: bitshift-64-32-4
  device       : cpu
  num_seeds    : 1
  base_seed    : 47
  num_episodes : 1500
  output_dir   : metrics/multi-seed/bitshift-64-32-4-50k/bitshift-64-32-4/_workers/seed47

============================================================
Seed 47 (1/1)
============================================================
  Episode 50/1500  avg(100): 16.0
  Episode 100/1500  avg(100): 14.9
  Episode 150/1500  avg(100): 26.6
  Episode 200/1500  avg(100): 95.3
  Episode 250/1500  avg(100): 158.8
  Episode 300/1500  avg(100): 182.3
  Episode 350/1500  avg(100): 143.9
  Episode 400/1500  avg(100): 102.4
  Episode 450/1500  avg(100): 121.1
  Episode 500/1500  avg(100): 196.0
  Episode 550/1500  avg(100): 231.8
  Episode 600/1500  avg(100): 233.6
  Episode 650/1500  avg(100): 201.0
  Episode 700/1500  avg(100): 116.0
  Episode 750/1500  avg(100): 180.1
  Episode 800/1500  avg(100): 373.5
  Episode 850/1500  avg(100): 352.5
  Episode 900/1500  avg(100): 321.7
  Episode 950/1500  avg(100): 299.7
  Episode 1000/1500  avg(100): 150.3
  Episode 1050/1500  avg(100): 123.9
  Episode 1100/1500  avg(100): 149.1
  Episode 1150/1500  avg(100): 172.7
  Episode 1200/1500  avg(100): 215.9
  Episode 1250/1500  avg(100): 328.7
  Episode 1300/1500  avg(100): 425.9
  Episode 1350/1500  avg(100): 431.6
  Episode 1400/1500  avg(100): 389.3
  Episode 1450/1500  avg(100): 421.3
  Episode 1500/1500  avg(100): 482.3
Model saved to models/bitshift-64-32-4-seed47-final.pth
  per-episode CSV streamed to: metrics/multi-seed/bitshift-64-32-4-50k/bitshift-64-32-4/_workers/seed47/bitshift-64-32-4-seed47.csv

Summary CSV: metrics/multi-seed/bitshift-64-32-4-50k/bitshift-64-32-4/_workers/seed47/bitshift-64-32-4-summary.csv

Results across 1 seeds:
  solved (final_avg >= 475) : 1/1 seeds
  final_avg_reward  : 482.32 ± 0.00  (primary metric: CartPole-v1 standard)
  best_avg_reward   : 485.40 ± 0.00
  tail_iqm_reward   : 378.46 ± 0.00  (diagnostic: matches Optuna selection metric)
  convergence_ep    : 1479.0 ± 0.0  (1/1 seeds converged)

Robust reporting (final_avg_reward across seeds, 95% bootstrap CI):
  IQM   : 482.32  [95% CI: 482.32, 482.32]
  Mean  : 482.32  [95% CI: 482.32, 482.32]
  (note: with N < 10, bootstrap CIs and IQM are necessarily wide; per Colas et al. 2018 consider increasing --num-seeds.)
