Multi-seed training for: leaky-32-32
  device       : cpu
  num_seeds    : 1
  base_seed    : 130
  num_episodes : 1500
  output_dir   : metrics/multi-seed/leaky-32-32/_workers/seed130

============================================================
Seed 130 (1/1)
============================================================
  Episode 50/1500  avg(100): 17.9
  Episode 100/1500  avg(100): 16.7
  Episode 150/1500  avg(100): 14.7
  Episode 200/1500  avg(100): 13.6
  Episode 250/1500  avg(100): 15.9
  Episode 300/1500  avg(100): 40.5
  Episode 350/1500  avg(100): 71.7
  Episode 400/1500  avg(100): 106.4
  Episode 450/1500  avg(100): 148.7
  Episode 500/1500  avg(100): 166.6
  Episode 550/1500  avg(100): 192.3
  Episode 600/1500  avg(100): 246.8
  Episode 650/1500  avg(100): 330.7
  Episode 700/1500  avg(100): 323.5
  Episode 750/1500  avg(100): 200.9
  Episode 800/1500  avg(100): 185.3
  Episode 850/1500  avg(100): 147.4
  Episode 900/1500  avg(100): 50.3
  Episode 950/1500  avg(100): 192.8
  Episode 1000/1500  avg(100): 416.8
  Episode 1050/1500  avg(100): 492.4
  Episode 1100/1500  avg(100): 405.0
  Episode 1150/1500  avg(100): 165.5
  Episode 1200/1500  avg(100): 16.2
  Episode 1250/1500  avg(100): 11.2
  Episode 1300/1500  avg(100): 11.3
  Episode 1350/1500  avg(100): 11.6
  Episode 1400/1500  avg(100): 19.4
  Episode 1450/1500  avg(100): 19.0
  Episode 1500/1500  avg(100): 83.7
Model saved to models/leaky-32-32-seed130-final.pth
  per-episode CSV streamed to: metrics/multi-seed/leaky-32-32/_workers/seed130/leaky-32-32-seed130.csv

Summary CSV: metrics/multi-seed/leaky-32-32/_workers/seed130/leaky-32-32-summary.csv

Results across 1 seeds:
  solved (final_avg >= 475) : 0/1 seeds
  final_avg_reward  : 83.70 ± 0.00  (primary metric: CartPole-v1 standard)
  best_avg_reward   : 492.83 ± 0.00
  tail_iqm_reward   : 15.95 ± 0.00  (diagnostic: matches Optuna selection metric)
  convergence_ep    : never reached threshold in any seed

Robust reporting (final_avg_reward across seeds, 95% bootstrap CI):
  IQM   : 83.70  [95% CI: 83.70, 83.70]
  Mean  : 83.70  [95% CI: 83.70, 83.70]
  (note: with N < 10, bootstrap CIs and IQM are necessarily wide; per Colas et al. 2018 consider increasing --num-seeds.)
