Multi-seed training for: bitshift-64-32-4
  device       : cpu
  num_seeds    : 1
  base_seed    : 72
  num_episodes : 1500
  output_dir   : metrics/multi-seed/bitshift-64-32-4/_workers/seed72

============================================================
Seed 72 (1/1)
============================================================
  Episode 50/1500  avg(100): 16.4
  Episode 100/1500  avg(100): 14.7
  Episode 150/1500  avg(100): 23.3
  Episode 200/1500  avg(100): 84.2
  Episode 250/1500  avg(100): 132.8
  Episode 300/1500  avg(100): 117.3
  Episode 350/1500  avg(100): 145.1
  Episode 400/1500  avg(100): 197.0
  Episode 450/1500  avg(100): 303.1
  Episode 500/1500  avg(100): 402.1
  Episode 550/1500  avg(100): 423.0
  Episode 600/1500  avg(100): 465.1
  Episode 650/1500  avg(100): 422.2
  Episode 700/1500  avg(100): 391.7
  Episode 750/1500  avg(100): 442.5
  Episode 800/1500  avg(100): 478.0
  Episode 850/1500  avg(100): 441.9
  Episode 900/1500  avg(100): 380.1
  Episode 950/1500  avg(100): 276.5
  Episode 1000/1500  avg(100): 338.3
  Episode 1050/1500  avg(100): 493.7
  Episode 1100/1500  avg(100): 493.7
  Episode 1150/1500  avg(100): 489.9
  Episode 1200/1500  avg(100): 469.1
  Episode 1250/1500  avg(100): 476.5
  Episode 1300/1500  avg(100): 497.4
  Episode 1350/1500  avg(100): 493.1
  Episode 1400/1500  avg(100): 461.1
  Episode 1450/1500  avg(100): 467.9
  Episode 1500/1500  avg(100): 500.0
Model saved to models/bitshift-64-32-4-seed72-final.pth
  per-episode CSV streamed to: metrics/multi-seed/bitshift-64-32-4/_workers/seed72/bitshift-64-32-4-seed72.csv

Summary CSV: metrics/multi-seed/bitshift-64-32-4/_workers/seed72/bitshift-64-32-4-summary.csv

Results across 1 seeds:
  solved (final_avg >= 475) : 1/1 seeds
  final_avg_reward  : 500.00 ± 0.00  (primary metric: CartPole-v1 standard)
  best_avg_reward   : 500.00 ± 0.00
  tail_iqm_reward   : 480.74 ± 0.00  (diagnostic: matches Optuna selection metric)
  convergence_ep    : 1475.0 ± 0.0  (1/1 seeds converged)

Robust reporting (final_avg_reward across seeds, 95% bootstrap CI):
  IQM   : 500.00  [95% CI: 500.00, 500.00]
  Mean  : 500.00  [95% CI: 500.00, 500.00]
  (note: with N < 10, bootstrap CIs and IQM are necessarily wide; per Colas et al. 2018 consider increasing --num-seeds.)
