Multi-seed training for: fractional-32-8-8
  device       : cpu
  num_seeds    : 1
  base_seed    : 101
  num_episodes : 1500
  output_dir   : metrics/multi-seed/fractional-32-8-8/_workers/seed101

============================================================
Seed 101 (1/1)
============================================================
  Episode 50/1500  avg(100): 17.4
  Episode 100/1500  avg(100): 15.6
  Episode 150/1500  avg(100): 15.9
  Episode 200/1500  avg(100): 24.2
  Episode 250/1500  avg(100): 102.1
  Episode 300/1500  avg(100): 184.1
  Episode 350/1500  avg(100): 162.6
  Episode 400/1500  avg(100): 111.2
  Episode 450/1500  avg(100): 90.4
  Episode 500/1500  avg(100): 136.9
  Episode 550/1500  avg(100): 339.9
  Episode 600/1500  avg(100): 497.6
  Episode 650/1500  avg(100): 493.2
  Episode 700/1500  avg(100): 482.0
  Episode 750/1500  avg(100): 471.3
  Episode 800/1500  avg(100): 482.5
  Episode 850/1500  avg(100): 500.0
  Episode 900/1500  avg(100): 500.0
  Episode 950/1500  avg(100): 497.1
  Episode 1000/1500  avg(100): 364.9
  Episode 1050/1500  avg(100): 319.8
  Episode 1100/1500  avg(100): 406.7
  Episode 1150/1500  avg(100): 449.3
  Episode 1200/1500  avg(100): 435.0
  Episode 1250/1500  avg(100): 385.0
  Episode 1300/1500  avg(100): 444.6
  Episode 1350/1500  avg(100): 500.0
  Episode 1400/1500  avg(100): 497.3
  Episode 1450/1500  avg(100): 496.2
  Episode 1500/1500  avg(100): 451.5
Model saved to models/fractional-32-8-8-seed101-final.pth
  per-episode CSV streamed to: metrics/multi-seed/fractional-32-8-8/_workers/seed101/fractional-32-8-8-seed101.csv

Summary CSV: metrics/multi-seed/fractional-32-8-8/_workers/seed101/fractional-32-8-8-summary.csv

Results across 1 seeds:
  solved (final_avg >= 475) : 0/1 seeds
  final_avg_reward  : 451.48 ± 0.00  (primary metric: CartPole-v1 standard)
  best_avg_reward   : 500.00 ± 0.00
  tail_iqm_reward   : 461.84 ± 0.00  (diagnostic: matches Optuna selection metric)
  convergence_ep    : never reached threshold in any seed

Robust reporting (final_avg_reward across seeds, 95% bootstrap CI):
  IQM   : 451.48  [95% CI: 451.48, 451.48]
  Mean  : 451.48  [95% CI: 451.48, 451.48]
  (note: with N < 10, bootstrap CIs and IQM are necessarily wide; per Colas et al. 2018 consider increasing --num-seeds.)
