Multi-seed training for: leaky-32-32
  device       : cpu
  num_seeds    : 1
  base_seed    : 50
  num_episodes : 1500
  output_dir   : metrics/multi-seed/leaky-32-32-50k/leaky-32-32/_workers/seed50

============================================================
Seed 50 (1/1)
============================================================
  Episode 50/1500  avg(100): 17.7
  Episode 100/1500  avg(100): 16.2
  Episode 150/1500  avg(100): 13.4
  Episode 200/1500  avg(100): 12.4
  Episode 250/1500  avg(100): 20.3
  Episode 300/1500  avg(100): 46.3
  Episode 350/1500  avg(100): 102.5
  Episode 400/1500  avg(100): 127.5
  Episode 450/1500  avg(100): 101.7
  Episode 500/1500  avg(100): 114.3
  Episode 550/1500  avg(100): 184.2
  Episode 600/1500  avg(100): 334.1
  Episode 650/1500  avg(100): 297.3
  Episode 700/1500  avg(100): 141.3
  Episode 750/1500  avg(100): 128.8
  Episode 800/1500  avg(100): 155.5
  Episode 850/1500  avg(100): 157.3
  Episode 900/1500  avg(100): 113.4
  Episode 950/1500  avg(100): 115.5
  Episode 1000/1500  avg(100): 149.1
  Episode 1050/1500  avg(100): 223.6
  Episode 1100/1500  avg(100): 319.1
  Episode 1150/1500  avg(100): 413.0
  Episode 1200/1500  avg(100): 482.0
  Episode 1250/1500  avg(100): 473.6
  Episode 1300/1500  avg(100): 454.0
  Episode 1350/1500  avg(100): 467.8
  Episode 1400/1500  avg(100): 462.1
  Episode 1450/1500  avg(100): 413.6
  Episode 1500/1500  avg(100): 403.8
Model saved to models/leaky-32-32-seed50-final.pth
  per-episode CSV streamed to: metrics/multi-seed/leaky-32-32-50k/leaky-32-32/_workers/seed50/leaky-32-32-seed50.csv

Summary CSV: metrics/multi-seed/leaky-32-32-50k/leaky-32-32/_workers/seed50/leaky-32-32-summary.csv

Results across 1 seeds:
  solved (final_avg >= 475) : 0/1 seeds
  final_avg_reward  : 403.80 ± 0.00  (primary metric: CartPole-v1 standard)
  best_avg_reward   : 482.57 ± 0.00
  tail_iqm_reward   : 460.38 ± 0.00  (diagnostic: matches Optuna selection metric)
  convergence_ep    : never reached threshold in any seed

Robust reporting (final_avg_reward across seeds, 95% bootstrap CI):
  IQM   : 403.80  [95% CI: 403.80, 403.80]
  Mean  : 403.80  [95% CI: 403.80, 403.80]
  (note: with N < 10, bootstrap CIs and IQM are necessarily wide; per Colas et al. 2018 consider increasing --num-seeds.)
