Multi-seed training for: fractional-32-8-8
  device       : cpu
  num_seeds    : 1
  base_seed    : 135
  num_episodes : 1500
  output_dir   : metrics/multi-seed/fractional-32-8-8/_workers/seed135

============================================================
Seed 135 (1/1)
============================================================
  Episode 50/1500  avg(100): 18.0
  Episode 100/1500  avg(100): 15.7
  Episode 150/1500  avg(100): 14.2
  Episode 200/1500  avg(100): 13.8
  Episode 250/1500  avg(100): 13.8
  Episode 300/1500  avg(100): 16.0
  Episode 350/1500  avg(100): 74.0
  Episode 400/1500  avg(100): 151.7
  Episode 450/1500  avg(100): 169.3
  Episode 500/1500  avg(100): 161.2
  Episode 550/1500  avg(100): 203.1
  Episode 600/1500  avg(100): 275.4
  Episode 650/1500  avg(100): 290.3
  Episode 700/1500  avg(100): 290.6
  Episode 750/1500  avg(100): 333.9
  Episode 800/1500  avg(100): 316.0
  Episode 850/1500  avg(100): 336.5
  Episode 900/1500  avg(100): 447.2
  Episode 950/1500  avg(100): 488.7
  Episode 1000/1500  avg(100): 466.7
  Episode 1050/1500  avg(100): 336.5
  Episode 1100/1500  avg(100): 190.9
  Episode 1150/1500  avg(100): 137.5
  Episode 1200/1500  avg(100): 104.8
  Episode 1250/1500  avg(100): 55.0
  Episode 1300/1500  avg(100): 22.6
  Episode 1350/1500  avg(100): 16.2
  Episode 1400/1500  avg(100): 10.7
  Episode 1450/1500  avg(100): 10.8
  Episode 1500/1500  avg(100): 18.4
Model saved to models/fractional-32-8-8-seed135-final.pth
  per-episode CSV streamed to: metrics/multi-seed/fractional-32-8-8/_workers/seed135/fractional-32-8-8-seed135.csv

Summary CSV: metrics/multi-seed/fractional-32-8-8/_workers/seed135/fractional-32-8-8-summary.csv

Results across 1 seeds:
  solved (final_avg >= 475) : 0/1 seeds
  final_avg_reward  : 18.36 ± 0.00  (primary metric: CartPole-v1 standard)
  best_avg_reward   : 488.69 ± 0.00
  tail_iqm_reward   : 30.71 ± 0.00  (diagnostic: matches Optuna selection metric)
  convergence_ep    : never reached threshold in any seed

Robust reporting (final_avg_reward across seeds, 95% bootstrap CI):
  IQM   : 18.36  [95% CI: 18.36, 18.36]
  Mean  : 18.36  [95% CI: 18.36, 18.36]
  (note: with N < 10, bootstrap CIs and IQM are necessarily wide; per Colas et al. 2018 consider increasing --num-seeds.)
