Multi-seed training for: bitshift-64-32-4
  device       : cpu
  num_seeds    : 1
  base_seed    : 129
  num_episodes : 1500
  output_dir   : metrics/multi-seed/bitshift-64-32-4/_workers/seed129

============================================================
Seed 129 (1/1)
============================================================
  Episode 50/1500  avg(100): 17.7
  Episode 100/1500  avg(100): 16.2
  Episode 150/1500  avg(100): 64.5
  Episode 200/1500  avg(100): 176.9
  Episode 250/1500  avg(100): 220.4
  Episode 300/1500  avg(100): 195.6
  Episode 350/1500  avg(100): 153.6
  Episode 400/1500  avg(100): 210.6
  Episode 450/1500  avg(100): 336.9
  Episode 500/1500  avg(100): 429.1
  Episode 550/1500  avg(100): 389.9
  Episode 600/1500  avg(100): 245.7
  Episode 650/1500  avg(100): 160.8
  Episode 700/1500  avg(100): 121.6
  Episode 750/1500  avg(100): 151.6
  Episode 800/1500  avg(100): 254.2
  Episode 850/1500  avg(100): 283.2
  Episode 900/1500  avg(100): 286.6
  Episode 950/1500  avg(100): 297.8
  Episode 1000/1500  avg(100): 266.0
  Episode 1050/1500  avg(100): 297.0
  Episode 1100/1500  avg(100): 259.7
  Episode 1150/1500  avg(100): 223.5
  Episode 1200/1500  avg(100): 196.8
  Episode 1250/1500  avg(100): 270.3
  Episode 1300/1500  avg(100): 411.7
  Episode 1350/1500  avg(100): 462.4
  Episode 1400/1500  avg(100): 494.5
  Episode 1450/1500  avg(100): 484.0
  Episode 1500/1500  avg(100): 455.4
Model saved to models/bitshift-64-32-4-seed129-final.pth
  per-episode CSV streamed to: metrics/multi-seed/bitshift-64-32-4/_workers/seed129/bitshift-64-32-4-seed129.csv

Summary CSV: metrics/multi-seed/bitshift-64-32-4/_workers/seed129/bitshift-64-32-4-summary.csv

Results across 1 seeds:
  solved (final_avg >= 475) : 0/1 seeds
  final_avg_reward  : 455.42 ± 0.00  (primary metric: CartPole-v1 standard)
  best_avg_reward   : 494.61 ± 0.00
  tail_iqm_reward   : 391.02 ± 0.00  (diagnostic: matches Optuna selection metric)
  convergence_ep    : never reached threshold in any seed

Robust reporting (final_avg_reward across seeds, 95% bootstrap CI):
  IQM   : 455.42  [95% CI: 455.42, 455.42]
  Mean  : 455.42  [95% CI: 455.42, 455.42]
  (note: with N < 10, bootstrap CIs and IQM are necessarily wide; per Colas et al. 2018 consider increasing --num-seeds.)
