Multi-seed training for: leaky-32-32
  device       : cpu
  num_seeds    : 1
  base_seed    : 58
  num_episodes : 1500
  output_dir   : metrics/multi-seed/leaky-32-32-50k/leaky-32-32/_workers/seed58

============================================================
Seed 58 (1/1)
============================================================
  Episode 50/1500  avg(100): 17.2
  Episode 100/1500  avg(100): 16.9
  Episode 150/1500  avg(100): 16.1
  Episode 200/1500  avg(100): 32.0
  Episode 250/1500  avg(100): 85.9
  Episode 300/1500  avg(100): 141.2
  Episode 350/1500  avg(100): 158.5
  Episode 400/1500  avg(100): 155.3
  Episode 450/1500  avg(100): 150.8
  Episode 500/1500  avg(100): 146.0
  Episode 550/1500  avg(100): 140.2
  Episode 600/1500  avg(100): 130.7
  Episode 650/1500  avg(100): 120.8
  Episode 700/1500  avg(100): 188.5
  Episode 750/1500  avg(100): 213.2
  Episode 800/1500  avg(100): 189.7
  Episode 850/1500  avg(100): 270.4
  Episode 900/1500  avg(100): 366.2
  Episode 950/1500  avg(100): 451.8
  Episode 1000/1500  avg(100): 500.0
  Episode 1050/1500  avg(100): 495.1
  Episode 1100/1500  avg(100): 495.1
  Episode 1150/1500  avg(100): 495.4
  Episode 1200/1500  avg(100): 495.4
  Episode 1250/1500  avg(100): 495.3
  Episode 1300/1500  avg(100): 494.4
  Episode 1350/1500  avg(100): 499.0
  Episode 1400/1500  avg(100): 495.4
  Episode 1450/1500  avg(100): 495.4
  Episode 1500/1500  avg(100): 493.3
Model saved to models/leaky-32-32-seed58-final.pth
  per-episode CSV streamed to: metrics/multi-seed/leaky-32-32-50k/leaky-32-32/_workers/seed58/leaky-32-32-seed58.csv

Summary CSV: metrics/multi-seed/leaky-32-32-50k/leaky-32-32/_workers/seed58/leaky-32-32-summary.csv

Results across 1 seeds:
  solved (final_avg >= 475) : 1/1 seeds
  final_avg_reward  : 493.28 ± 0.00  (primary metric: CartPole-v1 standard)
  best_avg_reward   : 500.00 ± 0.00
  tail_iqm_reward   : 495.24 ± 0.00  (diagnostic: matches Optuna selection metric)
  convergence_ep    : 984.0 ± 0.0  (1/1 seeds converged)

Robust reporting (final_avg_reward across seeds, 95% bootstrap CI):
  IQM   : 493.28  [95% CI: 493.28, 493.28]
  Mean  : 493.28  [95% CI: 493.28, 493.28]
  (note: with N < 10, bootstrap CIs and IQM are necessarily wide; per Colas et al. 2018 consider increasing --num-seeds.)
