Multi-seed training for: bitshift-64-32-4
  device       : cpu
  num_seeds    : 1
  base_seed    : 51
  num_episodes : 1500
  output_dir   : metrics/multi-seed/bitshift-64-32-4-20k/bitshift-64-32-4/_workers/seed51

============================================================
Seed 51 (1/1)
============================================================
  Episode 50/1500  avg(100): 17.4
  Episode 100/1500  avg(100): 15.9
  Episode 150/1500  avg(100): 21.3
  Episode 200/1500  avg(100): 91.8
  Episode 250/1500  avg(100): 171.0
  Episode 300/1500  avg(100): 219.7
  Episode 350/1500  avg(100): 243.0
  Episode 400/1500  avg(100): 218.0
  Episode 450/1500  avg(100): 193.5
  Episode 500/1500  avg(100): 214.6
  Episode 550/1500  avg(100): 323.0
  Episode 600/1500  avg(100): 450.5
  Episode 650/1500  avg(100): 481.4
  Episode 700/1500  avg(100): 459.1
  Episode 750/1500  avg(100): 477.7
  Episode 800/1500  avg(100): 500.0
  Episode 850/1500  avg(100): 496.1
  Episode 900/1500  avg(100): 494.5
  Episode 950/1500  avg(100): 485.0
  Episode 1000/1500  avg(100): 484.0
  Episode 1050/1500  avg(100): 388.8
  Episode 1100/1500  avg(100): 265.5
  Episode 1150/1500  avg(100): 230.5
  Episode 1200/1500  avg(100): 273.0
  Episode 1250/1500  avg(100): 229.1
  Episode 1300/1500  avg(100): 144.7
  Episode 1350/1500  avg(100): 211.4
  Episode 1400/1500  avg(100): 302.7
  Episode 1450/1500  avg(100): 323.7
  Episode 1500/1500  avg(100): 333.9
Model saved to models/bitshift-64-32-4-seed51-final.pth
  per-episode CSV streamed to: metrics/multi-seed/bitshift-64-32-4-20k/bitshift-64-32-4/_workers/seed51/bitshift-64-32-4-seed51.csv

Summary CSV: metrics/multi-seed/bitshift-64-32-4-20k/bitshift-64-32-4/_workers/seed51/bitshift-64-32-4-summary.csv

Results across 1 seeds:
  solved (final_avg >= 475) : 0/1 seeds
  final_avg_reward  : 333.89 ± 0.00  (primary metric: CartPole-v1 standard)
  best_avg_reward   : 500.00 ± 0.00
  tail_iqm_reward   : 262.68 ± 0.00  (diagnostic: matches Optuna selection metric)
  convergence_ep    : never reached threshold in any seed

Robust reporting (final_avg_reward across seeds, 95% bootstrap CI):
  IQM   : 333.89  [95% CI: 333.89, 333.89]
  Mean  : 333.89  [95% CI: 333.89, 333.89]
  (note: with N < 10, bootstrap CIs and IQM are necessarily wide; per Colas et al. 2018 consider increasing --num-seeds.)
