Multi-seed training for: bitshift-64-32-4
  device       : cpu
  num_seeds    : 1
  base_seed    : 52
  num_episodes : 1500
  output_dir   : metrics/multi-seed/bitshift-64-32-4/_workers/seed52

============================================================
Seed 52 (1/1)
============================================================
  Episode 50/1500  avg(100): 15.8
  Episode 100/1500  avg(100): 15.6
  Episode 150/1500  avg(100): 62.5
  Episode 200/1500  avg(100): 174.3
  Episode 250/1500  avg(100): 193.1
  Episode 300/1500  avg(100): 208.2
  Episode 350/1500  avg(100): 237.4
  Episode 400/1500  avg(100): 183.6
  Episode 450/1500  avg(100): 182.8
  Episode 500/1500  avg(100): 272.2
  Episode 550/1500  avg(100): 359.6
  Episode 600/1500  avg(100): 390.0
  Episode 650/1500  avg(100): 432.9
  Episode 700/1500  avg(100): 445.3
  Episode 750/1500  avg(100): 410.6
  Episode 800/1500  avg(100): 274.1
  Episode 850/1500  avg(100): 238.3
  Episode 900/1500  avg(100): 376.6
  Episode 950/1500  avg(100): 234.7
  Episode 1000/1500  avg(100): 62.2
  Episode 1050/1500  avg(100): 163.0
  Episode 1100/1500  avg(100): 361.3
  Episode 1150/1500  avg(100): 487.0
  Episode 1200/1500  avg(100): 347.6
  Episode 1250/1500  avg(100): 229.4
  Episode 1300/1500  avg(100): 334.4
  Episode 1350/1500  avg(100): 391.1
  Episode 1400/1500  avg(100): 400.8
  Episode 1450/1500  avg(100): 466.1
  Episode 1500/1500  avg(100): 500.0
Model saved to models/bitshift-64-32-4-seed52-final.pth
  per-episode CSV streamed to: metrics/multi-seed/bitshift-64-32-4/_workers/seed52/bitshift-64-32-4-seed52.csv

Summary CSV: metrics/multi-seed/bitshift-64-32-4/_workers/seed52/bitshift-64-32-4-summary.csv

Results across 1 seeds:
  solved (final_avg >= 475) : 1/1 seeds
  final_avg_reward  : 500.00 ± 0.00  (primary metric: CartPole-v1 standard)
  best_avg_reward   : 500.00 ± 0.00
  tail_iqm_reward   : 395.07 ± 0.00  (diagnostic: matches Optuna selection metric)
  convergence_ep    : 1454.0 ± 0.0  (1/1 seeds converged)

Robust reporting (final_avg_reward across seeds, 95% bootstrap CI):
  IQM   : 500.00  [95% CI: 500.00, 500.00]
  Mean  : 500.00  [95% CI: 500.00, 500.00]
  (note: with N < 10, bootstrap CIs and IQM are necessarily wide; per Colas et al. 2018 consider increasing --num-seeds.)
