Multi-seed training for: bitshift-64-32-4
  device       : cpu
  num_seeds    : 1
  base_seed    : 139
  num_episodes : 1500
  output_dir   : metrics/multi-seed/bitshift-64-32-4/_workers/seed139

============================================================
Seed 139 (1/1)
============================================================
  Episode 50/1500  avg(100): 16.3
  Episode 100/1500  avg(100): 14.7
  Episode 150/1500  avg(100): 15.1
  Episode 200/1500  avg(100): 34.5
  Episode 250/1500  avg(100): 107.7
  Episode 300/1500  avg(100): 164.2
  Episode 350/1500  avg(100): 153.2
  Episode 400/1500  avg(100): 206.2
  Episode 450/1500  avg(100): 326.9
  Episode 500/1500  avg(100): 378.6
  Episode 550/1500  avg(100): 196.8
  Episode 600/1500  avg(100): 19.0
  Episode 650/1500  avg(100): 107.6
  Episode 700/1500  avg(100): 273.7
  Episode 750/1500  avg(100): 420.1
  Episode 800/1500  avg(100): 455.9
  Episode 850/1500  avg(100): 455.5
  Episode 900/1500  avg(100): 490.3
  Episode 950/1500  avg(100): 446.5
  Episode 1000/1500  avg(100): 394.6
  Episode 1050/1500  avg(100): 435.9
  Episode 1100/1500  avg(100): 482.2
  Episode 1150/1500  avg(100): 471.1
  Episode 1200/1500  avg(100): 442.4
  Episode 1250/1500  avg(100): 370.7
  Episode 1300/1500  avg(100): 405.6
  Episode 1350/1500  avg(100): 409.2
  Episode 1400/1500  avg(100): 367.5
  Episode 1450/1500  avg(100): 446.2
  Episode 1500/1500  avg(100): 475.0
Model saved to models/bitshift-64-32-4-seed139-final.pth
  per-episode CSV streamed to: metrics/multi-seed/bitshift-64-32-4/_workers/seed139/bitshift-64-32-4-seed139.csv

Summary CSV: metrics/multi-seed/bitshift-64-32-4/_workers/seed139/bitshift-64-32-4-summary.csv

Results across 1 seeds:
  solved (final_avg >= 475) : 1/1 seeds
  final_avg_reward  : 475.01 ± 0.00  (primary metric: CartPole-v1 standard)
  best_avg_reward   : 492.86 ± 0.00
  tail_iqm_reward   : 416.68 ± 0.00  (diagnostic: matches Optuna selection metric)
  convergence_ep    : 1459.0 ± 0.0  (1/1 seeds converged)

Robust reporting (final_avg_reward across seeds, 95% bootstrap CI):
  IQM   : 475.01  [95% CI: 475.01, 475.01]
  Mean  : 475.01  [95% CI: 475.01, 475.01]
  (note: with N < 10, bootstrap CIs and IQM are necessarily wide; per Colas et al. 2018 consider increasing --num-seeds.)
