Multi-seed training for: leaky-32-32
  device       : cpu
  num_seeds    : 1
  base_seed    : 46
  num_episodes : 1500
  output_dir   : metrics/multi-seed/leaky-32-32-50k/leaky-32-32/_workers/seed46

============================================================
Seed 46 (1/1)
============================================================
  Episode 50/1500  avg(100): 17.2
  Episode 100/1500  avg(100): 14.6
  Episode 150/1500  avg(100): 13.2
  Episode 200/1500  avg(100): 29.8
  Episode 250/1500  avg(100): 93.1
  Episode 300/1500  avg(100): 162.2
  Episode 350/1500  avg(100): 180.2
  Episode 400/1500  avg(100): 186.5
  Episode 450/1500  avg(100): 200.0
  Episode 500/1500  avg(100): 206.3
  Episode 550/1500  avg(100): 195.8
  Episode 600/1500  avg(100): 166.8
  Episode 650/1500  avg(100): 140.7
  Episode 700/1500  avg(100): 125.6
  Episode 750/1500  avg(100): 122.4
  Episode 800/1500  avg(100): 107.9
  Episode 850/1500  avg(100): 113.4
  Episode 900/1500  avg(100): 115.6
  Episode 950/1500  avg(100): 81.9
  Episode 1000/1500  avg(100): 84.8
  Episode 1050/1500  avg(100): 195.0
  Episode 1100/1500  avg(100): 376.6
  Episode 1150/1500  avg(100): 482.4
  Episode 1200/1500  avg(100): 498.9
  Episode 1250/1500  avg(100): 485.0
  Episode 1300/1500  avg(100): 466.1
  Episode 1350/1500  avg(100): 392.8
  Episode 1400/1500  avg(100): 294.9
  Episode 1450/1500  avg(100): 204.5
  Episode 1500/1500  avg(100): 228.9
Model saved to models/leaky-32-32-seed46-final.pth
  per-episode CSV streamed to: metrics/multi-seed/leaky-32-32-50k/leaky-32-32/_workers/seed46/leaky-32-32-seed46.csv

Summary CSV: metrics/multi-seed/leaky-32-32-50k/leaky-32-32/_workers/seed46/leaky-32-32-summary.csv

Results across 1 seeds:
  solved (final_avg >= 475) : 0/1 seeds
  final_avg_reward  : 228.87 ± 0.00  (primary metric: CartPole-v1 standard)
  best_avg_reward   : 498.90 ± 0.00
  tail_iqm_reward   : 425.16 ± 0.00  (diagnostic: matches Optuna selection metric)
  convergence_ep    : never reached threshold in any seed

Robust reporting (final_avg_reward across seeds, 95% bootstrap CI):
  IQM   : 228.87  [95% CI: 228.87, 228.87]
  Mean  : 228.87  [95% CI: 228.87, 228.87]
  (note: with N < 10, bootstrap CIs and IQM are necessarily wide; per Colas et al. 2018 consider increasing --num-seeds.)
