Multi-seed training for: fractional-32-8-8
  device       : cpu
  num_seeds    : 1
  base_seed    : 67
  num_episodes : 1500
  output_dir   : metrics/multi-seed/fractional-32-8-8/_workers/seed67

============================================================
Seed 67 (1/1)
============================================================
  Episode 50/1500  avg(100): 15.9
  Episode 100/1500  avg(100): 15.7
  Episode 150/1500  avg(100): 16.4
  Episode 200/1500  avg(100): 48.2
  Episode 250/1500  avg(100): 131.3
  Episode 300/1500  avg(100): 179.5
  Episode 350/1500  avg(100): 103.5
  Episode 400/1500  avg(100): 41.0
  Episode 450/1500  avg(100): 64.7
  Episode 500/1500  avg(100): 110.2
  Episode 550/1500  avg(100): 168.2
  Episode 600/1500  avg(100): 135.3
  Episode 650/1500  avg(100): 54.2
  Episode 700/1500  avg(100): 70.0
  Episode 750/1500  avg(100): 116.7
  Episode 800/1500  avg(100): 156.5
  Episode 850/1500  avg(100): 128.5
  Episode 900/1500  avg(100): 59.8
  Episode 950/1500  avg(100): 60.4
  Episode 1000/1500  avg(100): 167.9
  Episode 1050/1500  avg(100): 314.9
  Episode 1100/1500  avg(100): 338.7
  Episode 1150/1500  avg(100): 249.3
  Episode 1200/1500  avg(100): 288.1
  Episode 1250/1500  avg(100): 407.2
  Episode 1300/1500  avg(100): 389.4
  Episode 1350/1500  avg(100): 278.1
  Episode 1400/1500  avg(100): 270.8
  Episode 1450/1500  avg(100): 411.2
  Episode 1500/1500  avg(100): 452.2
Model saved to models/fractional-32-8-8-seed67-final.pth
  per-episode CSV streamed to: metrics/multi-seed/fractional-32-8-8/_workers/seed67/fractional-32-8-8-seed67.csv

Summary CSV: metrics/multi-seed/fractional-32-8-8/_workers/seed67/fractional-32-8-8-summary.csv

Results across 1 seeds:
  solved (final_avg >= 475) : 0/1 seeds
  final_avg_reward  : 452.23 ± 0.00  (primary metric: CartPole-v1 standard)
  best_avg_reward   : 472.71 ± 0.00
  tail_iqm_reward   : 334.69 ± 0.00  (diagnostic: matches Optuna selection metric)
  convergence_ep    : never reached threshold in any seed

Robust reporting (final_avg_reward across seeds, 95% bootstrap CI):
  IQM   : 452.23  [95% CI: 452.23, 452.23]
  Mean  : 452.23  [95% CI: 452.23, 452.23]
  (note: with N < 10, bootstrap CIs and IQM are necessarily wide; per Colas et al. 2018 consider increasing --num-seeds.)
