Multi-seed training for: fractional-32-8-8
  device       : cpu
  num_seeds    : 1
  base_seed    : 43
  num_episodes : 1500
  output_dir   : metrics/multi-seed/fractional-32-8-8-25k/fractional-32-8-8/_workers/seed43

============================================================
Seed 43 (1/1)
============================================================
  Episode 50/1500  avg(100): 17.2
  Episode 100/1500  avg(100): 16.1
  Episode 150/1500  avg(100): 16.5
  Episode 200/1500  avg(100): 44.2
  Episode 250/1500  avg(100): 97.1
  Episode 300/1500  avg(100): 131.1
  Episode 350/1500  avg(100): 123.1
  Episode 400/1500  avg(100): 106.8
  Episode 450/1500  avg(100): 129.6
  Episode 500/1500  avg(100): 252.9
  Episode 550/1500  avg(100): 426.2
  Episode 600/1500  avg(100): 441.9
  Episode 650/1500  avg(100): 378.1
  Episode 700/1500  avg(100): 380.0
  Episode 750/1500  avg(100): 443.7
  Episode 800/1500  avg(100): 391.9
  Episode 850/1500  avg(100): 227.5
  Episode 900/1500  avg(100): 129.6
  Episode 950/1500  avg(100): 94.6
  Episode 1000/1500  avg(100): 212.1
  Episode 1050/1500  avg(100): 293.2
  Episode 1100/1500  avg(100): 194.6
  Episode 1150/1500  avg(100): 188.6
  Episode 1200/1500  avg(100): 374.3
  Episode 1250/1500  avg(100): 498.6
  Episode 1300/1500  avg(100): 500.0
  Episode 1350/1500  avg(100): 500.0
  Episode 1400/1500  avg(100): 499.2
  Episode 1450/1500  avg(100): 478.6
  Episode 1500/1500  avg(100): 476.6
Model saved to models/fractional-32-8-8-seed43-final.pth
  per-episode CSV streamed to: metrics/multi-seed/fractional-32-8-8-25k/fractional-32-8-8/_workers/seed43/fractional-32-8-8-seed43.csv

Summary CSV: metrics/multi-seed/fractional-32-8-8-25k/fractional-32-8-8/_workers/seed43/fractional-32-8-8-summary.csv

Results across 1 seeds:
  solved (final_avg >= 475) : 1/1 seeds
  final_avg_reward  : 476.56 ± 0.00  (primary metric: CartPole-v1 standard)
  best_avg_reward   : 500.00 ± 0.00
  tail_iqm_reward   : 489.53 ± 0.00  (diagnostic: matches Optuna selection metric)
  convergence_ep    : 1222.0 ± 0.0  (1/1 seeds converged)

Robust reporting (final_avg_reward across seeds, 95% bootstrap CI):
  IQM   : 476.56  [95% CI: 476.56, 476.56]
  Mean  : 476.56  [95% CI: 476.56, 476.56]
  (note: with N < 10, bootstrap CIs and IQM are necessarily wide; per Colas et al. 2018 consider increasing --num-seeds.)
