Multi-seed training for: bitshift-64-32-4
  device       : cpu
  num_seeds    : 1
  base_seed    : 58
  num_episodes : 1500
  output_dir   : metrics/multi-seed/bitshift-64-32-4-20k/bitshift-64-32-4/_workers/seed58

============================================================
Seed 58 (1/1)
============================================================
  Episode 50/1500  avg(100): 16.4
  Episode 100/1500  avg(100): 15.2
  Episode 150/1500  avg(100): 16.1
  Episode 200/1500  avg(100): 48.3
  Episode 250/1500  avg(100): 115.1
  Episode 300/1500  avg(100): 157.4
  Episode 350/1500  avg(100): 167.7
  Episode 400/1500  avg(100): 180.4
  Episode 450/1500  avg(100): 200.6
  Episode 500/1500  avg(100): 225.0
  Episode 550/1500  avg(100): 201.6
  Episode 600/1500  avg(100): 238.0
  Episode 650/1500  avg(100): 198.2
  Episode 700/1500  avg(100): 230.8
  Episode 750/1500  avg(100): 322.7
  Episode 800/1500  avg(100): 329.9
  Episode 850/1500  avg(100): 316.4
  Episode 900/1500  avg(100): 294.3
  Episode 950/1500  avg(100): 352.5
  Episode 1000/1500  avg(100): 283.2
  Episode 1050/1500  avg(100): 233.9
  Episode 1100/1500  avg(100): 357.9
  Episode 1150/1500  avg(100): 298.6
  Episode 1200/1500  avg(100): 120.5
  Episode 1250/1500  avg(100): 161.6
  Episode 1300/1500  avg(100): 315.1
  Episode 1350/1500  avg(100): 390.0
  Episode 1400/1500  avg(100): 431.8
  Episode 1450/1500  avg(100): 494.9
  Episode 1500/1500  avg(100): 499.7
Model saved to models/bitshift-64-32-4-seed58-final.pth
  per-episode CSV streamed to: metrics/multi-seed/bitshift-64-32-4-20k/bitshift-64-32-4/_workers/seed58/bitshift-64-32-4-seed58.csv

Summary CSV: metrics/multi-seed/bitshift-64-32-4-20k/bitshift-64-32-4/_workers/seed58/bitshift-64-32-4-summary.csv

Results across 1 seeds:
  solved (final_avg >= 475) : 1/1 seeds
  final_avg_reward  : 499.68 ± 0.00  (primary metric: CartPole-v1 standard)
  best_avg_reward   : 499.68 ± 0.00
  tail_iqm_reward   : 341.38 ± 0.00  (diagnostic: matches Optuna selection metric)
  convergence_ep    : 1416.0 ± 0.0  (1/1 seeds converged)

Robust reporting (final_avg_reward across seeds, 95% bootstrap CI):
  IQM   : 499.68  [95% CI: 499.68, 499.68]
  Mean  : 499.68  [95% CI: 499.68, 499.68]
  (note: with N < 10, bootstrap CIs and IQM are necessarily wide; per Colas et al. 2018 consider increasing --num-seeds.)
