Multi-seed training for: leaky-32-32
  device       : cpu
  num_seeds    : 1
  base_seed    : 57
  num_episodes : 1500
  output_dir   : metrics/multi-seed/leaky-32-32-25k/leaky-32-32/_workers/seed57

============================================================
Seed 57 (1/1)
============================================================
  Episode 50/1500  avg(100): 19.4
  Episode 100/1500  avg(100): 18.6
  Episode 150/1500  avg(100): 34.8
  Episode 200/1500  avg(100): 98.9
  Episode 250/1500  avg(100): 160.9
  Episode 300/1500  avg(100): 176.8
  Episode 350/1500  avg(100): 165.9
  Episode 400/1500  avg(100): 159.4
  Episode 450/1500  avg(100): 109.5
  Episode 500/1500  avg(100): 57.2
  Episode 550/1500  avg(100): 107.0
  Episode 600/1500  avg(100): 159.2
  Episode 650/1500  avg(100): 265.3
  Episode 700/1500  avg(100): 325.6
  Episode 750/1500  avg(100): 387.2
  Episode 800/1500  avg(100): 443.6
  Episode 850/1500  avg(100): 434.1
  Episode 900/1500  avg(100): 429.3
  Episode 950/1500  avg(100): 393.4
  Episode 1000/1500  avg(100): 380.9
  Episode 1050/1500  avg(100): 331.3
  Episode 1100/1500  avg(100): 306.8
  Episode 1150/1500  avg(100): 374.6
  Episode 1200/1500  avg(100): 451.8
  Episode 1250/1500  avg(100): 441.6
  Episode 1300/1500  avg(100): 419.0
  Episode 1350/1500  avg(100): 374.8
  Episode 1400/1500  avg(100): 391.0
  Episode 1450/1500  avg(100): 468.6
  Episode 1500/1500  avg(100): 465.6
Model saved to models/leaky-32-32-seed57-final.pth
  per-episode CSV streamed to: metrics/multi-seed/leaky-32-32-25k/leaky-32-32/_workers/seed57/leaky-32-32-seed57.csv

Summary CSV: metrics/multi-seed/leaky-32-32-25k/leaky-32-32/_workers/seed57/leaky-32-32-summary.csv

Results across 1 seeds:
  solved (final_avg >= 475) : 0/1 seeds
  final_avg_reward  : 465.57 ± 0.00  (primary metric: CartPole-v1 standard)
  best_avg_reward   : 470.72 ± 0.00
  tail_iqm_reward   : 425.14 ± 0.00  (diagnostic: matches Optuna selection metric)
  convergence_ep    : never reached threshold in any seed

Robust reporting (final_avg_reward across seeds, 95% bootstrap CI):
  IQM   : 465.57  [95% CI: 465.57, 465.57]
  Mean  : 465.57  [95% CI: 465.57, 465.57]
  (note: with N < 10, bootstrap CIs and IQM are necessarily wide; per Colas et al. 2018 consider increasing --num-seeds.)
