Multi-seed training for: bitshift-64-32-4
  device       : cpu
  num_seeds    : 1
  base_seed    : 61
  num_episodes : 1500
  output_dir   : metrics/multi-seed/bitshift-64-32-4-50k/bitshift-64-32-4/_workers/seed61

============================================================
Seed 61 (1/1)
============================================================
  Episode 50/1500  avg(100): 17.1
  Episode 100/1500  avg(100): 15.1
  Episode 150/1500  avg(100): 55.3
  Episode 200/1500  avg(100): 182.1
  Episode 250/1500  avg(100): 233.4
  Episode 300/1500  avg(100): 209.5
  Episode 350/1500  avg(100): 245.0
  Episode 400/1500  avg(100): 315.2
  Episode 450/1500  avg(100): 262.4
  Episode 500/1500  avg(100): 169.8
  Episode 550/1500  avg(100): 262.5
  Episode 600/1500  avg(100): 328.0
  Episode 650/1500  avg(100): 222.4
  Episode 700/1500  avg(100): 241.8
  Episode 750/1500  avg(100): 390.0
  Episode 800/1500  avg(100): 441.4
  Episode 850/1500  avg(100): 473.2
  Episode 900/1500  avg(100): 495.6
  Episode 950/1500  avg(100): 492.3
  Episode 1000/1500  avg(100): 470.2
  Episode 1050/1500  avg(100): 432.5
  Episode 1100/1500  avg(100): 453.3
  Episode 1150/1500  avg(100): 489.6
  Episode 1200/1500  avg(100): 446.4
  Episode 1250/1500  avg(100): 303.1
  Episode 1300/1500  avg(100): 303.1
  Episode 1350/1500  avg(100): 432.2
  Episode 1400/1500  avg(100): 439.8
  Episode 1450/1500  avg(100): 433.0
  Episode 1500/1500  avg(100): 354.5
Model saved to models/bitshift-64-32-4-seed61-final.pth
  per-episode CSV streamed to: metrics/multi-seed/bitshift-64-32-4-50k/bitshift-64-32-4/_workers/seed61/bitshift-64-32-4-seed61.csv

Summary CSV: metrics/multi-seed/bitshift-64-32-4-50k/bitshift-64-32-4/_workers/seed61/bitshift-64-32-4-summary.csv

Results across 1 seeds:
  solved (final_avg >= 475) : 0/1 seeds
  final_avg_reward  : 354.48 ± 0.00  (primary metric: CartPole-v1 standard)
  best_avg_reward   : 496.63 ± 0.00
  tail_iqm_reward   : 413.78 ± 0.00  (diagnostic: matches Optuna selection metric)
  convergence_ep    : never reached threshold in any seed

Robust reporting (final_avg_reward across seeds, 95% bootstrap CI):
  IQM   : 354.48  [95% CI: 354.48, 354.48]
  Mean  : 354.48  [95% CI: 354.48, 354.48]
  (note: with N < 10, bootstrap CIs and IQM are necessarily wide; per Colas et al. 2018 consider increasing --num-seeds.)
