Multi-seed training for: leaky-32-32
  device       : cpu
  num_seeds    : 1
  base_seed    : 45
  num_episodes : 1500
  output_dir   : metrics/multi-seed/leaky-32-32-25k/leaky-32-32/_workers/seed45

============================================================
Seed 45 (1/1)
============================================================
  Episode 50/1500  avg(100): 16.3
  Episode 100/1500  avg(100): 16.8
  Episode 150/1500  avg(100): 17.5
  Episode 200/1500  avg(100): 14.0
  Episode 250/1500  avg(100): 10.4
  Episode 300/1500  avg(100): 12.1
  Episode 350/1500  avg(100): 13.7
  Episode 400/1500  avg(100): 14.8
  Episode 450/1500  avg(100): 29.1
  Episode 500/1500  avg(100): 70.0
  Episode 550/1500  avg(100): 108.1
  Episode 600/1500  avg(100): 129.0
  Episode 650/1500  avg(100): 141.6
  Episode 700/1500  avg(100): 162.1
  Episode 750/1500  avg(100): 168.4
  Episode 800/1500  avg(100): 162.0
  Episode 850/1500  avg(100): 172.1
  Episode 900/1500  avg(100): 175.9
  Episode 950/1500  avg(100): 179.3
  Episode 1000/1500  avg(100): 179.0
  Episode 1050/1500  avg(100): 166.1
  Episode 1100/1500  avg(100): 151.3
  Episode 1150/1500  avg(100): 149.2
  Episode 1200/1500  avg(100): 136.5
  Episode 1250/1500  avg(100): 122.8
  Episode 1300/1500  avg(100): 124.9
  Episode 1350/1500  avg(100): 122.7
  Episode 1400/1500  avg(100): 120.8
  Episode 1450/1500  avg(100): 119.8
  Episode 1500/1500  avg(100): 120.8
Model saved to models/leaky-32-32-seed45-final.pth
  per-episode CSV streamed to: metrics/multi-seed/leaky-32-32-25k/leaky-32-32/_workers/seed45/leaky-32-32-seed45.csv

Summary CSV: metrics/multi-seed/leaky-32-32-25k/leaky-32-32/_workers/seed45/leaky-32-32-summary.csv

Results across 1 seeds:
  solved (final_avg >= 475) : 0/1 seeds
  final_avg_reward  : 120.83 ± 0.00  (primary metric: CartPole-v1 standard)
  best_avg_reward   : 182.28 ± 0.00
  tail_iqm_reward   : 122.99 ± 0.00  (diagnostic: matches Optuna selection metric)
  convergence_ep    : never reached threshold in any seed

Robust reporting (final_avg_reward across seeds, 95% bootstrap CI):
  IQM   : 120.83  [95% CI: 120.83, 120.83]
  Mean  : 120.83  [95% CI: 120.83, 120.83]
  (note: with N < 10, bootstrap CIs and IQM are necessarily wide; per Colas et al. 2018 consider increasing --num-seeds.)
