Multi-seed training for: fractional-32-8-8
  device       : cpu
  num_seeds    : 1
  base_seed    : 50
  num_episodes : 1500
  output_dir   : metrics/multi-seed/fractional-32-8-8-50k/fractional-32-8-8/_workers/seed50

============================================================
Seed 50 (1/1)
============================================================
  Episode 50/1500  avg(100): 15.8
  Episode 100/1500  avg(100): 14.1
  Episode 150/1500  avg(100): 22.4
  Episode 200/1500  avg(100): 95.6
  Episode 250/1500  avg(100): 218.3
  Episode 300/1500  avg(100): 255.1
  Episode 350/1500  avg(100): 204.7
  Episode 400/1500  avg(100): 164.1
  Episode 450/1500  avg(100): 157.9
  Episode 500/1500  avg(100): 243.7
  Episode 550/1500  avg(100): 248.4
  Episode 600/1500  avg(100): 148.5
  Episode 650/1500  avg(100): 113.6
  Episode 700/1500  avg(100): 62.7
  Episode 750/1500  avg(100): 16.1
  Episode 800/1500  avg(100): 11.2
  Episode 850/1500  avg(100): 10.6
  Episode 900/1500  avg(100): 10.6
  Episode 950/1500  avg(100): 10.9
  Episode 1000/1500  avg(100): 12.8
  Episode 1050/1500  avg(100): 107.1
  Episode 1100/1500  avg(100): 248.6
  Episode 1150/1500  avg(100): 398.9
  Episode 1200/1500  avg(100): 320.9
  Episode 1250/1500  avg(100): 79.3
  Episode 1300/1500  avg(100): 54.7
  Episode 1350/1500  avg(100): 199.0
  Episode 1400/1500  avg(100): 370.6
  Episode 1450/1500  avg(100): 312.5
  Episode 1500/1500  avg(100): 119.9
Model saved to models/fractional-32-8-8-seed50-final.pth
  per-episode CSV streamed to: metrics/multi-seed/fractional-32-8-8-50k/fractional-32-8-8/_workers/seed50/fractional-32-8-8-seed50.csv

Summary CSV: metrics/multi-seed/fractional-32-8-8-50k/fractional-32-8-8/_workers/seed50/fractional-32-8-8-summary.csv

Results across 1 seeds:
  solved (final_avg >= 475) : 0/1 seeds
  final_avg_reward  : 119.91 ± 0.00  (primary metric: CartPole-v1 standard)
  best_avg_reward   : 454.04 ± 0.00
  tail_iqm_reward   : 250.63 ± 0.00  (diagnostic: matches Optuna selection metric)
  convergence_ep    : never reached threshold in any seed

Robust reporting (final_avg_reward across seeds, 95% bootstrap CI):
  IQM   : 119.91  [95% CI: 119.91, 119.91]
  Mean  : 119.91  [95% CI: 119.91, 119.91]
  (note: with N < 10, bootstrap CIs and IQM are necessarily wide; per Colas et al. 2018 consider increasing --num-seeds.)
