Multi-seed training for: bitshift-64-32-4
  device       : cpu
  num_seeds    : 1
  base_seed    : 133
  num_episodes : 1500
  output_dir   : metrics/multi-seed/bitshift-64-32-4/_workers/seed133

============================================================
Seed 133 (1/1)
============================================================
  Episode 50/1500  avg(100): 17.7
  Episode 100/1500  avg(100): 17.1
  Episode 150/1500  avg(100): 92.5
  Episode 200/1500  avg(100): 190.9
  Episode 250/1500  avg(100): 218.1
  Episode 300/1500  avg(100): 225.8
  Episode 350/1500  avg(100): 223.7
  Episode 400/1500  avg(100): 302.5
  Episode 450/1500  avg(100): 385.2
  Episode 500/1500  avg(100): 436.5
  Episode 550/1500  avg(100): 440.6
  Episode 600/1500  avg(100): 321.1
  Episode 650/1500  avg(100): 242.7
  Episode 700/1500  avg(100): 232.4
  Episode 750/1500  avg(100): 183.0
  Episode 800/1500  avg(100): 272.2
  Episode 850/1500  avg(100): 403.9
  Episode 900/1500  avg(100): 441.9
  Episode 950/1500  avg(100): 484.4
  Episode 1000/1500  avg(100): 481.6
  Episode 1050/1500  avg(100): 468.1
  Episode 1100/1500  avg(100): 453.1
  Episode 1150/1500  avg(100): 470.2
  Episode 1200/1500  avg(100): 474.7
  Episode 1250/1500  avg(100): 443.3
  Episode 1300/1500  avg(100): 456.5
  Episode 1350/1500  avg(100): 426.9
  Episode 1400/1500  avg(100): 305.6
  Episode 1450/1500  avg(100): 365.1
  Episode 1500/1500  avg(100): 494.5
Model saved to models/bitshift-64-32-4-seed133-final.pth
  per-episode CSV streamed to: metrics/multi-seed/bitshift-64-32-4/_workers/seed133/bitshift-64-32-4-seed133.csv

Summary CSV: metrics/multi-seed/bitshift-64-32-4/_workers/seed133/bitshift-64-32-4-summary.csv

Results across 1 seeds:
  solved (final_avg >= 475) : 1/1 seeds
  final_avg_reward  : 494.47 ± 0.00  (primary metric: CartPole-v1 standard)
  best_avg_reward   : 494.47 ± 0.00
  tail_iqm_reward   : 440.94 ± 0.00  (diagnostic: matches Optuna selection metric)
  convergence_ep    : 1485.0 ± 0.0  (1/1 seeds converged)

Robust reporting (final_avg_reward across seeds, 95% bootstrap CI):
  IQM   : 494.47  [95% CI: 494.47, 494.47]
  Mean  : 494.47  [95% CI: 494.47, 494.47]
  (note: with N < 10, bootstrap CIs and IQM are necessarily wide; per Colas et al. 2018 consider increasing --num-seeds.)
