Multi-seed training for: leaky-32-32
  device       : cpu
  num_seeds    : 1
  base_seed    : 135
  num_episodes : 1500
  output_dir   : metrics/multi-seed/leaky-32-32/_workers/seed135

============================================================
Seed 135 (1/1)
============================================================
  Episode 50/1500  avg(100): 17.5
  Episode 100/1500  avg(100): 16.0
  Episode 150/1500  avg(100): 14.6
  Episode 200/1500  avg(100): 46.9
  Episode 250/1500  avg(100): 121.4
  Episode 300/1500  avg(100): 161.3
  Episode 350/1500  avg(100): 170.9
  Episode 400/1500  avg(100): 187.4
  Episode 450/1500  avg(100): 156.4
  Episode 500/1500  avg(100): 248.3
  Episode 550/1500  avg(100): 325.5
  Episode 600/1500  avg(100): 378.3
  Episode 650/1500  avg(100): 409.6
  Episode 700/1500  avg(100): 287.0
  Episode 750/1500  avg(100): 286.3
  Episode 800/1500  avg(100): 413.7
  Episode 850/1500  avg(100): 495.5
  Episode 900/1500  avg(100): 481.6
  Episode 950/1500  avg(100): 446.7
  Episode 1000/1500  avg(100): 314.3
  Episode 1050/1500  avg(100): 269.7
  Episode 1100/1500  avg(100): 315.5
  Episode 1150/1500  avg(100): 235.2
  Episode 1200/1500  avg(100): 340.2
  Episode 1250/1500  avg(100): 490.8
  Episode 1300/1500  avg(100): 474.6
  Episode 1350/1500  avg(100): 483.4
  Episode 1400/1500  avg(100): 458.5
  Episode 1450/1500  avg(100): 388.6
  Episode 1500/1500  avg(100): 287.9
Model saved to models/leaky-32-32-seed135-final.pth
  per-episode CSV streamed to: metrics/multi-seed/leaky-32-32/_workers/seed135/leaky-32-32-seed135.csv

Summary CSV: metrics/multi-seed/leaky-32-32/_workers/seed135/leaky-32-32-summary.csv

Results across 1 seeds:
  solved (final_avg >= 475) : 0/1 seeds
  final_avg_reward  : 287.89 ± 0.00  (primary metric: CartPole-v1 standard)
  best_avg_reward   : 495.47 ± 0.00
  tail_iqm_reward   : 427.68 ± 0.00  (diagnostic: matches Optuna selection metric)
  convergence_ep    : never reached threshold in any seed

Robust reporting (final_avg_reward across seeds, 95% bootstrap CI):
  IQM   : 287.89  [95% CI: 287.89, 287.89]
  Mean  : 287.89  [95% CI: 287.89, 287.89]
  (note: with N < 10, bootstrap CIs and IQM are necessarily wide; per Colas et al. 2018 consider increasing --num-seeds.)
