Multi-seed training for: fractional-32-8-8
  device       : cpu
  num_seeds    : 1
  base_seed    : 102
  num_episodes : 1500
  output_dir   : metrics/multi-seed/fractional-32-8-8/_workers/seed102

============================================================
Seed 102 (1/1)
============================================================
  Episode 50/1500  avg(100): 17.2
  Episode 100/1500  avg(100): 15.2
  Episode 150/1500  avg(100): 14.1
  Episode 200/1500  avg(100): 15.8
  Episode 250/1500  avg(100): 24.1
  Episode 300/1500  avg(100): 58.2
  Episode 350/1500  avg(100): 82.8
  Episode 400/1500  avg(100): 89.2
  Episode 450/1500  avg(100): 96.3
  Episode 500/1500  avg(100): 99.8
  Episode 550/1500  avg(100): 78.9
  Episode 600/1500  avg(100): 42.7
  Episode 650/1500  avg(100): 91.9
  Episode 700/1500  avg(100): 182.2
  Episode 750/1500  avg(100): 159.5
  Episode 800/1500  avg(100): 198.8
  Episode 850/1500  avg(100): 383.1
  Episode 900/1500  avg(100): 404.4
  Episode 950/1500  avg(100): 405.9
  Episode 1000/1500  avg(100): 385.3
  Episode 1050/1500  avg(100): 217.0
  Episode 1100/1500  avg(100): 117.5
  Episode 1150/1500  avg(100): 118.4
  Episode 1200/1500  avg(100): 169.8
  Episode 1250/1500  avg(100): 133.1
  Episode 1300/1500  avg(100): 207.6
  Episode 1350/1500  avg(100): 423.1
  Episode 1400/1500  avg(100): 495.3
  Episode 1450/1500  avg(100): 495.3
  Episode 1500/1500  avg(100): 495.1
Model saved to models/fractional-32-8-8-seed102-final.pth
  per-episode CSV streamed to: metrics/multi-seed/fractional-32-8-8/_workers/seed102/fractional-32-8-8-seed102.csv

Summary CSV: metrics/multi-seed/fractional-32-8-8/_workers/seed102/fractional-32-8-8-summary.csv

Results across 1 seeds:
  solved (final_avg >= 475) : 1/1 seeds
  final_avg_reward  : 495.13 ± 0.00  (primary metric: CartPole-v1 standard)
  best_avg_reward   : 500.00 ± 0.00
  tail_iqm_reward   : 300.82 ± 0.00  (diagnostic: matches Optuna selection metric)
  convergence_ep    : 1362.0 ± 0.0  (1/1 seeds converged)

Robust reporting (final_avg_reward across seeds, 95% bootstrap CI):
  IQM   : 495.13  [95% CI: 495.13, 495.13]
  Mean  : 495.13  [95% CI: 495.13, 495.13]
  (note: with N < 10, bootstrap CIs and IQM are necessarily wide; per Colas et al. 2018 consider increasing --num-seeds.)
