Multi-seed training for: leaky-32-32
  device       : cpu
  num_seeds    : 1
  base_seed    : 83
  num_episodes : 1500
  output_dir   : metrics/multi-seed/leaky-32-32/_workers/seed83

============================================================
Seed 83 (1/1)
============================================================
  Episode 50/1500  avg(100): 18.5
  Episode 100/1500  avg(100): 16.8
  Episode 150/1500  avg(100): 17.2
  Episode 200/1500  avg(100): 69.5
  Episode 250/1500  avg(100): 143.2
  Episode 300/1500  avg(100): 155.4
  Episode 350/1500  avg(100): 133.8
  Episode 400/1500  avg(100): 119.6
  Episode 450/1500  avg(100): 121.6
  Episode 500/1500  avg(100): 133.2
  Episode 550/1500  avg(100): 150.3
  Episode 600/1500  avg(100): 115.6
  Episode 650/1500  avg(100): 46.4
  Episode 700/1500  avg(100): 83.5
  Episode 750/1500  avg(100): 295.5
  Episode 800/1500  avg(100): 451.7
  Episode 850/1500  avg(100): 431.5
  Episode 900/1500  avg(100): 438.5
  Episode 950/1500  avg(100): 472.0
  Episode 1000/1500  avg(100): 475.4
  Episode 1050/1500  avg(100): 488.8
  Episode 1100/1500  avg(100): 498.4
  Episode 1150/1500  avg(100): 498.4
  Episode 1200/1500  avg(100): 500.0
  Episode 1250/1500  avg(100): 492.0
  Episode 1300/1500  avg(100): 492.0
  Episode 1350/1500  avg(100): 489.0
  Episode 1400/1500  avg(100): 483.3
  Episode 1450/1500  avg(100): 494.4
  Episode 1500/1500  avg(100): 497.8
Model saved to models/leaky-32-32-seed83-final.pth
  per-episode CSV streamed to: metrics/multi-seed/leaky-32-32/_workers/seed83/leaky-32-32-seed83.csv

Summary CSV: metrics/multi-seed/leaky-32-32/_workers/seed83/leaky-32-32-summary.csv

Results across 1 seeds:
  solved (final_avg >= 475) : 1/1 seeds
  final_avg_reward  : 497.78 ± 0.00  (primary metric: CartPole-v1 standard)
  best_avg_reward   : 500.00 ± 0.00
  tail_iqm_reward   : 493.23 ± 0.00  (diagnostic: matches Optuna selection metric)
  convergence_ep    : 983.0 ± 0.0  (1/1 seeds converged)

Robust reporting (final_avg_reward across seeds, 95% bootstrap CI):
  IQM   : 497.78  [95% CI: 497.78, 497.78]
  Mean  : 497.78  [95% CI: 497.78, 497.78]
  (note: with N < 10, bootstrap CIs and IQM are necessarily wide; per Colas et al. 2018 consider increasing --num-seeds.)
