Multi-seed training for: bitshift-64-32-4
  device       : cpu
  num_seeds    : 1
  base_seed    : 58
  num_episodes : 1500
  output_dir   : metrics/multi-seed/bitshift-64-32-4-25k/bitshift-64-32-4/_workers/seed58

============================================================
Seed 58 (1/1)
============================================================
  Episode 50/1500  avg(100): 16.4
  Episode 100/1500  avg(100): 15.2
  Episode 150/1500  avg(100): 16.1
  Episode 200/1500  avg(100): 48.3
  Episode 250/1500  avg(100): 115.1
  Episode 300/1500  avg(100): 155.1
  Episode 350/1500  avg(100): 162.4
  Episode 400/1500  avg(100): 188.8
  Episode 450/1500  avg(100): 289.7
  Episode 500/1500  avg(100): 413.0
  Episode 550/1500  avg(100): 469.0
  Episode 600/1500  avg(100): 448.2
  Episode 650/1500  avg(100): 401.8
  Episode 700/1500  avg(100): 413.6
  Episode 750/1500  avg(100): 455.4
  Episode 800/1500  avg(100): 414.0
  Episode 850/1500  avg(100): 301.1
  Episode 900/1500  avg(100): 302.8
  Episode 950/1500  avg(100): 411.7
  Episode 1000/1500  avg(100): 458.9
  Episode 1050/1500  avg(100): 440.8
  Episode 1100/1500  avg(100): 314.1
  Episode 1150/1500  avg(100): 337.6
  Episode 1200/1500  avg(100): 477.8
  Episode 1250/1500  avg(100): 372.2
  Episode 1300/1500  avg(100): 376.5
  Episode 1350/1500  avg(100): 486.1
  Episode 1400/1500  avg(100): 474.3
  Episode 1450/1500  avg(100): 391.2
  Episode 1500/1500  avg(100): 254.9
Model saved to models/bitshift-64-32-4-seed58-final.pth
  per-episode CSV streamed to: metrics/multi-seed/bitshift-64-32-4-25k/bitshift-64-32-4/_workers/seed58/bitshift-64-32-4-seed58.csv

Summary CSV: metrics/multi-seed/bitshift-64-32-4-25k/bitshift-64-32-4/_workers/seed58/bitshift-64-32-4-summary.csv

Results across 1 seeds:
  solved (final_avg >= 475) : 0/1 seeds
  final_avg_reward  : 254.92 ± 0.00  (primary metric: CartPole-v1 standard)
  best_avg_reward   : 492.93 ± 0.00
  tail_iqm_reward   : 412.71 ± 0.00  (diagnostic: matches Optuna selection metric)
  convergence_ep    : never reached threshold in any seed

Robust reporting (final_avg_reward across seeds, 95% bootstrap CI):
  IQM   : 254.92  [95% CI: 254.92, 254.92]
  Mean  : 254.92  [95% CI: 254.92, 254.92]
  (note: with N < 10, bootstrap CIs and IQM are necessarily wide; per Colas et al. 2018 consider increasing --num-seeds.)
