Multi-seed training for: bitshift-64-32-4
  device       : cpu
  num_seeds    : 1
  base_seed    : 54
  num_episodes : 1500
  output_dir   : metrics/multi-seed/bitshift-64-32-4-50k/bitshift-64-32-4/_workers/seed54

============================================================
Seed 54 (1/1)
============================================================
  Episode 50/1500  avg(100): 16.4
  Episode 100/1500  avg(100): 16.2
  Episode 150/1500  avg(100): 39.1
  Episode 200/1500  avg(100): 76.6
  Episode 250/1500  avg(100): 121.8
  Episode 300/1500  avg(100): 243.0
  Episode 350/1500  avg(100): 359.3
  Episode 400/1500  avg(100): 386.9
  Episode 450/1500  avg(100): 320.4
  Episode 500/1500  avg(100): 239.3
  Episode 550/1500  avg(100): 228.8
  Episode 600/1500  avg(100): 325.4
  Episode 650/1500  avg(100): 430.1
  Episode 700/1500  avg(100): 453.2
  Episode 750/1500  avg(100): 454.2
  Episode 800/1500  avg(100): 469.1
  Episode 850/1500  avg(100): 453.0
  Episode 900/1500  avg(100): 393.1
  Episode 950/1500  avg(100): 438.1
  Episode 1000/1500  avg(100): 461.8
  Episode 1050/1500  avg(100): 445.1
  Episode 1100/1500  avg(100): 440.3
  Episode 1150/1500  avg(100): 398.2
  Episode 1200/1500  avg(100): 358.3
  Episode 1250/1500  avg(100): 348.1
  Episode 1300/1500  avg(100): 337.9
  Episode 1350/1500  avg(100): 288.3
  Episode 1400/1500  avg(100): 281.7
  Episode 1450/1500  avg(100): 281.0
  Episode 1500/1500  avg(100): 308.9
Model saved to models/bitshift-64-32-4-seed54-final.pth
  per-episode CSV streamed to: metrics/multi-seed/bitshift-64-32-4-50k/bitshift-64-32-4/_workers/seed54/bitshift-64-32-4-seed54.csv

Summary CSV: metrics/multi-seed/bitshift-64-32-4-50k/bitshift-64-32-4/_workers/seed54/bitshift-64-32-4-summary.csv

Results across 1 seeds:
  solved (final_avg >= 475) : 0/1 seeds
  final_avg_reward  : 308.93 ± 0.00  (primary metric: CartPole-v1 standard)
  best_avg_reward   : 471.12 ± 0.00
  tail_iqm_reward   : 322.34 ± 0.00  (diagnostic: matches Optuna selection metric)
  convergence_ep    : never reached threshold in any seed

Robust reporting (final_avg_reward across seeds, 95% bootstrap CI):
  IQM   : 308.93  [95% CI: 308.93, 308.93]
  Mean  : 308.93  [95% CI: 308.93, 308.93]
  (note: with N < 10, bootstrap CIs and IQM are necessarily wide; per Colas et al. 2018 consider increasing --num-seeds.)
