Multi-seed training for: leaky-32-32
  device       : cpu
  num_seeds    : 1
  base_seed    : 67
  num_episodes : 1500
  output_dir   : metrics/multi-seed/leaky-32-32/_workers/seed67

============================================================
Seed 67 (1/1)
============================================================
  Episode 50/1500  avg(100): 15.8
  Episode 100/1500  avg(100): 16.8
  Episode 150/1500  avg(100): 28.4
  Episode 200/1500  avg(100): 77.1
  Episode 250/1500  avg(100): 147.5
  Episode 300/1500  avg(100): 174.1
  Episode 350/1500  avg(100): 154.4
  Episode 400/1500  avg(100): 119.9
  Episode 450/1500  avg(100): 121.2
  Episode 500/1500  avg(100): 126.8
  Episode 550/1500  avg(100): 71.0
  Episode 600/1500  avg(100): 43.0
  Episode 650/1500  avg(100): 132.4
  Episode 700/1500  avg(100): 263.8
  Episode 750/1500  avg(100): 311.6
  Episode 800/1500  avg(100): 229.2
  Episode 850/1500  avg(100): 276.4
  Episode 900/1500  avg(100): 342.5
  Episode 950/1500  avg(100): 310.0
  Episode 1000/1500  avg(100): 369.4
  Episode 1050/1500  avg(100): 373.6
  Episode 1100/1500  avg(100): 397.5
  Episode 1150/1500  avg(100): 391.5
  Episode 1200/1500  avg(100): 269.1
  Episode 1250/1500  avg(100): 337.6
  Episode 1300/1500  avg(100): 439.0
  Episode 1350/1500  avg(100): 446.8
  Episode 1400/1500  avg(100): 368.2
  Episode 1450/1500  avg(100): 376.1
  Episode 1500/1500  avg(100): 496.5
Model saved to models/leaky-32-32-seed67-final.pth
  per-episode CSV streamed to: metrics/multi-seed/leaky-32-32/_workers/seed67/leaky-32-32-seed67.csv

Summary CSV: metrics/multi-seed/leaky-32-32/_workers/seed67/leaky-32-32-summary.csv

Results across 1 seeds:
  solved (final_avg >= 475) : 1/1 seeds
  final_avg_reward  : 496.49 ± 0.00  (primary metric: CartPole-v1 standard)
  best_avg_reward   : 496.49 ± 0.00
  tail_iqm_reward   : 390.07 ± 0.00  (diagnostic: matches Optuna selection metric)
  convergence_ep    : 1486.0 ± 0.0  (1/1 seeds converged)

Robust reporting (final_avg_reward across seeds, 95% bootstrap CI):
  IQM   : 496.49  [95% CI: 496.49, 496.49]
  Mean  : 496.49  [95% CI: 496.49, 496.49]
  (note: with N < 10, bootstrap CIs and IQM are necessarily wide; per Colas et al. 2018 consider increasing --num-seeds.)
