Multi-seed training for: bitshift-64-32-4
  device       : cpu
  num_seeds    : 1
  base_seed    : 74
  num_episodes : 1500
  output_dir   : metrics/multi-seed/bitshift-64-32-4/_workers/seed74

============================================================
Seed 74 (1/1)
============================================================
  Episode 50/1500  avg(100): 16.3
  Episode 100/1500  avg(100): 15.2
  Episode 150/1500  avg(100): 30.3
  Episode 200/1500  avg(100): 96.9
  Episode 250/1500  avg(100): 152.0
  Episode 300/1500  avg(100): 204.4
  Episode 350/1500  avg(100): 284.2
  Episode 400/1500  avg(100): 292.7
  Episode 450/1500  avg(100): 223.1
  Episode 500/1500  avg(100): 181.0
  Episode 550/1500  avg(100): 336.3
  Episode 600/1500  avg(100): 437.6
  Episode 650/1500  avg(100): 404.5
  Episode 700/1500  avg(100): 368.6
  Episode 750/1500  avg(100): 306.6
  Episode 800/1500  avg(100): 300.3
  Episode 850/1500  avg(100): 349.5
  Episode 900/1500  avg(100): 416.7
  Episode 950/1500  avg(100): 468.8
  Episode 1000/1500  avg(100): 500.0
  Episode 1050/1500  avg(100): 500.0
  Episode 1100/1500  avg(100): 478.8
  Episode 1150/1500  avg(100): 425.0
  Episode 1200/1500  avg(100): 434.0
  Episode 1250/1500  avg(100): 484.6
  Episode 1300/1500  avg(100): 472.5
  Episode 1350/1500  avg(100): 387.7
  Episode 1400/1500  avg(100): 314.6
  Episode 1450/1500  avg(100): 309.7
  Episode 1500/1500  avg(100): 268.8
Model saved to models/bitshift-64-32-4-seed74-final.pth
  per-episode CSV streamed to: metrics/multi-seed/bitshift-64-32-4/_workers/seed74/bitshift-64-32-4-seed74.csv

Summary CSV: metrics/multi-seed/bitshift-64-32-4/_workers/seed74/bitshift-64-32-4-summary.csv

Results across 1 seeds:
  solved (final_avg >= 475) : 0/1 seeds
  final_avg_reward  : 268.77 ± 0.00  (primary metric: CartPole-v1 standard)
  best_avg_reward   : 500.00 ± 0.00
  tail_iqm_reward   : 399.59 ± 0.00  (diagnostic: matches Optuna selection metric)
  convergence_ep    : never reached threshold in any seed

Robust reporting (final_avg_reward across seeds, 95% bootstrap CI):
  IQM   : 268.77  [95% CI: 268.77, 268.77]
  Mean  : 268.77  [95% CI: 268.77, 268.77]
  (note: with N < 10, bootstrap CIs and IQM are necessarily wide; per Colas et al. 2018 consider increasing --num-seeds.)
