Multi-seed training for: fractional-32-8-8
  device       : cpu
  num_seeds    : 1
  base_seed    : 54
  num_episodes : 1500
  output_dir   : metrics/multi-seed/fractional-32-8-8/_workers/seed54

============================================================
Seed 54 (1/1)
============================================================
  Episode 50/1500  avg(100): 15.2
  Episode 100/1500  avg(100): 14.4
  Episode 150/1500  avg(100): 14.6
  Episode 200/1500  avg(100): 25.9
  Episode 250/1500  avg(100): 83.2
  Episode 300/1500  avg(100): 134.6
  Episode 350/1500  avg(100): 111.5
  Episode 400/1500  avg(100): 112.5
  Episode 450/1500  avg(100): 160.3
  Episode 500/1500  avg(100): 171.2
  Episode 550/1500  avg(100): 156.6
  Episode 600/1500  avg(100): 174.8
  Episode 650/1500  avg(100): 201.5
  Episode 700/1500  avg(100): 213.6
  Episode 750/1500  avg(100): 119.5
  Episode 800/1500  avg(100): 12.8
  Episode 850/1500  avg(100): 10.1
  Episode 900/1500  avg(100): 9.8
  Episode 950/1500  avg(100): 9.7
  Episode 1000/1500  avg(100): 10.5
  Episode 1050/1500  avg(100): 71.3
  Episode 1100/1500  avg(100): 146.3
  Episode 1150/1500  avg(100): 168.7
  Episode 1200/1500  avg(100): 135.4
  Episode 1250/1500  avg(100): 91.3
  Episode 1300/1500  avg(100): 113.7
  Episode 1350/1500  avg(100): 229.0
  Episode 1400/1500  avg(100): 406.3
  Episode 1450/1500  avg(100): 496.2
  Episode 1500/1500  avg(100): 496.5
Model saved to models/fractional-32-8-8-seed54-final.pth
  per-episode CSV streamed to: metrics/multi-seed/fractional-32-8-8/_workers/seed54/fractional-32-8-8-seed54.csv

Summary CSV: metrics/multi-seed/fractional-32-8-8/_workers/seed54/fractional-32-8-8-summary.csv

Results across 1 seeds:
  solved (final_avg >= 475) : 1/1 seeds
  final_avg_reward  : 496.54 ± 0.00  (primary metric: CartPole-v1 standard)
  best_avg_reward   : 499.33 ± 0.00
  tail_iqm_reward   : 213.67 ± 0.00  (diagnostic: matches Optuna selection metric)
  convergence_ep    : 1422.0 ± 0.0  (1/1 seeds converged)

Robust reporting (final_avg_reward across seeds, 95% bootstrap CI):
  IQM   : 496.54  [95% CI: 496.54, 496.54]
  Mean  : 496.54  [95% CI: 496.54, 496.54]
  (note: with N < 10, bootstrap CIs and IQM are necessarily wide; per Colas et al. 2018 consider increasing --num-seeds.)
