Multi-seed training for: fractional-32-8-8
  device       : cpu
  num_seeds    : 1
  base_seed    : 85
  num_episodes : 1500
  output_dir   : metrics/multi-seed/fractional-32-8-8/_workers/seed85

============================================================
Seed 85 (1/1)
============================================================
  Episode 50/1500  avg(100): 17.2
  Episode 100/1500  avg(100): 14.8
  Episode 150/1500  avg(100): 17.4
  Episode 200/1500  avg(100): 60.5
  Episode 250/1500  avg(100): 64.0
  Episode 300/1500  avg(100): 19.5
  Episode 350/1500  avg(100): 9.7
  Episode 400/1500  avg(100): 9.6
  Episode 450/1500  avg(100): 11.4
  Episode 500/1500  avg(100): 61.7
  Episode 550/1500  avg(100): 110.2
  Episode 600/1500  avg(100): 125.2
  Episode 650/1500  avg(100): 174.0
  Episode 700/1500  avg(100): 140.5
  Episode 750/1500  avg(100): 61.0
  Episode 800/1500  avg(100): 49.4
  Episode 850/1500  avg(100): 68.1
  Episode 900/1500  avg(100): 71.2
  Episode 950/1500  avg(100): 65.2
  Episode 1000/1500  avg(100): 103.8
  Episode 1050/1500  avg(100): 144.1
  Episode 1100/1500  avg(100): 175.8
  Episode 1150/1500  avg(100): 336.4
  Episode 1200/1500  avg(100): 447.8
  Episode 1250/1500  avg(100): 366.5
  Episode 1300/1500  avg(100): 394.5
  Episode 1350/1500  avg(100): 485.9
  Episode 1400/1500  avg(100): 485.2
  Episode 1450/1500  avg(100): 461.3
  Episode 1500/1500  avg(100): 353.9
Model saved to models/fractional-32-8-8-seed85-final.pth
  per-episode CSV streamed to: metrics/multi-seed/fractional-32-8-8/_workers/seed85/fractional-32-8-8-seed85.csv

Summary CSV: metrics/multi-seed/fractional-32-8-8/_workers/seed85/fractional-32-8-8-summary.csv

Results across 1 seeds:
  solved (final_avg >= 475) : 0/1 seeds
  final_avg_reward  : 353.95 ± 0.00  (primary metric: CartPole-v1 standard)
  best_avg_reward   : 489.91 ± 0.00
  tail_iqm_reward   : 432.58 ± 0.00  (diagnostic: matches Optuna selection metric)
  convergence_ep    : never reached threshold in any seed

Robust reporting (final_avg_reward across seeds, 95% bootstrap CI):
  IQM   : 353.95  [95% CI: 353.95, 353.95]
  Mean  : 353.95  [95% CI: 353.95, 353.95]
  (note: with N < 10, bootstrap CIs and IQM are necessarily wide; per Colas et al. 2018 consider increasing --num-seeds.)
