Multi-seed training for: leaky-32-32
  device       : cpu
  num_seeds    : 1
  base_seed    : 58
  num_episodes : 1500
  output_dir   : metrics/multi-seed/leaky-32-32/_workers/seed58

============================================================
Seed 58 (1/1)
============================================================
  Episode 50/1500  avg(100): 17.2
  Episode 100/1500  avg(100): 16.9
  Episode 150/1500  avg(100): 16.1
  Episode 200/1500  avg(100): 32.0
  Episode 250/1500  avg(100): 86.9
  Episode 300/1500  avg(100): 138.1
  Episode 350/1500  avg(100): 146.0
  Episode 400/1500  avg(100): 148.1
  Episode 450/1500  avg(100): 149.6
  Episode 500/1500  avg(100): 157.4
  Episode 550/1500  avg(100): 189.0
  Episode 600/1500  avg(100): 183.8
  Episode 650/1500  avg(100): 170.6
  Episode 700/1500  avg(100): 269.8
  Episode 750/1500  avg(100): 246.8
  Episode 800/1500  avg(100): 244.0
  Episode 850/1500  avg(100): 426.5
  Episode 900/1500  avg(100): 500.0
  Episode 950/1500  avg(100): 496.8
  Episode 1000/1500  avg(100): 483.2
  Episode 1050/1500  avg(100): 425.5
  Episode 1100/1500  avg(100): 434.6
  Episode 1150/1500  avg(100): 468.3
  Episode 1200/1500  avg(100): 390.3
  Episode 1250/1500  avg(100): 407.9
  Episode 1300/1500  avg(100): 457.5
  Episode 1350/1500  avg(100): 442.1
  Episode 1400/1500  avg(100): 317.4
  Episode 1450/1500  avg(100): 113.1
  Episode 1500/1500  avg(100): 71.7
Model saved to models/leaky-32-32-seed58-final.pth
  per-episode CSV streamed to: metrics/multi-seed/leaky-32-32/_workers/seed58/leaky-32-32-seed58.csv

Summary CSV: metrics/multi-seed/leaky-32-32/_workers/seed58/leaky-32-32-summary.csv

Results across 1 seeds:
  solved (final_avg >= 475) : 0/1 seeds
  final_avg_reward  : 71.72 ± 0.00  (primary metric: CartPole-v1 standard)
  best_avg_reward   : 500.00 ± 0.00
  tail_iqm_reward   : 403.07 ± 0.00  (diagnostic: matches Optuna selection metric)
  convergence_ep    : never reached threshold in any seed

Robust reporting (final_avg_reward across seeds, 95% bootstrap CI):
  IQM   : 71.72  [95% CI: 71.72, 71.72]
  Mean  : 71.72  [95% CI: 71.72, 71.72]
  (note: with N < 10, bootstrap CIs and IQM are necessarily wide; per Colas et al. 2018 consider increasing --num-seeds.)
