Multi-seed training for: leaky-32-32
  device       : cpu
  num_seeds    : 1
  base_seed    : 58
  num_episodes : 1500
  output_dir   : metrics/multi-seed/leaky-32-32-20k/leaky-32-32/_workers/seed58

============================================================
Seed 58 (1/1)
============================================================
  Episode 50/1500  avg(100): 17.2
  Episode 100/1500  avg(100): 16.9
  Episode 150/1500  avg(100): 16.1
  Episode 200/1500  avg(100): 32.0
  Episode 250/1500  avg(100): 85.9
  Episode 300/1500  avg(100): 141.2
  Episode 350/1500  avg(100): 158.0
  Episode 400/1500  avg(100): 148.9
  Episode 450/1500  avg(100): 140.7
  Episode 500/1500  avg(100): 133.2
  Episode 550/1500  avg(100): 123.7
  Episode 600/1500  avg(100): 160.4
  Episode 650/1500  avg(100): 215.7
  Episode 700/1500  avg(100): 234.8
  Episode 750/1500  avg(100): 296.1
  Episode 800/1500  avg(100): 374.9
  Episode 850/1500  avg(100): 420.9
  Episode 900/1500  avg(100): 466.9
  Episode 950/1500  avg(100): 397.8
  Episode 1000/1500  avg(100): 220.7
  Episode 1050/1500  avg(100): 268.5
  Episode 1100/1500  avg(100): 372.4
  Episode 1150/1500  avg(100): 399.0
  Episode 1200/1500  avg(100): 470.6
  Episode 1250/1500  avg(100): 483.2
  Episode 1300/1500  avg(100): 456.6
  Episode 1350/1500  avg(100): 449.2
  Episode 1400/1500  avg(100): 450.2
  Episode 1450/1500  avg(100): 417.2
  Episode 1500/1500  avg(100): 451.2
Model saved to models/leaky-32-32-seed58-final.pth
  per-episode CSV streamed to: metrics/multi-seed/leaky-32-32-20k/leaky-32-32/_workers/seed58/leaky-32-32-seed58.csv

Summary CSV: metrics/multi-seed/leaky-32-32-20k/leaky-32-32/_workers/seed58/leaky-32-32-summary.csv

Results across 1 seeds:
  solved (final_avg >= 475) : 0/1 seeds
  final_avg_reward  : 451.21 ± 0.00  (primary metric: CartPole-v1 standard)
  best_avg_reward   : 486.74 ± 0.00
  tail_iqm_reward   : 447.62 ± 0.00  (diagnostic: matches Optuna selection metric)
  convergence_ep    : never reached threshold in any seed

Robust reporting (final_avg_reward across seeds, 95% bootstrap CI):
  IQM   : 451.21  [95% CI: 451.21, 451.21]
  Mean  : 451.21  [95% CI: 451.21, 451.21]
  (note: with N < 10, bootstrap CIs and IQM are necessarily wide; per Colas et al. 2018 consider increasing --num-seeds.)
