Multi-seed training for: leaky-32-32
  device       : cpu
  num_seeds    : 1
  base_seed    : 59
  num_episodes : 1500
  output_dir   : metrics/multi-seed/leaky-32-32-25k/leaky-32-32/_workers/seed59

============================================================
Seed 59 (1/1)
============================================================
  Episode 50/1500  avg(100): 15.3
  Episode 100/1500  avg(100): 14.7
  Episode 150/1500  avg(100): 16.6
  Episode 200/1500  avg(100): 27.2
  Episode 250/1500  avg(100): 47.0
  Episode 300/1500  avg(100): 60.1
  Episode 350/1500  avg(100): 70.9
  Episode 400/1500  avg(100): 91.2
  Episode 450/1500  avg(100): 96.4
  Episode 500/1500  avg(100): 99.0
  Episode 550/1500  avg(100): 155.0
  Episode 600/1500  avg(100): 348.6
  Episode 650/1500  avg(100): 497.2
  Episode 700/1500  avg(100): 460.9
  Episode 750/1500  avg(100): 434.0
  Episode 800/1500  avg(100): 456.1
  Episode 850/1500  avg(100): 441.7
  Episode 900/1500  avg(100): 418.0
  Episode 950/1500  avg(100): 406.4
  Episode 1000/1500  avg(100): 394.6
  Episode 1050/1500  avg(100): 430.9
  Episode 1100/1500  avg(100): 407.2
  Episode 1150/1500  avg(100): 285.9
  Episode 1200/1500  avg(100): 154.4
  Episode 1250/1500  avg(100): 70.3
  Episode 1300/1500  avg(100): 81.7
  Episode 1350/1500  avg(100): 70.6
  Episode 1400/1500  avg(100): 23.2
  Episode 1450/1500  avg(100): 12.7
  Episode 1500/1500  avg(100): 12.8
Model saved to models/leaky-32-32-seed59-final.pth
  per-episode CSV streamed to: metrics/multi-seed/leaky-32-32-25k/leaky-32-32/_workers/seed59/leaky-32-32-seed59.csv

Summary CSV: metrics/multi-seed/leaky-32-32-25k/leaky-32-32/_workers/seed59/leaky-32-32-summary.csv

Results across 1 seeds:
  solved (final_avg >= 475) : 0/1 seeds
  final_avg_reward  : 12.77 ± 0.00  (primary metric: CartPole-v1 standard)
  best_avg_reward   : 500.00 ± 0.00
  tail_iqm_reward   : 68.76 ± 0.00  (diagnostic: matches Optuna selection metric)
  convergence_ep    : never reached threshold in any seed

Robust reporting (final_avg_reward across seeds, 95% bootstrap CI):
  IQM   : 12.77  [95% CI: 12.77, 12.77]
  Mean  : 12.77  [95% CI: 12.77, 12.77]
  (note: with N < 10, bootstrap CIs and IQM are necessarily wide; per Colas et al. 2018 consider increasing --num-seeds.)
