Multi-seed training for: bitshift-64-32-4
  device       : cpu
  num_seeds    : 1
  base_seed    : 118
  num_episodes : 1500
  output_dir   : metrics/multi-seed/bitshift-64-32-4/_workers/seed118

============================================================
Seed 118 (1/1)
============================================================
  Episode 50/1500  avg(100): 16.5
  Episode 100/1500  avg(100): 16.9
  Episode 150/1500  avg(100): 25.2
  Episode 200/1500  avg(100): 78.8
  Episode 250/1500  avg(100): 141.5
  Episode 300/1500  avg(100): 153.3
  Episode 350/1500  avg(100): 196.5
  Episode 400/1500  avg(100): 307.7
  Episode 450/1500  avg(100): 296.6
  Episode 500/1500  avg(100): 356.8
  Episode 550/1500  avg(100): 492.3
  Episode 600/1500  avg(100): 496.9
  Episode 650/1500  avg(100): 500.0
  Episode 700/1500  avg(100): 500.0
  Episode 750/1500  avg(100): 500.0
  Episode 800/1500  avg(100): 463.5
  Episode 850/1500  avg(100): 292.9
  Episode 900/1500  avg(100): 170.8
  Episode 950/1500  avg(100): 178.2
  Episode 1000/1500  avg(100): 202.7
  Episode 1050/1500  avg(100): 224.4
  Episode 1100/1500  avg(100): 180.5
  Episode 1150/1500  avg(100): 162.9
  Episode 1200/1500  avg(100): 201.5
  Episode 1250/1500  avg(100): 239.8
  Episode 1300/1500  avg(100): 235.0
  Episode 1350/1500  avg(100): 315.4
  Episode 1400/1500  avg(100): 437.7
  Episode 1450/1500  avg(100): 455.9
  Episode 1500/1500  avg(100): 442.8
Model saved to models/bitshift-64-32-4-seed118-final.pth
  per-episode CSV streamed to: metrics/multi-seed/bitshift-64-32-4/_workers/seed118/bitshift-64-32-4-seed118.csv

Summary CSV: metrics/multi-seed/bitshift-64-32-4/_workers/seed118/bitshift-64-32-4-summary.csv

Results across 1 seeds:
  solved (final_avg >= 475) : 0/1 seeds
  final_avg_reward  : 442.80 ± 0.00  (primary metric: CartPole-v1 standard)
  best_avg_reward   : 500.00 ± 0.00
  tail_iqm_reward   : 288.52 ± 0.00  (diagnostic: matches Optuna selection metric)
  convergence_ep    : never reached threshold in any seed

Robust reporting (final_avg_reward across seeds, 95% bootstrap CI):
  IQM   : 442.80  [95% CI: 442.80, 442.80]
  Mean  : 442.80  [95% CI: 442.80, 442.80]
  (note: with N < 10, bootstrap CIs and IQM are necessarily wide; per Colas et al. 2018 consider increasing --num-seeds.)
