Multi-seed training for: bitshift-64-32-4
  device       : cpu
  num_seeds    : 1
  base_seed    : 70
  num_episodes : 1500
  output_dir   : metrics/multi-seed/bitshift-64-32-4/_workers/seed70

============================================================
Seed 70 (1/1)
============================================================
  Episode 50/1500  avg(100): 17.9
  Episode 100/1500  avg(100): 36.6
  Episode 150/1500  avg(100): 127.5
  Episode 200/1500  avg(100): 159.5
  Episode 250/1500  avg(100): 120.1
  Episode 300/1500  avg(100): 120.4
  Episode 350/1500  avg(100): 148.7
  Episode 400/1500  avg(100): 232.7
  Episode 450/1500  avg(100): 369.5
  Episode 500/1500  avg(100): 415.7
  Episode 550/1500  avg(100): 430.2
  Episode 600/1500  avg(100): 477.3
  Episode 650/1500  avg(100): 468.3
  Episode 700/1500  avg(100): 477.1
  Episode 750/1500  avg(100): 488.2
  Episode 800/1500  avg(100): 492.2
  Episode 850/1500  avg(100): 500.0
  Episode 900/1500  avg(100): 482.9
  Episode 950/1500  avg(100): 363.7
  Episode 1000/1500  avg(100): 225.9
  Episode 1050/1500  avg(100): 171.9
  Episode 1100/1500  avg(100): 192.8
  Episode 1150/1500  avg(100): 241.2
  Episode 1200/1500  avg(100): 289.2
  Episode 1250/1500  avg(100): 343.4
  Episode 1300/1500  avg(100): 396.0
  Episode 1350/1500  avg(100): 359.9
  Episode 1400/1500  avg(100): 388.2
  Episode 1450/1500  avg(100): 461.1
  Episode 1500/1500  avg(100): 441.7
Model saved to models/bitshift-64-32-4-seed70-final.pth
  per-episode CSV streamed to: metrics/multi-seed/bitshift-64-32-4/_workers/seed70/bitshift-64-32-4-seed70.csv

Summary CSV: metrics/multi-seed/bitshift-64-32-4/_workers/seed70/bitshift-64-32-4-summary.csv

Results across 1 seeds:
  solved (final_avg >= 475) : 0/1 seeds
  final_avg_reward  : 441.74 ± 0.00  (primary metric: CartPole-v1 standard)
  best_avg_reward   : 500.00 ± 0.00
  tail_iqm_reward   : 363.00 ± 0.00  (diagnostic: matches Optuna selection metric)
  convergence_ep    : never reached threshold in any seed

Robust reporting (final_avg_reward across seeds, 95% bootstrap CI):
  IQM   : 441.74  [95% CI: 441.74, 441.74]
  Mean  : 441.74  [95% CI: 441.74, 441.74]
  (note: with N < 10, bootstrap CIs and IQM are necessarily wide; per Colas et al. 2018 consider increasing --num-seeds.)
