Multi-seed training for: bitshift-64-32-4
  device       : cpu
  num_seeds    : 1
  base_seed    : 44
  num_episodes : 1500
  output_dir   : metrics/multi-seed/bitshift-64-32-4-20k/bitshift-64-32-4/_workers/seed44

============================================================
Seed 44 (1/1)
============================================================
  Episode 50/1500  avg(100): 17.3
  Episode 100/1500  avg(100): 15.3
  Episode 150/1500  avg(100): 41.4
  Episode 200/1500  avg(100): 135.8
  Episode 250/1500  avg(100): 237.3
  Episode 300/1500  avg(100): 297.2
  Episode 350/1500  avg(100): 304.5
  Episode 400/1500  avg(100): 256.0
  Episode 450/1500  avg(100): 201.3
  Episode 500/1500  avg(100): 164.8
  Episode 550/1500  avg(100): 197.3
  Episode 600/1500  avg(100): 296.0
  Episode 650/1500  avg(100): 424.6
  Episode 700/1500  avg(100): 500.0
  Episode 750/1500  avg(100): 500.0
  Episode 800/1500  avg(100): 488.2
  Episode 850/1500  avg(100): 477.3
  Episode 900/1500  avg(100): 489.0
  Episode 950/1500  avg(100): 485.0
  Episode 1000/1500  avg(100): 376.9
  Episode 1050/1500  avg(100): 228.9
  Episode 1100/1500  avg(100): 159.4
  Episode 1150/1500  avg(100): 244.1
  Episode 1200/1500  avg(100): 263.7
  Episode 1250/1500  avg(100): 342.1
  Episode 1300/1500  avg(100): 460.3
  Episode 1350/1500  avg(100): 452.9
  Episode 1400/1500  avg(100): 449.2
  Episode 1450/1500  avg(100): 453.3
  Episode 1500/1500  avg(100): 471.8
Model saved to models/bitshift-64-32-4-seed44-final.pth
  per-episode CSV streamed to: metrics/multi-seed/bitshift-64-32-4-20k/bitshift-64-32-4/_workers/seed44/bitshift-64-32-4-seed44.csv

Summary CSV: metrics/multi-seed/bitshift-64-32-4-20k/bitshift-64-32-4/_workers/seed44/bitshift-64-32-4-summary.csv

Results across 1 seeds:
  solved (final_avg >= 475) : 0/1 seeds
  final_avg_reward  : 471.80 ± 0.00  (primary metric: CartPole-v1 standard)
  best_avg_reward   : 500.00 ± 0.00
  tail_iqm_reward   : 420.51 ± 0.00  (diagnostic: matches Optuna selection metric)
  convergence_ep    : never reached threshold in any seed

Robust reporting (final_avg_reward across seeds, 95% bootstrap CI):
  IQM   : 471.80  [95% CI: 471.80, 471.80]
  Mean  : 471.80  [95% CI: 471.80, 471.80]
  (note: with N < 10, bootstrap CIs and IQM are necessarily wide; per Colas et al. 2018 consider increasing --num-seeds.)
