Multi-seed training for: leaky-32-32
  device       : cpu
  num_seeds    : 1
  base_seed    : 47
  num_episodes : 1500
  output_dir   : metrics/multi-seed/leaky-32-32-50k/leaky-32-32/_workers/seed47

============================================================
Seed 47 (1/1)
============================================================
  Episode 50/1500  avg(100): 17.0
  Episode 100/1500  avg(100): 15.4
  Episode 150/1500  avg(100): 13.2
  Episode 200/1500  avg(100): 13.5
  Episode 250/1500  avg(100): 30.4
  Episode 300/1500  avg(100): 73.2
  Episode 350/1500  avg(100): 118.5
  Episode 400/1500  avg(100): 132.6
  Episode 450/1500  avg(100): 143.8
  Episode 500/1500  avg(100): 165.2
  Episode 550/1500  avg(100): 183.0
  Episode 600/1500  avg(100): 232.5
  Episode 650/1500  avg(100): 269.0
  Episode 700/1500  avg(100): 225.2
  Episode 750/1500  avg(100): 189.3
  Episode 800/1500  avg(100): 236.0
  Episode 850/1500  avg(100): 246.3
  Episode 900/1500  avg(100): 146.4
  Episode 950/1500  avg(100): 78.1
  Episode 1000/1500  avg(100): 80.6
  Episode 1050/1500  avg(100): 87.7
  Episode 1100/1500  avg(100): 139.8
  Episode 1150/1500  avg(100): 209.4
  Episode 1200/1500  avg(100): 297.3
  Episode 1250/1500  avg(100): 324.8
  Episode 1300/1500  avg(100): 289.4
  Episode 1350/1500  avg(100): 246.2
  Episode 1400/1500  avg(100): 254.6
  Episode 1450/1500  avg(100): 399.2
  Episode 1500/1500  avg(100): 471.4
Model saved to models/leaky-32-32-seed47-final.pth
  per-episode CSV streamed to: metrics/multi-seed/leaky-32-32-50k/leaky-32-32/_workers/seed47/leaky-32-32-seed47.csv

Summary CSV: metrics/multi-seed/leaky-32-32-50k/leaky-32-32/_workers/seed47/leaky-32-32-summary.csv

Results across 1 seeds:
  solved (final_avg >= 475) : 0/1 seeds
  final_avg_reward  : 471.35 ± 0.00  (primary metric: CartPole-v1 standard)
  best_avg_reward   : 474.10 ± 0.00
  tail_iqm_reward   : 290.88 ± 0.00  (diagnostic: matches Optuna selection metric)
  convergence_ep    : never reached threshold in any seed

Robust reporting (final_avg_reward across seeds, 95% bootstrap CI):
  IQM   : 471.35  [95% CI: 471.35, 471.35]
  Mean  : 471.35  [95% CI: 471.35, 471.35]
  (note: with N < 10, bootstrap CIs and IQM are necessarily wide; per Colas et al. 2018 consider increasing --num-seeds.)
