Multi-seed training for: leaky-32-32
  device       : cpu
  num_seeds    : 1
  base_seed    : 57
  num_episodes : 1500
  output_dir   : metrics/multi-seed/leaky-32-32/_workers/seed57

============================================================
Seed 57 (1/1)
============================================================
  Episode 50/1500  avg(100): 17.7
  Episode 100/1500  avg(100): 17.0
  Episode 150/1500  avg(100): 17.0
  Episode 200/1500  avg(100): 14.1
  Episode 250/1500  avg(100): 10.4
  Episode 300/1500  avg(100): 18.5
  Episode 350/1500  avg(100): 93.0
  Episode 400/1500  avg(100): 201.6
  Episode 450/1500  avg(100): 230.2
  Episode 500/1500  avg(100): 219.5
  Episode 550/1500  avg(100): 207.0
  Episode 600/1500  avg(100): 222.8
  Episode 650/1500  avg(100): 269.9
  Episode 700/1500  avg(100): 386.2
  Episode 750/1500  avg(100): 477.6
  Episode 800/1500  avg(100): 379.0
  Episode 850/1500  avg(100): 206.6
  Episode 900/1500  avg(100): 216.9
  Episode 950/1500  avg(100): 368.7
  Episode 1000/1500  avg(100): 304.2
  Episode 1050/1500  avg(100): 246.6
  Episode 1100/1500  avg(100): 267.3
  Episode 1150/1500  avg(100): 247.8
  Episode 1200/1500  avg(100): 250.9
  Episode 1250/1500  avg(100): 235.4
  Episode 1300/1500  avg(100): 346.2
  Episode 1350/1500  avg(100): 386.4
  Episode 1400/1500  avg(100): 311.2
  Episode 1450/1500  avg(100): 374.0
  Episode 1500/1500  avg(100): 374.6
Model saved to models/leaky-32-32-seed57-final.pth
  per-episode CSV streamed to: metrics/multi-seed/leaky-32-32/_workers/seed57/leaky-32-32-seed57.csv

Summary CSV: metrics/multi-seed/leaky-32-32/_workers/seed57/leaky-32-32-summary.csv

Results across 1 seeds:
  solved (final_avg >= 475) : 0/1 seeds
  final_avg_reward  : 374.62 ± 0.00  (primary metric: CartPole-v1 standard)
  best_avg_reward   : 482.50 ± 0.00
  tail_iqm_reward   : 308.09 ± 0.00  (diagnostic: matches Optuna selection metric)
  convergence_ep    : never reached threshold in any seed

Robust reporting (final_avg_reward across seeds, 95% bootstrap CI):
  IQM   : 374.62  [95% CI: 374.62, 374.62]
  Mean  : 374.62  [95% CI: 374.62, 374.62]
  (note: with N < 10, bootstrap CIs and IQM are necessarily wide; per Colas et al. 2018 consider increasing --num-seeds.)
