Multi-seed training for: bitshift-64-32-4
  device       : cpu
  num_seeds    : 1
  base_seed    : 45
  num_episodes : 1500
  output_dir   : metrics/multi-seed/bitshift-64-32-4/_workers/seed45

============================================================
Seed 45 (1/1)
============================================================
  Episode 50/1500  avg(100): 17.5
  Episode 100/1500  avg(100): 18.3
  Episode 150/1500  avg(100): 32.1
  Episode 200/1500  avg(100): 125.9
  Episode 250/1500  avg(100): 234.4
  Episode 300/1500  avg(100): 321.8
  Episode 350/1500  avg(100): 406.6
  Episode 400/1500  avg(100): 284.0
  Episode 450/1500  avg(100): 300.5
  Episode 500/1500  avg(100): 448.4
  Episode 550/1500  avg(100): 407.9
  Episode 600/1500  avg(100): 397.4
  Episode 650/1500  avg(100): 429.6
  Episode 700/1500  avg(100): 473.6
  Episode 750/1500  avg(100): 491.6
  Episode 800/1500  avg(100): 461.7
  Episode 850/1500  avg(100): 332.3
  Episode 900/1500  avg(100): 343.7
  Episode 950/1500  avg(100): 325.1
  Episode 1000/1500  avg(100): 172.9
  Episode 1050/1500  avg(100): 296.1
  Episode 1100/1500  avg(100): 467.5
  Episode 1150/1500  avg(100): 499.9
  Episode 1200/1500  avg(100): 500.0
  Episode 1250/1500  avg(100): 500.0
  Episode 1300/1500  avg(100): 500.0
  Episode 1350/1500  avg(100): 500.0
  Episode 1400/1500  avg(100): 500.0
  Episode 1450/1500  avg(100): 500.0
  Episode 1500/1500  avg(100): 500.0
Model saved to models/bitshift-64-32-4-seed45-final.pth
  per-episode CSV streamed to: metrics/multi-seed/bitshift-64-32-4/_workers/seed45/bitshift-64-32-4-seed45.csv

Summary CSV: metrics/multi-seed/bitshift-64-32-4/_workers/seed45/bitshift-64-32-4-summary.csv

Results across 1 seeds:
  solved (final_avg >= 475) : 1/1 seeds
  final_avg_reward  : 500.00 ± 0.00  (primary metric: CartPole-v1 standard)
  best_avg_reward   : 500.00 ± 0.00
  tail_iqm_reward   : 500.00 ± 0.00  (diagnostic: matches Optuna selection metric)
  convergence_ep    : 1101.0 ± 0.0  (1/1 seeds converged)

Robust reporting (final_avg_reward across seeds, 95% bootstrap CI):
  IQM   : 500.00  [95% CI: 500.00, 500.00]
  Mean  : 500.00  [95% CI: 500.00, 500.00]
  (note: with N < 10, bootstrap CIs and IQM are necessarily wide; per Colas et al. 2018 consider increasing --num-seeds.)
