Multi-seed training for: leaky-32-32
  device       : cpu
  num_seeds    : 1
  base_seed    : 89
  num_episodes : 1500
  output_dir   : metrics/multi-seed/leaky-32-32/_workers/seed89

============================================================
Seed 89 (1/1)
============================================================
  Episode 50/1500  avg(100): 18.7
  Episode 100/1500  avg(100): 17.3
  Episode 150/1500  avg(100): 26.4
  Episode 200/1500  avg(100): 29.1
  Episode 250/1500  avg(100): 21.5
  Episode 300/1500  avg(100): 34.4
  Episode 350/1500  avg(100): 68.3
  Episode 400/1500  avg(100): 86.2
  Episode 450/1500  avg(100): 85.1
  Episode 500/1500  avg(100): 102.4
  Episode 550/1500  avg(100): 114.3
  Episode 600/1500  avg(100): 113.7
  Episode 650/1500  avg(100): 122.6
  Episode 700/1500  avg(100): 124.6
  Episode 750/1500  avg(100): 125.0
  Episode 800/1500  avg(100): 128.8
  Episode 850/1500  avg(100): 139.4
  Episode 900/1500  avg(100): 129.3
  Episode 950/1500  avg(100): 113.5
  Episode 1000/1500  avg(100): 110.5
  Episode 1050/1500  avg(100): 95.9
  Episode 1100/1500  avg(100): 101.4
  Episode 1150/1500  avg(100): 94.2
  Episode 1200/1500  avg(100): 183.8
  Episode 1250/1500  avg(100): 208.0
  Episode 1300/1500  avg(100): 309.3
  Episode 1350/1500  avg(100): 489.6
  Episode 1400/1500  avg(100): 492.4
  Episode 1450/1500  avg(100): 500.0
  Episode 1500/1500  avg(100): 500.0
Model saved to models/leaky-32-32-seed89-final.pth
  per-episode CSV streamed to: metrics/multi-seed/leaky-32-32/_workers/seed89/leaky-32-32-seed89.csv

Summary CSV: metrics/multi-seed/leaky-32-32/_workers/seed89/leaky-32-32-summary.csv

Results across 1 seeds:
  solved (final_avg >= 475) : 1/1 seeds
  final_avg_reward  : 500.00 ± 0.00  (primary metric: CartPole-v1 standard)
  best_avg_reward   : 500.00 ± 0.00
  tail_iqm_reward   : 362.94 ± 0.00  (diagnostic: matches Optuna selection metric)
  convergence_ep    : 1341.0 ± 0.0  (1/1 seeds converged)

Robust reporting (final_avg_reward across seeds, 95% bootstrap CI):
  IQM   : 500.00  [95% CI: 500.00, 500.00]
  Mean  : 500.00  [95% CI: 500.00, 500.00]
  (note: with N < 10, bootstrap CIs and IQM are necessarily wide; per Colas et al. 2018 consider increasing --num-seeds.)
