Multi-seed training for: fractional-32-8-8
  device       : cpu
  num_seeds    : 1
  base_seed    : 61
  num_episodes : 1500
  output_dir   : metrics/multi-seed/fractional-32-8-8/_workers/seed61

============================================================
Seed 61 (1/1)
============================================================
  Episode 50/1500  avg(100): 16.1
  Episode 100/1500  avg(100): 14.1
  Episode 150/1500  avg(100): 35.4
  Episode 200/1500  avg(100): 100.0
  Episode 250/1500  avg(100): 165.7
  Episode 300/1500  avg(100): 297.9
  Episode 350/1500  avg(100): 284.4
  Episode 400/1500  avg(100): 106.9
  Episode 450/1500  avg(100): 38.3
  Episode 500/1500  avg(100): 31.1
  Episode 550/1500  avg(100): 49.2
  Episode 600/1500  avg(100): 65.5
  Episode 650/1500  avg(100): 61.8
  Episode 700/1500  avg(100): 37.4
  Episode 750/1500  avg(100): 27.9
  Episode 800/1500  avg(100): 149.3
  Episode 850/1500  avg(100): 306.1
  Episode 900/1500  avg(100): 421.5
  Episode 950/1500  avg(100): 415.8
  Episode 1000/1500  avg(100): 208.6
  Episode 1050/1500  avg(100): 83.1
  Episode 1100/1500  avg(100): 78.9
  Episode 1150/1500  avg(100): 41.5
  Episode 1200/1500  avg(100): 30.7
  Episode 1250/1500  avg(100): 201.7
  Episode 1300/1500  avg(100): 195.6
  Episode 1350/1500  avg(100): 24.9
  Episode 1400/1500  avg(100): 154.3
  Episode 1450/1500  avg(100): 382.4
  Episode 1500/1500  avg(100): 484.5
Model saved to models/fractional-32-8-8-seed61-final.pth
  per-episode CSV streamed to: metrics/multi-seed/fractional-32-8-8/_workers/seed61/fractional-32-8-8-seed61.csv

Summary CSV: metrics/multi-seed/fractional-32-8-8/_workers/seed61/fractional-32-8-8-summary.csv

Results across 1 seeds:
  solved (final_avg >= 475) : 1/1 seeds
  final_avg_reward  : 484.46 ± 0.00  (primary metric: CartPole-v1 standard)
  best_avg_reward   : 492.37 ± 0.00
  tail_iqm_reward   : 137.10 ± 0.00  (diagnostic: matches Optuna selection metric)
  convergence_ep    : 1471.0 ± 0.0  (1/1 seeds converged)

Robust reporting (final_avg_reward across seeds, 95% bootstrap CI):
  IQM   : 484.46  [95% CI: 484.46, 484.46]
  Mean  : 484.46  [95% CI: 484.46, 484.46]
  (note: with N < 10, bootstrap CIs and IQM are necessarily wide; per Colas et al. 2018 consider increasing --num-seeds.)
