Multi-seed training for: fractional-32-8-8
  device       : cpu
  num_seeds    : 1
  base_seed    : 64
  num_episodes : 1500
  output_dir   : metrics/multi-seed/fractional-32-8-8/_workers/seed64

============================================================
Seed 64 (1/1)
============================================================
  Episode 50/1500  avg(100): 17.6
  Episode 100/1500  avg(100): 15.2
  Episode 150/1500  avg(100): 13.5
  Episode 200/1500  avg(100): 35.5
  Episode 250/1500  avg(100): 155.3
  Episode 300/1500  avg(100): 211.9
  Episode 350/1500  avg(100): 184.7
  Episode 400/1500  avg(100): 277.9
  Episode 450/1500  avg(100): 422.6
  Episode 500/1500  avg(100): 351.8
  Episode 550/1500  avg(100): 170.0
  Episode 600/1500  avg(100): 79.2
  Episode 650/1500  avg(100): 24.4
  Episode 700/1500  avg(100): 80.2
  Episode 750/1500  avg(100): 132.6
  Episode 800/1500  avg(100): 136.6
  Episode 850/1500  avg(100): 221.7
  Episode 900/1500  avg(100): 325.2
  Episode 950/1500  avg(100): 288.6
  Episode 1000/1500  avg(100): 332.9
  Episode 1050/1500  avg(100): 331.1
  Episode 1100/1500  avg(100): 212.8
  Episode 1150/1500  avg(100): 134.2
  Episode 1200/1500  avg(100): 54.1
  Episode 1250/1500  avg(100): 138.4
  Episode 1300/1500  avg(100): 221.5
  Episode 1350/1500  avg(100): 215.2
  Episode 1400/1500  avg(100): 222.6
  Episode 1450/1500  avg(100): 239.2
  Episode 1500/1500  avg(100): 261.7
Model saved to models/fractional-32-8-8-seed64-final.pth
  per-episode CSV streamed to: metrics/multi-seed/fractional-32-8-8/_workers/seed64/fractional-32-8-8-seed64.csv

Summary CSV: metrics/multi-seed/fractional-32-8-8/_workers/seed64/fractional-32-8-8-summary.csv

Results across 1 seeds:
  solved (final_avg >= 475) : 0/1 seeds
  final_avg_reward  : 261.67 ± 0.00  (primary metric: CartPole-v1 standard)
  best_avg_reward   : 453.80 ± 0.00
  tail_iqm_reward   : 195.03 ± 0.00  (diagnostic: matches Optuna selection metric)
  convergence_ep    : never reached threshold in any seed

Robust reporting (final_avg_reward across seeds, 95% bootstrap CI):
  IQM   : 261.67  [95% CI: 261.67, 261.67]
  Mean  : 261.67  [95% CI: 261.67, 261.67]
  (note: with N < 10, bootstrap CIs and IQM are necessarily wide; per Colas et al. 2018 consider increasing --num-seeds.)
