Multi-seed training for: fractional-32-8-8
  device       : cpu
  num_seeds    : 1
  base_seed    : 93
  num_episodes : 1500
  output_dir   : metrics/multi-seed/fractional-32-8-8/_workers/seed93

============================================================
Seed 93 (1/1)
============================================================
  Episode 50/1500  avg(100): 16.8
  Episode 100/1500  avg(100): 15.7
  Episode 150/1500  avg(100): 15.9
  Episode 200/1500  avg(100): 18.4
  Episode 250/1500  avg(100): 21.4
  Episode 300/1500  avg(100): 16.4
  Episode 350/1500  avg(100): 9.6
  Episode 400/1500  avg(100): 13.0
  Episode 450/1500  avg(100): 53.5
  Episode 500/1500  avg(100): 107.5
  Episode 550/1500  avg(100): 115.7
  Episode 600/1500  avg(100): 107.8
  Episode 650/1500  avg(100): 102.3
  Episode 700/1500  avg(100): 94.2
  Episode 750/1500  avg(100): 93.5
  Episode 800/1500  avg(100): 96.9
  Episode 850/1500  avg(100): 101.5
  Episode 900/1500  avg(100): 102.4
  Episode 950/1500  avg(100): 103.6
  Episode 1000/1500  avg(100): 99.5
  Episode 1050/1500  avg(100): 74.0
  Episode 1100/1500  avg(100): 136.1
  Episode 1150/1500  avg(100): 358.8
  Episode 1200/1500  avg(100): 500.0
  Episode 1250/1500  avg(100): 377.6
  Episode 1300/1500  avg(100): 171.9
  Episode 1350/1500  avg(100): 215.0
  Episode 1400/1500  avg(100): 392.1
  Episode 1450/1500  avg(100): 401.5
  Episode 1500/1500  avg(100): 361.5
Model saved to models/fractional-32-8-8-seed93-final.pth
  per-episode CSV streamed to: metrics/multi-seed/fractional-32-8-8/_workers/seed93/fractional-32-8-8-seed93.csv

Summary CSV: metrics/multi-seed/fractional-32-8-8/_workers/seed93/fractional-32-8-8-summary.csv

Results across 1 seeds:
  solved (final_avg >= 475) : 0/1 seeds
  final_avg_reward  : 361.47 ± 0.00  (primary metric: CartPole-v1 standard)
  best_avg_reward   : 500.00 ± 0.00
  tail_iqm_reward   : 361.51 ± 0.00  (diagnostic: matches Optuna selection metric)
  convergence_ep    : never reached threshold in any seed

Robust reporting (final_avg_reward across seeds, 95% bootstrap CI):
  IQM   : 361.47  [95% CI: 361.47, 361.47]
  Mean  : 361.47  [95% CI: 361.47, 361.47]
  (note: with N < 10, bootstrap CIs and IQM are necessarily wide; per Colas et al. 2018 consider increasing --num-seeds.)
