Multi-seed training for: bitshift-64-32-4
  device       : cpu
  num_seeds    : 1
  base_seed    : 55
  num_episodes : 1500
  output_dir   : metrics/multi-seed/bitshift-64-32-4-25k/bitshift-64-32-4/_workers/seed55

============================================================
Seed 55 (1/1)
============================================================
  Episode 50/1500  avg(100): 18.6
  Episode 100/1500  avg(100): 16.8
  Episode 150/1500  avg(100): 105.3
  Episode 200/1500  avg(100): 206.7
  Episode 250/1500  avg(100): 202.2
  Episode 300/1500  avg(100): 185.5
  Episode 350/1500  avg(100): 205.5
  Episode 400/1500  avg(100): 247.9
  Episode 450/1500  avg(100): 270.6
  Episode 500/1500  avg(100): 278.1
  Episode 550/1500  avg(100): 250.5
  Episode 600/1500  avg(100): 212.1
  Episode 650/1500  avg(100): 180.5
  Episode 700/1500  avg(100): 156.1
  Episode 750/1500  avg(100): 164.8
  Episode 800/1500  avg(100): 205.1
  Episode 850/1500  avg(100): 297.8
  Episode 900/1500  avg(100): 355.4
  Episode 950/1500  avg(100): 278.8
  Episode 1000/1500  avg(100): 180.5
  Episode 1050/1500  avg(100): 172.3
  Episode 1100/1500  avg(100): 324.0
  Episode 1150/1500  avg(100): 480.5
  Episode 1200/1500  avg(100): 500.0
  Episode 1250/1500  avg(100): 390.7
  Episode 1300/1500  avg(100): 390.7
  Episode 1350/1500  avg(100): 500.0
  Episode 1400/1500  avg(100): 500.0
  Episode 1450/1500  avg(100): 500.0
  Episode 1500/1500  avg(100): 497.9
Model saved to models/bitshift-64-32-4-seed55-final.pth
  per-episode CSV streamed to: metrics/multi-seed/bitshift-64-32-4-25k/bitshift-64-32-4/_workers/seed55/bitshift-64-32-4-seed55.csv

Summary CSV: metrics/multi-seed/bitshift-64-32-4-25k/bitshift-64-32-4/_workers/seed55/bitshift-64-32-4-summary.csv

Results across 1 seeds:
  solved (final_avg >= 475) : 1/1 seeds
  final_avg_reward  : 497.85 ± 0.00  (primary metric: CartPole-v1 standard)
  best_avg_reward   : 500.00 ± 0.00
  tail_iqm_reward   : 484.54 ± 0.00  (diagnostic: matches Optuna selection metric)
  convergence_ep    : 1336.0 ± 0.0  (1/1 seeds converged)

Robust reporting (final_avg_reward across seeds, 95% bootstrap CI):
  IQM   : 497.85  [95% CI: 497.85, 497.85]
  Mean  : 497.85  [95% CI: 497.85, 497.85]
  (note: with N < 10, bootstrap CIs and IQM are necessarily wide; per Colas et al. 2018 consider increasing --num-seeds.)
