Multi-seed training for: leaky-32-32
  device       : cpu
  num_seeds    : 1
  base_seed    : 49
  num_episodes : 1500
  output_dir   : metrics/multi-seed/leaky-32-32/_workers/seed49

============================================================
Seed 49 (1/1)
============================================================
  Episode 50/1500  avg(100): 16.5
  Episode 100/1500  avg(100): 15.8
  Episode 150/1500  avg(100): 17.8
  Episode 200/1500  avg(100): 22.5
  Episode 250/1500  avg(100): 52.8
  Episode 300/1500  avg(100): 112.7
  Episode 350/1500  avg(100): 156.9
  Episode 400/1500  avg(100): 170.6
  Episode 450/1500  avg(100): 212.3
  Episode 500/1500  avg(100): 270.3
  Episode 550/1500  avg(100): 259.7
  Episode 600/1500  avg(100): 212.5
  Episode 650/1500  avg(100): 201.6
  Episode 700/1500  avg(100): 204.4
  Episode 750/1500  avg(100): 194.3
  Episode 800/1500  avg(100): 204.5
  Episode 850/1500  avg(100): 325.7
  Episode 900/1500  avg(100): 432.8
  Episode 950/1500  avg(100): 446.0
  Episode 1000/1500  avg(100): 403.8
  Episode 1050/1500  avg(100): 360.4
  Episode 1100/1500  avg(100): 403.3
  Episode 1150/1500  avg(100): 309.4
  Episode 1200/1500  avg(100): 266.7
  Episode 1250/1500  avg(100): 359.1
  Episode 1300/1500  avg(100): 412.9
  Episode 1350/1500  avg(100): 443.1
  Episode 1400/1500  avg(100): 427.8
  Episode 1450/1500  avg(100): 406.0
  Episode 1500/1500  avg(100): 417.4
Model saved to models/leaky-32-32-seed49-final.pth
  per-episode CSV streamed to: metrics/multi-seed/leaky-32-32/_workers/seed49/leaky-32-32-seed49.csv

Summary CSV: metrics/multi-seed/leaky-32-32/_workers/seed49/leaky-32-32-summary.csv

Results across 1 seeds:
  solved (final_avg >= 475) : 0/1 seeds
  final_avg_reward  : 417.40 ± 0.00  (primary metric: CartPole-v1 standard)
  best_avg_reward   : 447.73 ± 0.00
  tail_iqm_reward   : 397.20 ± 0.00  (diagnostic: matches Optuna selection metric)
  convergence_ep    : never reached threshold in any seed

Robust reporting (final_avg_reward across seeds, 95% bootstrap CI):
  IQM   : 417.40  [95% CI: 417.40, 417.40]
  Mean  : 417.40  [95% CI: 417.40, 417.40]
  (note: with N < 10, bootstrap CIs and IQM are necessarily wide; per Colas et al. 2018 consider increasing --num-seeds.)
