Multi-seed training for: leaky-32-32
  device       : cpu
  num_seeds    : 1
  base_seed    : 45
  num_episodes : 1500
  output_dir   : metrics/multi-seed/leaky-32-32-20k/leaky-32-32/_workers/seed45

============================================================
Seed 45 (1/1)
============================================================
  Episode 50/1500  avg(100): 17.5
  Episode 100/1500  avg(100): 19.7
  Episode 150/1500  avg(100): 24.7
  Episode 200/1500  avg(100): 74.8
  Episode 250/1500  avg(100): 143.7
  Episode 300/1500  avg(100): 203.0
  Episode 350/1500  avg(100): 217.8
  Episode 400/1500  avg(100): 191.5
  Episode 450/1500  avg(100): 124.2
  Episode 500/1500  avg(100): 59.1
  Episode 550/1500  avg(100): 101.2
  Episode 600/1500  avg(100): 164.7
  Episode 650/1500  avg(100): 243.5
  Episode 700/1500  avg(100): 324.7
  Episode 750/1500  avg(100): 259.0
  Episode 800/1500  avg(100): 232.6
  Episode 850/1500  avg(100): 235.2
  Episode 900/1500  avg(100): 233.9
  Episode 950/1500  avg(100): 295.7
  Episode 1000/1500  avg(100): 343.1
  Episode 1050/1500  avg(100): 312.7
  Episode 1100/1500  avg(100): 172.1
  Episode 1150/1500  avg(100): 138.6
  Episode 1200/1500  avg(100): 314.3
  Episode 1250/1500  avg(100): 477.4
  Episode 1300/1500  avg(100): 498.9
  Episode 1350/1500  avg(100): 500.0
  Episode 1400/1500  avg(100): 498.4
  Episode 1450/1500  avg(100): 492.2
  Episode 1500/1500  avg(100): 493.8
Model saved to models/leaky-32-32-seed45-final.pth
  per-episode CSV streamed to: metrics/multi-seed/leaky-32-32-20k/leaky-32-32/_workers/seed45/leaky-32-32-seed45.csv

Summary CSV: metrics/multi-seed/leaky-32-32-20k/leaky-32-32/_workers/seed45/leaky-32-32-summary.csv

Results across 1 seeds:
  solved (final_avg >= 475) : 1/1 seeds
  final_avg_reward  : 493.81 ± 0.00  (primary metric: CartPole-v1 standard)
  best_avg_reward   : 500.00 ± 0.00
  tail_iqm_reward   : 483.43 ± 0.00  (diagnostic: matches Optuna selection metric)
  convergence_ep    : 1247.0 ± 0.0  (1/1 seeds converged)

Robust reporting (final_avg_reward across seeds, 95% bootstrap CI):
  IQM   : 493.81  [95% CI: 493.81, 493.81]
  Mean  : 493.81  [95% CI: 493.81, 493.81]
  (note: with N < 10, bootstrap CIs and IQM are necessarily wide; per Colas et al. 2018 consider increasing --num-seeds.)
