Multi-seed training for: fractional-32-8-8
  device       : cpu
  num_seeds    : 1
  base_seed    : 58
  num_episodes : 1500
  output_dir   : metrics/multi-seed/fractional-32-8-8-25k/fractional-32-8-8/_workers/seed58

============================================================
Seed 58 (1/1)
============================================================
  Episode 50/1500  avg(100): 16.7
  Episode 100/1500  avg(100): 14.8
  Episode 150/1500  avg(100): 16.4
  Episode 200/1500  avg(100): 48.6
  Episode 250/1500  avg(100): 155.8
  Episode 300/1500  avg(100): 223.0
  Episode 350/1500  avg(100): 209.0
  Episode 400/1500  avg(100): 213.5
  Episode 450/1500  avg(100): 210.6
  Episode 500/1500  avg(100): 317.1
  Episode 550/1500  avg(100): 465.2
  Episode 600/1500  avg(100): 438.1
  Episode 650/1500  avg(100): 246.4
  Episode 700/1500  avg(100): 295.2
  Episode 750/1500  avg(100): 488.6
  Episode 800/1500  avg(100): 500.0
  Episode 850/1500  avg(100): 493.3
  Episode 900/1500  avg(100): 419.4
  Episode 950/1500  avg(100): 335.8
  Episode 1000/1500  avg(100): 299.4
  Episode 1050/1500  avg(100): 158.1
  Episode 1100/1500  avg(100): 34.5
  Episode 1150/1500  avg(100): 43.5
  Episode 1200/1500  avg(100): 67.0
  Episode 1250/1500  avg(100): 83.7
  Episode 1300/1500  avg(100): 98.4
  Episode 1350/1500  avg(100): 127.0
  Episode 1400/1500  avg(100): 168.9
  Episode 1450/1500  avg(100): 223.9
  Episode 1500/1500  avg(100): 133.1
Model saved to models/fractional-32-8-8-seed58-final.pth
  per-episode CSV streamed to: metrics/multi-seed/fractional-32-8-8-25k/fractional-32-8-8/_workers/seed58/fractional-32-8-8-seed58.csv

Summary CSV: metrics/multi-seed/fractional-32-8-8-25k/fractional-32-8-8/_workers/seed58/fractional-32-8-8-summary.csv

Results across 1 seeds:
  solved (final_avg >= 475) : 0/1 seeds
  final_avg_reward  : 133.05 ± 0.00  (primary metric: CartPole-v1 standard)
  best_avg_reward   : 500.00 ± 0.00
  tail_iqm_reward   : 109.34 ± 0.00  (diagnostic: matches Optuna selection metric)
  convergence_ep    : never reached threshold in any seed

Robust reporting (final_avg_reward across seeds, 95% bootstrap CI):
  IQM   : 133.05  [95% CI: 133.05, 133.05]
  Mean  : 133.05  [95% CI: 133.05, 133.05]
  (note: with N < 10, bootstrap CIs and IQM are necessarily wide; per Colas et al. 2018 consider increasing --num-seeds.)
