Multi-seed training for: bitshift-64-32-4
  device       : cpu
  num_seeds    : 1
  base_seed    : 53
  num_episodes : 1500
  output_dir   : metrics/multi-seed/bitshift-64-32-4/_workers/seed53

============================================================
Seed 53 (1/1)
============================================================
  Episode 50/1500  avg(100): 16.7
  Episode 100/1500  avg(100): 20.1
  Episode 150/1500  avg(100): 52.9
  Episode 200/1500  avg(100): 90.6
  Episode 250/1500  avg(100): 161.4
  Episode 300/1500  avg(100): 298.9
  Episode 350/1500  avg(100): 269.0
  Episode 400/1500  avg(100): 211.1
  Episode 450/1500  avg(100): 246.6
  Episode 500/1500  avg(100): 298.1
  Episode 550/1500  avg(100): 336.1
  Episode 600/1500  avg(100): 326.2
  Episode 650/1500  avg(100): 309.9
  Episode 700/1500  avg(100): 240.5
  Episode 750/1500  avg(100): 231.6
  Episode 800/1500  avg(100): 212.7
  Episode 850/1500  avg(100): 191.4
  Episode 900/1500  avg(100): 344.9
  Episode 950/1500  avg(100): 429.8
  Episode 1000/1500  avg(100): 417.7
  Episode 1050/1500  avg(100): 467.7
  Episode 1100/1500  avg(100): 483.9
  Episode 1150/1500  avg(100): 474.4
  Episode 1200/1500  avg(100): 398.2
  Episode 1250/1500  avg(100): 414.1
  Episode 1300/1500  avg(100): 497.8
  Episode 1350/1500  avg(100): 464.8
  Episode 1400/1500  avg(100): 467.0
  Episode 1450/1500  avg(100): 494.9
  Episode 1500/1500  avg(100): 489.1
Model saved to models/bitshift-64-32-4-seed53-final.pth
  per-episode CSV streamed to: metrics/multi-seed/bitshift-64-32-4/_workers/seed53/bitshift-64-32-4-seed53.csv

Summary CSV: metrics/multi-seed/bitshift-64-32-4/_workers/seed53/bitshift-64-32-4-summary.csv

Results across 1 seeds:
  solved (final_avg >= 475) : 1/1 seeds
  final_avg_reward  : 489.07 ± 0.00  (primary metric: CartPole-v1 standard)
  best_avg_reward   : 500.00 ± 0.00
  tail_iqm_reward   : 470.61 ± 0.00  (diagnostic: matches Optuna selection metric)
  convergence_ep    : 1405.0 ± 0.0  (1/1 seeds converged)

Robust reporting (final_avg_reward across seeds, 95% bootstrap CI):
  IQM   : 489.07  [95% CI: 489.07, 489.07]
  Mean  : 489.07  [95% CI: 489.07, 489.07]
  (note: with N < 10, bootstrap CIs and IQM are necessarily wide; per Colas et al. 2018 consider increasing --num-seeds.)
