Multi-seed training for: bitshift-64-32-4
  device       : cpu
  num_seeds    : 1
  base_seed    : 95
  num_episodes : 1500
  output_dir   : metrics/multi-seed/bitshift-64-32-4/_workers/seed95

============================================================
Seed 95 (1/1)
============================================================
  Episode 50/1500  avg(100): 17.7
  Episode 100/1500  avg(100): 16.1
  Episode 150/1500  avg(100): 58.1
  Episode 200/1500  avg(100): 128.4
  Episode 250/1500  avg(100): 153.4
  Episode 300/1500  avg(100): 150.2
  Episode 350/1500  avg(100): 155.8
  Episode 400/1500  avg(100): 161.1
  Episode 450/1500  avg(100): 188.6
  Episode 500/1500  avg(100): 215.2
  Episode 550/1500  avg(100): 207.5
  Episode 600/1500  avg(100): 272.6
  Episode 650/1500  avg(100): 416.8
  Episode 700/1500  avg(100): 473.2
  Episode 750/1500  avg(100): 430.0
  Episode 800/1500  avg(100): 432.4
  Episode 850/1500  avg(100): 480.3
  Episode 900/1500  avg(100): 500.0
  Episode 950/1500  avg(100): 500.0
  Episode 1000/1500  avg(100): 500.0
  Episode 1050/1500  avg(100): 500.0
  Episode 1100/1500  avg(100): 499.7
  Episode 1150/1500  avg(100): 499.7
  Episode 1200/1500  avg(100): 500.0
  Episode 1250/1500  avg(100): 500.0
  Episode 1300/1500  avg(100): 500.0
  Episode 1350/1500  avg(100): 471.3
  Episode 1400/1500  avg(100): 471.3
  Episode 1450/1500  avg(100): 500.0
  Episode 1500/1500  avg(100): 500.0
Model saved to models/bitshift-64-32-4-seed95-final.pth
  per-episode CSV streamed to: metrics/multi-seed/bitshift-64-32-4/_workers/seed95/bitshift-64-32-4-seed95.csv

Summary CSV: metrics/multi-seed/bitshift-64-32-4/_workers/seed95/bitshift-64-32-4-summary.csv

Results across 1 seeds:
  solved (final_avg >= 475) : 1/1 seeds
  final_avg_reward  : 500.00 ± 0.00  (primary metric: CartPole-v1 standard)
  best_avg_reward   : 500.00 ± 0.00
  tail_iqm_reward   : 498.72 ± 0.00  (diagnostic: matches Optuna selection metric)
  convergence_ep    : 1425.0 ± 0.0  (1/1 seeds converged)

Robust reporting (final_avg_reward across seeds, 95% bootstrap CI):
  IQM   : 500.00  [95% CI: 500.00, 500.00]
  Mean  : 500.00  [95% CI: 500.00, 500.00]
  (note: with N < 10, bootstrap CIs and IQM are necessarily wide; per Colas et al. 2018 consider increasing --num-seeds.)
