Multi-seed training for: bitshift-64-32-4
  device       : cpu
  num_seeds    : 1
  base_seed    : 86
  num_episodes : 1500
  output_dir   : metrics/multi-seed/bitshift-64-32-4/_workers/seed86

============================================================
Seed 86 (1/1)
============================================================
  Episode 50/1500  avg(100): 16.6
  Episode 100/1500  avg(100): 15.6
  Episode 150/1500  avg(100): 19.4
  Episode 200/1500  avg(100): 62.6
  Episode 250/1500  avg(100): 114.6
  Episode 300/1500  avg(100): 122.1
  Episode 350/1500  avg(100): 122.0
  Episode 400/1500  avg(100): 147.3
  Episode 450/1500  avg(100): 156.5
  Episode 500/1500  avg(100): 174.3
  Episode 550/1500  avg(100): 293.5
  Episode 600/1500  avg(100): 387.0
  Episode 650/1500  avg(100): 444.7
  Episode 700/1500  avg(100): 483.8
  Episode 750/1500  avg(100): 481.3
  Episode 800/1500  avg(100): 473.9
  Episode 850/1500  avg(100): 476.3
  Episode 900/1500  avg(100): 500.0
  Episode 950/1500  avg(100): 491.9
  Episode 1000/1500  avg(100): 489.3
  Episode 1050/1500  avg(100): 478.0
  Episode 1100/1500  avg(100): 416.2
  Episode 1150/1500  avg(100): 413.6
  Episode 1200/1500  avg(100): 441.8
  Episode 1250/1500  avg(100): 401.4
  Episode 1300/1500  avg(100): 360.5
  Episode 1350/1500  avg(100): 411.2
  Episode 1400/1500  avg(100): 370.5
  Episode 1450/1500  avg(100): 382.2
  Episode 1500/1500  avg(100): 500.0
Model saved to models/bitshift-64-32-4-seed86-final.pth
  per-episode CSV streamed to: metrics/multi-seed/bitshift-64-32-4/_workers/seed86/bitshift-64-32-4-seed86.csv

Summary CSV: metrics/multi-seed/bitshift-64-32-4/_workers/seed86/bitshift-64-32-4-summary.csv

Results across 1 seeds:
  solved (final_avg >= 475) : 1/1 seeds
  final_avg_reward  : 500.00 ± 0.00  (primary metric: CartPole-v1 standard)
  best_avg_reward   : 500.00 ± 0.00
  tail_iqm_reward   : 401.17 ± 0.00  (diagnostic: matches Optuna selection metric)
  convergence_ep    : 1481.0 ± 0.0  (1/1 seeds converged)

Robust reporting (final_avg_reward across seeds, 95% bootstrap CI):
  IQM   : 500.00  [95% CI: 500.00, 500.00]
  Mean  : 500.00  [95% CI: 500.00, 500.00]
  (note: with N < 10, bootstrap CIs and IQM are necessarily wide; per Colas et al. 2018 consider increasing --num-seeds.)
