Multi-seed training for: bitshift-64-32-4
  device       : cpu
  num_seeds    : 1
  base_seed    : 48
  num_episodes : 1500
  output_dir   : metrics/multi-seed/bitshift-64-32-4-50k/bitshift-64-32-4/_workers/seed48

============================================================
Seed 48 (1/1)
============================================================
  Episode 50/1500  avg(100): 17.5
  Episode 100/1500  avg(100): 17.7
  Episode 150/1500  avg(100): 96.2
  Episode 200/1500  avg(100): 145.9
  Episode 250/1500  avg(100): 156.9
  Episode 300/1500  avg(100): 318.8
  Episode 350/1500  avg(100): 440.8
  Episode 400/1500  avg(100): 335.2
  Episode 450/1500  avg(100): 189.8
  Episode 500/1500  avg(100): 161.7
  Episode 550/1500  avg(100): 259.9
  Episode 600/1500  avg(100): 334.2
  Episode 650/1500  avg(100): 367.0
  Episode 700/1500  avg(100): 413.4
  Episode 750/1500  avg(100): 341.1
  Episode 800/1500  avg(100): 319.9
  Episode 850/1500  avg(100): 357.6
  Episode 900/1500  avg(100): 356.5
  Episode 950/1500  avg(100): 401.3
  Episode 1000/1500  avg(100): 430.2
  Episode 1050/1500  avg(100): 451.3
  Episode 1100/1500  avg(100): 436.1
  Episode 1150/1500  avg(100): 257.8
  Episode 1200/1500  avg(100): 246.0
  Episode 1250/1500  avg(100): 437.2
  Episode 1300/1500  avg(100): 457.7
  Episode 1350/1500  avg(100): 379.2
  Episode 1400/1500  avg(100): 419.4
  Episode 1450/1500  avg(100): 480.6
  Episode 1500/1500  avg(100): 433.0
Model saved to models/bitshift-64-32-4-seed48-final.pth
  per-episode CSV streamed to: metrics/multi-seed/bitshift-64-32-4-50k/bitshift-64-32-4/_workers/seed48/bitshift-64-32-4-seed48.csv

Summary CSV: metrics/multi-seed/bitshift-64-32-4-50k/bitshift-64-32-4/_workers/seed48/bitshift-64-32-4-summary.csv

Results across 1 seeds:
  solved (final_avg >= 475) : 0/1 seeds
  final_avg_reward  : 433.03 ± 0.00  (primary metric: CartPole-v1 standard)
  best_avg_reward   : 500.00 ± 0.00
  tail_iqm_reward   : 407.02 ± 0.00  (diagnostic: matches Optuna selection metric)
  convergence_ep    : never reached threshold in any seed

Robust reporting (final_avg_reward across seeds, 95% bootstrap CI):
  IQM   : 433.03  [95% CI: 433.03, 433.03]
  Mean  : 433.03  [95% CI: 433.03, 433.03]
  (note: with N < 10, bootstrap CIs and IQM are necessarily wide; per Colas et al. 2018 consider increasing --num-seeds.)
