Multi-seed training for: fractional-32-8-8
  device       : cpu
  num_seeds    : 1
  base_seed    : 51
  num_episodes : 1500
  output_dir   : metrics/multi-seed/fractional-32-8-8-25k/fractional-32-8-8/_workers/seed51

============================================================
Seed 51 (1/1)
============================================================
  Episode 50/1500  avg(100): 17.7
  Episode 100/1500  avg(100): 14.8
  Episode 150/1500  avg(100): 13.5
  Episode 200/1500  avg(100): 22.4
  Episode 250/1500  avg(100): 47.5
  Episode 300/1500  avg(100): 78.6
  Episode 350/1500  avg(100): 102.5
  Episode 400/1500  avg(100): 113.0
  Episode 450/1500  avg(100): 117.0
  Episode 500/1500  avg(100): 174.3
  Episode 550/1500  avg(100): 241.4
  Episode 600/1500  avg(100): 278.1
  Episode 650/1500  avg(100): 284.9
  Episode 700/1500  avg(100): 380.7
  Episode 750/1500  avg(100): 486.8
  Episode 800/1500  avg(100): 382.1
  Episode 850/1500  avg(100): 245.1
  Episode 900/1500  avg(100): 173.4
  Episode 950/1500  avg(100): 167.4
  Episode 1000/1500  avg(100): 347.3
  Episode 1050/1500  avg(100): 485.9
  Episode 1100/1500  avg(100): 303.6
  Episode 1150/1500  avg(100): 250.5
  Episode 1200/1500  avg(100): 432.7
  Episode 1250/1500  avg(100): 487.8
  Episode 1300/1500  avg(100): 463.8
  Episode 1350/1500  avg(100): 474.2
  Episode 1400/1500  avg(100): 498.1
  Episode 1450/1500  avg(100): 493.3
  Episode 1500/1500  avg(100): 493.3
Model saved to models/fractional-32-8-8-seed51-final.pth
  per-episode CSV streamed to: metrics/multi-seed/fractional-32-8-8-25k/fractional-32-8-8/_workers/seed51/fractional-32-8-8-seed51.csv

Summary CSV: metrics/multi-seed/fractional-32-8-8-25k/fractional-32-8-8/_workers/seed51/fractional-32-8-8-summary.csv

Results across 1 seeds:
  solved (final_avg >= 475) : 1/1 seeds
  final_avg_reward  : 493.29 ± 0.00  (primary metric: CartPole-v1 standard)
  best_avg_reward   : 500.00 ± 0.00
  tail_iqm_reward   : 479.97 ± 0.00  (diagnostic: matches Optuna selection metric)
  convergence_ep    : 1382.0 ± 0.0  (1/1 seeds converged)

Robust reporting (final_avg_reward across seeds, 95% bootstrap CI):
  IQM   : 493.29  [95% CI: 493.29, 493.29]
  Mean  : 493.29  [95% CI: 493.29, 493.29]
  (note: with N < 10, bootstrap CIs and IQM are necessarily wide; per Colas et al. 2018 consider increasing --num-seeds.)
