Multi-seed training for: leaky-32-32
  device       : cpu
  num_seeds    : 1
  base_seed    : 122
  num_episodes : 1500
  output_dir   : metrics/multi-seed/leaky-32-32/_workers/seed122

============================================================
Seed 122 (1/1)
============================================================
  Episode 50/1500  avg(100): 18.3
  Episode 100/1500  avg(100): 16.0
  Episode 150/1500  avg(100): 16.1
  Episode 200/1500  avg(100): 67.6
  Episode 250/1500  avg(100): 149.0
  Episode 300/1500  avg(100): 153.1
  Episode 350/1500  avg(100): 82.4
  Episode 400/1500  avg(100): 38.0
  Episode 450/1500  avg(100): 97.6
  Episode 500/1500  avg(100): 174.7
  Episode 550/1500  avg(100): 229.6
  Episode 600/1500  avg(100): 298.4
  Episode 650/1500  avg(100): 379.4
  Episode 700/1500  avg(100): 465.5
  Episode 750/1500  avg(100): 486.6
  Episode 800/1500  avg(100): 486.6
  Episode 850/1500  avg(100): 480.7
  Episode 900/1500  avg(100): 440.3
  Episode 950/1500  avg(100): 372.3
  Episode 1000/1500  avg(100): 327.3
  Episode 1050/1500  avg(100): 380.6
  Episode 1100/1500  avg(100): 441.7
  Episode 1150/1500  avg(100): 466.0
  Episode 1200/1500  avg(100): 372.2
  Episode 1250/1500  avg(100): 198.9
  Episode 1300/1500  avg(100): 306.1
  Episode 1350/1500  avg(100): 445.8
  Episode 1400/1500  avg(100): 305.0
  Episode 1450/1500  avg(100): 184.6
  Episode 1500/1500  avg(100): 149.3
Model saved to models/leaky-32-32-seed122-final.pth
  per-episode CSV streamed to: metrics/multi-seed/leaky-32-32/_workers/seed122/leaky-32-32-seed122.csv

Summary CSV: metrics/multi-seed/leaky-32-32/_workers/seed122/leaky-32-32-summary.csv

Results across 1 seeds:
  solved (final_avg >= 475) : 0/1 seeds
  final_avg_reward  : 149.33 ± 0.00  (primary metric: CartPole-v1 standard)
  best_avg_reward   : 494.17 ± 0.00
  tail_iqm_reward   : 310.10 ± 0.00  (diagnostic: matches Optuna selection metric)
  convergence_ep    : never reached threshold in any seed

Robust reporting (final_avg_reward across seeds, 95% bootstrap CI):
  IQM   : 149.33  [95% CI: 149.33, 149.33]
  Mean  : 149.33  [95% CI: 149.33, 149.33]
  (note: with N < 10, bootstrap CIs and IQM are necessarily wide; per Colas et al. 2018 consider increasing --num-seeds.)
