Multi-seed training for: fractional-32-8-8
  device       : cpu
  num_seeds    : 1
  base_seed    : 87
  num_episodes : 1500
  output_dir   : metrics/multi-seed/fractional-32-8-8/_workers/seed87

============================================================
Seed 87 (1/1)
============================================================
  Episode 50/1500  avg(100): 17.4
  Episode 100/1500  avg(100): 15.6
  Episode 150/1500  avg(100): 15.8
  Episode 200/1500  avg(100): 16.5
  Episode 250/1500  avg(100): 12.5
  Episode 300/1500  avg(100): 11.0
  Episode 350/1500  avg(100): 21.9
  Episode 400/1500  avg(100): 97.2
  Episode 450/1500  avg(100): 179.2
  Episode 500/1500  avg(100): 222.6
  Episode 550/1500  avg(100): 262.6
  Episode 600/1500  avg(100): 231.3
  Episode 650/1500  avg(100): 153.5
  Episode 700/1500  avg(100): 128.7
  Episode 750/1500  avg(100): 98.3
  Episode 800/1500  avg(100): 45.3
  Episode 850/1500  avg(100): 60.9
  Episode 900/1500  avg(100): 96.8
  Episode 950/1500  avg(100): 66.3
  Episode 1000/1500  avg(100): 27.5
  Episode 1050/1500  avg(100): 22.7
  Episode 1100/1500  avg(100): 19.2
  Episode 1150/1500  avg(100): 17.7
  Episode 1200/1500  avg(100): 17.0
  Episode 1250/1500  avg(100): 30.1
  Episode 1300/1500  avg(100): 115.5
  Episode 1350/1500  avg(100): 154.7
  Episode 1400/1500  avg(100): 126.3
  Episode 1450/1500  avg(100): 315.6
  Episode 1500/1500  avg(100): 492.9
Model saved to models/fractional-32-8-8-seed87-final.pth
  per-episode CSV streamed to: metrics/multi-seed/fractional-32-8-8/_workers/seed87/fractional-32-8-8-seed87.csv

Summary CSV: metrics/multi-seed/fractional-32-8-8/_workers/seed87/fractional-32-8-8-summary.csv

Results across 1 seeds:
  solved (final_avg >= 475) : 1/1 seeds
  final_avg_reward  : 492.90 ± 0.00  (primary metric: CartPole-v1 standard)
  best_avg_reward   : 495.02 ± 0.00
  tail_iqm_reward   : 101.62 ± 0.00  (diagnostic: matches Optuna selection metric)
  convergence_ep    : 1488.0 ± 0.0  (1/1 seeds converged)

Robust reporting (final_avg_reward across seeds, 95% bootstrap CI):
  IQM   : 492.90  [95% CI: 492.90, 492.90]
  Mean  : 492.90  [95% CI: 492.90, 492.90]
  (note: with N < 10, bootstrap CIs and IQM are necessarily wide; per Colas et al. 2018 consider increasing --num-seeds.)
