Multi-seed training for: leaky-32-32
  device       : cpu
  num_seeds    : 1
  base_seed    : 54
  num_episodes : 1500
  output_dir   : metrics/multi-seed/leaky-32-32-20k/leaky-32-32/_workers/seed54

============================================================
Seed 54 (1/1)
============================================================
  Episode 50/1500  avg(100): 19.0
  Episode 100/1500  avg(100): 18.8
  Episode 150/1500  avg(100): 58.7
  Episode 200/1500  avg(100): 181.6
  Episode 250/1500  avg(100): 215.1
  Episode 300/1500  avg(100): 186.7
  Episode 350/1500  avg(100): 147.3
  Episode 400/1500  avg(100): 180.9
  Episode 450/1500  avg(100): 220.5
  Episode 500/1500  avg(100): 129.3
  Episode 550/1500  avg(100): 157.3
  Episode 600/1500  avg(100): 314.3
  Episode 650/1500  avg(100): 309.5
  Episode 700/1500  avg(100): 148.2
  Episode 750/1500  avg(100): 123.5
  Episode 800/1500  avg(100): 133.3
  Episode 850/1500  avg(100): 153.0
  Episode 900/1500  avg(100): 212.9
  Episode 950/1500  avg(100): 186.5
  Episode 1000/1500  avg(100): 138.2
  Episode 1050/1500  avg(100): 180.2
  Episode 1100/1500  avg(100): 300.6
  Episode 1150/1500  avg(100): 392.8
  Episode 1200/1500  avg(100): 393.2
  Episode 1250/1500  avg(100): 345.5
  Episode 1300/1500  avg(100): 377.8
  Episode 1350/1500  avg(100): 391.7
  Episode 1400/1500  avg(100): 244.1
  Episode 1450/1500  avg(100): 131.7
  Episode 1500/1500  avg(100): 141.0
Model saved to models/leaky-32-32-seed54-final.pth
  per-episode CSV streamed to: metrics/multi-seed/leaky-32-32-20k/leaky-32-32/_workers/seed54/leaky-32-32-seed54.csv

Summary CSV: metrics/multi-seed/leaky-32-32-20k/leaky-32-32/_workers/seed54/leaky-32-32-summary.csv

Results across 1 seeds:
  solved (final_avg >= 475) : 0/1 seeds
  final_avg_reward  : 140.97 ± 0.00  (primary metric: CartPole-v1 standard)
  best_avg_reward   : 404.37 ± 0.00
  tail_iqm_reward   : 349.86 ± 0.00  (diagnostic: matches Optuna selection metric)
  convergence_ep    : never reached threshold in any seed

Robust reporting (final_avg_reward across seeds, 95% bootstrap CI):
  IQM   : 140.97  [95% CI: 140.97, 140.97]
  Mean  : 140.97  [95% CI: 140.97, 140.97]
  (note: with N < 10, bootstrap CIs and IQM are necessarily wide; per Colas et al. 2018 consider increasing --num-seeds.)
