Multi-seed training for: leaky-32-32
  device       : cpu
  num_seeds    : 1
  base_seed    : 62
  num_episodes : 1500
  output_dir   : metrics/multi-seed/leaky-32-32/_workers/seed62

============================================================
Seed 62 (1/1)
============================================================
  Episode 50/1500  avg(100): 15.6
  Episode 100/1500  avg(100): 15.6
  Episode 150/1500  avg(100): 21.6
  Episode 200/1500  avg(100): 19.6
  Episode 250/1500  avg(100): 36.7
  Episode 300/1500  avg(100): 94.2
  Episode 350/1500  avg(100): 128.3
  Episode 400/1500  avg(100): 122.0
  Episode 450/1500  avg(100): 109.7
  Episode 500/1500  avg(100): 108.1
  Episode 550/1500  avg(100): 105.1
  Episode 600/1500  avg(100): 103.5
  Episode 650/1500  avg(100): 129.9
  Episode 700/1500  avg(100): 191.0
  Episode 750/1500  avg(100): 196.1
  Episode 800/1500  avg(100): 198.7
  Episode 850/1500  avg(100): 213.8
  Episode 900/1500  avg(100): 146.1
  Episode 950/1500  avg(100): 126.6
  Episode 1000/1500  avg(100): 130.4
  Episode 1050/1500  avg(100): 88.4
  Episode 1100/1500  avg(100): 90.4
  Episode 1150/1500  avg(100): 114.2
  Episode 1200/1500  avg(100): 181.8
  Episode 1250/1500  avg(100): 176.8
  Episode 1300/1500  avg(100): 96.1
  Episode 1350/1500  avg(100): 97.3
  Episode 1400/1500  avg(100): 117.2
  Episode 1450/1500  avg(100): 122.4
  Episode 1500/1500  avg(100): 185.2
Model saved to models/leaky-32-32-seed62-final.pth
  per-episode CSV streamed to: metrics/multi-seed/leaky-32-32/_workers/seed62/leaky-32-32-seed62.csv

Summary CSV: metrics/multi-seed/leaky-32-32/_workers/seed62/leaky-32-32-summary.csv

Results across 1 seeds:
  solved (final_avg >= 475) : 0/1 seeds
  final_avg_reward  : 185.15 ± 0.00  (primary metric: CartPole-v1 standard)
  best_avg_reward   : 216.41 ± 0.00
  tail_iqm_reward   : 123.68 ± 0.00  (diagnostic: matches Optuna selection metric)
  convergence_ep    : never reached threshold in any seed

Robust reporting (final_avg_reward across seeds, 95% bootstrap CI):
  IQM   : 185.15  [95% CI: 185.15, 185.15]
  Mean  : 185.15  [95% CI: 185.15, 185.15]
  (note: with N < 10, bootstrap CIs and IQM are necessarily wide; per Colas et al. 2018 consider increasing --num-seeds.)
