Multi-seed training for: bitshift-64-32-4
  device       : cpu
  num_seeds    : 1
  base_seed    : 108
  num_episodes : 1500
  output_dir   : metrics/multi-seed/bitshift-64-32-4/_workers/seed108

============================================================
Seed 108 (1/1)
============================================================
  Episode 50/1500  avg(100): 16.2
  Episode 100/1500  avg(100): 14.9
  Episode 150/1500  avg(100): 37.0
  Episode 200/1500  avg(100): 102.4
  Episode 250/1500  avg(100): 156.8
  Episode 300/1500  avg(100): 183.2
  Episode 350/1500  avg(100): 174.7
  Episode 400/1500  avg(100): 144.3
  Episode 450/1500  avg(100): 137.0
  Episode 500/1500  avg(100): 143.8
  Episode 550/1500  avg(100): 151.3
  Episode 600/1500  avg(100): 205.9
  Episode 650/1500  avg(100): 243.8
  Episode 700/1500  avg(100): 234.5
  Episode 750/1500  avg(100): 331.8
  Episode 800/1500  avg(100): 455.9
  Episode 850/1500  avg(100): 331.4
  Episode 900/1500  avg(100): 101.8
  Episode 950/1500  avg(100): 234.6
  Episode 1000/1500  avg(100): 469.7
  Episode 1050/1500  avg(100): 494.0
  Episode 1100/1500  avg(100): 346.0
  Episode 1150/1500  avg(100): 188.8
  Episode 1200/1500  avg(100): 308.6
  Episode 1250/1500  avg(100): 447.6
  Episode 1300/1500  avg(100): 379.5
  Episode 1350/1500  avg(100): 368.2
  Episode 1400/1500  avg(100): 446.9
  Episode 1450/1500  avg(100): 469.0
  Episode 1500/1500  avg(100): 484.3
Model saved to models/bitshift-64-32-4-seed108-final.pth
  per-episode CSV streamed to: metrics/multi-seed/bitshift-64-32-4/_workers/seed108/bitshift-64-32-4-seed108.csv

Summary CSV: metrics/multi-seed/bitshift-64-32-4/_workers/seed108/bitshift-64-32-4-summary.csv

Results across 1 seeds:
  solved (final_avg >= 475) : 1/1 seeds
  final_avg_reward  : 484.32 ± 0.00  (primary metric: CartPole-v1 standard)
  best_avg_reward   : 500.00 ± 0.00
  tail_iqm_reward   : 404.19 ± 0.00  (diagnostic: matches Optuna selection metric)
  convergence_ep    : 1459.0 ± 0.0  (1/1 seeds converged)

Robust reporting (final_avg_reward across seeds, 95% bootstrap CI):
  IQM   : 484.32  [95% CI: 484.32, 484.32]
  Mean  : 484.32  [95% CI: 484.32, 484.32]
  (note: with N < 10, bootstrap CIs and IQM are necessarily wide; per Colas et al. 2018 consider increasing --num-seeds.)
