Multi-seed training for: leaky-32-32
  device       : cpu
  num_seeds    : 1
  base_seed    : 51
  num_episodes : 1500
  output_dir   : metrics/multi-seed/leaky-32-32-50k/leaky-32-32/_workers/seed51

============================================================
Seed 51 (1/1)
============================================================
  Episode 50/1500  avg(100): 19.1
  Episode 100/1500  avg(100): 16.1
  Episode 150/1500  avg(100): 15.2
  Episode 200/1500  avg(100): 51.8
  Episode 250/1500  avg(100): 120.3
  Episode 300/1500  avg(100): 155.8
  Episode 350/1500  avg(100): 164.0
  Episode 400/1500  avg(100): 186.3
  Episode 450/1500  avg(100): 207.7
  Episode 500/1500  avg(100): 189.7
  Episode 550/1500  avg(100): 187.6
  Episode 600/1500  avg(100): 336.6
  Episode 650/1500  avg(100): 413.2
  Episode 700/1500  avg(100): 369.0
  Episode 750/1500  avg(100): 391.2
  Episode 800/1500  avg(100): 395.8
  Episode 850/1500  avg(100): 379.8
  Episode 900/1500  avg(100): 428.3
  Episode 950/1500  avg(100): 418.3
  Episode 1000/1500  avg(100): 342.1
  Episode 1050/1500  avg(100): 349.9
  Episode 1100/1500  avg(100): 396.9
  Episode 1150/1500  avg(100): 447.4
  Episode 1200/1500  avg(100): 485.8
  Episode 1250/1500  avg(100): 500.0
  Episode 1300/1500  avg(100): 488.3
  Episode 1350/1500  avg(100): 486.2
  Episode 1400/1500  avg(100): 494.8
  Episode 1450/1500  avg(100): 370.3
  Episode 1500/1500  avg(100): 149.3
Model saved to models/leaky-32-32-seed51-final.pth
  per-episode CSV streamed to: metrics/multi-seed/leaky-32-32-50k/leaky-32-32/_workers/seed51/leaky-32-32-seed51.csv

Summary CSV: metrics/multi-seed/leaky-32-32-50k/leaky-32-32/_workers/seed51/leaky-32-32-summary.csv

Results across 1 seeds:
  solved (final_avg >= 475) : 0/1 seeds
  final_avg_reward  : 149.28 ± 0.00  (primary metric: CartPole-v1 standard)
  best_avg_reward   : 500.00 ± 0.00
  tail_iqm_reward   : 484.37 ± 0.00  (diagnostic: matches Optuna selection metric)
  convergence_ep    : never reached threshold in any seed

Robust reporting (final_avg_reward across seeds, 95% bootstrap CI):
  IQM   : 149.28  [95% CI: 149.28, 149.28]
  Mean  : 149.28  [95% CI: 149.28, 149.28]
  (note: with N < 10, bootstrap CIs and IQM are necessarily wide; per Colas et al. 2018 consider increasing --num-seeds.)
