Multi-seed training for: leaky-32-32
  device       : cpu
  num_seeds    : 1
  base_seed    : 55
  num_episodes : 1500
  output_dir   : metrics/multi-seed/leaky-32-32/_workers/seed55

============================================================
Seed 55 (1/1)
============================================================
  Episode 50/1500  avg(100): 17.0
  Episode 100/1500  avg(100): 15.7
  Episode 150/1500  avg(100): 16.7
  Episode 200/1500  avg(100): 19.6
  Episode 250/1500  avg(100): 26.4
  Episode 300/1500  avg(100): 74.3
  Episode 350/1500  avg(100): 121.4
  Episode 400/1500  avg(100): 140.1
  Episode 450/1500  avg(100): 163.8
  Episode 500/1500  avg(100): 163.1
  Episode 550/1500  avg(100): 179.0
  Episode 600/1500  avg(100): 152.7
  Episode 650/1500  avg(100): 116.2
  Episode 700/1500  avg(100): 142.5
  Episode 750/1500  avg(100): 149.3
  Episode 800/1500  avg(100): 145.0
  Episode 850/1500  avg(100): 143.6
  Episode 900/1500  avg(100): 144.6
  Episode 950/1500  avg(100): 146.9
  Episode 1000/1500  avg(100): 151.2
  Episode 1050/1500  avg(100): 156.1
  Episode 1100/1500  avg(100): 158.6
  Episode 1150/1500  avg(100): 161.5
  Episode 1200/1500  avg(100): 174.6
  Episode 1250/1500  avg(100): 218.6
  Episode 1300/1500  avg(100): 297.6
  Episode 1350/1500  avg(100): 348.8
  Episode 1400/1500  avg(100): 237.2
  Episode 1450/1500  avg(100): 141.1
  Episode 1500/1500  avg(100): 162.2
Model saved to models/leaky-32-32-seed55-final.pth
  per-episode CSV streamed to: metrics/multi-seed/leaky-32-32/_workers/seed55/leaky-32-32-seed55.csv

Summary CSV: metrics/multi-seed/leaky-32-32/_workers/seed55/leaky-32-32-summary.csv

Results across 1 seeds:
  solved (final_avg >= 475) : 0/1 seeds
  final_avg_reward  : 162.18 ± 0.00  (primary metric: CartPole-v1 standard)
  best_avg_reward   : 358.13 ± 0.00
  tail_iqm_reward   : 209.04 ± 0.00  (diagnostic: matches Optuna selection metric)
  convergence_ep    : never reached threshold in any seed

Robust reporting (final_avg_reward across seeds, 95% bootstrap CI):
  IQM   : 162.18  [95% CI: 162.18, 162.18]
  Mean  : 162.18  [95% CI: 162.18, 162.18]
  (note: with N < 10, bootstrap CIs and IQM are necessarily wide; per Colas et al. 2018 consider increasing --num-seeds.)
