Multi-seed training for: bitshift-64-32-4
  device       : cpu
  num_seeds    : 1
  base_seed    : 52
  num_episodes : 1500
  output_dir   : metrics/multi-seed/bitshift-64-32-4-25k/bitshift-64-32-4/_workers/seed52

============================================================
Seed 52 (1/1)
============================================================
  Episode 50/1500  avg(100): 15.8
  Episode 100/1500  avg(100): 15.6
  Episode 150/1500  avg(100): 62.5
  Episode 200/1500  avg(100): 207.6
  Episode 250/1500  avg(100): 292.8
  Episode 300/1500  avg(100): 215.6
  Episode 350/1500  avg(100): 162.8
  Episode 400/1500  avg(100): 163.8
  Episode 450/1500  avg(100): 181.8
  Episode 500/1500  avg(100): 263.6
  Episode 550/1500  avg(100): 296.4
  Episode 600/1500  avg(100): 271.7
  Episode 650/1500  avg(100): 195.6
  Episode 700/1500  avg(100): 176.1
  Episode 750/1500  avg(100): 267.4
  Episode 800/1500  avg(100): 231.8
  Episode 850/1500  avg(100): 160.3
  Episode 900/1500  avg(100): 197.5
  Episode 950/1500  avg(100): 338.3
  Episode 1000/1500  avg(100): 301.9
  Episode 1050/1500  avg(100): 169.4
  Episode 1100/1500  avg(100): 327.6
  Episode 1150/1500  avg(100): 425.5
  Episode 1200/1500  avg(100): 410.7
  Episode 1250/1500  avg(100): 435.4
  Episode 1300/1500  avg(100): 440.6
  Episode 1350/1500  avg(100): 471.3
  Episode 1400/1500  avg(100): 436.0
  Episode 1450/1500  avg(100): 442.6
  Episode 1500/1500  avg(100): 484.6
Model saved to models/bitshift-64-32-4-seed52-final.pth
  per-episode CSV streamed to: metrics/multi-seed/bitshift-64-32-4-25k/bitshift-64-32-4/_workers/seed52/bitshift-64-32-4-seed52.csv

Summary CSV: metrics/multi-seed/bitshift-64-32-4-25k/bitshift-64-32-4/_workers/seed52/bitshift-64-32-4-summary.csv

Results across 1 seeds:
  solved (final_avg >= 475) : 1/1 seeds
  final_avg_reward  : 484.62 ± 0.00  (primary metric: CartPole-v1 standard)
  best_avg_reward   : 496.87 ± 0.00
  tail_iqm_reward   : 436.38 ± 0.00  (diagnostic: matches Optuna selection metric)
  convergence_ep    : 1464.0 ± 0.0  (1/1 seeds converged)

Robust reporting (final_avg_reward across seeds, 95% bootstrap CI):
  IQM   : 484.62  [95% CI: 484.62, 484.62]
  Mean  : 484.62  [95% CI: 484.62, 484.62]
  (note: with N < 10, bootstrap CIs and IQM are necessarily wide; per Colas et al. 2018 consider increasing --num-seeds.)
