Multi-seed training for: bitshift-64-32-4
  device       : cpu
  num_seeds    : 1
  base_seed    : 60
  num_episodes : 1500
  output_dir   : metrics/multi-seed/bitshift-64-32-4-30k/bitshift-64-32-4/_workers/seed60

============================================================
Seed 60 (1/1)
============================================================
  Episode 50/1500  avg(100): 16.4
  Episode 100/1500  avg(100): 16.5
  Episode 150/1500  avg(100): 52.9
  Episode 200/1500  avg(100): 131.5
  Episode 250/1500  avg(100): 156.6
  Episode 300/1500  avg(100): 139.7
  Episode 350/1500  avg(100): 163.6
  Episode 400/1500  avg(100): 169.8
  Episode 450/1500  avg(100): 183.2
  Episode 500/1500  avg(100): 239.5
  Episode 550/1500  avg(100): 286.1
  Episode 600/1500  avg(100): 222.2
  Episode 650/1500  avg(100): 134.3
  Episode 700/1500  avg(100): 133.4
  Episode 750/1500  avg(100): 184.5
  Episode 800/1500  avg(100): 169.9
  Episode 850/1500  avg(100): 116.5
  Episode 900/1500  avg(100): 234.1
  Episode 950/1500  avg(100): 308.0
  Episode 1000/1500  avg(100): 249.6
  Episode 1050/1500  avg(100): 245.9
  Episode 1100/1500  avg(100): 237.2
  Episode 1150/1500  avg(100): 234.5
  Episode 1200/1500  avg(100): 290.9
  Episode 1250/1500  avg(100): 277.9
  Episode 1300/1500  avg(100): 245.4
  Episode 1350/1500  avg(100): 253.6
  Episode 1400/1500  avg(100): 283.6
  Episode 1450/1500  avg(100): 395.1
  Episode 1500/1500  avg(100): 354.5
Model saved to models/bitshift-64-32-4-seed60-final.pth
  per-episode CSV streamed to: metrics/multi-seed/bitshift-64-32-4-30k/bitshift-64-32-4/_workers/seed60/bitshift-64-32-4-seed60.csv

Summary CSV: metrics/multi-seed/bitshift-64-32-4-30k/bitshift-64-32-4/_workers/seed60/bitshift-64-32-4-summary.csv

Results across 1 seeds:
  solved (final_avg >= 475) : 0/1 seeds
  final_avg_reward  : 354.54 ± 0.00  (primary metric: CartPole-v1 standard)
  best_avg_reward   : 398.82 ± 0.00
  tail_iqm_reward   : 269.87 ± 0.00  (diagnostic: matches Optuna selection metric)
  convergence_ep    : never reached threshold in any seed

Robust reporting (final_avg_reward across seeds, 95% bootstrap CI):
  IQM   : 354.54  [95% CI: 354.54, 354.54]
  Mean  : 354.54  [95% CI: 354.54, 354.54]
  (note: with N < 10, bootstrap CIs and IQM are necessarily wide; per Colas et al. 2018 consider increasing --num-seeds.)
