Multi-seed training for: fractional-32-8-8
  device       : cpu
  num_seeds    : 1
  base_seed    : 83
  num_episodes : 1500
  output_dir   : metrics/multi-seed/fractional-32-8-8/_workers/seed83

============================================================
Seed 83 (1/1)
============================================================
  Episode 50/1500  avg(100): 18.7
  Episode 100/1500  avg(100): 16.7
  Episode 150/1500  avg(100): 13.4
  Episode 200/1500  avg(100): 12.9
  Episode 250/1500  avg(100): 15.1
  Episode 300/1500  avg(100): 89.8
  Episode 350/1500  avg(100): 193.8
  Episode 400/1500  avg(100): 217.6
  Episode 450/1500  avg(100): 198.0
  Episode 500/1500  avg(100): 179.4
  Episode 550/1500  avg(100): 178.8
  Episode 600/1500  avg(100): 196.4
  Episode 650/1500  avg(100): 286.5
  Episode 700/1500  avg(100): 202.6
  Episode 750/1500  avg(100): 175.2
  Episode 800/1500  avg(100): 404.9
  Episode 850/1500  avg(100): 495.5
  Episode 900/1500  avg(100): 495.5
  Episode 950/1500  avg(100): 500.0
  Episode 1000/1500  avg(100): 463.4
  Episode 1050/1500  avg(100): 458.8
  Episode 1100/1500  avg(100): 495.4
  Episode 1150/1500  avg(100): 500.0
  Episode 1200/1500  avg(100): 500.0
  Episode 1250/1500  avg(100): 500.0
  Episode 1300/1500  avg(100): 500.0
  Episode 1350/1500  avg(100): 500.0
  Episode 1400/1500  avg(100): 500.0
  Episode 1450/1500  avg(100): 500.0
  Episode 1500/1500  avg(100): 493.2
Model saved to models/fractional-32-8-8-seed83-final.pth
  per-episode CSV streamed to: metrics/multi-seed/fractional-32-8-8/_workers/seed83/fractional-32-8-8-seed83.csv

Summary CSV: metrics/multi-seed/fractional-32-8-8/_workers/seed83/fractional-32-8-8-summary.csv

Results across 1 seeds:
  solved (final_avg >= 475) : 1/1 seeds
  final_avg_reward  : 493.16 ± 0.00  (primary metric: CartPole-v1 standard)
  best_avg_reward   : 500.00 ± 0.00
  tail_iqm_reward   : 500.00 ± 0.00  (diagnostic: matches Optuna selection metric)
  convergence_ep    : 1095.0 ± 0.0  (1/1 seeds converged)

Robust reporting (final_avg_reward across seeds, 95% bootstrap CI):
  IQM   : 493.16  [95% CI: 493.16, 493.16]
  Mean  : 493.16  [95% CI: 493.16, 493.16]
  (note: with N < 10, bootstrap CIs and IQM are necessarily wide; per Colas et al. 2018 consider increasing --num-seeds.)
