Multi-seed training for: leaky-32-32
  device       : cpu
  num_seeds    : 1
  base_seed    : 48
  num_episodes : 1500
  output_dir   : metrics/multi-seed/leaky-32-32-20k/leaky-32-32/_workers/seed48

============================================================
Seed 48 (1/1)
============================================================
  Episode 50/1500  avg(100): 16.3
  Episode 100/1500  avg(100): 14.1
  Episode 150/1500  avg(100): 11.7
  Episode 200/1500  avg(100): 11.9
  Episode 250/1500  avg(100): 13.1
  Episode 300/1500  avg(100): 38.3
  Episode 350/1500  avg(100): 143.2
  Episode 400/1500  avg(100): 229.2
  Episode 450/1500  avg(100): 225.1
  Episode 500/1500  avg(100): 260.5
  Episode 550/1500  avg(100): 256.9
  Episode 600/1500  avg(100): 202.9
  Episode 650/1500  avg(100): 143.2
  Episode 700/1500  avg(100): 62.9
  Episode 750/1500  avg(100): 50.2
  Episode 800/1500  avg(100): 153.9
  Episode 850/1500  avg(100): 203.1
  Episode 900/1500  avg(100): 165.7
  Episode 950/1500  avg(100): 163.3
  Episode 1000/1500  avg(100): 134.6
  Episode 1050/1500  avg(100): 68.8
  Episode 1100/1500  avg(100): 54.0
  Episode 1150/1500  avg(100): 94.7
  Episode 1200/1500  avg(100): 109.2
  Episode 1250/1500  avg(100): 111.5
  Episode 1300/1500  avg(100): 111.7
  Episode 1350/1500  avg(100): 110.1
  Episode 1400/1500  avg(100): 118.9
  Episode 1450/1500  avg(100): 127.9
  Episode 1500/1500  avg(100): 136.5
Model saved to models/leaky-32-32-seed48-final.pth
  per-episode CSV streamed to: metrics/multi-seed/leaky-32-32-20k/leaky-32-32/_workers/seed48/leaky-32-32-seed48.csv

Summary CSV: metrics/multi-seed/leaky-32-32-20k/leaky-32-32/_workers/seed48/leaky-32-32-summary.csv

Results across 1 seeds:
  solved (final_avg >= 475) : 0/1 seeds
  final_avg_reward  : 136.52 ± 0.00  (primary metric: CartPole-v1 standard)
  best_avg_reward   : 264.31 ± 0.00
  tail_iqm_reward   : 112.23 ± 0.00  (diagnostic: matches Optuna selection metric)
  convergence_ep    : never reached threshold in any seed

Robust reporting (final_avg_reward across seeds, 95% bootstrap CI):
  IQM   : 136.52  [95% CI: 136.52, 136.52]
  Mean  : 136.52  [95% CI: 136.52, 136.52]
  (note: with N < 10, bootstrap CIs and IQM are necessarily wide; per Colas et al. 2018 consider increasing --num-seeds.)
