Multi-seed training for: bitshift-64-32-4
  device       : cpu
  num_seeds    : 1
  base_seed    : 46
  num_episodes : 1500
  output_dir   : metrics/multi-seed/bitshift-64-32-4-25k/bitshift-64-32-4/_workers/seed46

============================================================
Seed 46 (1/1)
============================================================
  Episode 50/1500  avg(100): 17.0
  Episode 100/1500  avg(100): 15.7
  Episode 150/1500  avg(100): 18.8
  Episode 200/1500  avg(100): 103.2
  Episode 250/1500  avg(100): 189.0
  Episode 300/1500  avg(100): 174.3
  Episode 350/1500  avg(100): 161.8
  Episode 400/1500  avg(100): 220.3
  Episode 450/1500  avg(100): 336.4
  Episode 500/1500  avg(100): 446.8
  Episode 550/1500  avg(100): 495.2
  Episode 600/1500  avg(100): 497.5
  Episode 650/1500  avg(100): 497.4
  Episode 700/1500  avg(100): 496.1
  Episode 750/1500  avg(100): 486.7
  Episode 800/1500  avg(100): 487.4
  Episode 850/1500  avg(100): 473.9
  Episode 900/1500  avg(100): 425.9
  Episode 950/1500  avg(100): 379.9
  Episode 1000/1500  avg(100): 311.8
  Episode 1050/1500  avg(100): 318.6
  Episode 1100/1500  avg(100): 365.3
  Episode 1150/1500  avg(100): 356.1
  Episode 1200/1500  avg(100): 428.3
  Episode 1250/1500  avg(100): 500.0
  Episode 1300/1500  avg(100): 493.6
  Episode 1350/1500  avg(100): 474.6
  Episode 1400/1500  avg(100): 481.0
  Episode 1450/1500  avg(100): 500.0
  Episode 1500/1500  avg(100): 500.0
Model saved to models/bitshift-64-32-4-seed46-final.pth
  per-episode CSV streamed to: metrics/multi-seed/bitshift-64-32-4-25k/bitshift-64-32-4/_workers/seed46/bitshift-64-32-4-seed46.csv

Summary CSV: metrics/multi-seed/bitshift-64-32-4-25k/bitshift-64-32-4/_workers/seed46/bitshift-64-32-4-summary.csv

Results across 1 seeds:
  solved (final_avg >= 475) : 1/1 seeds
  final_avg_reward  : 500.00 ± 0.00  (primary metric: CartPole-v1 standard)
  best_avg_reward   : 500.00 ± 0.00
  tail_iqm_reward   : 485.26 ± 0.00  (diagnostic: matches Optuna selection metric)
  convergence_ep    : 1385.0 ± 0.0  (1/1 seeds converged)

Robust reporting (final_avg_reward across seeds, 95% bootstrap CI):
  IQM   : 500.00  [95% CI: 500.00, 500.00]
  Mean  : 500.00  [95% CI: 500.00, 500.00]
  (note: with N < 10, bootstrap CIs and IQM are necessarily wide; per Colas et al. 2018 consider increasing --num-seeds.)
