Multi-seed training for: bitshift-64-32-4
  device       : cpu
  num_seeds    : 1
  base_seed    : 60
  num_episodes : 1500
  output_dir   : metrics/multi-seed/bitshift-64-32-4-20k/bitshift-64-32-4/_workers/seed60

============================================================
Seed 60 (1/1)
============================================================
  Episode 50/1500  avg(100): 16.4
  Episode 100/1500  avg(100): 16.5
  Episode 150/1500  avg(100): 52.9
  Episode 200/1500  avg(100): 131.5
  Episode 250/1500  avg(100): 156.7
  Episode 300/1500  avg(100): 137.7
  Episode 350/1500  avg(100): 130.2
  Episode 400/1500  avg(100): 127.7
  Episode 450/1500  avg(100): 132.9
  Episode 500/1500  avg(100): 156.1
  Episode 550/1500  avg(100): 132.2
  Episode 600/1500  avg(100): 128.2
  Episode 650/1500  avg(100): 299.9
  Episode 700/1500  avg(100): 349.6
  Episode 750/1500  avg(100): 326.2
  Episode 800/1500  avg(100): 440.7
  Episode 850/1500  avg(100): 473.8
  Episode 900/1500  avg(100): 475.0
  Episode 950/1500  avg(100): 495.5
  Episode 1000/1500  avg(100): 495.5
  Episode 1050/1500  avg(100): 500.0
  Episode 1100/1500  avg(100): 498.0
  Episode 1150/1500  avg(100): 498.0
  Episode 1200/1500  avg(100): 500.0
  Episode 1250/1500  avg(100): 500.0
  Episode 1300/1500  avg(100): 500.0
  Episode 1350/1500  avg(100): 500.0
  Episode 1400/1500  avg(100): 500.0
  Episode 1450/1500  avg(100): 495.3
  Episode 1500/1500  avg(100): 486.4
Model saved to models/bitshift-64-32-4-seed60-final.pth
  per-episode CSV streamed to: metrics/multi-seed/bitshift-64-32-4-20k/bitshift-64-32-4/_workers/seed60/bitshift-64-32-4-seed60.csv

Summary CSV: metrics/multi-seed/bitshift-64-32-4-20k/bitshift-64-32-4/_workers/seed60/bitshift-64-32-4-summary.csv

Results across 1 seeds:
  solved (final_avg >= 475) : 1/1 seeds
  final_avg_reward  : 486.43 ± 0.00  (primary metric: CartPole-v1 standard)
  best_avg_reward   : 500.00 ± 0.00
  tail_iqm_reward   : 499.70 ± 0.00  (diagnostic: matches Optuna selection metric)
  convergence_ep    : 851.0 ± 0.0  (1/1 seeds converged)

Robust reporting (final_avg_reward across seeds, 95% bootstrap CI):
  IQM   : 486.43  [95% CI: 486.43, 486.43]
  Mean  : 486.43  [95% CI: 486.43, 486.43]
  (note: with N < 10, bootstrap CIs and IQM are necessarily wide; per Colas et al. 2018 consider increasing --num-seeds.)
