Multi-seed training for: leaky-32-32
  device       : cpu
  num_seeds    : 1
  base_seed    : 108
  num_episodes : 1500
  output_dir   : metrics/multi-seed/leaky-32-32/_workers/seed108

============================================================
Seed 108 (1/1)
============================================================
  Episode 50/1500  avg(100): 17.6
  Episode 100/1500  avg(100): 17.2
  Episode 150/1500  avg(100): 54.9
  Episode 200/1500  avg(100): 117.4
  Episode 250/1500  avg(100): 146.1
  Episode 300/1500  avg(100): 193.9
  Episode 350/1500  avg(100): 174.4
  Episode 400/1500  avg(100): 244.1
  Episode 450/1500  avg(100): 345.2
  Episode 500/1500  avg(100): 302.0
  Episode 550/1500  avg(100): 395.4
  Episode 600/1500  avg(100): 460.6
  Episode 650/1500  avg(100): 460.6
  Episode 700/1500  avg(100): 500.0
  Episode 750/1500  avg(100): 495.4
  Episode 800/1500  avg(100): 488.2
  Episode 850/1500  avg(100): 484.7
  Episode 900/1500  avg(100): 477.0
  Episode 950/1500  avg(100): 469.2
  Episode 1000/1500  avg(100): 474.4
  Episode 1050/1500  avg(100): 471.9
  Episode 1100/1500  avg(100): 476.7
  Episode 1150/1500  avg(100): 453.3
  Episode 1200/1500  avg(100): 347.2
  Episode 1250/1500  avg(100): 220.9
  Episode 1300/1500  avg(100): 149.4
  Episode 1350/1500  avg(100): 141.7
  Episode 1400/1500  avg(100): 145.9
  Episode 1450/1500  avg(100): 151.4
  Episode 1500/1500  avg(100): 289.3
Model saved to models/leaky-32-32-seed108-final.pth
  per-episode CSV streamed to: metrics/multi-seed/leaky-32-32/_workers/seed108/leaky-32-32-seed108.csv

Summary CSV: metrics/multi-seed/leaky-32-32/_workers/seed108/leaky-32-32-summary.csv

Results across 1 seeds:
  solved (final_avg >= 475) : 0/1 seeds
  final_avg_reward  : 289.34 ± 0.00  (primary metric: CartPole-v1 standard)
  best_avg_reward   : 500.00 ± 0.00
  tail_iqm_reward   : 195.40 ± 0.00  (diagnostic: matches Optuna selection metric)
  convergence_ep    : never reached threshold in any seed

Robust reporting (final_avg_reward across seeds, 95% bootstrap CI):
  IQM   : 289.34  [95% CI: 289.34, 289.34]
  Mean  : 289.34  [95% CI: 289.34, 289.34]
  (note: with N < 10, bootstrap CIs and IQM are necessarily wide; per Colas et al. 2018 consider increasing --num-seeds.)
