Multi-seed training for: bitshift-64-32-4
  device       : cpu
  num_seeds    : 1
  base_seed    : 94
  num_episodes : 1500
  output_dir   : metrics/multi-seed/bitshift-64-32-4/_workers/seed94

============================================================
Seed 94 (1/1)
============================================================
  Episode 50/1500  avg(100): 15.8
  Episode 100/1500  avg(100): 15.1
  Episode 150/1500  avg(100): 16.4
  Episode 200/1500  avg(100): 79.3
  Episode 250/1500  avg(100): 152.7
  Episode 300/1500  avg(100): 190.6
  Episode 350/1500  avg(100): 250.1
  Episode 400/1500  avg(100): 230.4
  Episode 450/1500  avg(100): 158.2
  Episode 500/1500  avg(100): 151.4
  Episode 550/1500  avg(100): 155.4
  Episode 600/1500  avg(100): 180.5
  Episode 650/1500  avg(100): 264.6
  Episode 700/1500  avg(100): 366.5
  Episode 750/1500  avg(100): 358.4
  Episode 800/1500  avg(100): 318.2
  Episode 850/1500  avg(100): 410.7
  Episode 900/1500  avg(100): 459.4
  Episode 950/1500  avg(100): 390.3
  Episode 1000/1500  avg(100): 340.0
  Episode 1050/1500  avg(100): 391.7
  Episode 1100/1500  avg(100): 304.8
  Episode 1150/1500  avg(100): 238.1
  Episode 1200/1500  avg(100): 400.7
  Episode 1250/1500  avg(100): 484.1
  Episode 1300/1500  avg(100): 423.6
  Episode 1350/1500  avg(100): 404.9
  Episode 1400/1500  avg(100): 430.4
  Episode 1450/1500  avg(100): 382.9
  Episode 1500/1500  avg(100): 322.2
Model saved to models/bitshift-64-32-4-seed94-final.pth
  per-episode CSV streamed to: metrics/multi-seed/bitshift-64-32-4/_workers/seed94/bitshift-64-32-4-seed94.csv

Summary CSV: metrics/multi-seed/bitshift-64-32-4/_workers/seed94/bitshift-64-32-4-summary.csv

Results across 1 seeds:
  solved (final_avg >= 475) : 0/1 seeds
  final_avg_reward  : 322.25 ± 0.00  (primary metric: CartPole-v1 standard)
  best_avg_reward   : 484.61 ± 0.00
  tail_iqm_reward   : 404.84 ± 0.00  (diagnostic: matches Optuna selection metric)
  convergence_ep    : never reached threshold in any seed

Robust reporting (final_avg_reward across seeds, 95% bootstrap CI):
  IQM   : 322.25  [95% CI: 322.25, 322.25]
  Mean  : 322.25  [95% CI: 322.25, 322.25]
  (note: with N < 10, bootstrap CIs and IQM are necessarily wide; per Colas et al. 2018 consider increasing --num-seeds.)
