Multi-seed training for: leaky-32-32
  device       : cpu
  num_seeds    : 1
  base_seed    : 55
  num_episodes : 1500
  output_dir   : metrics/multi-seed/leaky-32-32-20k/leaky-32-32/_workers/seed55

============================================================
Seed 55 (1/1)
============================================================
  Episode 50/1500  avg(100): 17.7
  Episode 100/1500  avg(100): 17.8
  Episode 150/1500  avg(100): 16.2
  Episode 200/1500  avg(100): 41.2
  Episode 250/1500  avg(100): 131.4
  Episode 300/1500  avg(100): 191.9
  Episode 350/1500  avg(100): 186.6
  Episode 400/1500  avg(100): 183.6
  Episode 450/1500  avg(100): 160.9
  Episode 500/1500  avg(100): 128.7
  Episode 550/1500  avg(100): 156.3
  Episode 600/1500  avg(100): 269.1
  Episode 650/1500  avg(100): 234.0
  Episode 700/1500  avg(100): 103.8
  Episode 750/1500  avg(100): 64.4
  Episode 800/1500  avg(100): 73.2
  Episode 850/1500  avg(100): 96.3
  Episode 900/1500  avg(100): 85.7
  Episode 950/1500  avg(100): 104.0
  Episode 1000/1500  avg(100): 203.6
  Episode 1050/1500  avg(100): 347.2
  Episode 1100/1500  avg(100): 440.8
  Episode 1150/1500  avg(100): 422.9
  Episode 1200/1500  avg(100): 439.7
  Episode 1250/1500  avg(100): 495.2
  Episode 1300/1500  avg(100): 492.2
  Episode 1350/1500  avg(100): 474.7
  Episode 1400/1500  avg(100): 447.7
  Episode 1450/1500  avg(100): 438.1
  Episode 1500/1500  avg(100): 423.3
Model saved to models/leaky-32-32-seed55-final.pth
  per-episode CSV streamed to: metrics/multi-seed/leaky-32-32-20k/leaky-32-32/_workers/seed55/leaky-32-32-seed55.csv

Summary CSV: metrics/multi-seed/leaky-32-32-20k/leaky-32-32/_workers/seed55/leaky-32-32-summary.csv

Results across 1 seeds:
  solved (final_avg >= 475) : 0/1 seeds
  final_avg_reward  : 423.32 ± 0.00  (primary metric: CartPole-v1 standard)
  best_avg_reward   : 497.07 ± 0.00
  tail_iqm_reward   : 456.37 ± 0.00  (diagnostic: matches Optuna selection metric)
  convergence_ep    : never reached threshold in any seed

Robust reporting (final_avg_reward across seeds, 95% bootstrap CI):
  IQM   : 423.32  [95% CI: 423.32, 423.32]
  Mean  : 423.32  [95% CI: 423.32, 423.32]
  (note: with N < 10, bootstrap CIs and IQM are necessarily wide; per Colas et al. 2018 consider increasing --num-seeds.)
