Multi-seed training for: fractional-32-8-8
  device       : cpu
  num_seeds    : 1
  base_seed    : 46
  num_episodes : 1500
  output_dir   : metrics/multi-seed/fractional-32-8-8-20k/fractional-32-8-8/_workers/seed46

============================================================
Seed 46 (1/1)
============================================================
  Episode 50/1500  avg(100): 18.1
  Episode 100/1500  avg(100): 16.1
  Episode 150/1500  avg(100): 14.4
  Episode 200/1500  avg(100): 49.1
  Episode 250/1500  avg(100): 117.7
  Episode 300/1500  avg(100): 145.2
  Episode 350/1500  avg(100): 126.6
  Episode 400/1500  avg(100): 129.3
  Episode 450/1500  avg(100): 158.2
  Episode 500/1500  avg(100): 171.2
  Episode 550/1500  avg(100): 226.2
  Episode 600/1500  avg(100): 354.2
  Episode 650/1500  avg(100): 462.9
  Episode 700/1500  avg(100): 461.2
  Episode 750/1500  avg(100): 349.8
  Episode 800/1500  avg(100): 211.3
  Episode 850/1500  avg(100): 178.4
  Episode 900/1500  avg(100): 266.2
  Episode 950/1500  avg(100): 393.9
  Episode 1000/1500  avg(100): 328.8
  Episode 1050/1500  avg(100): 132.5
  Episode 1100/1500  avg(100): 89.4
  Episode 1150/1500  avg(100): 113.5
  Episode 1200/1500  avg(100): 161.8
  Episode 1250/1500  avg(100): 147.2
  Episode 1300/1500  avg(100): 94.5
  Episode 1350/1500  avg(100): 105.8
  Episode 1400/1500  avg(100): 100.3
  Episode 1450/1500  avg(100): 104.8
  Episode 1500/1500  avg(100): 137.9
Model saved to models/fractional-32-8-8-seed46-final.pth
  per-episode CSV streamed to: metrics/multi-seed/fractional-32-8-8-20k/fractional-32-8-8/_workers/seed46/fractional-32-8-8-seed46.csv

Summary CSV: metrics/multi-seed/fractional-32-8-8-20k/fractional-32-8-8/_workers/seed46/fractional-32-8-8-summary.csv

Results across 1 seeds:
  solved (final_avg >= 475) : 0/1 seeds
  final_avg_reward  : 137.88 ± 0.00  (primary metric: CartPole-v1 standard)
  best_avg_reward   : 486.24 ± 0.00
  tail_iqm_reward   : 113.84 ± 0.00  (diagnostic: matches Optuna selection metric)
  convergence_ep    : never reached threshold in any seed

Robust reporting (final_avg_reward across seeds, 95% bootstrap CI):
  IQM   : 137.88  [95% CI: 137.88, 137.88]
  Mean  : 137.88  [95% CI: 137.88, 137.88]
  (note: with N < 10, bootstrap CIs and IQM are necessarily wide; per Colas et al. 2018 consider increasing --num-seeds.)
