Multi-seed training for: fractional-32-8-8
  device       : cpu
  num_seeds    : 1
  base_seed    : 112
  num_episodes : 1500
  output_dir   : metrics/multi-seed/fractional-32-8-8/_workers/seed112

============================================================
Seed 112 (1/1)
============================================================
  Episode 50/1500  avg(100): 19.0
  Episode 100/1500  avg(100): 15.7
  Episode 150/1500  avg(100): 14.3
  Episode 200/1500  avg(100): 27.8
  Episode 250/1500  avg(100): 85.1
  Episode 300/1500  avg(100): 99.8
  Episode 350/1500  avg(100): 57.3
  Episode 400/1500  avg(100): 75.6
  Episode 450/1500  avg(100): 104.4
  Episode 500/1500  avg(100): 133.2
  Episode 550/1500  avg(100): 130.3
  Episode 600/1500  avg(100): 93.0
  Episode 650/1500  avg(100): 99.1
  Episode 700/1500  avg(100): 125.8
  Episode 750/1500  avg(100): 141.6
  Episode 800/1500  avg(100): 195.4
  Episode 850/1500  avg(100): 369.4
  Episode 900/1500  avg(100): 422.5
  Episode 950/1500  avg(100): 402.1
  Episode 1000/1500  avg(100): 474.1
  Episode 1050/1500  avg(100): 474.1
  Episode 1100/1500  avg(100): 471.4
  Episode 1150/1500  avg(100): 497.4
  Episode 1200/1500  avg(100): 486.2
  Episode 1250/1500  avg(100): 261.4
  Episode 1300/1500  avg(100): 77.7
  Episode 1350/1500  avg(100): 72.6
  Episode 1400/1500  avg(100): 122.1
  Episode 1450/1500  avg(100): 352.0
  Episode 1500/1500  avg(100): 500.0
Model saved to models/fractional-32-8-8-seed112-final.pth
  per-episode CSV streamed to: metrics/multi-seed/fractional-32-8-8/_workers/seed112/fractional-32-8-8-seed112.csv

Summary CSV: metrics/multi-seed/fractional-32-8-8/_workers/seed112/fractional-32-8-8-summary.csv

Results across 1 seeds:
  solved (final_avg >= 475) : 1/1 seeds
  final_avg_reward  : 500.00 ± 0.00  (primary metric: CartPole-v1 standard)
  best_avg_reward   : 500.00 ± 0.00
  tail_iqm_reward   : 283.13 ± 0.00  (diagnostic: matches Optuna selection metric)
  convergence_ep    : 1480.0 ± 0.0  (1/1 seeds converged)

Robust reporting (final_avg_reward across seeds, 95% bootstrap CI):
  IQM   : 500.00  [95% CI: 500.00, 500.00]
  Mean  : 500.00  [95% CI: 500.00, 500.00]
  (note: with N < 10, bootstrap CIs and IQM are necessarily wide; per Colas et al. 2018 consider increasing --num-seeds.)
