Multi-seed training for: leaky-32-32
  device       : cpu
  num_seeds    : 1
  base_seed    : 72
  num_episodes : 1500
  output_dir   : metrics/multi-seed/leaky-32-32/_workers/seed72

============================================================
Seed 72 (1/1)
============================================================
  Episode 50/1500  avg(100): 17.7
  Episode 100/1500  avg(100): 19.0
  Episode 150/1500  avg(100): 16.8
  Episode 200/1500  avg(100): 12.9
  Episode 250/1500  avg(100): 56.5
  Episode 300/1500  avg(100): 123.7
  Episode 350/1500  avg(100): 165.3
  Episode 400/1500  avg(100): 207.9
  Episode 450/1500  avg(100): 316.4
  Episode 500/1500  avg(100): 400.3
  Episode 550/1500  avg(100): 432.1
  Episode 600/1500  avg(100): 482.1
  Episode 650/1500  avg(100): 499.5
  Episode 700/1500  avg(100): 475.3
  Episode 750/1500  avg(100): 415.0
  Episode 800/1500  avg(100): 439.2
  Episode 850/1500  avg(100): 490.2
  Episode 900/1500  avg(100): 470.8
  Episode 950/1500  avg(100): 426.9
  Episode 1000/1500  avg(100): 431.9
  Episode 1050/1500  avg(100): 485.5
  Episode 1100/1500  avg(100): 490.2
  Episode 1150/1500  avg(100): 490.2
  Episode 1200/1500  avg(100): 500.0
  Episode 1250/1500  avg(100): 495.1
  Episode 1300/1500  avg(100): 421.5
  Episode 1350/1500  avg(100): 387.8
  Episode 1400/1500  avg(100): 345.5
  Episode 1450/1500  avg(100): 379.7
  Episode 1500/1500  avg(100): 477.6
Model saved to models/leaky-32-32-seed72-final.pth
  per-episode CSV streamed to: metrics/multi-seed/leaky-32-32/_workers/seed72/leaky-32-32-seed72.csv

Summary CSV: metrics/multi-seed/leaky-32-32/_workers/seed72/leaky-32-32-summary.csv

Results across 1 seeds:
  solved (final_avg >= 475) : 1/1 seeds
  final_avg_reward  : 477.65 ± 0.00  (primary metric: CartPole-v1 standard)
  best_avg_reward   : 500.00 ± 0.00
  tail_iqm_reward   : 448.69 ± 0.00  (diagnostic: matches Optuna selection metric)
  convergence_ep    : 1474.0 ± 0.0  (1/1 seeds converged)

Robust reporting (final_avg_reward across seeds, 95% bootstrap CI):
  IQM   : 477.65  [95% CI: 477.65, 477.65]
  Mean  : 477.65  [95% CI: 477.65, 477.65]
  (note: with N < 10, bootstrap CIs and IQM are necessarily wide; per Colas et al. 2018 consider increasing --num-seeds.)
