Multi-seed training for: bitshift-64-32-4
  device       : cpu
  num_seeds    : 1
  base_seed    : 131
  num_episodes : 1500
  output_dir   : metrics/multi-seed/bitshift-64-32-4/_workers/seed131

============================================================
Seed 131 (1/1)
============================================================
  Episode 50/1500  avg(100): 16.2
  Episode 100/1500  avg(100): 14.8
  Episode 150/1500  avg(100): 40.5
  Episode 200/1500  avg(100): 143.4
  Episode 250/1500  avg(100): 212.9
  Episode 300/1500  avg(100): 193.6
  Episode 350/1500  avg(100): 229.1
  Episode 400/1500  avg(100): 300.7
  Episode 450/1500  avg(100): 379.7
  Episode 500/1500  avg(100): 380.4
  Episode 550/1500  avg(100): 311.6
  Episode 600/1500  avg(100): 311.1
  Episode 650/1500  avg(100): 411.7
  Episode 700/1500  avg(100): 499.7
  Episode 750/1500  avg(100): 488.0
  Episode 800/1500  avg(100): 398.9
  Episode 850/1500  avg(100): 335.2
  Episode 900/1500  avg(100): 423.3
  Episode 950/1500  avg(100): 497.3
  Episode 1000/1500  avg(100): 498.4
  Episode 1050/1500  avg(100): 500.0
  Episode 1100/1500  avg(100): 498.9
  Episode 1150/1500  avg(100): 495.6
  Episode 1200/1500  avg(100): 466.2
  Episode 1250/1500  avg(100): 411.2
  Episode 1300/1500  avg(100): 373.5
  Episode 1350/1500  avg(100): 356.5
  Episode 1400/1500  avg(100): 419.0
  Episode 1450/1500  avg(100): 493.4
  Episode 1500/1500  avg(100): 448.3
Model saved to models/bitshift-64-32-4-seed131-final.pth
  per-episode CSV streamed to: metrics/multi-seed/bitshift-64-32-4/_workers/seed131/bitshift-64-32-4-seed131.csv

Summary CSV: metrics/multi-seed/bitshift-64-32-4/_workers/seed131/bitshift-64-32-4-summary.csv

Results across 1 seeds:
  solved (final_avg >= 475) : 0/1 seeds
  final_avg_reward  : 448.28 ± 0.00  (primary metric: CartPole-v1 standard)
  best_avg_reward   : 500.00 ± 0.00
  tail_iqm_reward   : 437.83 ± 0.00  (diagnostic: matches Optuna selection metric)
  convergence_ep    : never reached threshold in any seed

Robust reporting (final_avg_reward across seeds, 95% bootstrap CI):
  IQM   : 448.28  [95% CI: 448.28, 448.28]
  Mean  : 448.28  [95% CI: 448.28, 448.28]
  (note: with N < 10, bootstrap CIs and IQM are necessarily wide; per Colas et al. 2018 consider increasing --num-seeds.)
