Multi-seed training for: leaky-32-32
  device       : cpu
  num_seeds    : 1
  base_seed    : 97
  num_episodes : 1500
  output_dir   : metrics/multi-seed/leaky-32-32/_workers/seed97

============================================================
Seed 97 (1/1)
============================================================
  Episode 50/1500  avg(100): 17.5
  Episode 100/1500  avg(100): 16.8
  Episode 150/1500  avg(100): 14.4
  Episode 200/1500  avg(100): 15.8
  Episode 250/1500  avg(100): 82.3
  Episode 300/1500  avg(100): 181.9
  Episode 350/1500  avg(100): 214.5
  Episode 400/1500  avg(100): 153.1
  Episode 450/1500  avg(100): 152.9
  Episode 500/1500  avg(100): 330.1
  Episode 550/1500  avg(100): 394.7
  Episode 600/1500  avg(100): 306.8
  Episode 650/1500  avg(100): 264.1
  Episode 700/1500  avg(100): 226.4
  Episode 750/1500  avg(100): 216.7
  Episode 800/1500  avg(100): 197.8
  Episode 850/1500  avg(100): 224.2
  Episode 900/1500  avg(100): 292.6
  Episode 950/1500  avg(100): 167.8
  Episode 1000/1500  avg(100): 174.6
  Episode 1050/1500  avg(100): 391.6
  Episode 1100/1500  avg(100): 448.4
  Episode 1150/1500  avg(100): 346.5
  Episode 1200/1500  avg(100): 208.4
  Episode 1250/1500  avg(100): 150.3
  Episode 1300/1500  avg(100): 131.9
  Episode 1350/1500  avg(100): 149.9
  Episode 1400/1500  avg(100): 285.8
  Episode 1450/1500  avg(100): 393.0
  Episode 1500/1500  avg(100): 330.4
Model saved to models/leaky-32-32-seed97-final.pth
  per-episode CSV streamed to: metrics/multi-seed/leaky-32-32/_workers/seed97/leaky-32-32-seed97.csv

Summary CSV: metrics/multi-seed/leaky-32-32/_workers/seed97/leaky-32-32-summary.csv

Results across 1 seeds:
  solved (final_avg >= 475) : 0/1 seeds
  final_avg_reward  : 330.41 ± 0.00  (primary metric: CartPole-v1 standard)
  best_avg_reward   : 472.08 ± 0.00
  tail_iqm_reward   : 236.27 ± 0.00  (diagnostic: matches Optuna selection metric)
  convergence_ep    : never reached threshold in any seed

Robust reporting (final_avg_reward across seeds, 95% bootstrap CI):
  IQM   : 330.41  [95% CI: 330.41, 330.41]
  Mean  : 330.41  [95% CI: 330.41, 330.41]
  (note: with N < 10, bootstrap CIs and IQM are necessarily wide; per Colas et al. 2018 consider increasing --num-seeds.)
