Multi-seed training for: fractional-32-8-8
  device       : cpu
  num_seeds    : 1
  base_seed    : 61
  num_episodes : 1500
  output_dir   : metrics/multi-seed/fractional-32-8-8-30k/fractional-32-8-8/_workers/seed61

============================================================
Seed 61 (1/1)
============================================================
  Episode 50/1500  avg(100): 16.1
  Episode 100/1500  avg(100): 14.1
  Episode 150/1500  avg(100): 35.4
  Episode 200/1500  avg(100): 100.0
  Episode 250/1500  avg(100): 161.5
  Episode 300/1500  avg(100): 151.8
  Episode 350/1500  avg(100): 108.9
  Episode 400/1500  avg(100): 81.1
  Episode 450/1500  avg(100): 45.2
  Episode 500/1500  avg(100): 20.3
  Episode 550/1500  avg(100): 16.5
  Episode 600/1500  avg(100): 18.6
  Episode 650/1500  avg(100): 35.7
  Episode 700/1500  avg(100): 55.5
  Episode 750/1500  avg(100): 48.8
  Episode 800/1500  avg(100): 29.5
  Episode 850/1500  avg(100): 19.5
  Episode 900/1500  avg(100): 16.0
  Episode 950/1500  avg(100): 17.6
  Episode 1000/1500  avg(100): 39.2
  Episode 1050/1500  avg(100): 62.1
  Episode 1100/1500  avg(100): 63.3
  Episode 1150/1500  avg(100): 68.2
  Episode 1200/1500  avg(100): 89.5
  Episode 1250/1500  avg(100): 116.8
  Episode 1300/1500  avg(100): 209.7
  Episode 1350/1500  avg(100): 394.5
  Episode 1400/1500  avg(100): 399.6
  Episode 1450/1500  avg(100): 329.3
  Episode 1500/1500  avg(100): 284.9
Model saved to models/fractional-32-8-8-seed61-final.pth
  per-episode CSV streamed to: metrics/multi-seed/fractional-32-8-8-30k/fractional-32-8-8/_workers/seed61/fractional-32-8-8-seed61.csv

Summary CSV: metrics/multi-seed/fractional-32-8-8-30k/fractional-32-8-8/_workers/seed61/fractional-32-8-8-summary.csv

Results across 1 seeds:
  solved (final_avg >= 475) : 0/1 seeds
  final_avg_reward  : 284.93 ± 0.00  (primary metric: CartPole-v1 standard)
  best_avg_reward   : 477.19 ± 0.00
  tail_iqm_reward   : 222.55 ± 0.00  (diagnostic: matches Optuna selection metric)
  convergence_ep    : never reached threshold in any seed

Robust reporting (final_avg_reward across seeds, 95% bootstrap CI):
  IQM   : 284.93  [95% CI: 284.93, 284.93]
  Mean  : 284.93  [95% CI: 284.93, 284.93]
  (note: with N < 10, bootstrap CIs and IQM are necessarily wide; per Colas et al. 2018 consider increasing --num-seeds.)
