Multi-seed training for: leaky-32-32
  device       : cpu
  num_seeds    : 1
  base_seed    : 46
  num_episodes : 1500
  output_dir   : metrics/multi-seed/leaky-32-32-20k/leaky-32-32/_workers/seed46

============================================================
Seed 46 (1/1)
============================================================
  Episode 50/1500  avg(100): 17.2
  Episode 100/1500  avg(100): 14.7
  Episode 150/1500  avg(100): 13.7
  Episode 200/1500  avg(100): 19.6
  Episode 250/1500  avg(100): 76.5
  Episode 300/1500  avg(100): 144.9
  Episode 350/1500  avg(100): 144.3
  Episode 400/1500  avg(100): 122.1
  Episode 450/1500  avg(100): 126.8
  Episode 500/1500  avg(100): 138.8
  Episode 550/1500  avg(100): 137.4
  Episode 600/1500  avg(100): 127.2
  Episode 650/1500  avg(100): 124.1
  Episode 700/1500  avg(100): 132.2
  Episode 750/1500  avg(100): 119.0
  Episode 800/1500  avg(100): 87.3
  Episode 850/1500  avg(100): 99.2
  Episode 900/1500  avg(100): 236.7
  Episode 950/1500  avg(100): 333.4
  Episode 1000/1500  avg(100): 313.5
  Episode 1050/1500  avg(100): 302.8
  Episode 1100/1500  avg(100): 270.0
  Episode 1150/1500  avg(100): 281.3
  Episode 1200/1500  avg(100): 385.0
  Episode 1250/1500  avg(100): 396.1
  Episode 1300/1500  avg(100): 294.3
  Episode 1350/1500  avg(100): 286.8
  Episode 1400/1500  avg(100): 300.6
  Episode 1450/1500  avg(100): 275.1
  Episode 1500/1500  avg(100): 256.1
Model saved to models/leaky-32-32-seed46-final.pth
  per-episode CSV streamed to: metrics/multi-seed/leaky-32-32-20k/leaky-32-32/_workers/seed46/leaky-32-32-seed46.csv

Summary CSV: metrics/multi-seed/leaky-32-32-20k/leaky-32-32/_workers/seed46/leaky-32-32-summary.csv

Results across 1 seeds:
  solved (final_avg >= 475) : 0/1 seeds
  final_avg_reward  : 256.11 ± 0.00  (primary metric: CartPole-v1 standard)
  best_avg_reward   : 414.09 ± 0.00
  tail_iqm_reward   : 298.84 ± 0.00  (diagnostic: matches Optuna selection metric)
  convergence_ep    : never reached threshold in any seed

Robust reporting (final_avg_reward across seeds, 95% bootstrap CI):
  IQM   : 256.11  [95% CI: 256.11, 256.11]
  Mean  : 256.11  [95% CI: 256.11, 256.11]
  (note: with N < 10, bootstrap CIs and IQM are necessarily wide; per Colas et al. 2018 consider increasing --num-seeds.)
