Multi-seed training for: leaky-32-32
  device       : cpu
  num_seeds    : 1
  base_seed    : 45
  num_episodes : 1500
  output_dir   : metrics/multi-seed/leaky-32-32/_workers/seed45

============================================================
Seed 45 (1/1)
============================================================
  Episode 50/1500  avg(100): 16.3
  Episode 100/1500  avg(100): 16.8
  Episode 150/1500  avg(100): 17.5
  Episode 200/1500  avg(100): 14.0
  Episode 250/1500  avg(100): 10.4
  Episode 300/1500  avg(100): 12.1
  Episode 350/1500  avg(100): 13.7
  Episode 400/1500  avg(100): 14.8
  Episode 450/1500  avg(100): 29.1
  Episode 500/1500  avg(100): 67.5
  Episode 550/1500  avg(100): 91.6
  Episode 600/1500  avg(100): 94.7
  Episode 650/1500  avg(100): 116.8
  Episode 700/1500  avg(100): 132.4
  Episode 750/1500  avg(100): 133.1
  Episode 800/1500  avg(100): 162.4
  Episode 850/1500  avg(100): 183.5
  Episode 900/1500  avg(100): 135.7
  Episode 950/1500  avg(100): 120.2
  Episode 1000/1500  avg(100): 134.7
  Episode 1050/1500  avg(100): 129.1
  Episode 1100/1500  avg(100): 140.2
  Episode 1150/1500  avg(100): 145.1
  Episode 1200/1500  avg(100): 150.6
  Episode 1250/1500  avg(100): 150.6
  Episode 1300/1500  avg(100): 149.2
  Episode 1350/1500  avg(100): 131.7
  Episode 1400/1500  avg(100): 177.5
  Episode 1450/1500  avg(100): 236.9
  Episode 1500/1500  avg(100): 189.3
Model saved to models/leaky-32-32-seed45-final.pth
  per-episode CSV streamed to: metrics/multi-seed/leaky-32-32/_workers/seed45/leaky-32-32-seed45.csv

Summary CSV: metrics/multi-seed/leaky-32-32/_workers/seed45/leaky-32-32-summary.csv

Results across 1 seeds:
  solved (final_avg >= 475) : 0/1 seeds
  final_avg_reward  : 189.34 ± 0.00  (primary metric: CartPole-v1 standard)
  best_avg_reward   : 239.79 ± 0.00
  tail_iqm_reward   : 152.46 ± 0.00  (diagnostic: matches Optuna selection metric)
  convergence_ep    : never reached threshold in any seed

Robust reporting (final_avg_reward across seeds, 95% bootstrap CI):
  IQM   : 189.34  [95% CI: 189.34, 189.34]
  Mean  : 189.34  [95% CI: 189.34, 189.34]
  (note: with N < 10, bootstrap CIs and IQM are necessarily wide; per Colas et al. 2018 consider increasing --num-seeds.)
