Multi-seed training for: leaky-32-32
  device       : cpu
  num_seeds    : 1
  base_seed    : 57
  num_episodes : 1500
  output_dir   : metrics/multi-seed/leaky-32-32-50k/leaky-32-32/_workers/seed57

============================================================
Seed 57 (1/1)
============================================================
  Episode 50/1500  avg(100): 19.4
  Episode 100/1500  avg(100): 18.6
  Episode 150/1500  avg(100): 34.8
  Episode 200/1500  avg(100): 98.9
  Episode 250/1500  avg(100): 160.9
  Episode 300/1500  avg(100): 179.5
  Episode 350/1500  avg(100): 179.7
  Episode 400/1500  avg(100): 191.7
  Episode 450/1500  avg(100): 179.6
  Episode 500/1500  avg(100): 130.4
  Episode 550/1500  avg(100): 142.4
  Episode 600/1500  avg(100): 252.2
  Episode 650/1500  avg(100): 273.4
  Episode 700/1500  avg(100): 275.0
  Episode 750/1500  avg(100): 359.4
  Episode 800/1500  avg(100): 268.2
  Episode 850/1500  avg(100): 204.7
  Episode 900/1500  avg(100): 262.4
  Episode 950/1500  avg(100): 264.3
  Episode 1000/1500  avg(100): 234.6
  Episode 1050/1500  avg(100): 220.9
  Episode 1100/1500  avg(100): 227.4
  Episode 1150/1500  avg(100): 161.4
  Episode 1200/1500  avg(100): 149.8
  Episode 1250/1500  avg(100): 163.1
  Episode 1300/1500  avg(100): 214.2
  Episode 1350/1500  avg(100): 300.2
  Episode 1400/1500  avg(100): 401.4
  Episode 1450/1500  avg(100): 487.1
  Episode 1500/1500  avg(100): 460.3
Model saved to models/leaky-32-32-seed57-final.pth
  per-episode CSV streamed to: metrics/multi-seed/leaky-32-32-50k/leaky-32-32/_workers/seed57/leaky-32-32-seed57.csv

Summary CSV: metrics/multi-seed/leaky-32-32-50k/leaky-32-32/_workers/seed57/leaky-32-32-summary.csv

Results across 1 seeds:
  solved (final_avg >= 475) : 0/1 seeds
  final_avg_reward  : 460.34 ± 0.00  (primary metric: CartPole-v1 standard)
  best_avg_reward   : 491.77 ± 0.00
  tail_iqm_reward   : 253.19 ± 0.00  (diagnostic: matches Optuna selection metric)
  convergence_ep    : never reached threshold in any seed

Robust reporting (final_avg_reward across seeds, 95% bootstrap CI):
  IQM   : 460.34  [95% CI: 460.34, 460.34]
  Mean  : 460.34  [95% CI: 460.34, 460.34]
  (note: with N < 10, bootstrap CIs and IQM are necessarily wide; per Colas et al. 2018 consider increasing --num-seeds.)
