Multi-seed training for: leaky-32-32
  device       : cpu
  num_seeds    : 1
  base_seed    : 60
  num_episodes : 1500
  output_dir   : metrics/multi-seed/leaky-32-32-50k/leaky-32-32/_workers/seed60

============================================================
Seed 60 (1/1)
============================================================
  Episode 50/1500  avg(100): 18.6
  Episode 100/1500  avg(100): 16.0
  Episode 150/1500  avg(100): 18.1
  Episode 200/1500  avg(100): 109.6
  Episode 250/1500  avg(100): 211.9
  Episode 300/1500  avg(100): 217.2
  Episode 350/1500  avg(100): 221.7
  Episode 400/1500  avg(100): 247.4
  Episode 450/1500  avg(100): 294.3
  Episode 500/1500  avg(100): 197.5
  Episode 550/1500  avg(100): 109.8
  Episode 600/1500  avg(100): 237.9
  Episode 650/1500  avg(100): 246.0
  Episode 700/1500  avg(100): 111.2
  Episode 750/1500  avg(100): 78.1
  Episode 800/1500  avg(100): 192.9
  Episode 850/1500  avg(100): 318.6
  Episode 900/1500  avg(100): 424.9
  Episode 950/1500  avg(100): 497.0
  Episode 1000/1500  avg(100): 489.7
  Episode 1050/1500  avg(100): 481.1
  Episode 1100/1500  avg(100): 479.9
  Episode 1150/1500  avg(100): 485.8
  Episode 1200/1500  avg(100): 494.0
  Episode 1250/1500  avg(100): 495.6
  Episode 1300/1500  avg(100): 499.0
  Episode 1350/1500  avg(100): 496.1
  Episode 1400/1500  avg(100): 487.5
  Episode 1450/1500  avg(100): 477.9
  Episode 1500/1500  avg(100): 455.5
Model saved to models/leaky-32-32-seed60-final.pth
  per-episode CSV streamed to: metrics/multi-seed/leaky-32-32-50k/leaky-32-32/_workers/seed60/leaky-32-32-seed60.csv

Summary CSV: metrics/multi-seed/leaky-32-32-50k/leaky-32-32/_workers/seed60/leaky-32-32-summary.csv

Results across 1 seeds:
  solved (final_avg >= 475) : 0/1 seeds
  final_avg_reward  : 455.52 ± 0.00  (primary metric: CartPole-v1 standard)
  best_avg_reward   : 500.00 ± 0.00
  tail_iqm_reward   : 491.38 ± 0.00  (diagnostic: matches Optuna selection metric)
  convergence_ep    : never reached threshold in any seed

Robust reporting (final_avg_reward across seeds, 95% bootstrap CI):
  IQM   : 455.52  [95% CI: 455.52, 455.52]
  Mean  : 455.52  [95% CI: 455.52, 455.52]
  (note: with N < 10, bootstrap CIs and IQM are necessarily wide; per Colas et al. 2018 consider increasing --num-seeds.)
