Multi-seed training for: leaky-32-32
  device       : cpu
  num_seeds    : 1
  base_seed    : 56
  num_episodes : 1500
  output_dir   : metrics/multi-seed/leaky-32-32-25k/leaky-32-32/_workers/seed56

============================================================
Seed 56 (1/1)
============================================================
  Episode 50/1500  avg(100): 17.3
  Episode 100/1500  avg(100): 17.0
  Episode 150/1500  avg(100): 33.2
  Episode 200/1500  avg(100): 102.3
  Episode 250/1500  avg(100): 159.6
  Episode 300/1500  avg(100): 172.4
  Episode 350/1500  avg(100): 255.7
  Episode 400/1500  avg(100): 171.8
  Episode 450/1500  avg(100): 193.9
  Episode 500/1500  avg(100): 362.7
  Episode 550/1500  avg(100): 422.8
  Episode 600/1500  avg(100): 435.2
  Episode 650/1500  avg(100): 368.9
  Episode 700/1500  avg(100): 413.5
  Episode 750/1500  avg(100): 482.2
  Episode 800/1500  avg(100): 392.9
  Episode 850/1500  avg(100): 346.2
  Episode 900/1500  avg(100): 387.9
  Episode 950/1500  avg(100): 402.2
  Episode 1000/1500  avg(100): 447.3
  Episode 1050/1500  avg(100): 460.1
  Episode 1100/1500  avg(100): 406.9
  Episode 1150/1500  avg(100): 322.3
  Episode 1200/1500  avg(100): 291.5
  Episode 1250/1500  avg(100): 238.5
  Episode 1300/1500  avg(100): 191.5
  Episode 1350/1500  avg(100): 216.8
  Episode 1400/1500  avg(100): 286.6
  Episode 1450/1500  avg(100): 372.1
  Episode 1500/1500  avg(100): 363.2
Model saved to models/leaky-32-32-seed56-final.pth
  per-episode CSV streamed to: metrics/multi-seed/leaky-32-32-25k/leaky-32-32/_workers/seed56/leaky-32-32-seed56.csv

Summary CSV: metrics/multi-seed/leaky-32-32-25k/leaky-32-32/_workers/seed56/leaky-32-32-summary.csv

Results across 1 seeds:
  solved (final_avg >= 475) : 0/1 seeds
  final_avg_reward  : 363.17 ± 0.00  (primary metric: CartPole-v1 standard)
  best_avg_reward   : 494.76 ± 0.00
  tail_iqm_reward   : 277.98 ± 0.00  (diagnostic: matches Optuna selection metric)
  convergence_ep    : never reached threshold in any seed

Robust reporting (final_avg_reward across seeds, 95% bootstrap CI):
  IQM   : 363.17  [95% CI: 363.17, 363.17]
  Mean  : 363.17  [95% CI: 363.17, 363.17]
  (note: with N < 10, bootstrap CIs and IQM are necessarily wide; per Colas et al. 2018 consider increasing --num-seeds.)
