Multi-seed training for: leaky-32-32
  device       : cpu
  num_seeds    : 1
  base_seed    : 61
  num_episodes : 1500
  output_dir   : metrics/multi-seed/leaky-32-32-50k/leaky-32-32/_workers/seed61

============================================================
Seed 61 (1/1)
============================================================
  Episode 50/1500  avg(100): 17.9
  Episode 100/1500  avg(100): 16.2
  Episode 150/1500  avg(100): 14.6
  Episode 200/1500  avg(100): 16.2
  Episode 250/1500  avg(100): 84.6
  Episode 300/1500  avg(100): 178.4
  Episode 350/1500  avg(100): 235.1
  Episode 400/1500  avg(100): 253.4
  Episode 450/1500  avg(100): 226.1
  Episode 500/1500  avg(100): 288.6
  Episode 550/1500  avg(100): 254.7
  Episode 600/1500  avg(100): 190.9
  Episode 650/1500  avg(100): 284.0
  Episode 700/1500  avg(100): 377.8
  Episode 750/1500  avg(100): 379.6
  Episode 800/1500  avg(100): 298.0
  Episode 850/1500  avg(100): 366.9
  Episode 900/1500  avg(100): 464.8
  Episode 950/1500  avg(100): 347.5
  Episode 1000/1500  avg(100): 353.0
  Episode 1050/1500  avg(100): 477.3
  Episode 1100/1500  avg(100): 456.1
  Episode 1150/1500  avg(100): 327.4
  Episode 1200/1500  avg(100): 227.7
  Episode 1250/1500  avg(100): 303.4
  Episode 1300/1500  avg(100): 376.4
  Episode 1350/1500  avg(100): 361.9
  Episode 1400/1500  avg(100): 307.4
  Episode 1450/1500  avg(100): 370.2
  Episode 1500/1500  avg(100): 464.2
Model saved to models/leaky-32-32-seed61-final.pth
  per-episode CSV streamed to: metrics/multi-seed/leaky-32-32-50k/leaky-32-32/_workers/seed61/leaky-32-32-seed61.csv

Summary CSV: metrics/multi-seed/leaky-32-32-50k/leaky-32-32/_workers/seed61/leaky-32-32-summary.csv

Results across 1 seeds:
  solved (final_avg >= 475) : 0/1 seeds
  final_avg_reward  : 464.22 ± 0.00  (primary metric: CartPole-v1 standard)
  best_avg_reward   : 479.52 ± 0.00
  tail_iqm_reward   : 335.82 ± 0.00  (diagnostic: matches Optuna selection metric)
  convergence_ep    : never reached threshold in any seed

Robust reporting (final_avg_reward across seeds, 95% bootstrap CI):
  IQM   : 464.22  [95% CI: 464.22, 464.22]
  Mean  : 464.22  [95% CI: 464.22, 464.22]
  (note: with N < 10, bootstrap CIs and IQM are necessarily wide; per Colas et al. 2018 consider increasing --num-seeds.)
