Multi-seed training for: bitshift-64-32-4
  device       : cpu
  num_seeds    : 1
  base_seed    : 51
  num_episodes : 1500
  output_dir   : metrics/multi-seed/bitshift-64-32-4-50k/bitshift-64-32-4/_workers/seed51

============================================================
Seed 51 (1/1)
============================================================
  Episode 50/1500  avg(100): 17.4
  Episode 100/1500  avg(100): 15.9
  Episode 150/1500  avg(100): 21.3
  Episode 200/1500  avg(100): 91.8
  Episode 250/1500  avg(100): 171.0
  Episode 300/1500  avg(100): 239.8
  Episode 350/1500  avg(100): 220.7
  Episode 400/1500  avg(100): 152.9
  Episode 450/1500  avg(100): 218.3
  Episode 500/1500  avg(100): 196.1
  Episode 550/1500  avg(100): 106.7
  Episode 600/1500  avg(100): 108.2
  Episode 650/1500  avg(100): 257.3
  Episode 700/1500  avg(100): 381.4
  Episode 750/1500  avg(100): 249.6
  Episode 800/1500  avg(100): 131.6
  Episode 850/1500  avg(100): 107.8
  Episode 900/1500  avg(100): 197.2
  Episode 950/1500  avg(100): 403.7
  Episode 1000/1500  avg(100): 468.1
  Episode 1050/1500  avg(100): 468.1
  Episode 1100/1500  avg(100): 500.0
  Episode 1150/1500  avg(100): 444.1
  Episode 1200/1500  avg(100): 282.3
  Episode 1250/1500  avg(100): 291.8
  Episode 1300/1500  avg(100): 284.9
  Episode 1350/1500  avg(100): 155.2
  Episode 1400/1500  avg(100): 267.2
  Episode 1450/1500  avg(100): 440.3
  Episode 1500/1500  avg(100): 447.9
Model saved to models/bitshift-64-32-4-seed51-final.pth
  per-episode CSV streamed to: metrics/multi-seed/bitshift-64-32-4-50k/bitshift-64-32-4/_workers/seed51/bitshift-64-32-4-seed51.csv

Summary CSV: metrics/multi-seed/bitshift-64-32-4-50k/bitshift-64-32-4/_workers/seed51/bitshift-64-32-4-summary.csv

Results across 1 seeds:
  solved (final_avg >= 475) : 0/1 seeds
  final_avg_reward  : 447.90 ± 0.00  (primary metric: CartPole-v1 standard)
  best_avg_reward   : 500.00 ± 0.00
  tail_iqm_reward   : 309.09 ± 0.00  (diagnostic: matches Optuna selection metric)
  convergence_ep    : never reached threshold in any seed

Robust reporting (final_avg_reward across seeds, 95% bootstrap CI):
  IQM   : 447.90  [95% CI: 447.90, 447.90]
  Mean  : 447.90  [95% CI: 447.90, 447.90]
  (note: with N < 10, bootstrap CIs and IQM are necessarily wide; per Colas et al. 2018 consider increasing --num-seeds.)
