Multi-seed training for: fractional-32-8-8
  device       : cpu
  num_seeds    : 1
  base_seed    : 58
  num_episodes : 1500
  output_dir   : metrics/multi-seed/fractional-32-8-8-50k/fractional-32-8-8/_workers/seed58

============================================================
Seed 58 (1/1)
============================================================
  Episode 50/1500  avg(100): 16.7
  Episode 100/1500  avg(100): 14.8
  Episode 150/1500  avg(100): 16.4
  Episode 200/1500  avg(100): 48.6
  Episode 250/1500  avg(100): 155.8
  Episode 300/1500  avg(100): 227.4
  Episode 350/1500  avg(100): 214.4
  Episode 400/1500  avg(100): 228.0
  Episode 450/1500  avg(100): 241.6
  Episode 500/1500  avg(100): 234.3
  Episode 550/1500  avg(100): 243.2
  Episode 600/1500  avg(100): 262.1
  Episode 650/1500  avg(100): 316.2
  Episode 700/1500  avg(100): 243.1
  Episode 750/1500  avg(100): 70.0
  Episode 800/1500  avg(100): 14.2
  Episode 850/1500  avg(100): 13.6
  Episode 900/1500  avg(100): 13.7
  Episode 950/1500  avg(100): 14.5
  Episode 1000/1500  avg(100): 19.3
  Episode 1050/1500  avg(100): 35.8
  Episode 1100/1500  avg(100): 50.4
  Episode 1150/1500  avg(100): 48.0
  Episode 1200/1500  avg(100): 45.4
  Episode 1250/1500  avg(100): 52.4
  Episode 1300/1500  avg(100): 60.8
  Episode 1350/1500  avg(100): 68.7
  Episode 1400/1500  avg(100): 232.6
  Episode 1450/1500  avg(100): 371.7
  Episode 1500/1500  avg(100): 419.4
Model saved to models/fractional-32-8-8-seed58-final.pth
  per-episode CSV streamed to: metrics/multi-seed/fractional-32-8-8-50k/fractional-32-8-8/_workers/seed58/fractional-32-8-8-seed58.csv

Summary CSV: metrics/multi-seed/fractional-32-8-8-50k/fractional-32-8-8/_workers/seed58/fractional-32-8-8-summary.csv

Results across 1 seeds:
  solved (final_avg >= 475) : 0/1 seeds
  final_avg_reward  : 419.41 ± 0.00  (primary metric: CartPole-v1 standard)
  best_avg_reward   : 419.41 ± 0.00
  tail_iqm_reward   : 93.39 ± 0.00  (diagnostic: matches Optuna selection metric)
  convergence_ep    : never reached threshold in any seed

Robust reporting (final_avg_reward across seeds, 95% bootstrap CI):
  IQM   : 419.41  [95% CI: 419.41, 419.41]
  Mean  : 419.41  [95% CI: 419.41, 419.41]
  (note: with N < 10, bootstrap CIs and IQM are necessarily wide; per Colas et al. 2018 consider increasing --num-seeds.)
