Multi-seed training for: fractional-32-8-8
  device       : cpu
  num_seeds    : 1
  base_seed    : 139
  num_episodes : 1500
  output_dir   : metrics/multi-seed/fractional-32-8-8/_workers/seed139

============================================================
Seed 139 (1/1)
============================================================
  Episode 50/1500  avg(100): 17.3
  Episode 100/1500  avg(100): 15.1
  Episode 150/1500  avg(100): 12.4
  Episode 200/1500  avg(100): 12.3
  Episode 250/1500  avg(100): 16.3
  Episode 300/1500  avg(100): 53.9
  Episode 350/1500  avg(100): 91.8
  Episode 400/1500  avg(100): 108.4
  Episode 450/1500  avg(100): 124.1
  Episode 500/1500  avg(100): 122.7
  Episode 550/1500  avg(100): 104.3
  Episode 600/1500  avg(100): 95.0
  Episode 650/1500  avg(100): 104.5
  Episode 700/1500  avg(100): 175.3
  Episode 750/1500  avg(100): 265.2
  Episode 800/1500  avg(100): 373.0
  Episode 850/1500  avg(100): 460.4
  Episode 900/1500  avg(100): 380.4
  Episode 950/1500  avg(100): 290.7
  Episode 1000/1500  avg(100): 233.6
  Episode 1050/1500  avg(100): 301.2
  Episode 1100/1500  avg(100): 459.9
  Episode 1150/1500  avg(100): 500.0
  Episode 1200/1500  avg(100): 500.0
  Episode 1250/1500  avg(100): 422.2
  Episode 1300/1500  avg(100): 290.5
  Episode 1350/1500  avg(100): 344.3
  Episode 1400/1500  avg(100): 446.7
  Episode 1450/1500  avg(100): 291.2
  Episode 1500/1500  avg(100): 109.8
Model saved to models/fractional-32-8-8-seed139-final.pth
  per-episode CSV streamed to: metrics/multi-seed/fractional-32-8-8/_workers/seed139/fractional-32-8-8-seed139.csv

Summary CSV: metrics/multi-seed/fractional-32-8-8/_workers/seed139/fractional-32-8-8-summary.csv

Results across 1 seeds:
  solved (final_avg >= 475) : 0/1 seeds
  final_avg_reward  : 109.80 ± 0.00  (primary metric: CartPole-v1 standard)
  best_avg_reward   : 500.00 ± 0.00
  tail_iqm_reward   : 391.05 ± 0.00  (diagnostic: matches Optuna selection metric)
  convergence_ep    : never reached threshold in any seed

Robust reporting (final_avg_reward across seeds, 95% bootstrap CI):
  IQM   : 109.80  [95% CI: 109.80, 109.80]
  Mean  : 109.80  [95% CI: 109.80, 109.80]
  (note: with N < 10, bootstrap CIs and IQM are necessarily wide; per Colas et al. 2018 consider increasing --num-seeds.)
