Multi-seed training for: leaky-32-32
  device       : cpu
  num_seeds    : 1
  base_seed    : 48
  num_episodes : 1500
  output_dir   : metrics/multi-seed/leaky-32-32-50k/leaky-32-32/_workers/seed48

============================================================
Seed 48 (1/1)
============================================================
  Episode 50/1500  avg(100): 16.3
  Episode 100/1500  avg(100): 14.1
  Episode 150/1500  avg(100): 11.7
  Episode 200/1500  avg(100): 11.9
  Episode 250/1500  avg(100): 12.9
  Episode 300/1500  avg(100): 37.8
  Episode 350/1500  avg(100): 132.1
  Episode 400/1500  avg(100): 208.3
  Episode 450/1500  avg(100): 228.7
  Episode 500/1500  avg(100): 258.4
  Episode 550/1500  avg(100): 282.8
  Episode 600/1500  avg(100): 274.7
  Episode 650/1500  avg(100): 244.0
  Episode 700/1500  avg(100): 218.6
  Episode 750/1500  avg(100): 190.5
  Episode 800/1500  avg(100): 143.4
  Episode 850/1500  avg(100): 114.9
  Episode 900/1500  avg(100): 283.1
  Episode 950/1500  avg(100): 469.9
  Episode 1000/1500  avg(100): 432.8
  Episode 1050/1500  avg(100): 370.6
  Episode 1100/1500  avg(100): 375.1
  Episode 1150/1500  avg(100): 402.9
  Episode 1200/1500  avg(100): 388.2
  Episode 1250/1500  avg(100): 342.7
  Episode 1300/1500  avg(100): 383.5
  Episode 1350/1500  avg(100): 420.3
  Episode 1400/1500  avg(100): 446.6
  Episode 1450/1500  avg(100): 479.4
  Episode 1500/1500  avg(100): 423.9
Model saved to models/leaky-32-32-seed48-final.pth
  per-episode CSV streamed to: metrics/multi-seed/leaky-32-32-50k/leaky-32-32/_workers/seed48/leaky-32-32-seed48.csv

Summary CSV: metrics/multi-seed/leaky-32-32-50k/leaky-32-32/_workers/seed48/leaky-32-32-summary.csv

Results across 1 seeds:
  solved (final_avg >= 475) : 0/1 seeds
  final_avg_reward  : 423.87 ± 0.00  (primary metric: CartPole-v1 standard)
  best_avg_reward   : 492.02 ± 0.00
  tail_iqm_reward   : 411.95 ± 0.00  (diagnostic: matches Optuna selection metric)
  convergence_ep    : never reached threshold in any seed

Robust reporting (final_avg_reward across seeds, 95% bootstrap CI):
  IQM   : 423.87  [95% CI: 423.87, 423.87]
  Mean  : 423.87  [95% CI: 423.87, 423.87]
  (note: with N < 10, bootstrap CIs and IQM are necessarily wide; per Colas et al. 2018 consider increasing --num-seeds.)
