Multi-seed training for: leaky-32-32
  device       : cpu
  num_seeds    : 1
  base_seed    : 63
  num_episodes : 1500
  output_dir   : metrics/multi-seed/leaky-32-32/_workers/seed63

============================================================
Seed 63 (1/1)
============================================================
  Episode 50/1500  avg(100): 15.4
  Episode 100/1500  avg(100): 14.3
  Episode 150/1500  avg(100): 19.6
  Episode 200/1500  avg(100): 81.0
  Episode 250/1500  avg(100): 157.4
  Episode 300/1500  avg(100): 162.1
  Episode 350/1500  avg(100): 160.4
  Episode 400/1500  avg(100): 196.5
  Episode 450/1500  avg(100): 226.0
  Episode 500/1500  avg(100): 138.1
  Episode 550/1500  avg(100): 218.6
  Episode 600/1500  avg(100): 447.7
  Episode 650/1500  avg(100): 496.1
  Episode 700/1500  avg(100): 489.4
  Episode 750/1500  avg(100): 464.4
  Episode 800/1500  avg(100): 468.3
  Episode 850/1500  avg(100): 473.7
  Episode 900/1500  avg(100): 326.0
  Episode 950/1500  avg(100): 332.3
  Episode 1000/1500  avg(100): 416.3
  Episode 1050/1500  avg(100): 430.0
  Episode 1100/1500  avg(100): 482.1
  Episode 1150/1500  avg(100): 485.6
  Episode 1200/1500  avg(100): 500.0
  Episode 1250/1500  avg(100): 500.0
  Episode 1300/1500  avg(100): 500.0
  Episode 1350/1500  avg(100): 485.7
  Episode 1400/1500  avg(100): 452.5
  Episode 1450/1500  avg(100): 457.2
  Episode 1500/1500  avg(100): 428.7
Model saved to models/leaky-32-32-seed63-final.pth
  per-episode CSV streamed to: metrics/multi-seed/leaky-32-32/_workers/seed63/leaky-32-32-seed63.csv

Summary CSV: metrics/multi-seed/leaky-32-32/_workers/seed63/leaky-32-32-summary.csv

Results across 1 seeds:
  solved (final_avg >= 475) : 0/1 seeds
  final_avg_reward  : 428.67 ± 0.00  (primary metric: CartPole-v1 standard)
  best_avg_reward   : 500.00 ± 0.00
  tail_iqm_reward   : 486.15 ± 0.00  (diagnostic: matches Optuna selection metric)
  convergence_ep    : never reached threshold in any seed

Robust reporting (final_avg_reward across seeds, 95% bootstrap CI):
  IQM   : 428.67  [95% CI: 428.67, 428.67]
  Mean  : 428.67  [95% CI: 428.67, 428.67]
  (note: with N < 10, bootstrap CIs and IQM are necessarily wide; per Colas et al. 2018 consider increasing --num-seeds.)
