Multi-seed training for: leaky-32-32
  device       : cpu
  num_seeds    : 1
  base_seed    : 64
  num_episodes : 1500
  output_dir   : metrics/multi-seed/leaky-32-32/_workers/seed64

============================================================
Seed 64 (1/1)
============================================================
  Episode 50/1500  avg(100): 18.1
  Episode 100/1500  avg(100): 16.2
  Episode 150/1500  avg(100): 14.6
  Episode 200/1500  avg(100): 45.2
  Episode 250/1500  avg(100): 135.9
  Episode 300/1500  avg(100): 150.7
  Episode 350/1500  avg(100): 97.5
  Episode 400/1500  avg(100): 95.9
  Episode 450/1500  avg(100): 99.9
  Episode 500/1500  avg(100): 109.8
  Episode 550/1500  avg(100): 165.4
  Episode 600/1500  avg(100): 297.6
  Episode 650/1500  avg(100): 443.1
  Episode 700/1500  avg(100): 500.0
  Episode 750/1500  avg(100): 500.0
  Episode 800/1500  avg(100): 473.3
  Episode 850/1500  avg(100): 433.1
  Episode 900/1500  avg(100): 428.1
  Episode 950/1500  avg(100): 374.0
  Episode 1000/1500  avg(100): 345.6
  Episode 1050/1500  avg(100): 357.0
  Episode 1100/1500  avg(100): 392.0
  Episode 1150/1500  avg(100): 396.3
  Episode 1200/1500  avg(100): 395.0
  Episode 1250/1500  avg(100): 449.4
  Episode 1300/1500  avg(100): 420.3
  Episode 1350/1500  avg(100): 294.3
  Episode 1400/1500  avg(100): 227.8
  Episode 1450/1500  avg(100): 272.7
  Episode 1500/1500  avg(100): 228.2
Model saved to models/leaky-32-32-seed64-final.pth
  per-episode CSV streamed to: metrics/multi-seed/leaky-32-32/_workers/seed64/leaky-32-32-seed64.csv

Summary CSV: metrics/multi-seed/leaky-32-32/_workers/seed64/leaky-32-32-summary.csv

Results across 1 seeds:
  solved (final_avg >= 475) : 0/1 seeds
  final_avg_reward  : 228.19 ± 0.00  (primary metric: CartPole-v1 standard)
  best_avg_reward   : 500.00 ± 0.00
  tail_iqm_reward   : 349.39 ± 0.00  (diagnostic: matches Optuna selection metric)
  convergence_ep    : never reached threshold in any seed

Robust reporting (final_avg_reward across seeds, 95% bootstrap CI):
  IQM   : 228.19  [95% CI: 228.19, 228.19]
  Mean  : 228.19  [95% CI: 228.19, 228.19]
  (note: with N < 10, bootstrap CIs and IQM are necessarily wide; per Colas et al. 2018 consider increasing --num-seeds.)
