Multi-seed training for: leaky-32-32
  device       : cpu
  num_seeds    : 1
  base_seed    : 52
  num_episodes : 1500
  output_dir   : metrics/multi-seed/leaky-32-32-30k/leaky-32-32/_workers/seed52

============================================================
Seed 52 (1/1)
============================================================
  Episode 50/1500  avg(100): 17.8
  Episode 100/1500  avg(100): 16.1
  Episode 150/1500  avg(100): 13.8
  Episode 200/1500  avg(100): 42.5
  Episode 250/1500  avg(100): 112.8
  Episode 300/1500  avg(100): 169.4
  Episode 350/1500  avg(100): 202.3
  Episode 400/1500  avg(100): 292.6
  Episode 450/1500  avg(100): 197.4
  Episode 500/1500  avg(100): 24.6
  Episode 550/1500  avg(100): 81.8
  Episode 600/1500  avg(100): 256.8
  Episode 650/1500  avg(100): 410.6
  Episode 700/1500  avg(100): 335.5
  Episode 750/1500  avg(100): 295.8
  Episode 800/1500  avg(100): 434.9
  Episode 850/1500  avg(100): 446.6
  Episode 900/1500  avg(100): 257.7
  Episode 950/1500  avg(100): 76.8
  Episode 1000/1500  avg(100): 79.8
  Episode 1050/1500  avg(100): 271.8
  Episode 1100/1500  avg(100): 376.8
  Episode 1150/1500  avg(100): 360.0
  Episode 1200/1500  avg(100): 247.8
  Episode 1250/1500  avg(100): 242.2
  Episode 1300/1500  avg(100): 381.1
  Episode 1350/1500  avg(100): 403.3
  Episode 1400/1500  avg(100): 366.0
  Episode 1450/1500  avg(100): 393.4
  Episode 1500/1500  avg(100): 440.9
Model saved to models/leaky-32-32-seed52-final.pth
  per-episode CSV streamed to: metrics/multi-seed/leaky-32-32-30k/leaky-32-32/_workers/seed52/leaky-32-32-seed52.csv

Summary CSV: metrics/multi-seed/leaky-32-32-30k/leaky-32-32/_workers/seed52/leaky-32-32-summary.csv

Results across 1 seeds:
  solved (final_avg >= 475) : 0/1 seeds
  final_avg_reward  : 440.85 ± 0.00  (primary metric: CartPole-v1 standard)
  best_avg_reward   : 465.87 ± 0.00
  tail_iqm_reward   : 365.00 ± 0.00  (diagnostic: matches Optuna selection metric)
  convergence_ep    : never reached threshold in any seed

Robust reporting (final_avg_reward across seeds, 95% bootstrap CI):
  IQM   : 440.85  [95% CI: 440.85, 440.85]
  Mean  : 440.85  [95% CI: 440.85, 440.85]
  (note: with N < 10, bootstrap CIs and IQM are necessarily wide; per Colas et al. 2018 consider increasing --num-seeds.)
