Multi-seed training for: bitshift-64-32-4
  device       : cpu
  num_seeds    : 1
  base_seed    : 52
  num_episodes : 1500
  output_dir   : metrics/multi-seed/bitshift-64-32-4-30k/bitshift-64-32-4/_workers/seed52

============================================================
Seed 52 (1/1)
============================================================
  Episode 50/1500  avg(100): 15.8
  Episode 100/1500  avg(100): 15.6
  Episode 150/1500  avg(100): 62.5
  Episode 200/1500  avg(100): 207.6
  Episode 250/1500  avg(100): 310.8
  Episode 300/1500  avg(100): 235.8
  Episode 350/1500  avg(100): 188.9
  Episode 400/1500  avg(100): 187.6
  Episode 450/1500  avg(100): 170.2
  Episode 500/1500  avg(100): 177.7
  Episode 550/1500  avg(100): 149.1
  Episode 600/1500  avg(100): 140.3
  Episode 650/1500  avg(100): 156.0
  Episode 700/1500  avg(100): 202.9
  Episode 750/1500  avg(100): 225.6
  Episode 800/1500  avg(100): 318.1
  Episode 850/1500  avg(100): 392.0
  Episode 900/1500  avg(100): 376.2
  Episode 950/1500  avg(100): 448.9
  Episode 1000/1500  avg(100): 460.1
  Episode 1050/1500  avg(100): 418.0
  Episode 1100/1500  avg(100): 457.9
  Episode 1150/1500  avg(100): 500.0
  Episode 1200/1500  avg(100): 500.0
  Episode 1250/1500  avg(100): 500.0
  Episode 1300/1500  avg(100): 500.0
  Episode 1350/1500  avg(100): 500.0
  Episode 1400/1500  avg(100): 472.0
  Episode 1450/1500  avg(100): 396.6
  Episode 1500/1500  avg(100): 420.8
Model saved to models/bitshift-64-32-4-seed52-final.pth
  per-episode CSV streamed to: metrics/multi-seed/bitshift-64-32-4-30k/bitshift-64-32-4/_workers/seed52/bitshift-64-32-4-seed52.csv

Summary CSV: metrics/multi-seed/bitshift-64-32-4-30k/bitshift-64-32-4/_workers/seed52/bitshift-64-32-4-summary.csv

Results across 1 seeds:
  solved (final_avg >= 475) : 0/1 seeds
  final_avg_reward  : 420.77 ± 0.00  (primary metric: CartPole-v1 standard)
  best_avg_reward   : 500.00 ± 0.00
  tail_iqm_reward   : 497.70 ± 0.00  (diagnostic: matches Optuna selection metric)
  convergence_ep    : never reached threshold in any seed

Robust reporting (final_avg_reward across seeds, 95% bootstrap CI):
  IQM   : 420.77  [95% CI: 420.77, 420.77]
  Mean  : 420.77  [95% CI: 420.77, 420.77]
  (note: with N < 10, bootstrap CIs and IQM are necessarily wide; per Colas et al. 2018 consider increasing --num-seeds.)
