Multi-seed training for: leaky-32-32
  device       : cpu
  num_seeds    : 1
  base_seed    : 55
  num_episodes : 1500
  output_dir   : metrics/multi-seed/leaky-32-32-25k/leaky-32-32/_workers/seed55

============================================================
Seed 55 (1/1)
============================================================
  Episode 50/1500  avg(100): 17.7
  Episode 100/1500  avg(100): 17.8
  Episode 150/1500  avg(100): 16.2
  Episode 200/1500  avg(100): 41.2
  Episode 250/1500  avg(100): 131.4
  Episode 300/1500  avg(100): 192.3
  Episode 350/1500  avg(100): 200.9
  Episode 400/1500  avg(100): 171.2
  Episode 450/1500  avg(100): 94.0
  Episode 500/1500  avg(100): 60.5
  Episode 550/1500  avg(100): 97.9
  Episode 600/1500  avg(100): 119.0
  Episode 650/1500  avg(100): 141.2
  Episode 700/1500  avg(100): 283.7
  Episode 750/1500  avg(100): 445.4
  Episode 800/1500  avg(100): 462.9
  Episode 850/1500  avg(100): 441.6
  Episode 900/1500  avg(100): 460.4
  Episode 950/1500  avg(100): 421.4
  Episode 1000/1500  avg(100): 420.9
  Episode 1050/1500  avg(100): 455.3
  Episode 1100/1500  avg(100): 447.2
  Episode 1150/1500  avg(100): 452.8
  Episode 1200/1500  avg(100): 415.8
  Episode 1250/1500  avg(100): 390.0
  Episode 1300/1500  avg(100): 395.6
  Episode 1350/1500  avg(100): 410.4
  Episode 1400/1500  avg(100): 453.9
  Episode 1450/1500  avg(100): 464.7
  Episode 1500/1500  avg(100): 471.9
Model saved to models/leaky-32-32-seed55-final.pth
  per-episode CSV streamed to: metrics/multi-seed/leaky-32-32-25k/leaky-32-32/_workers/seed55/leaky-32-32-seed55.csv

Summary CSV: metrics/multi-seed/leaky-32-32-25k/leaky-32-32/_workers/seed55/leaky-32-32-summary.csv

Results across 1 seeds:
  solved (final_avg >= 475) : 0/1 seeds
  final_avg_reward  : 471.93 ± 0.00  (primary metric: CartPole-v1 standard)
  best_avg_reward   : 499.39 ± 0.00
  tail_iqm_reward   : 425.83 ± 0.00  (diagnostic: matches Optuna selection metric)
  convergence_ep    : never reached threshold in any seed

Robust reporting (final_avg_reward across seeds, 95% bootstrap CI):
  IQM   : 471.93  [95% CI: 471.93, 471.93]
  Mean  : 471.93  [95% CI: 471.93, 471.93]
  (note: with N < 10, bootstrap CIs and IQM are necessarily wide; per Colas et al. 2018 consider increasing --num-seeds.)
