Multi-seed training for: fractional-32-8-8
  device       : cpu
  num_seeds    : 1
  base_seed    : 56
  num_episodes : 1500
  output_dir   : metrics/multi-seed/fractional-32-8-8/_workers/seed56

============================================================
Seed 56 (1/1)
============================================================
  Episode 50/1500  avg(100): 18.1
  Episode 100/1500  avg(100): 17.2
  Episode 150/1500  avg(100): 19.4
  Episode 200/1500  avg(100): 54.0
  Episode 250/1500  avg(100): 98.0
  Episode 300/1500  avg(100): 115.8
  Episode 350/1500  avg(100): 102.9
  Episode 400/1500  avg(100): 89.9
  Episode 450/1500  avg(100): 119.1
  Episode 500/1500  avg(100): 118.3
  Episode 550/1500  avg(100): 57.5
  Episode 600/1500  avg(100): 17.5
  Episode 650/1500  avg(100): 13.8
  Episode 700/1500  avg(100): 16.2
  Episode 750/1500  avg(100): 23.6
  Episode 800/1500  avg(100): 42.1
  Episode 850/1500  avg(100): 52.1
  Episode 900/1500  avg(100): 42.3
  Episode 950/1500  avg(100): 54.5
  Episode 1000/1500  avg(100): 101.7
  Episode 1050/1500  avg(100): 132.3
  Episode 1100/1500  avg(100): 130.3
  Episode 1150/1500  avg(100): 116.8
  Episode 1200/1500  avg(100): 93.2
  Episode 1250/1500  avg(100): 96.4
  Episode 1300/1500  avg(100): 87.5
  Episode 1350/1500  avg(100): 46.7
  Episode 1400/1500  avg(100): 36.2
  Episode 1450/1500  avg(100): 60.6
  Episode 1500/1500  avg(100): 270.9
Model saved to models/fractional-32-8-8-seed56-final.pth
  per-episode CSV streamed to: metrics/multi-seed/fractional-32-8-8/_workers/seed56/fractional-32-8-8-seed56.csv

Summary CSV: metrics/multi-seed/fractional-32-8-8/_workers/seed56/fractional-32-8-8-summary.csv

Results across 1 seeds:
  solved (final_avg >= 475) : 0/1 seeds
  final_avg_reward  : 270.88 ± 0.00  (primary metric: CartPole-v1 standard)
  best_avg_reward   : 270.88 ± 0.00
  tail_iqm_reward   : 85.10 ± 0.00  (diagnostic: matches Optuna selection metric)
  convergence_ep    : never reached threshold in any seed

Robust reporting (final_avg_reward across seeds, 95% bootstrap CI):
  IQM   : 270.88  [95% CI: 270.88, 270.88]
  Mean  : 270.88  [95% CI: 270.88, 270.88]
  (note: with N < 10, bootstrap CIs and IQM are necessarily wide; per Colas et al. 2018 consider increasing --num-seeds.)
