Multi-seed training for: leaky-32-32
  device       : cpu
  num_seeds    : 1
  base_seed    : 76
  num_episodes : 1500
  output_dir   : metrics/multi-seed/leaky-32-32/_workers/seed76

============================================================
Seed 76 (1/1)
============================================================
  Episode 50/1500  avg(100): 18.7
  Episode 100/1500  avg(100): 16.6
  Episode 150/1500  avg(100): 26.6
  Episode 200/1500  avg(100): 67.0
  Episode 250/1500  avg(100): 106.0
  Episode 300/1500  avg(100): 123.9
  Episode 350/1500  avg(100): 148.8
  Episode 400/1500  avg(100): 167.3
  Episode 450/1500  avg(100): 234.3
  Episode 500/1500  avg(100): 386.9
  Episode 550/1500  avg(100): 470.9
  Episode 600/1500  avg(100): 450.9
  Episode 650/1500  avg(100): 443.6
  Episode 700/1500  avg(100): 477.0
  Episode 750/1500  avg(100): 495.4
  Episode 800/1500  avg(100): 467.2
  Episode 850/1500  avg(100): 455.1
  Episode 900/1500  avg(100): 469.3
  Episode 950/1500  avg(100): 486.0
  Episode 1000/1500  avg(100): 500.0
  Episode 1050/1500  avg(100): 493.9
  Episode 1100/1500  avg(100): 280.1
  Episode 1150/1500  avg(100): 237.8
  Episode 1200/1500  avg(100): 447.2
  Episode 1250/1500  avg(100): 481.7
  Episode 1300/1500  avg(100): 352.0
  Episode 1350/1500  avg(100): 341.0
  Episode 1400/1500  avg(100): 465.8
  Episode 1450/1500  avg(100): 490.7
  Episode 1500/1500  avg(100): 490.7
Model saved to models/leaky-32-32-seed76-final.pth
  per-episode CSV streamed to: metrics/multi-seed/leaky-32-32/_workers/seed76/leaky-32-32-seed76.csv

Summary CSV: metrics/multi-seed/leaky-32-32/_workers/seed76/leaky-32-32-summary.csv

Results across 1 seeds:
  solved (final_avg >= 475) : 1/1 seeds
  final_avg_reward  : 490.73 ± 0.00  (primary metric: CartPole-v1 standard)
  best_avg_reward   : 500.00 ± 0.00
  tail_iqm_reward   : 428.24 ± 0.00  (diagnostic: matches Optuna selection metric)
  convergence_ep    : 1402.0 ± 0.0  (1/1 seeds converged)

Robust reporting (final_avg_reward across seeds, 95% bootstrap CI):
  IQM   : 490.73  [95% CI: 490.73, 490.73]
  Mean  : 490.73  [95% CI: 490.73, 490.73]
  (note: with N < 10, bootstrap CIs and IQM are necessarily wide; per Colas et al. 2018 consider increasing --num-seeds.)
