Multi-seed training for: leaky-32-32
  device       : cpu
  num_seeds    : 1
  base_seed    : 127
  num_episodes : 1500
  output_dir   : metrics/multi-seed/leaky-32-32/_workers/seed127

============================================================
Seed 127 (1/1)
============================================================
  Episode 50/1500  avg(100): 16.7
  Episode 100/1500  avg(100): 16.2
  Episode 150/1500  avg(100): 58.1
  Episode 200/1500  avg(100): 117.5
  Episode 250/1500  avg(100): 133.9
  Episode 300/1500  avg(100): 139.8
  Episode 350/1500  avg(100): 144.5
  Episode 400/1500  avg(100): 143.3
  Episode 450/1500  avg(100): 181.3
  Episode 500/1500  avg(100): 208.4
  Episode 550/1500  avg(100): 208.4
  Episode 600/1500  avg(100): 170.4
  Episode 650/1500  avg(100): 151.2
  Episode 700/1500  avg(100): 183.8
  Episode 750/1500  avg(100): 331.9
  Episode 800/1500  avg(100): 488.4
  Episode 850/1500  avg(100): 500.0
  Episode 900/1500  avg(100): 500.0
  Episode 950/1500  avg(100): 500.0
  Episode 1000/1500  avg(100): 487.4
  Episode 1050/1500  avg(100): 487.4
  Episode 1100/1500  avg(100): 499.9
  Episode 1150/1500  avg(100): 497.6
  Episode 1200/1500  avg(100): 493.1
  Episode 1250/1500  avg(100): 495.4
  Episode 1300/1500  avg(100): 488.6
  Episode 1350/1500  avg(100): 382.6
  Episode 1400/1500  avg(100): 194.0
  Episode 1450/1500  avg(100): 70.1
  Episode 1500/1500  avg(100): 156.4
Model saved to models/leaky-32-32-seed127-final.pth
  per-episode CSV streamed to: metrics/multi-seed/leaky-32-32/_workers/seed127/leaky-32-32-seed127.csv

Summary CSV: metrics/multi-seed/leaky-32-32/_workers/seed127/leaky-32-32-summary.csv

Results across 1 seeds:
  solved (final_avg >= 475) : 0/1 seeds
  final_avg_reward  : 156.38 ± 0.00  (primary metric: CartPole-v1 standard)
  best_avg_reward   : 500.00 ± 0.00
  tail_iqm_reward   : 416.63 ± 0.00  (diagnostic: matches Optuna selection metric)
  convergence_ep    : never reached threshold in any seed

Robust reporting (final_avg_reward across seeds, 95% bootstrap CI):
  IQM   : 156.38  [95% CI: 156.38, 156.38]
  Mean  : 156.38  [95% CI: 156.38, 156.38]
  (note: with N < 10, bootstrap CIs and IQM are necessarily wide; per Colas et al. 2018 consider increasing --num-seeds.)
