Multi-seed training for: bitshift-64-32-4
  device       : cpu
  num_seeds    : 1
  base_seed    : 52
  num_episodes : 1500
  output_dir   : metrics/multi-seed/bitshift-64-32-4-50k/bitshift-64-32-4/_workers/seed52

============================================================
Seed 52 (1/1)
============================================================
  Episode 50/1500  avg(100): 15.8
  Episode 100/1500  avg(100): 15.6
  Episode 150/1500  avg(100): 62.5
  Episode 200/1500  avg(100): 207.6
  Episode 250/1500  avg(100): 293.1
  Episode 300/1500  avg(100): 197.9
  Episode 350/1500  avg(100): 130.8
  Episode 400/1500  avg(100): 152.9
  Episode 450/1500  avg(100): 163.6
  Episode 500/1500  avg(100): 214.4
  Episode 550/1500  avg(100): 259.6
  Episode 600/1500  avg(100): 211.4
  Episode 650/1500  avg(100): 165.1
  Episode 700/1500  avg(100): 196.2
  Episode 750/1500  avg(100): 225.6
  Episode 800/1500  avg(100): 290.7
  Episode 850/1500  avg(100): 348.3
  Episode 900/1500  avg(100): 309.3
  Episode 950/1500  avg(100): 248.1
  Episode 1000/1500  avg(100): 187.8
  Episode 1050/1500  avg(100): 173.6
  Episode 1100/1500  avg(100): 246.3
  Episode 1150/1500  avg(100): 242.1
  Episode 1200/1500  avg(100): 174.2
  Episode 1250/1500  avg(100): 250.8
  Episode 1300/1500  avg(100): 324.4
  Episode 1350/1500  avg(100): 325.7
  Episode 1400/1500  avg(100): 347.1
  Episode 1450/1500  avg(100): 290.4
  Episode 1500/1500  avg(100): 318.0
Model saved to models/bitshift-64-32-4-seed52-final.pth
  per-episode CSV streamed to: metrics/multi-seed/bitshift-64-32-4-50k/bitshift-64-32-4/_workers/seed52/bitshift-64-32-4-seed52.csv

Summary CSV: metrics/multi-seed/bitshift-64-32-4-50k/bitshift-64-32-4/_workers/seed52/bitshift-64-32-4-summary.csv

Results across 1 seeds:
  solved (final_avg >= 475) : 0/1 seeds
  final_avg_reward  : 317.99 ± 0.00  (primary metric: CartPole-v1 standard)
  best_avg_reward   : 378.97 ± 0.00
  tail_iqm_reward   : 284.98 ± 0.00  (diagnostic: matches Optuna selection metric)
  convergence_ep    : never reached threshold in any seed

Robust reporting (final_avg_reward across seeds, 95% bootstrap CI):
  IQM   : 317.99  [95% CI: 317.99, 317.99]
  Mean  : 317.99  [95% CI: 317.99, 317.99]
  (note: with N < 10, bootstrap CIs and IQM are necessarily wide; per Colas et al. 2018 consider increasing --num-seeds.)
