Multi-seed training for: leaky-32-32
  device       : cpu
  num_seeds    : 1
  base_seed    : 50
  num_episodes : 1500
  output_dir   : metrics/multi-seed/leaky-32-32/_workers/seed50

============================================================
Seed 50 (1/1)
============================================================
  Episode 50/1500  avg(100): 18.1
  Episode 100/1500  avg(100): 15.9
  Episode 150/1500  avg(100): 17.6
  Episode 200/1500  avg(100): 32.9
  Episode 250/1500  avg(100): 88.0
  Episode 300/1500  avg(100): 127.0
  Episode 350/1500  avg(100): 121.0
  Episode 400/1500  avg(100): 105.2
  Episode 450/1500  avg(100): 92.8
  Episode 500/1500  avg(100): 110.7
  Episode 550/1500  avg(100): 128.4
  Episode 600/1500  avg(100): 125.4
  Episode 650/1500  avg(100): 143.1
  Episode 700/1500  avg(100): 169.2
  Episode 750/1500  avg(100): 166.5
  Episode 800/1500  avg(100): 154.4
  Episode 850/1500  avg(100): 152.3
  Episode 900/1500  avg(100): 175.9
  Episode 950/1500  avg(100): 165.2
  Episode 1000/1500  avg(100): 175.5
  Episode 1050/1500  avg(100): 222.6
  Episode 1100/1500  avg(100): 218.7
  Episode 1150/1500  avg(100): 117.6
  Episode 1200/1500  avg(100): 33.1
  Episode 1250/1500  avg(100): 68.6
  Episode 1300/1500  avg(100): 139.3
  Episode 1350/1500  avg(100): 161.2
  Episode 1400/1500  avg(100): 125.6
  Episode 1450/1500  avg(100): 105.9
  Episode 1500/1500  avg(100): 113.0
Model saved to models/leaky-32-32-seed50-final.pth
  per-episode CSV streamed to: metrics/multi-seed/leaky-32-32/_workers/seed50/leaky-32-32-seed50.csv

Summary CSV: metrics/multi-seed/leaky-32-32/_workers/seed50/leaky-32-32-summary.csv

Results across 1 seeds:
  solved (final_avg >= 475) : 0/1 seeds
  final_avg_reward  : 112.99 ± 0.00  (primary metric: CartPole-v1 standard)
  best_avg_reward   : 243.95 ± 0.00
  tail_iqm_reward   : 112.14 ± 0.00  (diagnostic: matches Optuna selection metric)
  convergence_ep    : never reached threshold in any seed

Robust reporting (final_avg_reward across seeds, 95% bootstrap CI):
  IQM   : 112.99  [95% CI: 112.99, 112.99]
  Mean  : 112.99  [95% CI: 112.99, 112.99]
  (note: with N < 10, bootstrap CIs and IQM are necessarily wide; per Colas et al. 2018 consider increasing --num-seeds.)
