Multi-seed training for: bitshift-64-32-4
  device       : cpu
  num_seeds    : 1
  base_seed    : 136
  num_episodes : 1500
  output_dir   : metrics/multi-seed/bitshift-64-32-4/_workers/seed136

============================================================
Seed 136 (1/1)
============================================================
  Episode 50/1500  avg(100): 15.5
  Episode 100/1500  avg(100): 14.8
  Episode 150/1500  avg(100): 24.2
  Episode 200/1500  avg(100): 96.3
  Episode 250/1500  avg(100): 213.8
  Episode 300/1500  avg(100): 285.1
  Episode 350/1500  avg(100): 295.1
  Episode 400/1500  avg(100): 298.9
  Episode 450/1500  avg(100): 376.9
  Episode 500/1500  avg(100): 472.6
  Episode 550/1500  avg(100): 500.0
  Episode 600/1500  avg(100): 500.0
  Episode 650/1500  avg(100): 494.3
  Episode 700/1500  avg(100): 490.7
  Episode 750/1500  avg(100): 491.6
  Episode 800/1500  avg(100): 495.2
  Episode 850/1500  avg(100): 500.0
  Episode 900/1500  avg(100): 500.0
  Episode 950/1500  avg(100): 500.0
  Episode 1000/1500  avg(100): 497.6
  Episode 1050/1500  avg(100): 497.6
  Episode 1100/1500  avg(100): 494.3
  Episode 1150/1500  avg(100): 489.6
  Episode 1200/1500  avg(100): 468.1
  Episode 1250/1500  avg(100): 338.9
  Episode 1300/1500  avg(100): 217.9
  Episode 1350/1500  avg(100): 252.5
  Episode 1400/1500  avg(100): 352.2
  Episode 1450/1500  avg(100): 429.1
  Episode 1500/1500  avg(100): 382.1
Model saved to models/bitshift-64-32-4-seed136-final.pth
  per-episode CSV streamed to: metrics/multi-seed/bitshift-64-32-4/_workers/seed136/bitshift-64-32-4-seed136.csv

Summary CSV: metrics/multi-seed/bitshift-64-32-4/_workers/seed136/bitshift-64-32-4-summary.csv

Results across 1 seeds:
  solved (final_avg >= 475) : 0/1 seeds
  final_avg_reward  : 382.14 ± 0.00  (primary metric: CartPole-v1 standard)
  best_avg_reward   : 500.00 ± 0.00
  tail_iqm_reward   : 378.60 ± 0.00  (diagnostic: matches Optuna selection metric)
  convergence_ep    : never reached threshold in any seed

Robust reporting (final_avg_reward across seeds, 95% bootstrap CI):
  IQM   : 382.14  [95% CI: 382.14, 382.14]
  Mean  : 382.14  [95% CI: 382.14, 382.14]
  (note: with N < 10, bootstrap CIs and IQM are necessarily wide; per Colas et al. 2018 consider increasing --num-seeds.)
