Multi-seed training for: fractional-32-8-8
  device       : cpu
  num_seeds    : 1
  base_seed    : 49
  num_episodes : 1500
  output_dir   : metrics/multi-seed/fractional-32-8-8-25k/fractional-32-8-8/_workers/seed49

============================================================
Seed 49 (1/1)
============================================================
  Episode 50/1500  avg(100): 17.9
  Episode 100/1500  avg(100): 15.3
  Episode 150/1500  avg(100): 13.0
  Episode 200/1500  avg(100): 24.6
  Episode 250/1500  avg(100): 58.2
  Episode 300/1500  avg(100): 129.6
  Episode 350/1500  avg(100): 187.8
  Episode 400/1500  avg(100): 161.2
  Episode 450/1500  avg(100): 94.5
  Episode 500/1500  avg(100): 65.4
  Episode 550/1500  avg(100): 76.7
  Episode 600/1500  avg(100): 104.3
  Episode 650/1500  avg(100): 176.8
  Episode 700/1500  avg(100): 260.3
  Episode 750/1500  avg(100): 358.9
  Episode 800/1500  avg(100): 442.3
  Episode 850/1500  avg(100): 427.7
  Episode 900/1500  avg(100): 340.9
  Episode 950/1500  avg(100): 249.7
  Episode 1000/1500  avg(100): 267.9
  Episode 1050/1500  avg(100): 341.8
  Episode 1100/1500  avg(100): 422.6
  Episode 1150/1500  avg(100): 490.3
  Episode 1200/1500  avg(100): 498.2
  Episode 1250/1500  avg(100): 496.1
  Episode 1300/1500  avg(100): 497.0
  Episode 1350/1500  avg(100): 481.0
  Episode 1400/1500  avg(100): 478.6
  Episode 1450/1500  avg(100): 494.4
  Episode 1500/1500  avg(100): 493.2
Model saved to models/fractional-32-8-8-seed49-final.pth
  per-episode CSV streamed to: metrics/multi-seed/fractional-32-8-8-25k/fractional-32-8-8/_workers/seed49/fractional-32-8-8-seed49.csv

Summary CSV: metrics/multi-seed/fractional-32-8-8-25k/fractional-32-8-8/_workers/seed49/fractional-32-8-8-summary.csv

Results across 1 seeds:
  solved (final_avg >= 475) : 1/1 seeds
  final_avg_reward  : 493.22 ± 0.00  (primary metric: CartPole-v1 standard)
  best_avg_reward   : 500.00 ± 0.00
  tail_iqm_reward   : 492.71 ± 0.00  (diagnostic: matches Optuna selection metric)
  convergence_ep    : 1123.0 ± 0.0  (1/1 seeds converged)

Robust reporting (final_avg_reward across seeds, 95% bootstrap CI):
  IQM   : 493.22  [95% CI: 493.22, 493.22]
  Mean  : 493.22  [95% CI: 493.22, 493.22]
  (note: with N < 10, bootstrap CIs and IQM are necessarily wide; per Colas et al. 2018 consider increasing --num-seeds.)
