Multi-seed training for: bitshift-64-32-4
  device       : cpu
  num_seeds    : 1
  base_seed    : 61
  num_episodes : 1500
  output_dir   : metrics/multi-seed/bitshift-64-32-4-20k/bitshift-64-32-4/_workers/seed61

============================================================
Seed 61 (1/1)
============================================================
  Episode 50/1500  avg(100): 17.1
  Episode 100/1500  avg(100): 15.1
  Episode 150/1500  avg(100): 55.3
  Episode 200/1500  avg(100): 182.1
  Episode 250/1500  avg(100): 232.8
  Episode 300/1500  avg(100): 234.6
  Episode 350/1500  avg(100): 269.5
  Episode 400/1500  avg(100): 282.1
  Episode 450/1500  avg(100): 287.5
  Episode 500/1500  avg(100): 227.5
  Episode 550/1500  avg(100): 264.3
  Episode 600/1500  avg(100): 408.5
  Episode 650/1500  avg(100): 381.3
  Episode 700/1500  avg(100): 382.5
  Episode 750/1500  avg(100): 481.4
  Episode 800/1500  avg(100): 498.3
  Episode 850/1500  avg(100): 424.5
  Episode 900/1500  avg(100): 421.0
  Episode 950/1500  avg(100): 490.2
  Episode 1000/1500  avg(100): 484.1
  Episode 1050/1500  avg(100): 488.3
  Episode 1100/1500  avg(100): 497.8
  Episode 1150/1500  avg(100): 499.9
  Episode 1200/1500  avg(100): 500.0
  Episode 1250/1500  avg(100): 500.0
  Episode 1300/1500  avg(100): 500.0
  Episode 1350/1500  avg(100): 500.0
  Episode 1400/1500  avg(100): 500.0
  Episode 1450/1500  avg(100): 499.9
  Episode 1500/1500  avg(100): 489.0
Model saved to models/bitshift-64-32-4-seed61-final.pth
  per-episode CSV streamed to: metrics/multi-seed/bitshift-64-32-4-20k/bitshift-64-32-4/_workers/seed61/bitshift-64-32-4-seed61.csv

Summary CSV: metrics/multi-seed/bitshift-64-32-4-20k/bitshift-64-32-4/_workers/seed61/bitshift-64-32-4-summary.csv

Results across 1 seeds:
  solved (final_avg >= 475) : 1/1 seeds
  final_avg_reward  : 488.98 ± 0.00  (primary metric: CartPole-v1 standard)
  best_avg_reward   : 500.00 ± 0.00
  tail_iqm_reward   : 499.98 ± 0.00  (diagnostic: matches Optuna selection metric)
  convergence_ep    : 935.0 ± 0.0  (1/1 seeds converged)

Robust reporting (final_avg_reward across seeds, 95% bootstrap CI):
  IQM   : 488.98  [95% CI: 488.98, 488.98]
  Mean  : 488.98  [95% CI: 488.98, 488.98]
  (note: with N < 10, bootstrap CIs and IQM are necessarily wide; per Colas et al. 2018 consider increasing --num-seeds.)
