Multi-seed training for: leaky-32-32
  device       : cpu
  num_seeds    : 1
  base_seed    : 110
  num_episodes : 1500
  output_dir   : metrics/multi-seed/leaky-32-32/_workers/seed110

============================================================
Seed 110 (1/1)
============================================================
  Episode 50/1500  avg(100): 18.9
  Episode 100/1500  avg(100): 16.7
  Episode 150/1500  avg(100): 21.1
  Episode 200/1500  avg(100): 78.3
  Episode 250/1500  avg(100): 167.9
  Episode 300/1500  avg(100): 244.8
  Episode 350/1500  avg(100): 295.2
  Episode 400/1500  avg(100): 258.2
  Episode 450/1500  avg(100): 295.8
  Episode 500/1500  avg(100): 435.7
  Episode 550/1500  avg(100): 454.5
  Episode 600/1500  avg(100): 424.8
  Episode 650/1500  avg(100): 462.3
  Episode 700/1500  avg(100): 475.0
  Episode 750/1500  avg(100): 353.5
  Episode 800/1500  avg(100): 327.6
  Episode 850/1500  avg(100): 416.0
  Episode 900/1500  avg(100): 331.7
  Episode 950/1500  avg(100): 248.8
  Episode 1000/1500  avg(100): 283.1
  Episode 1050/1500  avg(100): 387.4
  Episode 1100/1500  avg(100): 450.1
  Episode 1150/1500  avg(100): 445.9
  Episode 1200/1500  avg(100): 416.2
  Episode 1250/1500  avg(100): 386.4
  Episode 1300/1500  avg(100): 434.0
  Episode 1350/1500  avg(100): 459.1
  Episode 1400/1500  avg(100): 467.1
  Episode 1450/1500  avg(100): 476.7
  Episode 1500/1500  avg(100): 458.8
Model saved to models/leaky-32-32-seed110-final.pth
  per-episode CSV streamed to: metrics/multi-seed/leaky-32-32/_workers/seed110/leaky-32-32-seed110.csv

Summary CSV: metrics/multi-seed/leaky-32-32/_workers/seed110/leaky-32-32-summary.csv

Results across 1 seeds:
  solved (final_avg >= 475) : 0/1 seeds
  final_avg_reward  : 458.78 ± 0.00  (primary metric: CartPole-v1 standard)
  best_avg_reward   : 489.92 ± 0.00
  tail_iqm_reward   : 449.49 ± 0.00  (diagnostic: matches Optuna selection metric)
  convergence_ep    : never reached threshold in any seed

Robust reporting (final_avg_reward across seeds, 95% bootstrap CI):
  IQM   : 458.78  [95% CI: 458.78, 458.78]
  Mean  : 458.78  [95% CI: 458.78, 458.78]
  (note: with N < 10, bootstrap CIs and IQM are necessarily wide; per Colas et al. 2018 consider increasing --num-seeds.)
