Multi-seed training for: fractional-32-8-8
  device       : cpu
  num_seeds    : 1
  base_seed    : 50
  num_episodes : 1500
  output_dir   : metrics/multi-seed/fractional-32-8-8-30k/fractional-32-8-8/_workers/seed50

============================================================
Seed 50 (1/1)
============================================================
  Episode 50/1500  avg(100): 15.8
  Episode 100/1500  avg(100): 14.1
  Episode 150/1500  avg(100): 22.4
  Episode 200/1500  avg(100): 95.6
  Episode 250/1500  avg(100): 218.3
  Episode 300/1500  avg(100): 243.8
  Episode 350/1500  avg(100): 118.9
  Episode 400/1500  avg(100): 59.2
  Episode 450/1500  avg(100): 114.0
  Episode 500/1500  avg(100): 138.1
  Episode 550/1500  avg(100): 117.2
  Episode 600/1500  avg(100): 71.7
  Episode 650/1500  avg(100): 61.2
  Episode 700/1500  avg(100): 123.7
  Episode 750/1500  avg(100): 236.4
  Episode 800/1500  avg(100): 387.2
  Episode 850/1500  avg(100): 308.5
  Episode 900/1500  avg(100): 300.8
  Episode 950/1500  avg(100): 470.8
  Episode 1000/1500  avg(100): 475.6
  Episode 1050/1500  avg(100): 482.3
  Episode 1100/1500  avg(100): 485.4
  Episode 1150/1500  avg(100): 480.7
  Episode 1200/1500  avg(100): 485.1
  Episode 1250/1500  avg(100): 491.5
  Episode 1300/1500  avg(100): 500.0
  Episode 1350/1500  avg(100): 490.7
  Episode 1400/1500  avg(100): 450.8
  Episode 1450/1500  avg(100): 452.1
  Episode 1500/1500  avg(100): 492.0
Model saved to models/fractional-32-8-8-seed50-final.pth
  per-episode CSV streamed to: metrics/multi-seed/fractional-32-8-8-30k/fractional-32-8-8/_workers/seed50/fractional-32-8-8-seed50.csv

Summary CSV: metrics/multi-seed/fractional-32-8-8-30k/fractional-32-8-8/_workers/seed50/fractional-32-8-8-summary.csv

Results across 1 seeds:
  solved (final_avg >= 475) : 1/1 seeds
  final_avg_reward  : 491.96 ± 0.00  (primary metric: CartPole-v1 standard)
  best_avg_reward   : 500.00 ± 0.00
  tail_iqm_reward   : 484.71 ± 0.00  (diagnostic: matches Optuna selection metric)
  convergence_ep    : 1462.0 ± 0.0  (1/1 seeds converged)

Robust reporting (final_avg_reward across seeds, 95% bootstrap CI):
  IQM   : 491.96  [95% CI: 491.96, 491.96]
  Mean  : 491.96  [95% CI: 491.96, 491.96]
  (note: with N < 10, bootstrap CIs and IQM are necessarily wide; per Colas et al. 2018 consider increasing --num-seeds.)
