Multi-seed training for: leaky-32-32
  device       : cpu
  num_seeds    : 1
  base_seed    : 66
  num_episodes : 1500
  output_dir   : metrics/multi-seed/leaky-32-32/_workers/seed66

============================================================
Seed 66 (1/1)
============================================================
  Episode 50/1500  avg(100): 15.3
  Episode 100/1500  avg(100): 16.3
  Episode 150/1500  avg(100): 38.4
  Episode 200/1500  avg(100): 45.0
  Episode 250/1500  avg(100): 123.1
  Episode 300/1500  avg(100): 203.2
  Episode 350/1500  avg(100): 188.0
  Episode 400/1500  avg(100): 170.5
  Episode 450/1500  avg(100): 147.2
  Episode 500/1500  avg(100): 126.3
  Episode 550/1500  avg(100): 97.8
  Episode 600/1500  avg(100): 83.9
  Episode 650/1500  avg(100): 105.2
  Episode 700/1500  avg(100): 131.4
  Episode 750/1500  avg(100): 148.0
  Episode 800/1500  avg(100): 126.6
  Episode 850/1500  avg(100): 83.9
  Episode 900/1500  avg(100): 91.5
  Episode 950/1500  avg(100): 213.2
  Episode 1000/1500  avg(100): 293.3
  Episode 1050/1500  avg(100): 264.4
  Episode 1100/1500  avg(100): 252.4
  Episode 1150/1500  avg(100): 252.8
  Episode 1200/1500  avg(100): 292.8
  Episode 1250/1500  avg(100): 292.5
  Episode 1300/1500  avg(100): 192.7
  Episode 1350/1500  avg(100): 179.2
  Episode 1400/1500  avg(100): 321.8
  Episode 1450/1500  avg(100): 405.9
  Episode 1500/1500  avg(100): 449.0
Model saved to models/leaky-32-32-seed66-final.pth
  per-episode CSV streamed to: metrics/multi-seed/leaky-32-32/_workers/seed66/leaky-32-32-seed66.csv

Summary CSV: metrics/multi-seed/leaky-32-32/_workers/seed66/leaky-32-32-summary.csv

Results across 1 seeds:
  solved (final_avg >= 475) : 0/1 seeds
  final_avg_reward  : 448.99 ± 0.00  (primary metric: CartPole-v1 standard)
  best_avg_reward   : 448.99 ± 0.00
  tail_iqm_reward   : 282.47 ± 0.00  (diagnostic: matches Optuna selection metric)
  convergence_ep    : never reached threshold in any seed

Robust reporting (final_avg_reward across seeds, 95% bootstrap CI):
  IQM   : 448.99  [95% CI: 448.99, 448.99]
  Mean  : 448.99  [95% CI: 448.99, 448.99]
  (note: with N < 10, bootstrap CIs and IQM are necessarily wide; per Colas et al. 2018 consider increasing --num-seeds.)
