Multi-seed training for: fractional-32-8-8
  device       : cpu
  num_seeds    : 1
  base_seed    : 42
  num_episodes : 1500
  output_dir   : metrics/multi-seed/fractional-32-8-8-20k/fractional-32-8-8/_workers/seed42

============================================================
Seed 42 (1/1)
============================================================
  Episode 50/1500  avg(100): 18.0
  Episode 100/1500  avg(100): 15.1
  Episode 150/1500  avg(100): 13.1
  Episode 200/1500  avg(100): 23.0
  Episode 250/1500  avg(100): 74.0
  Episode 300/1500  avg(100): 115.9
  Episode 350/1500  avg(100): 131.0
  Episode 400/1500  avg(100): 127.5
  Episode 450/1500  avg(100): 124.7
  Episode 500/1500  avg(100): 132.3
  Episode 550/1500  avg(100): 225.0
  Episode 600/1500  avg(100): 171.4
  Episode 650/1500  avg(100): 17.9
  Episode 700/1500  avg(100): 30.0
  Episode 750/1500  avg(100): 82.0
  Episode 800/1500  avg(100): 178.5
  Episode 850/1500  avg(100): 189.7
  Episode 900/1500  avg(100): 87.0
  Episode 950/1500  avg(100): 26.6
  Episode 1000/1500  avg(100): 19.3
  Episode 1050/1500  avg(100): 12.9
  Episode 1100/1500  avg(100): 11.4
  Episode 1150/1500  avg(100): 11.3
  Episode 1200/1500  avg(100): 12.4
  Episode 1250/1500  avg(100): 19.3
  Episode 1300/1500  avg(100): 36.4
  Episode 1350/1500  avg(100): 44.6
  Episode 1400/1500  avg(100): 77.9
  Episode 1450/1500  avg(100): 120.4
  Episode 1500/1500  avg(100): 119.4
Model saved to models/fractional-32-8-8-seed42-final.pth
  per-episode CSV streamed to: metrics/multi-seed/fractional-32-8-8-20k/fractional-32-8-8/_workers/seed42/fractional-32-8-8-seed42.csv

Summary CSV: metrics/multi-seed/fractional-32-8-8-20k/fractional-32-8-8/_workers/seed42/fractional-32-8-8-summary.csv

Results across 1 seeds:
  solved (final_avg >= 475) : 0/1 seeds
  final_avg_reward  : 119.37 ± 0.00  (primary metric: CartPole-v1 standard)
  best_avg_reward   : 235.76 ± 0.00
  tail_iqm_reward   : 39.73 ± 0.00  (diagnostic: matches Optuna selection metric)
  convergence_ep    : never reached threshold in any seed

Robust reporting (final_avg_reward across seeds, 95% bootstrap CI):
  IQM   : 119.37  [95% CI: 119.37, 119.37]
  Mean  : 119.37  [95% CI: 119.37, 119.37]
  (note: with N < 10, bootstrap CIs and IQM are necessarily wide; per Colas et al. 2018 consider increasing --num-seeds.)
