Multi-seed training for: fractional-32-8-8
  device       : cpu
  num_seeds    : 1
  base_seed    : 110
  num_episodes : 1500
  output_dir   : metrics/multi-seed/fractional-32-8-8/_workers/seed110

============================================================
Seed 110 (1/1)
============================================================
  Episode 50/1500  avg(100): 18.6
  Episode 100/1500  avg(100): 16.1
  Episode 150/1500  avg(100): 14.3
  Episode 200/1500  avg(100): 28.0
  Episode 250/1500  avg(100): 35.1
  Episode 300/1500  avg(100): 39.5
  Episode 350/1500  avg(100): 58.2
  Episode 400/1500  avg(100): 72.8
  Episode 450/1500  avg(100): 92.8
  Episode 500/1500  avg(100): 108.8
  Episode 550/1500  avg(100): 123.8
  Episode 600/1500  avg(100): 137.4
  Episode 650/1500  avg(100): 89.7
  Episode 700/1500  avg(100): 43.0
  Episode 750/1500  avg(100): 47.4
  Episode 800/1500  avg(100): 50.7
  Episode 850/1500  avg(100): 50.8
  Episode 900/1500  avg(100): 75.7
  Episode 950/1500  avg(100): 102.6
  Episode 1000/1500  avg(100): 107.3
  Episode 1050/1500  avg(100): 110.8
  Episode 1100/1500  avg(100): 106.1
  Episode 1150/1500  avg(100): 107.3
  Episode 1200/1500  avg(100): 96.5
  Episode 1250/1500  avg(100): 72.9
  Episode 1300/1500  avg(100): 76.3
  Episode 1350/1500  avg(100): 227.3
  Episode 1400/1500  avg(100): 431.1
  Episode 1450/1500  avg(100): 497.0
  Episode 1500/1500  avg(100): 445.8
Model saved to models/fractional-32-8-8-seed110-final.pth
  per-episode CSV streamed to: metrics/multi-seed/fractional-32-8-8/_workers/seed110/fractional-32-8-8-seed110.csv

Summary CSV: metrics/multi-seed/fractional-32-8-8/_workers/seed110/fractional-32-8-8-summary.csv

Results across 1 seeds:
  solved (final_avg >= 475) : 0/1 seeds
  final_avg_reward  : 445.83 ± 0.00  (primary metric: CartPole-v1 standard)
  best_avg_reward   : 496.97 ± 0.00
  tail_iqm_reward   : 182.67 ± 0.00  (diagnostic: matches Optuna selection metric)
  convergence_ep    : never reached threshold in any seed

Robust reporting (final_avg_reward across seeds, 95% bootstrap CI):
  IQM   : 445.83  [95% CI: 445.83, 445.83]
  Mean  : 445.83  [95% CI: 445.83, 445.83]
  (note: with N < 10, bootstrap CIs and IQM are necessarily wide; per Colas et al. 2018 consider increasing --num-seeds.)
