Multi-seed training for: bitshift-64-32-4
  device       : cpu
  num_seeds    : 1
  base_seed    : 114
  num_episodes : 1500
  output_dir   : metrics/multi-seed/bitshift-64-32-4/_workers/seed114

============================================================
Seed 114 (1/1)
============================================================
  Episode 50/1500  avg(100): 16.9
  Episode 100/1500  avg(100): 15.6
  Episode 150/1500  avg(100): 43.6
  Episode 200/1500  avg(100): 126.1
  Episode 250/1500  avg(100): 194.3
  Episode 300/1500  avg(100): 213.3
  Episode 350/1500  avg(100): 216.0
  Episode 400/1500  avg(100): 293.1
  Episode 450/1500  avg(100): 340.6
  Episode 500/1500  avg(100): 370.5
  Episode 550/1500  avg(100): 464.4
  Episode 600/1500  avg(100): 473.2
  Episode 650/1500  avg(100): 371.7
  Episode 700/1500  avg(100): 309.2
  Episode 750/1500  avg(100): 402.4
  Episode 800/1500  avg(100): 488.6
  Episode 850/1500  avg(100): 498.1
  Episode 900/1500  avg(100): 500.0
  Episode 950/1500  avg(100): 500.0
  Episode 1000/1500  avg(100): 499.4
  Episode 1050/1500  avg(100): 498.4
  Episode 1100/1500  avg(100): 499.1
  Episode 1150/1500  avg(100): 487.8
  Episode 1200/1500  avg(100): 480.1
  Episode 1250/1500  avg(100): 468.7
  Episode 1300/1500  avg(100): 443.0
  Episode 1350/1500  avg(100): 462.4
  Episode 1400/1500  avg(100): 430.5
  Episode 1450/1500  avg(100): 380.5
  Episode 1500/1500  avg(100): 422.5
Model saved to models/bitshift-64-32-4-seed114-final.pth
  per-episode CSV streamed to: metrics/multi-seed/bitshift-64-32-4/_workers/seed114/bitshift-64-32-4-seed114.csv

Summary CSV: metrics/multi-seed/bitshift-64-32-4/_workers/seed114/bitshift-64-32-4-summary.csv

Results across 1 seeds:
  solved (final_avg >= 475) : 0/1 seeds
  final_avg_reward  : 422.54 ± 0.00  (primary metric: CartPole-v1 standard)
  best_avg_reward   : 500.00 ± 0.00
  tail_iqm_reward   : 455.44 ± 0.00  (diagnostic: matches Optuna selection metric)
  convergence_ep    : never reached threshold in any seed

Robust reporting (final_avg_reward across seeds, 95% bootstrap CI):
  IQM   : 422.54  [95% CI: 422.54, 422.54]
  Mean  : 422.54  [95% CI: 422.54, 422.54]
  (note: with N < 10, bootstrap CIs and IQM are necessarily wide; per Colas et al. 2018 consider increasing --num-seeds.)
