Multi-seed training for: leaky-32-32
  device       : cpu
  num_seeds    : 1
  base_seed    : 49
  num_episodes : 1500
  output_dir   : metrics/multi-seed/leaky-32-32-25k/leaky-32-32/_workers/seed49

============================================================
Seed 49 (1/1)
============================================================
  Episode 50/1500  avg(100): 16.5
  Episode 100/1500  avg(100): 15.8
  Episode 150/1500  avg(100): 17.8
  Episode 200/1500  avg(100): 22.5
  Episode 250/1500  avg(100): 52.8
  Episode 300/1500  avg(100): 117.1
  Episode 350/1500  avg(100): 169.5
  Episode 400/1500  avg(100): 188.3
  Episode 450/1500  avg(100): 192.4
  Episode 500/1500  avg(100): 184.5
  Episode 550/1500  avg(100): 163.1
  Episode 600/1500  avg(100): 155.4
  Episode 650/1500  avg(100): 166.6
  Episode 700/1500  avg(100): 223.2
  Episode 750/1500  avg(100): 253.5
  Episode 800/1500  avg(100): 192.0
  Episode 850/1500  avg(100): 207.1
  Episode 900/1500  avg(100): 294.0
  Episode 950/1500  avg(100): 268.3
  Episode 1000/1500  avg(100): 212.1
  Episode 1050/1500  avg(100): 231.2
  Episode 1100/1500  avg(100): 252.7
  Episode 1150/1500  avg(100): 241.4
  Episode 1200/1500  avg(100): 232.2
  Episode 1250/1500  avg(100): 240.5
  Episode 1300/1500  avg(100): 267.9
  Episode 1350/1500  avg(100): 315.3
  Episode 1400/1500  avg(100): 254.2
  Episode 1450/1500  avg(100): 312.4
  Episode 1500/1500  avg(100): 401.3
Model saved to models/leaky-32-32-seed49-final.pth
  per-episode CSV streamed to: metrics/multi-seed/leaky-32-32-25k/leaky-32-32/_workers/seed49/leaky-32-32-seed49.csv

Summary CSV: metrics/multi-seed/leaky-32-32-25k/leaky-32-32/_workers/seed49/leaky-32-32-summary.csv

Results across 1 seeds:
  solved (final_avg >= 475) : 0/1 seeds
  final_avg_reward  : 401.32 ± 0.00  (primary metric: CartPole-v1 standard)
  best_avg_reward   : 407.97 ± 0.00
  tail_iqm_reward   : 265.28 ± 0.00  (diagnostic: matches Optuna selection metric)
  convergence_ep    : never reached threshold in any seed

Robust reporting (final_avg_reward across seeds, 95% bootstrap CI):
  IQM   : 401.32  [95% CI: 401.32, 401.32]
  Mean  : 401.32  [95% CI: 401.32, 401.32]
  (note: with N < 10, bootstrap CIs and IQM are necessarily wide; per Colas et al. 2018 consider increasing --num-seeds.)
