Multi-seed training for: leaky-32-32
  device       : cpu
  num_seeds    : 1
  base_seed    : 52
  num_episodes : 1500
  output_dir   : metrics/multi-seed/leaky-32-32-20k/leaky-32-32/_workers/seed52

============================================================
Seed 52 (1/1)
============================================================
  Episode 50/1500  avg(100): 17.8
  Episode 100/1500  avg(100): 16.1
  Episode 150/1500  avg(100): 13.8
  Episode 200/1500  avg(100): 42.5
  Episode 250/1500  avg(100): 112.8
  Episode 300/1500  avg(100): 167.2
  Episode 350/1500  avg(100): 194.0
  Episode 400/1500  avg(100): 315.8
  Episode 450/1500  avg(100): 291.6
  Episode 500/1500  avg(100): 260.8
  Episode 550/1500  avg(100): 345.2
  Episode 600/1500  avg(100): 321.5
  Episode 650/1500  avg(100): 407.8
  Episode 700/1500  avg(100): 500.0
  Episode 750/1500  avg(100): 500.0
  Episode 800/1500  avg(100): 447.6
  Episode 850/1500  avg(100): 319.0
  Episode 900/1500  avg(100): 225.6
  Episode 950/1500  avg(100): 243.7
  Episode 1000/1500  avg(100): 385.7
  Episode 1050/1500  avg(100): 496.2
  Episode 1100/1500  avg(100): 500.0
  Episode 1150/1500  avg(100): 500.0
  Episode 1200/1500  avg(100): 498.4
  Episode 1250/1500  avg(100): 498.4
  Episode 1300/1500  avg(100): 496.3
  Episode 1350/1500  avg(100): 475.1
  Episode 1400/1500  avg(100): 262.9
  Episode 1450/1500  avg(100): 61.5
  Episode 1500/1500  avg(100): 206.0
Model saved to models/leaky-32-32-seed52-final.pth
  per-episode CSV streamed to: metrics/multi-seed/leaky-32-32-20k/leaky-32-32/_workers/seed52/leaky-32-32-seed52.csv

Summary CSV: metrics/multi-seed/leaky-32-32-20k/leaky-32-32/_workers/seed52/leaky-32-32-summary.csv

Results across 1 seeds:
  solved (final_avg >= 475) : 0/1 seeds
  final_avg_reward  : 205.98 ± 0.00  (primary metric: CartPole-v1 standard)
  best_avg_reward   : 500.00 ± 0.00
  tail_iqm_reward   : 454.91 ± 0.00  (diagnostic: matches Optuna selection metric)
  convergence_ep    : never reached threshold in any seed

Robust reporting (final_avg_reward across seeds, 95% bootstrap CI):
  IQM   : 205.98  [95% CI: 205.98, 205.98]
  Mean  : 205.98  [95% CI: 205.98, 205.98]
  (note: with N < 10, bootstrap CIs and IQM are necessarily wide; per Colas et al. 2018 consider increasing --num-seeds.)
