Multi-seed training for: leaky-32-32
  device       : cpu
  num_seeds    : 1
  base_seed    : 88
  num_episodes : 1500
  output_dir   : metrics/multi-seed/leaky-32-32/_workers/seed88

============================================================
Seed 88 (1/1)
============================================================
  Episode 50/1500  avg(100): 16.8
  Episode 100/1500  avg(100): 15.3
  Episode 150/1500  avg(100): 14.0
  Episode 200/1500  avg(100): 58.7
  Episode 250/1500  avg(100): 149.3
  Episode 300/1500  avg(100): 177.8
  Episode 350/1500  avg(100): 163.7
  Episode 400/1500  avg(100): 105.8
  Episode 450/1500  avg(100): 40.8
  Episode 500/1500  avg(100): 154.4
  Episode 550/1500  avg(100): 364.2
  Episode 600/1500  avg(100): 455.4
  Episode 650/1500  avg(100): 393.1
  Episode 700/1500  avg(100): 411.5
  Episode 750/1500  avg(100): 494.1
  Episode 800/1500  avg(100): 403.6
  Episode 850/1500  avg(100): 404.8
  Episode 900/1500  avg(100): 500.0
  Episode 950/1500  avg(100): 445.0
  Episode 1000/1500  avg(100): 343.4
  Episode 1050/1500  avg(100): 157.6
  Episode 1100/1500  avg(100): 15.4
  Episode 1150/1500  avg(100): 105.3
  Episode 1200/1500  avg(100): 244.2
  Episode 1250/1500  avg(100): 380.2
  Episode 1300/1500  avg(100): 377.1
  Episode 1350/1500  avg(100): 259.1
  Episode 1400/1500  avg(100): 244.3
  Episode 1450/1500  avg(100): 377.0
  Episode 1500/1500  avg(100): 500.0
Model saved to models/leaky-32-32-seed88-final.pth
  per-episode CSV streamed to: metrics/multi-seed/leaky-32-32/_workers/seed88/leaky-32-32-seed88.csv

Summary CSV: metrics/multi-seed/leaky-32-32/_workers/seed88/leaky-32-32-summary.csv

Results across 1 seeds:
  solved (final_avg >= 475) : 1/1 seeds
  final_avg_reward  : 500.00 ± 0.00  (primary metric: CartPole-v1 standard)
  best_avg_reward   : 500.00 ± 0.00
  tail_iqm_reward   : 309.23 ± 0.00  (diagnostic: matches Optuna selection metric)
  convergence_ep    : 1488.0 ± 0.0  (1/1 seeds converged)

Robust reporting (final_avg_reward across seeds, 95% bootstrap CI):
  IQM   : 500.00  [95% CI: 500.00, 500.00]
  Mean  : 500.00  [95% CI: 500.00, 500.00]
  (note: with N < 10, bootstrap CIs and IQM are necessarily wide; per Colas et al. 2018 consider increasing --num-seeds.)
