Multi-seed training for: bitshift-64-32-4
  device       : cpu
  num_seeds    : 1
  base_seed    : 47
  num_episodes : 1500
  output_dir   : metrics/multi-seed/bitshift-64-32-4-20k/bitshift-64-32-4/_workers/seed47

============================================================
Seed 47 (1/1)
============================================================
  Episode 50/1500  avg(100): 16.0
  Episode 100/1500  avg(100): 14.9
  Episode 150/1500  avg(100): 26.6
  Episode 200/1500  avg(100): 95.3
  Episode 250/1500  avg(100): 158.8
  Episode 300/1500  avg(100): 191.8
  Episode 350/1500  avg(100): 212.0
  Episode 400/1500  avg(100): 181.2
  Episode 450/1500  avg(100): 172.0
  Episode 500/1500  avg(100): 221.2
  Episode 550/1500  avg(100): 374.8
  Episode 600/1500  avg(100): 450.5
  Episode 650/1500  avg(100): 426.2
  Episode 700/1500  avg(100): 470.6
  Episode 750/1500  avg(100): 416.4
  Episode 800/1500  avg(100): 364.8
  Episode 850/1500  avg(100): 425.5
  Episode 900/1500  avg(100): 471.8
  Episode 950/1500  avg(100): 354.6
  Episode 1000/1500  avg(100): 293.9
  Episode 1050/1500  avg(100): 393.0
  Episode 1100/1500  avg(100): 351.5
  Episode 1150/1500  avg(100): 337.6
  Episode 1200/1500  avg(100): 413.6
  Episode 1250/1500  avg(100): 413.3
  Episode 1300/1500  avg(100): 438.0
  Episode 1350/1500  avg(100): 480.6
  Episode 1400/1500  avg(100): 487.2
  Episode 1450/1500  avg(100): 421.5
  Episode 1500/1500  avg(100): 395.5
Model saved to models/bitshift-64-32-4-seed47-final.pth
  per-episode CSV streamed to: metrics/multi-seed/bitshift-64-32-4-20k/bitshift-64-32-4/_workers/seed47/bitshift-64-32-4-seed47.csv

Summary CSV: metrics/multi-seed/bitshift-64-32-4-20k/bitshift-64-32-4/_workers/seed47/bitshift-64-32-4-summary.csv

Results across 1 seeds:
  solved (final_avg >= 475) : 0/1 seeds
  final_avg_reward  : 395.47 ± 0.00  (primary metric: CartPole-v1 standard)
  best_avg_reward   : 496.81 ± 0.00
  tail_iqm_reward   : 426.57 ± 0.00  (diagnostic: matches Optuna selection metric)
  convergence_ep    : never reached threshold in any seed

Robust reporting (final_avg_reward across seeds, 95% bootstrap CI):
  IQM   : 395.47  [95% CI: 395.47, 395.47]
  Mean  : 395.47  [95% CI: 395.47, 395.47]
  (note: with N < 10, bootstrap CIs and IQM are necessarily wide; per Colas et al. 2018 consider increasing --num-seeds.)
