Multi-seed training for: fractional-32-8-8
  device       : cpu
  num_seeds    : 1
  base_seed    : 57
  num_episodes : 1500
  output_dir   : metrics/multi-seed/fractional-32-8-8-50k/fractional-32-8-8/_workers/seed57

============================================================
Seed 57 (1/1)
============================================================
  Episode 50/1500  avg(100): 17.5
  Episode 100/1500  avg(100): 15.9
  Episode 150/1500  avg(100): 15.4
  Episode 200/1500  avg(100): 95.5
  Episode 250/1500  avg(100): 167.5
  Episode 300/1500  avg(100): 149.6
  Episode 350/1500  avg(100): 157.1
  Episode 400/1500  avg(100): 169.7
  Episode 450/1500  avg(100): 191.3
  Episode 500/1500  avg(100): 132.4
  Episode 550/1500  avg(100): 40.4
  Episode 600/1500  avg(100): 106.1
  Episode 650/1500  avg(100): 182.2
  Episode 700/1500  avg(100): 174.1
  Episode 750/1500  avg(100): 254.2
  Episode 800/1500  avg(100): 421.5
  Episode 850/1500  avg(100): 488.8
  Episode 900/1500  avg(100): 490.8
  Episode 950/1500  avg(100): 345.3
  Episode 1000/1500  avg(100): 104.9
  Episode 1050/1500  avg(100): 16.6
  Episode 1100/1500  avg(100): 160.1
  Episode 1150/1500  avg(100): 356.7
  Episode 1200/1500  avg(100): 288.9
  Episode 1250/1500  avg(100): 183.3
  Episode 1300/1500  avg(100): 320.0
  Episode 1350/1500  avg(100): 397.4
  Episode 1400/1500  avg(100): 317.7
  Episode 1450/1500  avg(100): 265.5
  Episode 1500/1500  avg(100): 208.5
Model saved to models/fractional-32-8-8-seed57-final.pth
  per-episode CSV streamed to: metrics/multi-seed/fractional-32-8-8-50k/fractional-32-8-8/_workers/seed57/fractional-32-8-8-seed57.csv

Summary CSV: metrics/multi-seed/fractional-32-8-8-50k/fractional-32-8-8/_workers/seed57/fractional-32-8-8-summary.csv

Results across 1 seeds:
  solved (final_avg >= 475) : 0/1 seeds
  final_avg_reward  : 208.46 ± 0.00  (primary metric: CartPole-v1 standard)
  best_avg_reward   : 500.00 ± 0.00
  tail_iqm_reward   : 299.14 ± 0.00  (diagnostic: matches Optuna selection metric)
  convergence_ep    : never reached threshold in any seed

Robust reporting (final_avg_reward across seeds, 95% bootstrap CI):
  IQM   : 208.46  [95% CI: 208.46, 208.46]
  Mean  : 208.46  [95% CI: 208.46, 208.46]
  (note: with N < 10, bootstrap CIs and IQM are necessarily wide; per Colas et al. 2018 consider increasing --num-seeds.)
