Multi-seed training for: bitshift-64-32-4
  device       : cpu
  num_seeds    : 1
  base_seed    : 50
  num_episodes : 1500
  output_dir   : metrics/multi-seed/bitshift-64-32-4-20k/bitshift-64-32-4/_workers/seed50

============================================================
Seed 50 (1/1)
============================================================
  Episode 50/1500  avg(100): 16.5
  Episode 100/1500  avg(100): 15.7
  Episode 150/1500  avg(100): 75.2
  Episode 200/1500  avg(100): 240.1
  Episode 250/1500  avg(100): 250.4
  Episode 300/1500  avg(100): 200.7
  Episode 350/1500  avg(100): 272.2
  Episode 400/1500  avg(100): 230.6
  Episode 450/1500  avg(100): 176.9
  Episode 500/1500  avg(100): 249.9
  Episode 550/1500  avg(100): 209.3
  Episode 600/1500  avg(100): 274.0
  Episode 650/1500  avg(100): 311.1
  Episode 700/1500  avg(100): 186.2
  Episode 750/1500  avg(100): 212.1
  Episode 800/1500  avg(100): 313.3
  Episode 850/1500  avg(100): 445.2
  Episode 900/1500  avg(100): 443.6
  Episode 950/1500  avg(100): 304.0
  Episode 1000/1500  avg(100): 215.5
  Episode 1050/1500  avg(100): 343.9
  Episode 1100/1500  avg(100): 472.8
  Episode 1150/1500  avg(100): 453.1
  Episode 1200/1500  avg(100): 462.3
  Episode 1250/1500  avg(100): 491.3
  Episode 1300/1500  avg(100): 484.0
  Episode 1350/1500  avg(100): 462.7
  Episode 1400/1500  avg(100): 456.2
  Episode 1450/1500  avg(100): 453.6
  Episode 1500/1500  avg(100): 466.6
Model saved to models/bitshift-64-32-4-seed50-final.pth
  per-episode CSV streamed to: metrics/multi-seed/bitshift-64-32-4-20k/bitshift-64-32-4/_workers/seed50/bitshift-64-32-4-seed50.csv

Summary CSV: metrics/multi-seed/bitshift-64-32-4-20k/bitshift-64-32-4/_workers/seed50/bitshift-64-32-4-summary.csv

Results across 1 seeds:
  solved (final_avg >= 475) : 0/1 seeds
  final_avg_reward  : 466.55 ± 0.00  (primary metric: CartPole-v1 standard)
  best_avg_reward   : 498.39 ± 0.00
  tail_iqm_reward   : 464.58 ± 0.00  (diagnostic: matches Optuna selection metric)
  convergence_ep    : never reached threshold in any seed

Robust reporting (final_avg_reward across seeds, 95% bootstrap CI):
  IQM   : 466.55  [95% CI: 466.55, 466.55]
  Mean  : 466.55  [95% CI: 466.55, 466.55]
  (note: with N < 10, bootstrap CIs and IQM are necessarily wide; per Colas et al. 2018 consider increasing --num-seeds.)
