Multi-seed training for: leaky-32-32
  device       : cpu
  num_seeds    : 1
  base_seed    : 99
  num_episodes : 1500
  output_dir   : metrics/multi-seed/leaky-32-32/_workers/seed99

============================================================
Seed 99 (1/1)
============================================================
  Episode 50/1500  avg(100): 18.6
  Episode 100/1500  avg(100): 16.5
  Episode 150/1500  avg(100): 13.6
  Episode 200/1500  avg(100): 15.1
  Episode 250/1500  avg(100): 63.6
  Episode 300/1500  avg(100): 116.1
  Episode 350/1500  avg(100): 129.0
  Episode 400/1500  avg(100): 124.3
  Episode 450/1500  avg(100): 123.7
  Episode 500/1500  avg(100): 116.5
  Episode 550/1500  avg(100): 70.5
  Episode 600/1500  avg(100): 91.3
  Episode 650/1500  avg(100): 150.1
  Episode 700/1500  avg(100): 206.4
  Episode 750/1500  avg(100): 342.7
  Episode 800/1500  avg(100): 434.4
  Episode 850/1500  avg(100): 388.3
  Episode 900/1500  avg(100): 376.8
  Episode 950/1500  avg(100): 337.7
  Episode 1000/1500  avg(100): 376.1
  Episode 1050/1500  avg(100): 477.2
  Episode 1100/1500  avg(100): 474.9
  Episode 1150/1500  avg(100): 405.0
  Episode 1200/1500  avg(100): 400.3
  Episode 1250/1500  avg(100): 483.7
  Episode 1300/1500  avg(100): 460.7
  Episode 1350/1500  avg(100): 465.1
  Episode 1400/1500  avg(100): 500.0
  Episode 1450/1500  avg(100): 410.2
  Episode 1500/1500  avg(100): 365.6
Model saved to models/leaky-32-32-seed99-final.pth
  per-episode CSV streamed to: metrics/multi-seed/leaky-32-32/_workers/seed99/leaky-32-32-seed99.csv

Summary CSV: metrics/multi-seed/leaky-32-32/_workers/seed99/leaky-32-32-summary.csv

Results across 1 seeds:
  solved (final_avg >= 475) : 0/1 seeds
  final_avg_reward  : 365.63 ± 0.00  (primary metric: CartPole-v1 standard)
  best_avg_reward   : 500.00 ± 0.00
  tail_iqm_reward   : 448.39 ± 0.00  (diagnostic: matches Optuna selection metric)
  convergence_ep    : never reached threshold in any seed

Robust reporting (final_avg_reward across seeds, 95% bootstrap CI):
  IQM   : 365.63  [95% CI: 365.63, 365.63]
  Mean  : 365.63  [95% CI: 365.63, 365.63]
  (note: with N < 10, bootstrap CIs and IQM are necessarily wide; per Colas et al. 2018 consider increasing --num-seeds.)
