Multi-seed training for: bitshift-64-32-4
  device       : cpu
  num_seeds    : 1
  base_seed    : 58
  num_episodes : 1500
  output_dir   : metrics/multi-seed/bitshift-64-32-4-30k/bitshift-64-32-4/_workers/seed58

============================================================
Seed 58 (1/1)
============================================================
  Episode 50/1500  avg(100): 16.4
  Episode 100/1500  avg(100): 15.2
  Episode 150/1500  avg(100): 16.1
  Episode 200/1500  avg(100): 48.3
  Episode 250/1500  avg(100): 115.1
  Episode 300/1500  avg(100): 155.1
  Episode 350/1500  avg(100): 165.4
  Episode 400/1500  avg(100): 180.2
  Episode 450/1500  avg(100): 195.6
  Episode 500/1500  avg(100): 221.1
  Episode 550/1500  avg(100): 339.2
  Episode 600/1500  avg(100): 455.0
  Episode 650/1500  avg(100): 476.8
  Episode 700/1500  avg(100): 442.1
  Episode 750/1500  avg(100): 360.6
  Episode 800/1500  avg(100): 356.9
  Episode 850/1500  avg(100): 407.0
  Episode 900/1500  avg(100): 394.5
  Episode 950/1500  avg(100): 434.3
  Episode 1000/1500  avg(100): 500.0
  Episode 1050/1500  avg(100): 500.0
  Episode 1100/1500  avg(100): 495.2
  Episode 1150/1500  avg(100): 495.2
  Episode 1200/1500  avg(100): 448.9
  Episode 1250/1500  avg(100): 448.9
  Episode 1300/1500  avg(100): 500.0
  Episode 1350/1500  avg(100): 500.0
  Episode 1400/1500  avg(100): 500.0
  Episode 1450/1500  avg(100): 500.0
  Episode 1500/1500  avg(100): 500.0
Model saved to models/bitshift-64-32-4-seed58-final.pth
  per-episode CSV streamed to: metrics/multi-seed/bitshift-64-32-4-30k/bitshift-64-32-4/_workers/seed58/bitshift-64-32-4-seed58.csv

Summary CSV: metrics/multi-seed/bitshift-64-32-4-30k/bitshift-64-32-4/_workers/seed58/bitshift-64-32-4-summary.csv

Results across 1 seeds:
  solved (final_avg >= 475) : 1/1 seeds
  final_avg_reward  : 500.00 ± 0.00  (primary metric: CartPole-v1 standard)
  best_avg_reward   : 500.00 ± 0.00
  tail_iqm_reward   : 496.86 ± 0.00  (diagnostic: matches Optuna selection metric)
  convergence_ep    : 1265.0 ± 0.0  (1/1 seeds converged)

Robust reporting (final_avg_reward across seeds, 95% bootstrap CI):
  IQM   : 500.00  [95% CI: 500.00, 500.00]
  Mean  : 500.00  [95% CI: 500.00, 500.00]
  (note: with N < 10, bootstrap CIs and IQM are necessarily wide; per Colas et al. 2018 consider increasing --num-seeds.)
