Multi-seed training for: fractional-32-8-8
  device       : cpu
  num_seeds    : 1
  base_seed    : 47
  num_episodes : 1500
  output_dir   : metrics/multi-seed/fractional-32-8-8-30k/fractional-32-8-8/_workers/seed47

============================================================
Seed 47 (1/1)
============================================================
  Episode 50/1500  avg(100): 16.7
  Episode 100/1500  avg(100): 14.3
  Episode 150/1500  avg(100): 12.5
  Episode 200/1500  avg(100): 15.4
  Episode 250/1500  avg(100): 20.1
  Episode 300/1500  avg(100): 41.6
  Episode 350/1500  avg(100): 63.0
  Episode 400/1500  avg(100): 77.8
  Episode 450/1500  avg(100): 96.1
  Episode 500/1500  avg(100): 95.3
  Episode 550/1500  avg(100): 97.4
  Episode 600/1500  avg(100): 129.5
  Episode 650/1500  avg(100): 204.3
  Episode 700/1500  avg(100): 234.3
  Episode 750/1500  avg(100): 278.6
  Episode 800/1500  avg(100): 375.4
  Episode 850/1500  avg(100): 362.5
  Episode 900/1500  avg(100): 311.1
  Episode 950/1500  avg(100): 327.5
  Episode 1000/1500  avg(100): 371.5
  Episode 1050/1500  avg(100): 272.2
  Episode 1100/1500  avg(100): 82.9
  Episode 1150/1500  avg(100): 12.0
  Episode 1200/1500  avg(100): 10.4
  Episode 1250/1500  avg(100): 10.3
  Episode 1300/1500  avg(100): 10.5
  Episode 1350/1500  avg(100): 10.7
  Episode 1400/1500  avg(100): 11.6
  Episode 1450/1500  avg(100): 19.5
  Episode 1500/1500  avg(100): 26.3
Model saved to models/fractional-32-8-8-seed47-final.pth
  per-episode CSV streamed to: metrics/multi-seed/fractional-32-8-8-30k/fractional-32-8-8/_workers/seed47/fractional-32-8-8-seed47.csv

Summary CSV: metrics/multi-seed/fractional-32-8-8-30k/fractional-32-8-8/_workers/seed47/fractional-32-8-8-summary.csv

Results across 1 seeds:
  solved (final_avg >= 475) : 0/1 seeds
  final_avg_reward  : 26.34 ± 0.00  (primary metric: CartPole-v1 standard)
  best_avg_reward   : 379.99 ± 0.00
  tail_iqm_reward   : 10.96 ± 0.00  (diagnostic: matches Optuna selection metric)
  convergence_ep    : never reached threshold in any seed

Robust reporting (final_avg_reward across seeds, 95% bootstrap CI):
  IQM   : 26.34  [95% CI: 26.34, 26.34]
  Mean  : 26.34  [95% CI: 26.34, 26.34]
  (note: with N < 10, bootstrap CIs and IQM are necessarily wide; per Colas et al. 2018 consider increasing --num-seeds.)
