Multi-seed training for: bitshift-64-32-4
  device       : cpu
  num_seeds    : 1
  base_seed    : 56
  num_episodes : 1500
  output_dir   : metrics/multi-seed/bitshift-64-32-4-25k/bitshift-64-32-4/_workers/seed56

============================================================
Seed 56 (1/1)
============================================================
  Episode 50/1500  avg(100): 18.4
  Episode 100/1500  avg(100): 17.8
  Episode 150/1500  avg(100): 74.9
  Episode 200/1500  avg(100): 165.4
  Episode 250/1500  avg(100): 181.9
  Episode 300/1500  avg(100): 134.3
  Episode 350/1500  avg(100): 190.9
  Episode 400/1500  avg(100): 204.8
  Episode 450/1500  avg(100): 139.2
  Episode 500/1500  avg(100): 276.0
  Episode 550/1500  avg(100): 405.9
  Episode 600/1500  avg(100): 350.3
  Episode 650/1500  avg(100): 376.1
  Episode 700/1500  avg(100): 387.3
  Episode 750/1500  avg(100): 318.1
  Episode 800/1500  avg(100): 372.5
  Episode 850/1500  avg(100): 462.0
  Episode 900/1500  avg(100): 500.0
  Episode 950/1500  avg(100): 290.3
  Episode 1000/1500  avg(100): 235.8
  Episode 1050/1500  avg(100): 422.4
  Episode 1100/1500  avg(100): 463.6
  Episode 1150/1500  avg(100): 443.4
  Episode 1200/1500  avg(100): 347.9
  Episode 1250/1500  avg(100): 246.3
  Episode 1300/1500  avg(100): 250.5
  Episode 1350/1500  avg(100): 313.7
  Episode 1400/1500  avg(100): 291.1
  Episode 1450/1500  avg(100): 230.9
  Episode 1500/1500  avg(100): 285.0
Model saved to models/bitshift-64-32-4-seed56-final.pth
  per-episode CSV streamed to: metrics/multi-seed/bitshift-64-32-4-25k/bitshift-64-32-4/_workers/seed56/bitshift-64-32-4-seed56.csv

Summary CSV: metrics/multi-seed/bitshift-64-32-4-25k/bitshift-64-32-4/_workers/seed56/bitshift-64-32-4-summary.csv

Results across 1 seeds:
  solved (final_avg >= 475) : 0/1 seeds
  final_avg_reward  : 284.98 ± 0.00  (primary metric: CartPole-v1 standard)
  best_avg_reward   : 500.00 ± 0.00
  tail_iqm_reward   : 284.75 ± 0.00  (diagnostic: matches Optuna selection metric)
  convergence_ep    : never reached threshold in any seed

Robust reporting (final_avg_reward across seeds, 95% bootstrap CI):
  IQM   : 284.98  [95% CI: 284.98, 284.98]
  Mean  : 284.98  [95% CI: 284.98, 284.98]
  (note: with N < 10, bootstrap CIs and IQM are necessarily wide; per Colas et al. 2018 consider increasing --num-seeds.)
