Multi-seed training for: leaky-32-32
  device       : cpu
  num_seeds    : 1
  base_seed    : 77
  num_episodes : 1500
  output_dir   : metrics/multi-seed/leaky-32-32/_workers/seed77

============================================================
Seed 77 (1/1)
============================================================
  Episode 50/1500  avg(100): 20.4
  Episode 100/1500  avg(100): 16.7
  Episode 150/1500  avg(100): 23.3
  Episode 200/1500  avg(100): 85.5
  Episode 250/1500  avg(100): 120.0
  Episode 300/1500  avg(100): 122.5
  Episode 350/1500  avg(100): 131.1
  Episode 400/1500  avg(100): 177.0
  Episode 450/1500  avg(100): 276.8
  Episode 500/1500  avg(100): 313.4
  Episode 550/1500  avg(100): 305.0
  Episode 600/1500  avg(100): 193.7
  Episode 650/1500  avg(100): 48.4
  Episode 700/1500  avg(100): 120.5
  Episode 750/1500  avg(100): 283.9
  Episode 800/1500  avg(100): 315.4
  Episode 850/1500  avg(100): 282.2
  Episode 900/1500  avg(100): 252.0
  Episode 950/1500  avg(100): 154.6
  Episode 1000/1500  avg(100): 174.8
  Episode 1050/1500  avg(100): 328.8
  Episode 1100/1500  avg(100): 311.1
  Episode 1150/1500  avg(100): 212.9
  Episode 1200/1500  avg(100): 173.8
  Episode 1250/1500  avg(100): 269.0
  Episode 1300/1500  avg(100): 425.8
  Episode 1350/1500  avg(100): 482.6
  Episode 1400/1500  avg(100): 478.8
  Episode 1450/1500  avg(100): 457.2
  Episode 1500/1500  avg(100): 389.9
Model saved to models/leaky-32-32-seed77-final.pth
  per-episode CSV streamed to: metrics/multi-seed/leaky-32-32/_workers/seed77/leaky-32-32-seed77.csv

Summary CSV: metrics/multi-seed/leaky-32-32/_workers/seed77/leaky-32-32-summary.csv

Results across 1 seeds:
  solved (final_avg >= 475) : 0/1 seeds
  final_avg_reward  : 389.93 ± 0.00  (primary metric: CartPole-v1 standard)
  best_avg_reward   : 495.47 ± 0.00
  tail_iqm_reward   : 385.39 ± 0.00  (diagnostic: matches Optuna selection metric)
  convergence_ep    : never reached threshold in any seed

Robust reporting (final_avg_reward across seeds, 95% bootstrap CI):
  IQM   : 389.93  [95% CI: 389.93, 389.93]
  Mean  : 389.93  [95% CI: 389.93, 389.93]
  (note: with N < 10, bootstrap CIs and IQM are necessarily wide; per Colas et al. 2018 consider increasing --num-seeds.)
