Multi-seed training for: bitshift-64-32-4
  device       : cpu
  num_seeds    : 1
  base_seed    : 69
  num_episodes : 1500
  output_dir   : metrics/multi-seed/bitshift-64-32-4/_workers/seed69

============================================================
Seed 69 (1/1)
============================================================
  Episode 50/1500  avg(100): 18.6
  Episode 100/1500  avg(100): 17.0
  Episode 150/1500  avg(100): 48.9
  Episode 200/1500  avg(100): 112.2
  Episode 250/1500  avg(100): 111.2
  Episode 300/1500  avg(100): 80.5
  Episode 350/1500  avg(100): 97.6
  Episode 400/1500  avg(100): 115.9
  Episode 450/1500  avg(100): 131.0
  Episode 500/1500  avg(100): 148.6
  Episode 550/1500  avg(100): 152.3
  Episode 600/1500  avg(100): 131.8
  Episode 650/1500  avg(100): 127.6
  Episode 700/1500  avg(100): 134.3
  Episode 750/1500  avg(100): 120.0
  Episode 800/1500  avg(100): 98.4
  Episode 850/1500  avg(100): 124.2
  Episode 900/1500  avg(100): 143.6
  Episode 950/1500  avg(100): 139.8
  Episode 1000/1500  avg(100): 248.6
  Episode 1050/1500  avg(100): 394.9
  Episode 1100/1500  avg(100): 431.5
  Episode 1150/1500  avg(100): 455.5
  Episode 1200/1500  avg(100): 435.3
  Episode 1250/1500  avg(100): 345.8
  Episode 1300/1500  avg(100): 359.9
  Episode 1350/1500  avg(100): 428.8
  Episode 1400/1500  avg(100): 390.8
  Episode 1450/1500  avg(100): 370.6
  Episode 1500/1500  avg(100): 441.4
Model saved to models/bitshift-64-32-4-seed69-final.pth
  per-episode CSV streamed to: metrics/multi-seed/bitshift-64-32-4/_workers/seed69/bitshift-64-32-4-seed69.csv

Summary CSV: metrics/multi-seed/bitshift-64-32-4/_workers/seed69/bitshift-64-32-4-summary.csv

Results across 1 seeds:
  solved (final_avg >= 475) : 0/1 seeds
  final_avg_reward  : 441.35 ± 0.00  (primary metric: CartPole-v1 standard)
  best_avg_reward   : 469.06 ± 0.00
  tail_iqm_reward   : 398.58 ± 0.00  (diagnostic: matches Optuna selection metric)
  convergence_ep    : never reached threshold in any seed

Robust reporting (final_avg_reward across seeds, 95% bootstrap CI):
  IQM   : 441.35  [95% CI: 441.35, 441.35]
  Mean  : 441.35  [95% CI: 441.35, 441.35]
  (note: with N < 10, bootstrap CIs and IQM are necessarily wide; per Colas et al. 2018 consider increasing --num-seeds.)
