Multi-seed training for: bitshift-64-32-4
  device       : cpu
  num_seeds    : 1
  base_seed    : 59
  num_episodes : 1500
  output_dir   : metrics/multi-seed/bitshift-64-32-4-20k/bitshift-64-32-4/_workers/seed59

============================================================
Seed 59 (1/1)
============================================================
  Episode 50/1500  avg(100): 16.8
  Episode 100/1500  avg(100): 15.9
  Episode 150/1500  avg(100): 51.0
  Episode 200/1500  avg(100): 143.6
  Episode 250/1500  avg(100): 285.1
  Episode 300/1500  avg(100): 316.6
  Episode 350/1500  avg(100): 244.3
  Episode 400/1500  avg(100): 242.9
  Episode 450/1500  avg(100): 369.1
  Episode 500/1500  avg(100): 484.6
  Episode 550/1500  avg(100): 488.1
  Episode 600/1500  avg(100): 491.5
  Episode 650/1500  avg(100): 489.7
  Episode 700/1500  avg(100): 453.6
  Episode 750/1500  avg(100): 462.0
  Episode 800/1500  avg(100): 480.1
  Episode 850/1500  avg(100): 463.7
  Episode 900/1500  avg(100): 482.6
  Episode 950/1500  avg(100): 500.0
  Episode 1000/1500  avg(100): 445.5
  Episode 1050/1500  avg(100): 323.6
  Episode 1100/1500  avg(100): 366.8
  Episode 1150/1500  avg(100): 408.7
  Episode 1200/1500  avg(100): 403.3
  Episode 1250/1500  avg(100): 404.4
  Episode 1300/1500  avg(100): 371.8
  Episode 1350/1500  avg(100): 343.1
  Episode 1400/1500  avg(100): 286.7
  Episode 1450/1500  avg(100): 377.8
  Episode 1500/1500  avg(100): 471.4
Model saved to models/bitshift-64-32-4-seed59-final.pth
  per-episode CSV streamed to: metrics/multi-seed/bitshift-64-32-4-20k/bitshift-64-32-4/_workers/seed59/bitshift-64-32-4-seed59.csv

Summary CSV: metrics/multi-seed/bitshift-64-32-4-20k/bitshift-64-32-4/_workers/seed59/bitshift-64-32-4-summary.csv

Results across 1 seeds:
  solved (final_avg >= 475) : 0/1 seeds
  final_avg_reward  : 471.36 ± 0.00  (primary metric: CartPole-v1 standard)
  best_avg_reward   : 500.00 ± 0.00
  tail_iqm_reward   : 391.98 ± 0.00  (diagnostic: matches Optuna selection metric)
  convergence_ep    : never reached threshold in any seed

Robust reporting (final_avg_reward across seeds, 95% bootstrap CI):
  IQM   : 471.36  [95% CI: 471.36, 471.36]
  Mean  : 471.36  [95% CI: 471.36, 471.36]
  (note: with N < 10, bootstrap CIs and IQM are necessarily wide; per Colas et al. 2018 consider increasing --num-seeds.)
