Multi-seed training for: bitshift-64-32-4
  device       : cpu
  num_seeds    : 1
  base_seed    : 140
  num_episodes : 1500
  output_dir   : metrics/multi-seed/bitshift-64-32-4/_workers/seed140

============================================================
Seed 140 (1/1)
============================================================
  Episode 50/1500  avg(100): 17.6
  Episode 100/1500  avg(100): 16.8
  Episode 150/1500  avg(100): 40.8
  Episode 200/1500  avg(100): 100.4
  Episode 250/1500  avg(100): 157.1
  Episode 300/1500  avg(100): 133.4
  Episode 350/1500  avg(100): 76.5
  Episode 400/1500  avg(100): 45.6
  Episode 450/1500  avg(100): 69.4
  Episode 500/1500  avg(100): 205.8
  Episode 550/1500  avg(100): 248.0
  Episode 600/1500  avg(100): 216.9
  Episode 650/1500  avg(100): 367.8
  Episode 700/1500  avg(100): 499.3
  Episode 750/1500  avg(100): 499.9
  Episode 800/1500  avg(100): 500.0
  Episode 850/1500  avg(100): 500.0
  Episode 900/1500  avg(100): 500.0
  Episode 950/1500  avg(100): 500.0
  Episode 1000/1500  avg(100): 500.0
  Episode 1050/1500  avg(100): 500.0
  Episode 1100/1500  avg(100): 500.0
  Episode 1150/1500  avg(100): 500.0
  Episode 1200/1500  avg(100): 500.0
  Episode 1250/1500  avg(100): 500.0
  Episode 1300/1500  avg(100): 500.0
  Episode 1350/1500  avg(100): 433.9
  Episode 1400/1500  avg(100): 409.5
  Episode 1450/1500  avg(100): 403.5
  Episode 1500/1500  avg(100): 416.4
Model saved to models/bitshift-64-32-4-seed140-final.pth
  per-episode CSV streamed to: metrics/multi-seed/bitshift-64-32-4/_workers/seed140/bitshift-64-32-4-seed140.csv

Summary CSV: metrics/multi-seed/bitshift-64-32-4/_workers/seed140/bitshift-64-32-4-summary.csv

Results across 1 seeds:
  solved (final_avg >= 475) : 0/1 seeds
  final_avg_reward  : 416.45 ± 0.00  (primary metric: CartPole-v1 standard)
  best_avg_reward   : 500.00 ± 0.00
  tail_iqm_reward   : 469.58 ± 0.00  (diagnostic: matches Optuna selection metric)
  convergence_ep    : never reached threshold in any seed

Robust reporting (final_avg_reward across seeds, 95% bootstrap CI):
  IQM   : 416.45  [95% CI: 416.45, 416.45]
  Mean  : 416.45  [95% CI: 416.45, 416.45]
  (note: with N < 10, bootstrap CIs and IQM are necessarily wide; per Colas et al. 2018 consider increasing --num-seeds.)
