Multi-seed training for: bitshift-64-32-4
  device       : cpu
  num_seeds    : 1
  base_seed    : 81
  num_episodes : 1500
  output_dir   : metrics/multi-seed/bitshift-64-32-4/_workers/seed81

============================================================
Seed 81 (1/1)
============================================================
  Episode 50/1500  avg(100): 18.4
  Episode 100/1500  avg(100): 17.4
  Episode 150/1500  avg(100): 87.8
  Episode 200/1500  avg(100): 217.3
  Episode 250/1500  avg(100): 276.6
  Episode 300/1500  avg(100): 226.2
  Episode 350/1500  avg(100): 209.1
  Episode 400/1500  avg(100): 172.9
  Episode 450/1500  avg(100): 110.8
  Episode 500/1500  avg(100): 124.8
  Episode 550/1500  avg(100): 139.2
  Episode 600/1500  avg(100): 131.6
  Episode 650/1500  avg(100): 70.8
  Episode 700/1500  avg(100): 69.3
  Episode 750/1500  avg(100): 120.6
  Episode 800/1500  avg(100): 290.5
  Episode 850/1500  avg(100): 447.1
  Episode 900/1500  avg(100): 455.1
  Episode 950/1500  avg(100): 456.1
  Episode 1000/1500  avg(100): 403.0
  Episode 1050/1500  avg(100): 334.6
  Episode 1100/1500  avg(100): 390.4
  Episode 1150/1500  avg(100): 363.9
  Episode 1200/1500  avg(100): 180.7
  Episode 1250/1500  avg(100): 112.4
  Episode 1300/1500  avg(100): 125.9
  Episode 1350/1500  avg(100): 170.0
  Episode 1400/1500  avg(100): 310.4
  Episode 1450/1500  avg(100): 448.1
  Episode 1500/1500  avg(100): 490.7
Model saved to models/bitshift-64-32-4-seed81-final.pth
  per-episode CSV streamed to: metrics/multi-seed/bitshift-64-32-4/_workers/seed81/bitshift-64-32-4-seed81.csv

Summary CSV: metrics/multi-seed/bitshift-64-32-4/_workers/seed81/bitshift-64-32-4-summary.csv

Results across 1 seeds:
  solved (final_avg >= 475) : 1/1 seeds
  final_avg_reward  : 490.68 ± 0.00  (primary metric: CartPole-v1 standard)
  best_avg_reward   : 490.68 ± 0.00
  tail_iqm_reward   : 237.09 ± 0.00  (diagnostic: matches Optuna selection metric)
  convergence_ep    : 1461.0 ± 0.0  (1/1 seeds converged)

Robust reporting (final_avg_reward across seeds, 95% bootstrap CI):
  IQM   : 490.68  [95% CI: 490.68, 490.68]
  Mean  : 490.68  [95% CI: 490.68, 490.68]
  (note: with N < 10, bootstrap CIs and IQM are necessarily wide; per Colas et al. 2018 consider increasing --num-seeds.)
