Multi-seed training for: leaky-32-32
  device       : cpu
  num_seeds    : 1
  base_seed    : 104
  num_episodes : 1500
  output_dir   : metrics/multi-seed/leaky-32-32/_workers/seed104

============================================================
Seed 104 (1/1)
============================================================
  Episode 50/1500  avg(100): 20.7
  Episode 100/1500  avg(100): 18.7
  Episode 150/1500  avg(100): 15.1
  Episode 200/1500  avg(100): 39.8
  Episode 250/1500  avg(100): 124.2
  Episode 300/1500  avg(100): 171.9
  Episode 350/1500  avg(100): 134.4
  Episode 400/1500  avg(100): 67.2
  Episode 450/1500  avg(100): 48.2
  Episode 500/1500  avg(100): 184.0
  Episode 550/1500  avg(100): 266.4
  Episode 600/1500  avg(100): 206.4
  Episode 650/1500  avg(100): 320.3
  Episode 700/1500  avg(100): 461.6
  Episode 750/1500  avg(100): 468.1
  Episode 800/1500  avg(100): 483.0
  Episode 850/1500  avg(100): 416.4
  Episode 900/1500  avg(100): 389.3
  Episode 950/1500  avg(100): 413.0
  Episode 1000/1500  avg(100): 416.6
  Episode 1050/1500  avg(100): 459.9
  Episode 1100/1500  avg(100): 487.8
  Episode 1150/1500  avg(100): 444.4
  Episode 1200/1500  avg(100): 408.6
  Episode 1250/1500  avg(100): 396.8
  Episode 1300/1500  avg(100): 263.4
  Episode 1350/1500  avg(100): 137.4
  Episode 1400/1500  avg(100): 207.8
  Episode 1450/1500  avg(100): 221.9
  Episode 1500/1500  avg(100): 298.5
Model saved to models/leaky-32-32-seed104-final.pth
  per-episode CSV streamed to: metrics/multi-seed/leaky-32-32/_workers/seed104/leaky-32-32-seed104.csv

Summary CSV: metrics/multi-seed/leaky-32-32/_workers/seed104/leaky-32-32-summary.csv

Results across 1 seeds:
  solved (final_avg >= 475) : 0/1 seeds
  final_avg_reward  : 298.46 ± 0.00  (primary metric: CartPole-v1 standard)
  best_avg_reward   : 500.00 ± 0.00
  tail_iqm_reward   : 290.02 ± 0.00  (diagnostic: matches Optuna selection metric)
  convergence_ep    : never reached threshold in any seed

Robust reporting (final_avg_reward across seeds, 95% bootstrap CI):
  IQM   : 298.46  [95% CI: 298.46, 298.46]
  Mean  : 298.46  [95% CI: 298.46, 298.46]
  (note: with N < 10, bootstrap CIs and IQM are necessarily wide; per Colas et al. 2018 consider increasing --num-seeds.)
