Multi-seed training for: bitshift-64-32-4
  device       : cpu
  num_seeds    : 1
  base_seed    : 76
  num_episodes : 1500
  output_dir   : metrics/multi-seed/bitshift-64-32-4/_workers/seed76

============================================================
Seed 76 (1/1)
============================================================
  Episode 50/1500  avg(100): 15.1
  Episode 100/1500  avg(100): 14.7
  Episode 150/1500  avg(100): 44.4
  Episode 200/1500  avg(100): 119.8
  Episode 250/1500  avg(100): 189.0
  Episode 300/1500  avg(100): 239.9
  Episode 350/1500  avg(100): 222.7
  Episode 400/1500  avg(100): 259.9
  Episode 450/1500  avg(100): 366.0
  Episode 500/1500  avg(100): 424.9
  Episode 550/1500  avg(100): 459.3
  Episode 600/1500  avg(100): 467.3
  Episode 650/1500  avg(100): 478.9
  Episode 700/1500  avg(100): 491.3
  Episode 750/1500  avg(100): 500.0
  Episode 800/1500  avg(100): 500.0
  Episode 850/1500  avg(100): 500.0
  Episode 900/1500  avg(100): 500.0
  Episode 950/1500  avg(100): 500.0
  Episode 1000/1500  avg(100): 500.0
  Episode 1050/1500  avg(100): 500.0
  Episode 1100/1500  avg(100): 500.0
  Episode 1150/1500  avg(100): 500.0
  Episode 1200/1500  avg(100): 497.6
  Episode 1250/1500  avg(100): 448.2
  Episode 1300/1500  avg(100): 435.9
  Episode 1350/1500  avg(100): 485.2
  Episode 1400/1500  avg(100): 498.1
  Episode 1450/1500  avg(100): 460.5
  Episode 1500/1500  avg(100): 458.7
Model saved to models/bitshift-64-32-4-seed76-final.pth
  per-episode CSV streamed to: metrics/multi-seed/bitshift-64-32-4/_workers/seed76/bitshift-64-32-4-seed76.csv

Summary CSV: metrics/multi-seed/bitshift-64-32-4/_workers/seed76/bitshift-64-32-4-summary.csv

Results across 1 seeds:
  solved (final_avg >= 475) : 0/1 seeds
  final_avg_reward  : 458.74 ± 0.00  (primary metric: CartPole-v1 standard)
  best_avg_reward   : 500.00 ± 0.00
  tail_iqm_reward   : 475.25 ± 0.00  (diagnostic: matches Optuna selection metric)
  convergence_ep    : never reached threshold in any seed

Robust reporting (final_avg_reward across seeds, 95% bootstrap CI):
  IQM   : 458.74  [95% CI: 458.74, 458.74]
  Mean  : 458.74  [95% CI: 458.74, 458.74]
  (note: with N < 10, bootstrap CIs and IQM are necessarily wide; per Colas et al. 2018 consider increasing --num-seeds.)
