Multi-seed training for: leaky-32-32
  device       : cpu
  num_seeds    : 1
  base_seed    : 65
  num_episodes : 1500
  output_dir   : metrics/multi-seed/leaky-32-32/_workers/seed65

============================================================
Seed 65 (1/1)
============================================================
  Episode 50/1500  avg(100): 17.8
  Episode 100/1500  avg(100): 16.4
  Episode 150/1500  avg(100): 13.6
  Episode 200/1500  avg(100): 14.4
  Episode 250/1500  avg(100): 52.5
  Episode 300/1500  avg(100): 107.2
  Episode 350/1500  avg(100): 130.1
  Episode 400/1500  avg(100): 130.6
  Episode 450/1500  avg(100): 102.1
  Episode 500/1500  avg(100): 72.2
  Episode 550/1500  avg(100): 120.4
  Episode 600/1500  avg(100): 235.3
  Episode 650/1500  avg(100): 398.4
  Episode 700/1500  avg(100): 500.0
  Episode 750/1500  avg(100): 499.4
  Episode 800/1500  avg(100): 499.4
  Episode 850/1500  avg(100): 492.5
  Episode 900/1500  avg(100): 447.0
  Episode 950/1500  avg(100): 379.9
  Episode 1000/1500  avg(100): 378.8
  Episode 1050/1500  avg(100): 296.5
  Episode 1100/1500  avg(100): 232.6
  Episode 1150/1500  avg(100): 369.0
  Episode 1200/1500  avg(100): 426.8
  Episode 1250/1500  avg(100): 422.3
  Episode 1300/1500  avg(100): 458.0
  Episode 1350/1500  avg(100): 383.8
  Episode 1400/1500  avg(100): 271.7
  Episode 1450/1500  avg(100): 247.0
  Episode 1500/1500  avg(100): 366.7
Model saved to models/leaky-32-32-seed65-final.pth
  per-episode CSV streamed to: metrics/multi-seed/leaky-32-32/_workers/seed65/leaky-32-32-seed65.csv

Summary CSV: metrics/multi-seed/leaky-32-32/_workers/seed65/leaky-32-32-summary.csv

Results across 1 seeds:
  solved (final_avg >= 475) : 0/1 seeds
  final_avg_reward  : 366.73 ± 0.00  (primary metric: CartPole-v1 standard)
  best_avg_reward   : 500.00 ± 0.00
  tail_iqm_reward   : 385.93 ± 0.00  (diagnostic: matches Optuna selection metric)
  convergence_ep    : never reached threshold in any seed

Robust reporting (final_avg_reward across seeds, 95% bootstrap CI):
  IQM   : 366.73  [95% CI: 366.73, 366.73]
  Mean  : 366.73  [95% CI: 366.73, 366.73]
  (note: with N < 10, bootstrap CIs and IQM are necessarily wide; per Colas et al. 2018 consider increasing --num-seeds.)
