Multi-seed training for: bitshift-64-32-4
  device       : cpu
  num_seeds    : 1
  base_seed    : 59
  num_episodes : 1500
  output_dir   : metrics/multi-seed/bitshift-64-32-4-50k/bitshift-64-32-4/_workers/seed59

============================================================
Seed 59 (1/1)
============================================================
  Episode 50/1500  avg(100): 16.8
  Episode 100/1500  avg(100): 15.9
  Episode 150/1500  avg(100): 51.0
  Episode 200/1500  avg(100): 143.6
  Episode 250/1500  avg(100): 305.4
  Episode 300/1500  avg(100): 358.0
  Episode 350/1500  avg(100): 317.2
  Episode 400/1500  avg(100): 306.3
  Episode 450/1500  avg(100): 247.4
  Episode 500/1500  avg(100): 260.1
  Episode 550/1500  avg(100): 337.4
  Episode 600/1500  avg(100): 327.1
  Episode 650/1500  avg(100): 332.0
  Episode 700/1500  avg(100): 366.2
  Episode 750/1500  avg(100): 419.2
  Episode 800/1500  avg(100): 490.7
  Episode 850/1500  avg(100): 466.5
  Episode 900/1500  avg(100): 338.1
  Episode 950/1500  avg(100): 304.1
  Episode 1000/1500  avg(100): 281.8
  Episode 1050/1500  avg(100): 261.4
  Episode 1100/1500  avg(100): 377.6
  Episode 1150/1500  avg(100): 448.1
  Episode 1200/1500  avg(100): 480.0
  Episode 1250/1500  avg(100): 496.9
  Episode 1300/1500  avg(100): 499.6
  Episode 1350/1500  avg(100): 499.2
  Episode 1400/1500  avg(100): 496.4
  Episode 1450/1500  avg(100): 497.2
  Episode 1500/1500  avg(100): 500.0
Model saved to models/bitshift-64-32-4-seed59-final.pth
  per-episode CSV streamed to: metrics/multi-seed/bitshift-64-32-4-50k/bitshift-64-32-4/_workers/seed59/bitshift-64-32-4-seed59.csv

Summary CSV: metrics/multi-seed/bitshift-64-32-4-50k/bitshift-64-32-4/_workers/seed59/bitshift-64-32-4-summary.csv

Results across 1 seeds:
  solved (final_avg >= 475) : 1/1 seeds
  final_avg_reward  : 500.00 ± 0.00  (primary metric: CartPole-v1 standard)
  best_avg_reward   : 500.00 ± 0.00
  tail_iqm_reward   : 497.42 ± 0.00  (diagnostic: matches Optuna selection metric)
  convergence_ep    : 1197.0 ± 0.0  (1/1 seeds converged)

Robust reporting (final_avg_reward across seeds, 95% bootstrap CI):
  IQM   : 500.00  [95% CI: 500.00, 500.00]
  Mean  : 500.00  [95% CI: 500.00, 500.00]
  (note: with N < 10, bootstrap CIs and IQM are necessarily wide; per Colas et al. 2018 consider increasing --num-seeds.)
