Multi-seed training for: bitshift-64-32-4
  device       : cpu
  num_seeds    : 1
  base_seed    : 130
  num_episodes : 1500
  output_dir   : metrics/multi-seed/bitshift-64-32-4/_workers/seed130

============================================================
Seed 130 (1/1)
============================================================
  Episode 50/1500  avg(100): 16.9
  Episode 100/1500  avg(100): 16.8
  Episode 150/1500  avg(100): 82.8
  Episode 200/1500  avg(100): 179.4
  Episode 250/1500  avg(100): 204.8
  Episode 300/1500  avg(100): 208.8
  Episode 350/1500  avg(100): 269.1
  Episode 400/1500  avg(100): 326.9
  Episode 450/1500  avg(100): 395.5
  Episode 500/1500  avg(100): 472.1
  Episode 550/1500  avg(100): 493.2
  Episode 600/1500  avg(100): 499.0
  Episode 650/1500  avg(100): 499.2
  Episode 700/1500  avg(100): 456.4
  Episode 750/1500  avg(100): 456.4
  Episode 800/1500  avg(100): 500.0
  Episode 850/1500  avg(100): 481.2
  Episode 900/1500  avg(100): 423.7
  Episode 950/1500  avg(100): 401.7
  Episode 1000/1500  avg(100): 458.9
  Episode 1050/1500  avg(100): 499.6
  Episode 1100/1500  avg(100): 500.0
  Episode 1150/1500  avg(100): 500.0
  Episode 1200/1500  avg(100): 500.0
  Episode 1250/1500  avg(100): 500.0
  Episode 1300/1500  avg(100): 500.0
  Episode 1350/1500  avg(100): 497.5
  Episode 1400/1500  avg(100): 497.5
  Episode 1450/1500  avg(100): 497.2
  Episode 1500/1500  avg(100): 497.2
Model saved to models/bitshift-64-32-4-seed130-final.pth
  per-episode CSV streamed to: metrics/multi-seed/bitshift-64-32-4/_workers/seed130/bitshift-64-32-4-seed130.csv

Summary CSV: metrics/multi-seed/bitshift-64-32-4/_workers/seed130/bitshift-64-32-4-summary.csv

Results across 1 seeds:
  solved (final_avg >= 475) : 1/1 seeds
  final_avg_reward  : 497.16 ± 0.00  (primary metric: CartPole-v1 standard)
  best_avg_reward   : 500.00 ± 0.00
  tail_iqm_reward   : 498.86 ± 0.00  (diagnostic: matches Optuna selection metric)
  convergence_ep    : 1017.0 ± 0.0  (1/1 seeds converged)

Robust reporting (final_avg_reward across seeds, 95% bootstrap CI):
  IQM   : 497.16  [95% CI: 497.16, 497.16]
  Mean  : 497.16  [95% CI: 497.16, 497.16]
  (note: with N < 10, bootstrap CIs and IQM are necessarily wide; per Colas et al. 2018 consider increasing --num-seeds.)
