Multi-seed training for: leaky-32-32
  device       : cpu
  num_seeds    : 1
  base_seed    : 82
  num_episodes : 1500
  output_dir   : metrics/multi-seed/leaky-32-32/_workers/seed82

============================================================
Seed 82 (1/1)
============================================================
  Episode 50/1500  avg(100): 19.7
  Episode 100/1500  avg(100): 17.1
  Episode 150/1500  avg(100): 14.8
  Episode 200/1500  avg(100): 56.6
  Episode 250/1500  avg(100): 121.0
  Episode 300/1500  avg(100): 168.0
  Episode 350/1500  avg(100): 189.6
  Episode 400/1500  avg(100): 202.1
  Episode 450/1500  avg(100): 236.7
  Episode 500/1500  avg(100): 173.4
  Episode 550/1500  avg(100): 107.2
  Episode 600/1500  avg(100): 312.0
  Episode 650/1500  avg(100): 499.8
  Episode 700/1500  avg(100): 499.8
  Episode 750/1500  avg(100): 436.7
  Episode 800/1500  avg(100): 419.1
  Episode 850/1500  avg(100): 395.8
  Episode 900/1500  avg(100): 412.6
  Episode 950/1500  avg(100): 495.0
  Episode 1000/1500  avg(100): 416.4
  Episode 1050/1500  avg(100): 315.1
  Episode 1100/1500  avg(100): 385.7
  Episode 1150/1500  avg(100): 491.2
  Episode 1200/1500  avg(100): 500.0
  Episode 1250/1500  avg(100): 499.0
  Episode 1300/1500  avg(100): 499.0
  Episode 1350/1500  avg(100): 498.2
  Episode 1400/1500  avg(100): 498.2
  Episode 1450/1500  avg(100): 500.0
  Episode 1500/1500  avg(100): 500.0
Model saved to models/leaky-32-32-seed82-final.pth
  per-episode CSV streamed to: metrics/multi-seed/leaky-32-32/_workers/seed82/leaky-32-32-seed82.csv

Summary CSV: metrics/multi-seed/leaky-32-32/_workers/seed82/leaky-32-32-summary.csv

Results across 1 seeds:
  solved (final_avg >= 475) : 1/1 seeds
  final_avg_reward  : 500.00 ± 0.00  (primary metric: CartPole-v1 standard)
  best_avg_reward   : 500.00 ± 0.00
  tail_iqm_reward   : 499.12 ± 0.00  (diagnostic: matches Optuna selection metric)
  convergence_ep    : 1144.0 ± 0.0  (1/1 seeds converged)

Robust reporting (final_avg_reward across seeds, 95% bootstrap CI):
  IQM   : 500.00  [95% CI: 500.00, 500.00]
  Mean  : 500.00  [95% CI: 500.00, 500.00]
  (note: with N < 10, bootstrap CIs and IQM are necessarily wide; per Colas et al. 2018 consider increasing --num-seeds.)
