Multi-seed training for: leaky-32-32
  device       : cpu
  num_seeds    : 1
  base_seed    : 50
  num_episodes : 1500
  output_dir   : metrics/multi-seed/leaky-32-32-50k/leaky-32-32/_workers/seed50

============================================================
Seed 50 (1/1)
============================================================
  Episode 50/1500  avg(100): 18.1
  Episode 100/1500  avg(100): 15.9
  Episode 150/1500  avg(100): 17.3
  Episode 200/1500  avg(100): 15.7
  Episode 250/1500  avg(100): 48.2
  Episode 300/1500  avg(100): 128.7
  Episode 350/1500  avg(100): 174.8
  Episode 400/1500  avg(100): 170.6
  Episode 450/1500  avg(100): 162.7
  Episode 500/1500  avg(100): 162.7
  Episode 550/1500  avg(100): 169.1
  Episode 600/1500  avg(100): 161.7
  Episode 650/1500  avg(100): 132.4
  Episode 700/1500  avg(100): 117.6
  Episode 750/1500  avg(100): 110.5
  Episode 800/1500  avg(100): 74.5
  Episode 850/1500  avg(100): 33.8
  Episode 900/1500  avg(100): 27.7
  Episode 950/1500  avg(100): 180.9
  Episode 1000/1500  avg(100): 360.9
  Episode 1050/1500  avg(100): 360.8
  Episode 1100/1500  avg(100): 386.5
  Episode 1150/1500  avg(100): 433.2
  Episode 1200/1500  avg(100): 412.7
  Episode 1250/1500  avg(100): 389.9
  Episode 1300/1500  avg(100): 408.9
  Episode 1350/1500  avg(100): 438.3
  Episode 1400/1500  avg(100): 376.1
  Episode 1450/1500  avg(100): 261.4
  Episode 1500/1500  avg(100): 229.6
Model saved to models/leaky-32-32-seed50-final.pth
  per-episode CSV streamed to: metrics/multi-seed/leaky-32-32-50k/leaky-32-32/_workers/seed50/leaky-32-32-seed50.csv

Summary CSV: metrics/multi-seed/leaky-32-32-50k/leaky-32-32/_workers/seed50/leaky-32-32-summary.csv

Results across 1 seeds:
  solved (final_avg >= 475) : 0/1 seeds
  final_avg_reward  : 229.61 ± 0.00  (primary metric: CartPole-v1 standard)
  best_avg_reward   : 446.23 ± 0.00
  tail_iqm_reward   : 395.75 ± 0.00  (diagnostic: matches Optuna selection metric)
  convergence_ep    : never reached threshold in any seed

Robust reporting (final_avg_reward across seeds, 95% bootstrap CI):
  IQM   : 229.61  [95% CI: 229.61, 229.61]
  Mean  : 229.61  [95% CI: 229.61, 229.61]
  (note: with N < 10, bootstrap CIs and IQM are necessarily wide; per Colas et al. 2018 consider increasing --num-seeds.)
