Multi-seed training for: leaky-32-32
  device       : cpu
  num_seeds    : 1
  base_seed    : 134
  num_episodes : 1500
  output_dir   : metrics/multi-seed/leaky-32-32/_workers/seed134

============================================================
Seed 134 (1/1)
============================================================
  Episode 50/1500  avg(100): 20.2
  Episode 100/1500  avg(100): 16.6
  Episode 150/1500  avg(100): 27.6
  Episode 200/1500  avg(100): 80.4
  Episode 250/1500  avg(100): 167.3
  Episode 300/1500  avg(100): 234.8
  Episode 350/1500  avg(100): 236.2
  Episode 400/1500  avg(100): 194.8
  Episode 450/1500  avg(100): 116.3
  Episode 500/1500  avg(100): 135.1
  Episode 550/1500  avg(100): 236.3
  Episode 600/1500  avg(100): 293.5
  Episode 650/1500  avg(100): 242.3
  Episode 700/1500  avg(100): 158.8
  Episode 750/1500  avg(100): 223.8
  Episode 800/1500  avg(100): 255.1
  Episode 850/1500  avg(100): 218.0
  Episode 900/1500  avg(100): 202.2
  Episode 950/1500  avg(100): 291.2
  Episode 1000/1500  avg(100): 341.0
  Episode 1050/1500  avg(100): 293.6
  Episode 1100/1500  avg(100): 367.1
  Episode 1150/1500  avg(100): 449.2
  Episode 1200/1500  avg(100): 469.2
  Episode 1250/1500  avg(100): 476.2
  Episode 1300/1500  avg(100): 450.6
  Episode 1350/1500  avg(100): 459.7
  Episode 1400/1500  avg(100): 475.0
  Episode 1450/1500  avg(100): 360.8
  Episode 1500/1500  avg(100): 162.0
Model saved to models/leaky-32-32-seed134-final.pth
  per-episode CSV streamed to: metrics/multi-seed/leaky-32-32/_workers/seed134/leaky-32-32-seed134.csv

Summary CSV: metrics/multi-seed/leaky-32-32/_workers/seed134/leaky-32-32-summary.csv

Results across 1 seeds:
  solved (final_avg >= 475) : 0/1 seeds
  final_avg_reward  : 161.99 ± 0.00  (primary metric: CartPole-v1 standard)
  best_avg_reward   : 487.07 ± 0.00
  tail_iqm_reward   : 456.16 ± 0.00  (diagnostic: matches Optuna selection metric)
  convergence_ep    : never reached threshold in any seed

Robust reporting (final_avg_reward across seeds, 95% bootstrap CI):
  IQM   : 161.99  [95% CI: 161.99, 161.99]
  Mean  : 161.99  [95% CI: 161.99, 161.99]
  (note: with N < 10, bootstrap CIs and IQM are necessarily wide; per Colas et al. 2018 consider increasing --num-seeds.)
