Multi-seed training for: bitshift-64-32-4
  device       : cpu
  num_seeds    : 1
  base_seed    : 82
  num_episodes : 1500
  output_dir   : metrics/multi-seed/bitshift-64-32-4/_workers/seed82

============================================================
Seed 82 (1/1)
============================================================
  Episode 50/1500  avg(100): 16.4
  Episode 100/1500  avg(100): 15.8
  Episode 150/1500  avg(100): 37.6
  Episode 200/1500  avg(100): 124.9
  Episode 250/1500  avg(100): 255.7
  Episode 300/1500  avg(100): 356.8
  Episode 350/1500  avg(100): 380.3
  Episode 400/1500  avg(100): 293.9
  Episode 450/1500  avg(100): 336.6
  Episode 500/1500  avg(100): 375.5
  Episode 550/1500  avg(100): 357.8
  Episode 600/1500  avg(100): 429.9
  Episode 650/1500  avg(100): 434.0
  Episode 700/1500  avg(100): 450.6
  Episode 750/1500  avg(100): 436.5
  Episode 800/1500  avg(100): 415.2
  Episode 850/1500  avg(100): 321.3
  Episode 900/1500  avg(100): 197.7
  Episode 950/1500  avg(100): 242.5
  Episode 1000/1500  avg(100): 309.6
  Episode 1050/1500  avg(100): 320.6
  Episode 1100/1500  avg(100): 376.6
  Episode 1150/1500  avg(100): 462.2
  Episode 1200/1500  avg(100): 437.5
  Episode 1250/1500  avg(100): 439.7
  Episode 1300/1500  avg(100): 441.9
  Episode 1350/1500  avg(100): 420.7
  Episode 1400/1500  avg(100): 477.8
  Episode 1450/1500  avg(100): 500.0
  Episode 1500/1500  avg(100): 500.0
Model saved to models/bitshift-64-32-4-seed82-final.pth
  per-episode CSV streamed to: metrics/multi-seed/bitshift-64-32-4/_workers/seed82/bitshift-64-32-4-seed82.csv

Summary CSV: metrics/multi-seed/bitshift-64-32-4/_workers/seed82/bitshift-64-32-4-summary.csv

Results across 1 seeds:
  solved (final_avg >= 475) : 1/1 seeds
  final_avg_reward  : 500.00 ± 0.00  (primary metric: CartPole-v1 standard)
  best_avg_reward   : 500.00 ± 0.00
  tail_iqm_reward   : 454.17 ± 0.00  (diagnostic: matches Optuna selection metric)
  convergence_ep    : 1399.0 ± 0.0  (1/1 seeds converged)

Robust reporting (final_avg_reward across seeds, 95% bootstrap CI):
  IQM   : 500.00  [95% CI: 500.00, 500.00]
  Mean  : 500.00  [95% CI: 500.00, 500.00]
  (note: with N < 10, bootstrap CIs and IQM are necessarily wide; per Colas et al. 2018 consider increasing --num-seeds.)
