Multi-seed training for: fractional-32-8-8
  device       : cpu
  num_seeds    : 1
  base_seed    : 138
  num_episodes : 1500
  output_dir   : metrics/multi-seed/fractional-32-8-8/_workers/seed138

============================================================
Seed 138 (1/1)
============================================================
  Episode 50/1500  avg(100): 17.1
  Episode 100/1500  avg(100): 14.8
  Episode 150/1500  avg(100): 20.5
  Episode 200/1500  avg(100): 69.5
  Episode 250/1500  avg(100): 136.4
  Episode 300/1500  avg(100): 186.7
  Episode 350/1500  avg(100): 215.3
  Episode 400/1500  avg(100): 167.1
  Episode 450/1500  avg(100): 67.5
  Episode 500/1500  avg(100): 30.7
  Episode 550/1500  avg(100): 140.9
  Episode 600/1500  avg(100): 370.3
  Episode 650/1500  avg(100): 477.4
  Episode 700/1500  avg(100): 381.1
  Episode 750/1500  avg(100): 214.2
  Episode 800/1500  avg(100): 310.5
  Episode 850/1500  avg(100): 498.0
  Episode 900/1500  avg(100): 498.0
  Episode 950/1500  avg(100): 500.0
  Episode 1000/1500  avg(100): 494.3
  Episode 1050/1500  avg(100): 494.3
  Episode 1100/1500  avg(100): 500.0
  Episode 1150/1500  avg(100): 488.9
  Episode 1200/1500  avg(100): 488.9
  Episode 1250/1500  avg(100): 500.0
  Episode 1300/1500  avg(100): 488.6
  Episode 1350/1500  avg(100): 437.7
  Episode 1400/1500  avg(100): 424.3
  Episode 1450/1500  avg(100): 472.8
  Episode 1500/1500  avg(100): 497.7
Model saved to models/fractional-32-8-8-seed138-final.pth
  per-episode CSV streamed to: metrics/multi-seed/fractional-32-8-8/_workers/seed138/fractional-32-8-8-seed138.csv

Summary CSV: metrics/multi-seed/fractional-32-8-8/_workers/seed138/fractional-32-8-8-summary.csv

Results across 1 seeds:
  solved (final_avg >= 475) : 1/1 seeds
  final_avg_reward  : 497.69 ± 0.00  (primary metric: CartPole-v1 standard)
  best_avg_reward   : 500.00 ± 0.00
  tail_iqm_reward   : 481.92 ± 0.00  (diagnostic: matches Optuna selection metric)
  convergence_ep    : 1452.0 ± 0.0  (1/1 seeds converged)

Robust reporting (final_avg_reward across seeds, 95% bootstrap CI):
  IQM   : 497.69  [95% CI: 497.69, 497.69]
  Mean  : 497.69  [95% CI: 497.69, 497.69]
  (note: with N < 10, bootstrap CIs and IQM are necessarily wide; per Colas et al. 2018 consider increasing --num-seeds.)
