Multi-seed training for: bitshift-64-32-4
  device       : cpu
  num_seeds    : 1
  base_seed    : 58
  num_episodes : 1500
  output_dir   : metrics/multi-seed/bitshift-64-32-4/_workers/seed58

============================================================
Seed 58 (1/1)
============================================================
  Episode 50/1500  avg(100): 16.4
  Episode 100/1500  avg(100): 15.2
  Episode 150/1500  avg(100): 16.1
  Episode 200/1500  avg(100): 48.3
  Episode 250/1500  avg(100): 117.4
  Episode 300/1500  avg(100): 177.9
  Episode 350/1500  avg(100): 211.9
  Episode 400/1500  avg(100): 173.8
  Episode 450/1500  avg(100): 112.5
  Episode 500/1500  avg(100): 106.7
  Episode 550/1500  avg(100): 111.1
  Episode 600/1500  avg(100): 109.8
  Episode 650/1500  avg(100): 122.7
  Episode 700/1500  avg(100): 112.0
  Episode 750/1500  avg(100): 53.7
  Episode 800/1500  avg(100): 71.2
  Episode 850/1500  avg(100): 264.5
  Episode 900/1500  avg(100): 351.1
  Episode 950/1500  avg(100): 253.2
  Episode 1000/1500  avg(100): 297.9
  Episode 1050/1500  avg(100): 339.7
  Episode 1100/1500  avg(100): 318.4
  Episode 1150/1500  avg(100): 410.2
  Episode 1200/1500  avg(100): 488.8
  Episode 1250/1500  avg(100): 500.0
  Episode 1300/1500  avg(100): 500.0
  Episode 1350/1500  avg(100): 500.0
  Episode 1400/1500  avg(100): 500.0
  Episode 1450/1500  avg(100): 500.0
  Episode 1500/1500  avg(100): 500.0
Model saved to models/bitshift-64-32-4-seed58-final.pth
  per-episode CSV streamed to: metrics/multi-seed/bitshift-64-32-4/_workers/seed58/bitshift-64-32-4-seed58.csv

Summary CSV: metrics/multi-seed/bitshift-64-32-4/_workers/seed58/bitshift-64-32-4-summary.csv

Results across 1 seeds:
  solved (final_avg >= 475) : 1/1 seeds
  final_avg_reward  : 500.00 ± 0.00  (primary metric: CartPole-v1 standard)
  best_avg_reward   : 500.00 ± 0.00
  tail_iqm_reward   : 499.86 ± 0.00  (diagnostic: matches Optuna selection metric)
  convergence_ep    : 1170.0 ± 0.0  (1/1 seeds converged)

Robust reporting (final_avg_reward across seeds, 95% bootstrap CI):
  IQM   : 500.00  [95% CI: 500.00, 500.00]
  Mean  : 500.00  [95% CI: 500.00, 500.00]
  (note: with N < 10, bootstrap CIs and IQM are necessarily wide; per Colas et al. 2018 consider increasing --num-seeds.)
