Multi-seed training for: bitshift-64-32-4
  device       : cpu
  num_seeds    : 1
  base_seed    : 49
  num_episodes : 1500
  output_dir   : metrics/multi-seed/bitshift-64-32-4-20k/bitshift-64-32-4/_workers/seed49

============================================================
Seed 49 (1/1)
============================================================
  Episode 50/1500  avg(100): 17.1
  Episode 100/1500  avg(100): 15.6
  Episode 150/1500  avg(100): 33.9
  Episode 200/1500  avg(100): 91.3
  Episode 250/1500  avg(100): 137.7
  Episode 300/1500  avg(100): 164.3
  Episode 350/1500  avg(100): 301.9
  Episode 400/1500  avg(100): 446.0
  Episode 450/1500  avg(100): 469.1
  Episode 500/1500  avg(100): 484.1
  Episode 550/1500  avg(100): 494.8
  Episode 600/1500  avg(100): 469.3
  Episode 650/1500  avg(100): 400.2
  Episode 700/1500  avg(100): 425.8
  Episode 750/1500  avg(100): 485.0
  Episode 800/1500  avg(100): 359.7
  Episode 850/1500  avg(100): 369.8
  Episode 900/1500  avg(100): 495.1
  Episode 950/1500  avg(100): 500.0
  Episode 1000/1500  avg(100): 500.0
  Episode 1050/1500  avg(100): 500.0
  Episode 1100/1500  avg(100): 500.0
  Episode 1150/1500  avg(100): 500.0
  Episode 1200/1500  avg(100): 500.0
  Episode 1250/1500  avg(100): 500.0
  Episode 1300/1500  avg(100): 500.0
  Episode 1350/1500  avg(100): 497.2
  Episode 1400/1500  avg(100): 497.2
  Episode 1450/1500  avg(100): 500.0
  Episode 1500/1500  avg(100): 500.0
Model saved to models/bitshift-64-32-4-seed49-final.pth
  per-episode CSV streamed to: metrics/multi-seed/bitshift-64-32-4-20k/bitshift-64-32-4/_workers/seed49/bitshift-64-32-4-seed49.csv

Summary CSV: metrics/multi-seed/bitshift-64-32-4-20k/bitshift-64-32-4/_workers/seed49/bitshift-64-32-4-summary.csv

Results across 1 seeds:
  solved (final_avg >= 475) : 1/1 seeds
  final_avg_reward  : 500.00 ± 0.00  (primary metric: CartPole-v1 standard)
  best_avg_reward   : 500.00 ± 0.00
  tail_iqm_reward   : 499.90 ± 0.00  (diagnostic: matches Optuna selection metric)
  convergence_ep    : 876.0 ± 0.0  (1/1 seeds converged)

Robust reporting (final_avg_reward across seeds, 95% bootstrap CI):
  IQM   : 500.00  [95% CI: 500.00, 500.00]
  Mean  : 500.00  [95% CI: 500.00, 500.00]
  (note: with N < 10, bootstrap CIs and IQM are necessarily wide; per Colas et al. 2018 consider increasing --num-seeds.)
