Multi-seed training for: leaky-32-32
  device       : cpu
  num_seeds    : 1
  base_seed    : 128
  num_episodes : 1500
  output_dir   : metrics/multi-seed/leaky-32-32/_workers/seed128

============================================================
Seed 128 (1/1)
============================================================
  Episode 50/1500  avg(100): 17.7
  Episode 100/1500  avg(100): 16.9
  Episode 150/1500  avg(100): 23.8
  Episode 200/1500  avg(100): 26.0
  Episode 250/1500  avg(100): 19.2
  Episode 300/1500  avg(100): 17.4
  Episode 350/1500  avg(100): 17.3
  Episode 400/1500  avg(100): 50.4
  Episode 450/1500  avg(100): 136.9
  Episode 500/1500  avg(100): 187.4
  Episode 550/1500  avg(100): 191.9
  Episode 600/1500  avg(100): 270.0
  Episode 650/1500  avg(100): 365.0
  Episode 700/1500  avg(100): 360.0
  Episode 750/1500  avg(100): 391.5
  Episode 800/1500  avg(100): 309.1
  Episode 850/1500  avg(100): 256.1
  Episode 900/1500  avg(100): 384.4
  Episode 950/1500  avg(100): 452.5
  Episode 1000/1500  avg(100): 298.5
  Episode 1050/1500  avg(100): 148.2
  Episode 1100/1500  avg(100): 296.0
  Episode 1150/1500  avg(100): 413.1
  Episode 1200/1500  avg(100): 456.7
  Episode 1250/1500  avg(100): 494.0
  Episode 1300/1500  avg(100): 487.2
  Episode 1350/1500  avg(100): 471.2
  Episode 1400/1500  avg(100): 471.6
  Episode 1450/1500  avg(100): 491.9
  Episode 1500/1500  avg(100): 496.1
Model saved to models/leaky-32-32-seed128-final.pth
  per-episode CSV streamed to: metrics/multi-seed/leaky-32-32/_workers/seed128/leaky-32-32-seed128.csv

Summary CSV: metrics/multi-seed/leaky-32-32/_workers/seed128/leaky-32-32-summary.csv

Results across 1 seeds:
  solved (final_avg >= 475) : 1/1 seeds
  final_avg_reward  : 496.08 ± 0.00  (primary metric: CartPole-v1 standard)
  best_avg_reward   : 498.45 ± 0.00
  tail_iqm_reward   : 480.17 ± 0.00  (diagnostic: matches Optuna selection metric)
  convergence_ep    : 1417.0 ± 0.0  (1/1 seeds converged)

Robust reporting (final_avg_reward across seeds, 95% bootstrap CI):
  IQM   : 496.08  [95% CI: 496.08, 496.08]
  Mean  : 496.08  [95% CI: 496.08, 496.08]
  (note: with N < 10, bootstrap CIs and IQM are necessarily wide; per Colas et al. 2018 consider increasing --num-seeds.)
