Multi-seed training for: bitshift-64-32-4
  device       : cpu
  num_seeds    : 1
  base_seed    : 45
  num_episodes : 1500
  output_dir   : metrics/multi-seed/bitshift-64-32-4-20k/bitshift-64-32-4/_workers/seed45

============================================================
Seed 45 (1/1)
============================================================
  Episode 50/1500  avg(100): 17.5
  Episode 100/1500  avg(100): 18.2
  Episode 150/1500  avg(100): 46.4
  Episode 200/1500  avg(100): 117.6
  Episode 250/1500  avg(100): 162.8
  Episode 300/1500  avg(100): 197.7
  Episode 350/1500  avg(100): 311.7
  Episode 400/1500  avg(100): 422.9
  Episode 450/1500  avg(100): 461.8
  Episode 500/1500  avg(100): 474.6
  Episode 550/1500  avg(100): 482.6
  Episode 600/1500  avg(100): 492.2
  Episode 650/1500  avg(100): 493.7
  Episode 700/1500  avg(100): 494.5
  Episode 750/1500  avg(100): 500.0
  Episode 800/1500  avg(100): 500.0
  Episode 850/1500  avg(100): 500.0
  Episode 900/1500  avg(100): 497.3
  Episode 950/1500  avg(100): 467.9
  Episode 1000/1500  avg(100): 378.7
  Episode 1050/1500  avg(100): 369.6
  Episode 1100/1500  avg(100): 286.6
  Episode 1150/1500  avg(100): 166.5
  Episode 1200/1500  avg(100): 100.5
  Episode 1250/1500  avg(100): 224.7
  Episode 1300/1500  avg(100): 395.7
  Episode 1350/1500  avg(100): 254.2
  Episode 1400/1500  avg(100): 324.2
  Episode 1450/1500  avg(100): 465.7
  Episode 1500/1500  avg(100): 363.8
Model saved to models/bitshift-64-32-4-seed45-final.pth
  per-episode CSV streamed to: metrics/multi-seed/bitshift-64-32-4-20k/bitshift-64-32-4/_workers/seed45/bitshift-64-32-4-seed45.csv

Summary CSV: metrics/multi-seed/bitshift-64-32-4-20k/bitshift-64-32-4/_workers/seed45/bitshift-64-32-4-summary.csv

Results across 1 seeds:
  solved (final_avg >= 475) : 0/1 seeds
  final_avg_reward  : 363.79 ± 0.00  (primary metric: CartPole-v1 standard)
  best_avg_reward   : 500.00 ± 0.00
  tail_iqm_reward   : 287.17 ± 0.00  (diagnostic: matches Optuna selection metric)
  convergence_ep    : never reached threshold in any seed

Robust reporting (final_avg_reward across seeds, 95% bootstrap CI):
  IQM   : 363.79  [95% CI: 363.79, 363.79]
  Mean  : 363.79  [95% CI: 363.79, 363.79]
  (note: with N < 10, bootstrap CIs and IQM are necessarily wide; per Colas et al. 2018 consider increasing --num-seeds.)
