Multi-seed training for: bitshift-64-32-4
  device       : cpu
  num_seeds    : 1
  base_seed    : 57
  num_episodes : 1500
  output_dir   : metrics/multi-seed/bitshift-64-32-4-50k/bitshift-64-32-4/_workers/seed57

============================================================
Seed 57 (1/1)
============================================================
  Episode 50/1500  avg(100): 18.1
  Episode 100/1500  avg(100): 17.0
  Episode 150/1500  avg(100): 26.0
  Episode 200/1500  avg(100): 99.7
  Episode 250/1500  avg(100): 151.7
  Episode 300/1500  avg(100): 146.3
  Episode 350/1500  avg(100): 204.4
  Episode 400/1500  avg(100): 223.6
  Episode 450/1500  avg(100): 174.2
  Episode 500/1500  avg(100): 178.8
  Episode 550/1500  avg(100): 157.2
  Episode 600/1500  avg(100): 119.6
  Episode 650/1500  avg(100): 151.0
  Episode 700/1500  avg(100): 242.8
  Episode 750/1500  avg(100): 219.6
  Episode 800/1500  avg(100): 157.2
  Episode 850/1500  avg(100): 99.8
  Episode 900/1500  avg(100): 15.1
  Episode 950/1500  avg(100): 13.1
  Episode 1000/1500  avg(100): 11.6
  Episode 1050/1500  avg(100): 11.7
  Episode 1100/1500  avg(100): 24.3
  Episode 1150/1500  avg(100): 99.9
  Episode 1200/1500  avg(100): 242.0
  Episode 1250/1500  avg(100): 349.5
  Episode 1300/1500  avg(100): 388.1
  Episode 1350/1500  avg(100): 381.0
  Episode 1400/1500  avg(100): 339.6
  Episode 1450/1500  avg(100): 375.4
  Episode 1500/1500  avg(100): 429.8
Model saved to models/bitshift-64-32-4-seed57-final.pth
  per-episode CSV streamed to: metrics/multi-seed/bitshift-64-32-4-50k/bitshift-64-32-4/_workers/seed57/bitshift-64-32-4-seed57.csv

Summary CSV: metrics/multi-seed/bitshift-64-32-4-50k/bitshift-64-32-4/_workers/seed57/bitshift-64-32-4-summary.csv

Results across 1 seeds:
  solved (final_avg >= 475) : 0/1 seeds
  final_avg_reward  : 429.79 ± 0.00  (primary metric: CartPole-v1 standard)
  best_avg_reward   : 454.27 ± 0.00
  tail_iqm_reward   : 351.06 ± 0.00  (diagnostic: matches Optuna selection metric)
  convergence_ep    : never reached threshold in any seed

Robust reporting (final_avg_reward across seeds, 95% bootstrap CI):
  IQM   : 429.79  [95% CI: 429.79, 429.79]
  Mean  : 429.79  [95% CI: 429.79, 429.79]
  (note: with N < 10, bootstrap CIs and IQM are necessarily wide; per Colas et al. 2018 consider increasing --num-seeds.)
