Copyright 1986-2022 Xilinx, Inc. All Rights Reserved. Copyright 2022-2025 Advanced Micro Devices, Inc. All Rights Reserved.
-------------------------------------------------------------------------------------------------------------------------------------------------------------------------------------------------------
| Tool Version     : Vivado v.2025.1 (lin64) Build 6140274 Wed May 21 22:58:25 MDT 2025
| Date             : Thu May 28 07:55:07 2026
| Host             : niklas.ece.pdx.edu running 64-bit Pop!_OS 22.04 LTS
| Command          : report_power -file board_top_fractional_32_8_8_power_routed.rpt -pb board_top_fractional_32_8_8_power_summary_routed.pb -rpx board_top_fractional_32_8_8_power_routed.rpx
| Design           : board_top_fractional_32_8_8
| Device           : xc7a100tcsg324-1
| Design State     : routed
| Grade            : commercial
| Process          : typical
| Characterization : Production
-------------------------------------------------------------------------------------------------------------------------------------------------------------------------------------------------------

Power Report

Table of Contents
-----------------
1. Summary
1.1 On-Chip Components
1.2 Power Supply Summary
1.3 Confidence Level
2. Settings
2.1 Environment
2.2 Clock Constraints
3. Detailed Reports
3.1 By Hierarchy

1. Summary
----------

+--------------------------+--------------+
| Total On-Chip Power (W)  | 0.525        |
| Design Power Budget (W)  | Unspecified* |
| Power Budget Margin (W)  | NA           |
| Dynamic (W)              | 0.427        |
| Device Static (W)        | 0.098        |
| Effective TJA (C/W)      | 4.6          |
| Max Ambient (C)          | 82.6         |
| Junction Temperature (C) | 27.4         |
| Confidence Level         | Medium       |
| Setting File             | ---          |
| Simulation Activity File | ---          |
| Design Nets Matched      | NA           |
+--------------------------+--------------+
* Specify Design Power Budget using, set_operating_conditions -design_power_budget <value in Watts>


1.1 On-Chip Components
----------------------

+----------------+-----------+----------+-----------+-----------------+
| On-Chip        | Power (W) | Used     | Available | Utilization (%) |
+----------------+-----------+----------+-----------+-----------------+
| Clocks         |     0.046 |        3 |       --- |             --- |
| Slice Logic    |     0.098 |    51949 |       --- |             --- |
|   LUT as Logic |     0.084 |    17345 |     63400 |           27.36 |
|   CARRY4       |     0.009 |     2216 |     15850 |           13.98 |
|   Register     |     0.004 |    21511 |    126800 |           16.96 |
|   F7/F8 Muxes  |    <0.001 |      994 |     63400 |            1.57 |
|   Others       |     0.000 |      187 |       --- |             --- |
| Signals        |     0.133 |    40348 |       --- |             --- |
| DSPs           |     0.149 |      208 |       240 |           86.67 |
| I/O            |     0.002 |       20 |       210 |            9.52 |
| Static Power   |     0.098 |          |           |                 |
| Total          |     0.525 |          |           |                 |
+----------------+-----------+----------+-----------+-----------------+


1.2 Power Supply Summary
------------------------

+-----------+-------------+-----------+-------------+------------+-------------+-------------+------------+
| Source    | Voltage (V) | Total (A) | Dynamic (A) | Static (A) | Powerup (A) | Budget (A)  | Margin (A) |
+-----------+-------------+-----------+-------------+------------+-------------+-------------+------------+
| Vccint    |       1.000 |     0.441 |       0.425 |      0.016 |       NA    | Unspecified | NA         |
| Vccaux    |       1.800 |     0.018 |       0.000 |      0.018 |       NA    | Unspecified | NA         |
| Vcco33    |       3.300 |     0.004 |       0.000 |      0.004 |       NA    | Unspecified | NA         |
| Vcco25    |       2.500 |     0.000 |       0.000 |      0.000 |       NA    | Unspecified | NA         |
| Vcco18    |       1.800 |     0.000 |       0.000 |      0.000 |       NA    | Unspecified | NA         |
| Vcco15    |       1.500 |     0.000 |       0.000 |      0.000 |       NA    | Unspecified | NA         |
| Vcco135   |       1.350 |     0.000 |       0.000 |      0.000 |       NA    | Unspecified | NA         |
| Vcco12    |       1.200 |     0.000 |       0.000 |      0.000 |       NA    | Unspecified | NA         |
| Vccaux_io |       1.800 |     0.000 |       0.000 |      0.000 |       NA    | Unspecified | NA         |
| Vccbram   |       1.000 |     0.000 |       0.000 |      0.000 |       NA    | Unspecified | NA         |
| MGTAVcc   |       1.000 |     0.000 |       0.000 |      0.000 |       NA    | Unspecified | NA         |
| MGTAVtt   |       1.200 |     0.000 |       0.000 |      0.000 |       NA    | Unspecified | NA         |
| Vccadc    |       1.800 |     0.020 |       0.000 |      0.020 |       NA    | Unspecified | NA         |
+-----------+-------------+-----------+-------------+------------+-------------+-------------+------------+


1.3 Confidence Level
--------------------

+-----------------------------+------------+-------------------------------------------------------+------------------------------------------------------------------------------------------------------------+
| User Input Data             | Confidence | Details                                               | Action                                                                                                     |
+-----------------------------+------------+-------------------------------------------------------+------------------------------------------------------------------------------------------------------------+
| Design implementation state | High       | Design is routed                                      |                                                                                                            |
| Clock nodes activity        | High       | User specified more than 95% of clocks                |                                                                                                            |
| I/O nodes activity          | Medium     | More than 5% of inputs are missing user specification | Provide missing input activity with simulation results or by editing the "By Resource Type -> I/Os" view   |
| Internal nodes activity     | Medium     | User specified less than 25% of internal nodes        | Provide missing internal nodes activity with simulation results or by editing the "By Resource Type" views |
| Device models               | High       | Device models are Production                          |                                                                                                            |
|                             |            |                                                       |                                                                                                            |
| Overall confidence level    | Medium     |                                                       |                                                                                                            |
+-----------------------------+------------+-------------------------------------------------------+------------------------------------------------------------------------------------------------------------+


2. Settings
-----------

2.1 Environment
---------------

+-----------------------+--------------------------+
| Ambient Temp (C)      | 25.0                     |
| ThetaJA (C/W)         | 4.6                      |
| Airflow (LFM)         | 250                      |
| Heat Sink             | medium (Medium Profile)  |
| ThetaSA (C/W)         | 4.6                      |
| Board Selection       | medium (10"x10")         |
| # of Board Layers     | 12to15 (12 to 15 Layers) |
| Board Temperature (C) | 25.0                     |
+-----------------------+--------------------------+


2.2 Clock Constraints
---------------------

+-------------+-----------+-----------------+
| Clock       | Domain    | Constraint (ns) |
+-------------+-----------+-----------------+
| sys_clk_pin | CLK100MHZ |            10.0 |
+-------------+-----------+-----------------+


3. Detailed Reports
-------------------

3.1 By Hierarchy
----------------

+-------------------------------+-----------+
| Name                          | Power (W) |
+-------------------------------+-----------+
| board_top_fractional_32_8_8   |     0.427 |
|   u_accel                     |     0.425 |
|     gen_nn_fractional.u_accel |     0.423 |
|       fc1                     |     0.104 |
|       fc2                     |     0.018 |
|       gen_hl1_lif[0].hl1_lif  |     0.007 |
|       gen_hl1_lif[10].hl1_lif |     0.007 |
|       gen_hl1_lif[11].hl1_lif |     0.007 |
|       gen_hl1_lif[12].hl1_lif |     0.007 |
|       gen_hl1_lif[13].hl1_lif |     0.007 |
|       gen_hl1_lif[14].hl1_lif |     0.007 |
|       gen_hl1_lif[15].hl1_lif |     0.007 |
|       gen_hl1_lif[16].hl1_lif |     0.007 |
|       gen_hl1_lif[17].hl1_lif |     0.007 |
|       gen_hl1_lif[18].hl1_lif |     0.007 |
|       gen_hl1_lif[19].hl1_lif |     0.007 |
|       gen_hl1_lif[1].hl1_lif  |     0.007 |
|       gen_hl1_lif[20].hl1_lif |     0.007 |
|       gen_hl1_lif[21].hl1_lif |     0.007 |
|       gen_hl1_lif[22].hl1_lif |     0.007 |
|       gen_hl1_lif[23].hl1_lif |     0.007 |
|       gen_hl1_lif[24].hl1_lif |     0.007 |
|       gen_hl1_lif[25].hl1_lif |     0.007 |
|       gen_hl1_lif[26].hl1_lif |     0.007 |
|       gen_hl1_lif[27].hl1_lif |     0.007 |
|       gen_hl1_lif[28].hl1_lif |     0.007 |
|       gen_hl1_lif[29].hl1_lif |     0.007 |
|       gen_hl1_lif[2].hl1_lif  |     0.007 |
|       gen_hl1_lif[30].hl1_lif |     0.007 |
|       gen_hl1_lif[31].hl1_lif |     0.007 |
|       gen_hl1_lif[3].hl1_lif  |     0.007 |
|       gen_hl1_lif[4].hl1_lif  |     0.007 |
|       gen_hl1_lif[5].hl1_lif  |     0.007 |
|       gen_hl1_lif[6].hl1_lif  |     0.007 |
|       gen_hl1_lif[7].hl1_lif  |     0.007 |
|       gen_hl1_lif[8].hl1_lif  |     0.007 |
|       gen_hl1_lif[9].hl1_lif  |     0.007 |
|       gen_hl2[0].hl2_lif      |     0.006 |
|       gen_hl2[1].hl2_lif      |     0.006 |
|       gen_hl2[2].hl2_lif      |     0.006 |
|       gen_hl2[3].hl2_lif      |     0.006 |
|       gen_hl2[4].hl2_lif      |     0.006 |
|       gen_hl2[5].hl2_lif      |     0.006 |
|       gen_hl2[6].hl2_lif      |     0.006 |
|       gen_hl2[7].hl2_lif      |     0.006 |
|       q_accum                 |     0.022 |
|     u_ctrl                    |     0.001 |
+-------------------------------+-----------+


