Multi-seed training for: fractional-32-8-8
  device       : cpu
  num_seeds    : 1
  base_seed    : 90
  num_episodes : 1500
  output_dir   : metrics/multi-seed/fractional-32-8-8/_workers/seed90

============================================================
Seed 90 (1/1)
============================================================
  Episode 50/1500  avg(100): 19.5
  Episode 100/1500  avg(100): 16.5
  Episode 150/1500  avg(100): 18.1
  Episode 200/1500  avg(100): 77.7
  Episode 250/1500  avg(100): 125.2
  Episode 300/1500  avg(100): 121.0
  Episode 350/1500  avg(100): 135.6
  Episode 400/1500  avg(100): 237.1
  Episode 450/1500  avg(100): 318.1
  Episode 500/1500  avg(100): 222.3
  Episode 550/1500  avg(100): 111.2
  Episode 600/1500  avg(100): 52.8
  Episode 650/1500  avg(100): 74.7
  Episode 700/1500  avg(100): 88.8
  Episode 750/1500  avg(100): 100.3
  Episode 800/1500  avg(100): 99.7
  Episode 850/1500  avg(100): 32.4
  Episode 900/1500  avg(100): 16.5
  Episode 950/1500  avg(100): 13.8
  Episode 1000/1500  avg(100): 14.3
  Episode 1050/1500  avg(100): 15.9
  Episode 1100/1500  avg(100): 17.9
  Episode 1150/1500  avg(100): 18.8
  Episode 1200/1500  avg(100): 19.4
  Episode 1250/1500  avg(100): 81.5
  Episode 1300/1500  avg(100): 239.1
  Episode 1350/1500  avg(100): 357.0
  Episode 1400/1500  avg(100): 407.2
  Episode 1450/1500  avg(100): 411.2
  Episode 1500/1500  avg(100): 443.3
Model saved to models/fractional-32-8-8-seed90-final.pth
  per-episode CSV streamed to: metrics/multi-seed/fractional-32-8-8/_workers/seed90/fractional-32-8-8-seed90.csv

Summary CSV: metrics/multi-seed/fractional-32-8-8/_workers/seed90/fractional-32-8-8-summary.csv

Results across 1 seeds:
  solved (final_avg >= 475) : 0/1 seeds
  final_avg_reward  : 443.33 ± 0.00  (primary metric: CartPole-v1 standard)
  best_avg_reward   : 444.12 ± 0.00
  tail_iqm_reward   : 244.11 ± 0.00  (diagnostic: matches Optuna selection metric)
  convergence_ep    : never reached threshold in any seed

Robust reporting (final_avg_reward across seeds, 95% bootstrap CI):
  IQM   : 443.33  [95% CI: 443.33, 443.33]
  Mean  : 443.33  [95% CI: 443.33, 443.33]
  (note: with N < 10, bootstrap CIs and IQM are necessarily wide; per Colas et al. 2018 consider increasing --num-seeds.)
