Multi-seed training for: leaky-32-32
  device       : cpu
  num_seeds    : 1
  base_seed    : 52
  num_episodes : 1500
  output_dir   : metrics/multi-seed/leaky-32-32/_workers/seed52

============================================================
Seed 52 (1/1)
============================================================
  Episode 50/1500  avg(100): 17.8
  Episode 100/1500  avg(100): 16.1
  Episode 150/1500  avg(100): 13.8
  Episode 200/1500  avg(100): 42.5
  Episode 250/1500  avg(100): 110.2
  Episode 300/1500  avg(100): 152.2
  Episode 350/1500  avg(100): 158.2
  Episode 400/1500  avg(100): 178.1
  Episode 450/1500  avg(100): 128.1
  Episode 500/1500  avg(100): 93.8
  Episode 550/1500  avg(100): 308.7
  Episode 600/1500  avg(100): 416.4
  Episode 650/1500  avg(100): 178.9
  Episode 700/1500  avg(100): 14.3
  Episode 750/1500  avg(100): 13.3
  Episode 800/1500  avg(100): 63.5
  Episode 850/1500  avg(100): 264.2
  Episode 900/1500  avg(100): 457.3
  Episode 950/1500  avg(100): 500.0
  Episode 1000/1500  avg(100): 500.0
  Episode 1050/1500  avg(100): 500.0
  Episode 1100/1500  avg(100): 500.0
  Episode 1150/1500  avg(100): 500.0
  Episode 1200/1500  avg(100): 500.0
  Episode 1250/1500  avg(100): 500.0
  Episode 1300/1500  avg(100): 500.0
  Episode 1350/1500  avg(100): 500.0
  Episode 1400/1500  avg(100): 500.0
  Episode 1450/1500  avg(100): 491.4
  Episode 1500/1500  avg(100): 491.4
Model saved to models/leaky-32-32-seed52-final.pth
  per-episode CSV streamed to: metrics/multi-seed/leaky-32-32/_workers/seed52/leaky-32-32-seed52.csv

Summary CSV: metrics/multi-seed/leaky-32-32/_workers/seed52/leaky-32-32-summary.csv

Results across 1 seeds:
  solved (final_avg >= 475) : 1/1 seeds
  final_avg_reward  : 491.40 ± 0.00  (primary metric: CartPole-v1 standard)
  best_avg_reward   : 500.00 ± 0.00
  tail_iqm_reward   : 500.00 ± 0.00  (diagnostic: matches Optuna selection metric)
  convergence_ep    : 905.0 ± 0.0  (1/1 seeds converged)

Robust reporting (final_avg_reward across seeds, 95% bootstrap CI):
  IQM   : 491.40  [95% CI: 491.40, 491.40]
  Mean  : 491.40  [95% CI: 491.40, 491.40]
  (note: with N < 10, bootstrap CIs and IQM are necessarily wide; per Colas et al. 2018 consider increasing --num-seeds.)
