Multi-seed training for: bitshift-64-32-4
  device       : cpu
  num_seeds    : 1
  base_seed    : 45
  num_episodes : 1500
  output_dir   : metrics/multi-seed/bitshift-64-32-4-50k/bitshift-64-32-4/_workers/seed45

============================================================
Seed 45 (1/1)
============================================================
  Episode 50/1500  avg(100): 17.5
  Episode 100/1500  avg(100): 18.2
  Episode 150/1500  avg(100): 46.4
  Episode 200/1500  avg(100): 117.6
  Episode 250/1500  avg(100): 162.7
  Episode 300/1500  avg(100): 163.4
  Episode 350/1500  avg(100): 241.8
  Episode 400/1500  avg(100): 308.2
  Episode 450/1500  avg(100): 256.2
  Episode 500/1500  avg(100): 269.4
  Episode 550/1500  avg(100): 282.3
  Episode 600/1500  avg(100): 191.4
  Episode 650/1500  avg(100): 133.2
  Episode 700/1500  avg(100): 124.4
  Episode 750/1500  avg(100): 138.2
  Episode 800/1500  avg(100): 148.6
  Episode 850/1500  avg(100): 239.2
  Episode 900/1500  avg(100): 331.4
  Episode 950/1500  avg(100): 303.5
  Episode 1000/1500  avg(100): 347.3
  Episode 1050/1500  avg(100): 393.1
  Episode 1100/1500  avg(100): 410.6
  Episode 1150/1500  avg(100): 475.1
  Episode 1200/1500  avg(100): 481.1
  Episode 1250/1500  avg(100): 383.9
  Episode 1300/1500  avg(100): 325.4
  Episode 1350/1500  avg(100): 408.6
  Episode 1400/1500  avg(100): 457.5
  Episode 1450/1500  avg(100): 468.8
  Episode 1500/1500  avg(100): 474.1
Model saved to models/bitshift-64-32-4-seed45-final.pth
  per-episode CSV streamed to: metrics/multi-seed/bitshift-64-32-4-50k/bitshift-64-32-4/_workers/seed45/bitshift-64-32-4-seed45.csv

Summary CSV: metrics/multi-seed/bitshift-64-32-4-50k/bitshift-64-32-4/_workers/seed45/bitshift-64-32-4-summary.csv

Results across 1 seeds:
  solved (final_avg >= 475) : 0/1 seeds
  final_avg_reward  : 474.11 ± 0.00  (primary metric: CartPole-v1 standard)
  best_avg_reward   : 498.82 ± 0.00
  tail_iqm_reward   : 445.95 ± 0.00  (diagnostic: matches Optuna selection metric)
  convergence_ep    : never reached threshold in any seed

Robust reporting (final_avg_reward across seeds, 95% bootstrap CI):
  IQM   : 474.11  [95% CI: 474.11, 474.11]
  Mean  : 474.11  [95% CI: 474.11, 474.11]
  (note: with N < 10, bootstrap CIs and IQM are necessarily wide; per Colas et al. 2018 consider increasing --num-seeds.)
