Multi-seed training for: bitshift-64-32-4
  device       : cpu
  num_seeds    : 1
  base_seed    : 56
  num_episodes : 1500
  output_dir   : metrics/multi-seed/bitshift-64-32-4-50k/bitshift-64-32-4/_workers/seed56

============================================================
Seed 56 (1/1)
============================================================
  Episode 50/1500  avg(100): 18.4
  Episode 100/1500  avg(100): 17.8
  Episode 150/1500  avg(100): 74.9
  Episode 200/1500  avg(100): 165.4
  Episode 250/1500  avg(100): 181.7
  Episode 300/1500  avg(100): 147.4
  Episode 350/1500  avg(100): 196.0
  Episode 400/1500  avg(100): 232.5
  Episode 450/1500  avg(100): 214.4
  Episode 500/1500  avg(100): 258.2
  Episode 550/1500  avg(100): 285.9
  Episode 600/1500  avg(100): 367.2
  Episode 650/1500  avg(100): 467.2
  Episode 700/1500  avg(100): 487.9
  Episode 750/1500  avg(100): 459.8
  Episode 800/1500  avg(100): 432.9
  Episode 850/1500  avg(100): 382.1
  Episode 900/1500  avg(100): 188.1
  Episode 950/1500  avg(100): 260.4
  Episode 1000/1500  avg(100): 475.6
  Episode 1050/1500  avg(100): 409.7
  Episode 1100/1500  avg(100): 363.9
  Episode 1150/1500  avg(100): 394.6
  Episode 1200/1500  avg(100): 434.6
  Episode 1250/1500  avg(100): 463.0
  Episode 1300/1500  avg(100): 473.0
  Episode 1350/1500  avg(100): 490.0
  Episode 1400/1500  avg(100): 494.5
  Episode 1450/1500  avg(100): 447.9
  Episode 1500/1500  avg(100): 433.8
Model saved to models/bitshift-64-32-4-seed56-final.pth
  per-episode CSV streamed to: metrics/multi-seed/bitshift-64-32-4-50k/bitshift-64-32-4/_workers/seed56/bitshift-64-32-4-seed56.csv

Summary CSV: metrics/multi-seed/bitshift-64-32-4-50k/bitshift-64-32-4/_workers/seed56/bitshift-64-32-4-summary.csv

Results across 1 seeds:
  solved (final_avg >= 475) : 0/1 seeds
  final_avg_reward  : 433.76 ± 0.00  (primary metric: CartPole-v1 standard)
  best_avg_reward   : 496.86 ± 0.00
  tail_iqm_reward   : 461.63 ± 0.00  (diagnostic: matches Optuna selection metric)
  convergence_ep    : never reached threshold in any seed

Robust reporting (final_avg_reward across seeds, 95% bootstrap CI):
  IQM   : 433.76  [95% CI: 433.76, 433.76]
  Mean  : 433.76  [95% CI: 433.76, 433.76]
  (note: with N < 10, bootstrap CIs and IQM are necessarily wide; per Colas et al. 2018 consider increasing --num-seeds.)
