Multi-seed training for: bitshift-64-32-4
  device       : cpu
  num_seeds    : 1
  base_seed    : 50
  num_episodes : 1500
  output_dir   : metrics/multi-seed/bitshift-64-32-4-25k/bitshift-64-32-4/_workers/seed50

============================================================
Seed 50 (1/1)
============================================================
  Episode 50/1500  avg(100): 16.5
  Episode 100/1500  avg(100): 15.7
  Episode 150/1500  avg(100): 46.5
  Episode 200/1500  avg(100): 162.8
  Episode 250/1500  avg(100): 262.2
  Episode 300/1500  avg(100): 209.7
  Episode 350/1500  avg(100): 159.5
  Episode 400/1500  avg(100): 178.9
  Episode 450/1500  avg(100): 190.2
  Episode 500/1500  avg(100): 162.2
  Episode 550/1500  avg(100): 197.6
  Episode 600/1500  avg(100): 155.3
  Episode 650/1500  avg(100): 147.4
  Episode 700/1500  avg(100): 294.9
  Episode 750/1500  avg(100): 274.5
  Episode 800/1500  avg(100): 185.3
  Episode 850/1500  avg(100): 179.5
  Episode 900/1500  avg(100): 340.7
  Episode 950/1500  avg(100): 349.9
  Episode 1000/1500  avg(100): 330.1
  Episode 1050/1500  avg(100): 406.4
  Episode 1100/1500  avg(100): 436.2
  Episode 1150/1500  avg(100): 485.4
  Episode 1200/1500  avg(100): 462.4
  Episode 1250/1500  avg(100): 460.8
  Episode 1300/1500  avg(100): 385.7
  Episode 1350/1500  avg(100): 401.9
  Episode 1400/1500  avg(100): 372.1
  Episode 1450/1500  avg(100): 274.5
  Episode 1500/1500  avg(100): 376.3
Model saved to models/bitshift-64-32-4-seed50-final.pth
  per-episode CSV streamed to: metrics/multi-seed/bitshift-64-32-4-25k/bitshift-64-32-4/_workers/seed50/bitshift-64-32-4-seed50.csv

Summary CSV: metrics/multi-seed/bitshift-64-32-4-25k/bitshift-64-32-4/_workers/seed50/bitshift-64-32-4-summary.csv

Results across 1 seeds:
  solved (final_avg >= 475) : 0/1 seeds
  final_avg_reward  : 376.28 ± 0.00  (primary metric: CartPole-v1 standard)
  best_avg_reward   : 487.27 ± 0.00
  tail_iqm_reward   : 413.07 ± 0.00  (diagnostic: matches Optuna selection metric)
  convergence_ep    : never reached threshold in any seed

Robust reporting (final_avg_reward across seeds, 95% bootstrap CI):
  IQM   : 376.28  [95% CI: 376.28, 376.28]
  Mean  : 376.28  [95% CI: 376.28, 376.28]
  (note: with N < 10, bootstrap CIs and IQM are necessarily wide; per Colas et al. 2018 consider increasing --num-seeds.)
