Multi-seed training for: leaky-32-32
  device       : cpu
  num_seeds    : 1
  base_seed    : 48
  num_episodes : 1500
  output_dir   : metrics/multi-seed/leaky-32-32-30k/leaky-32-32/_workers/seed48

============================================================
Seed 48 (1/1)
============================================================
  Episode 50/1500  avg(100): 16.3
  Episode 100/1500  avg(100): 14.1
  Episode 150/1500  avg(100): 11.7
  Episode 200/1500  avg(100): 11.9
  Episode 250/1500  avg(100): 13.1
  Episode 300/1500  avg(100): 38.3
  Episode 350/1500  avg(100): 143.2
  Episode 400/1500  avg(100): 214.0
  Episode 450/1500  avg(100): 234.2
  Episode 500/1500  avg(100): 288.6
  Episode 550/1500  avg(100): 369.0
  Episode 600/1500  avg(100): 293.0
  Episode 650/1500  avg(100): 198.4
  Episode 700/1500  avg(100): 221.0
  Episode 750/1500  avg(100): 177.7
  Episode 800/1500  avg(100): 146.9
  Episode 850/1500  avg(100): 154.5
  Episode 900/1500  avg(100): 140.0
  Episode 950/1500  avg(100): 72.9
  Episode 1000/1500  avg(100): 44.9
  Episode 1050/1500  avg(100): 141.8
  Episode 1100/1500  avg(100): 285.5
  Episode 1150/1500  avg(100): 409.0
  Episode 1200/1500  avg(100): 451.6
  Episode 1250/1500  avg(100): 434.1
  Episode 1300/1500  avg(100): 421.5
  Episode 1350/1500  avg(100): 427.9
  Episode 1400/1500  avg(100): 474.3
  Episode 1450/1500  avg(100): 500.0
  Episode 1500/1500  avg(100): 500.0
Model saved to models/leaky-32-32-seed48-final.pth
  per-episode CSV streamed to: metrics/multi-seed/leaky-32-32-30k/leaky-32-32/_workers/seed48/leaky-32-32-seed48.csv

Summary CSV: metrics/multi-seed/leaky-32-32-30k/leaky-32-32/_workers/seed48/leaky-32-32-summary.csv

Results across 1 seeds:
  solved (final_avg >= 475) : 1/1 seeds
  final_avg_reward  : 500.00 ± 0.00  (primary metric: CartPole-v1 standard)
  best_avg_reward   : 500.00 ± 0.00
  tail_iqm_reward   : 449.94 ± 0.00  (diagnostic: matches Optuna selection metric)
  convergence_ep    : 1419.0 ± 0.0  (1/1 seeds converged)

Robust reporting (final_avg_reward across seeds, 95% bootstrap CI):
  IQM   : 500.00  [95% CI: 500.00, 500.00]
  Mean  : 500.00  [95% CI: 500.00, 500.00]
  (note: with N < 10, bootstrap CIs and IQM are necessarily wide; per Colas et al. 2018 consider increasing --num-seeds.)
