Multi-seed training for: bitshift-64-32-4
  device       : cpu
  num_seeds    : 1
  base_seed    : 54
  num_episodes : 1500
  output_dir   : metrics/multi-seed/bitshift-64-32-4-25k/bitshift-64-32-4/_workers/seed54

============================================================
Seed 54 (1/1)
============================================================
  Episode 50/1500  avg(100): 16.4
  Episode 100/1500  avg(100): 16.2
  Episode 150/1500  avg(100): 39.1
  Episode 200/1500  avg(100): 76.6
  Episode 250/1500  avg(100): 121.8
  Episode 300/1500  avg(100): 244.9
  Episode 350/1500  avg(100): 316.1
  Episode 400/1500  avg(100): 337.7
  Episode 450/1500  avg(100): 419.1
  Episode 500/1500  avg(100): 405.9
  Episode 550/1500  avg(100): 417.1
  Episode 600/1500  avg(100): 399.1
  Episode 650/1500  avg(100): 355.1
  Episode 700/1500  avg(100): 332.9
  Episode 750/1500  avg(100): 285.4
  Episode 800/1500  avg(100): 360.9
  Episode 850/1500  avg(100): 451.5
  Episode 900/1500  avg(100): 389.0
  Episode 950/1500  avg(100): 287.4
  Episode 1000/1500  avg(100): 294.9
  Episode 1050/1500  avg(100): 355.8
  Episode 1100/1500  avg(100): 448.6
  Episode 1150/1500  avg(100): 492.6
  Episode 1200/1500  avg(100): 429.4
  Episode 1250/1500  avg(100): 339.2
  Episode 1300/1500  avg(100): 373.8
  Episode 1350/1500  avg(100): 446.0
  Episode 1400/1500  avg(100): 417.2
  Episode 1450/1500  avg(100): 441.5
  Episode 1500/1500  avg(100): 498.9
Model saved to models/bitshift-64-32-4-seed54-final.pth
  per-episode CSV streamed to: metrics/multi-seed/bitshift-64-32-4-25k/bitshift-64-32-4/_workers/seed54/bitshift-64-32-4-seed54.csv

Summary CSV: metrics/multi-seed/bitshift-64-32-4-25k/bitshift-64-32-4/_workers/seed54/bitshift-64-32-4-summary.csv

Results across 1 seeds:
  solved (final_avg >= 475) : 1/1 seeds
  final_avg_reward  : 498.92 ± 0.00  (primary metric: CartPole-v1 standard)
  best_avg_reward   : 498.92 ± 0.00
  tail_iqm_reward   : 426.66 ± 0.00  (diagnostic: matches Optuna selection metric)
  convergence_ep    : 1458.0 ± 0.0  (1/1 seeds converged)

Robust reporting (final_avg_reward across seeds, 95% bootstrap CI):
  IQM   : 498.92  [95% CI: 498.92, 498.92]
  Mean  : 498.92  [95% CI: 498.92, 498.92]
  (note: with N < 10, bootstrap CIs and IQM are necessarily wide; per Colas et al. 2018 consider increasing --num-seeds.)
