Multi-seed training for: bitshift-64-32-4
  device       : cpu
  num_seeds    : 1
  base_seed    : 59
  num_episodes : 1500
  output_dir   : metrics/multi-seed/bitshift-64-32-4-25k/bitshift-64-32-4/_workers/seed59

============================================================
Seed 59 (1/1)
============================================================
  Episode 50/1500  avg(100): 16.8
  Episode 100/1500  avg(100): 15.9
  Episode 150/1500  avg(100): 51.0
  Episode 200/1500  avg(100): 143.6
  Episode 250/1500  avg(100): 307.0
  Episode 300/1500  avg(100): 310.0
  Episode 350/1500  avg(100): 308.6
  Episode 400/1500  avg(100): 323.7
  Episode 450/1500  avg(100): 296.1
  Episode 500/1500  avg(100): 369.1
  Episode 550/1500  avg(100): 402.7
  Episode 600/1500  avg(100): 452.7
  Episode 650/1500  avg(100): 478.8
  Episode 700/1500  avg(100): 465.7
  Episode 750/1500  avg(100): 478.0
  Episode 800/1500  avg(100): 500.0
  Episode 850/1500  avg(100): 500.0
  Episode 900/1500  avg(100): 500.0
  Episode 950/1500  avg(100): 500.0
  Episode 1000/1500  avg(100): 500.0
  Episode 1050/1500  avg(100): 494.8
  Episode 1100/1500  avg(100): 380.3
  Episode 1150/1500  avg(100): 362.8
  Episode 1200/1500  avg(100): 431.4
  Episode 1250/1500  avg(100): 391.4
  Episode 1300/1500  avg(100): 434.0
  Episode 1350/1500  avg(100): 470.7
  Episode 1400/1500  avg(100): 461.0
  Episode 1450/1500  avg(100): 486.6
  Episode 1500/1500  avg(100): 499.5
Model saved to models/bitshift-64-32-4-seed59-final.pth
  per-episode CSV streamed to: metrics/multi-seed/bitshift-64-32-4-25k/bitshift-64-32-4/_workers/seed59/bitshift-64-32-4-seed59.csv

Summary CSV: metrics/multi-seed/bitshift-64-32-4-25k/bitshift-64-32-4/_workers/seed59/bitshift-64-32-4-summary.csv

Results across 1 seeds:
  solved (final_avg >= 475) : 1/1 seeds
  final_avg_reward  : 499.52 ± 0.00  (primary metric: CartPole-v1 standard)
  best_avg_reward   : 500.00 ± 0.00
  tail_iqm_reward   : 443.89 ± 0.00  (diagnostic: matches Optuna selection metric)
  convergence_ep    : 1433.0 ± 0.0  (1/1 seeds converged)

Robust reporting (final_avg_reward across seeds, 95% bootstrap CI):
  IQM   : 499.52  [95% CI: 499.52, 499.52]
  Mean  : 499.52  [95% CI: 499.52, 499.52]
  (note: with N < 10, bootstrap CIs and IQM are necessarily wide; per Colas et al. 2018 consider increasing --num-seeds.)
