Multi-seed training for: fractional-32-8-8
  device       : cpu
  num_seeds    : 1
  base_seed    : 59
  num_episodes : 1500
  output_dir   : metrics/multi-seed/fractional-32-8-8-50k/fractional-32-8-8/_workers/seed59

============================================================
Seed 59 (1/1)
============================================================
  Episode 50/1500  avg(100): 17.9
  Episode 100/1500  avg(100): 14.8
  Episode 150/1500  avg(100): 11.4
  Episode 200/1500  avg(100): 12.5
  Episode 250/1500  avg(100): 14.2
  Episode 300/1500  avg(100): 17.5
  Episode 350/1500  avg(100): 48.2
  Episode 400/1500  avg(100): 144.4
  Episode 450/1500  avg(100): 179.8
  Episode 500/1500  avg(100): 181.6
  Episode 550/1500  avg(100): 233.4
  Episode 600/1500  avg(100): 163.6
  Episode 650/1500  avg(100): 74.9
  Episode 700/1500  avg(100): 86.0
  Episode 750/1500  avg(100): 133.1
  Episode 800/1500  avg(100): 303.4
  Episode 850/1500  avg(100): 469.8
  Episode 900/1500  avg(100): 402.1
  Episode 950/1500  avg(100): 166.8
  Episode 1000/1500  avg(100): 34.6
  Episode 1050/1500  avg(100): 246.2
  Episode 1100/1500  avg(100): 476.3
  Episode 1150/1500  avg(100): 479.7
  Episode 1200/1500  avg(100): 431.6
  Episode 1250/1500  avg(100): 442.1
  Episode 1300/1500  avg(100): 457.5
  Episode 1350/1500  avg(100): 413.7
  Episode 1400/1500  avg(100): 304.6
  Episode 1450/1500  avg(100): 126.1
  Episode 1500/1500  avg(100): 73.4
Model saved to models/fractional-32-8-8-seed59-final.pth
  per-episode CSV streamed to: metrics/multi-seed/fractional-32-8-8-50k/fractional-32-8-8/_workers/seed59/fractional-32-8-8-seed59.csv

Summary CSV: metrics/multi-seed/fractional-32-8-8-50k/fractional-32-8-8/_workers/seed59/fractional-32-8-8-summary.csv

Results across 1 seeds:
  solved (final_avg >= 475) : 0/1 seeds
  final_avg_reward  : 73.38 ± 0.00  (primary metric: CartPole-v1 standard)
  best_avg_reward   : 495.12 ± 0.00
  tail_iqm_reward   : 415.95 ± 0.00  (diagnostic: matches Optuna selection metric)
  convergence_ep    : never reached threshold in any seed

Robust reporting (final_avg_reward across seeds, 95% bootstrap CI):
  IQM   : 73.38  [95% CI: 73.38, 73.38]
  Mean  : 73.38  [95% CI: 73.38, 73.38]
  (note: with N < 10, bootstrap CIs and IQM are necessarily wide; per Colas et al. 2018 consider increasing --num-seeds.)
