Multi-seed training for: bitshift-64-32-4
  device       : cpu
  num_seeds    : 1
  base_seed    : 96
  num_episodes : 1500
  output_dir   : metrics/multi-seed/bitshift-64-32-4/_workers/seed96

============================================================
Seed 96 (1/1)
============================================================
  Episode 50/1500  avg(100): 16.6
  Episode 100/1500  avg(100): 15.4
  Episode 150/1500  avg(100): 17.0
  Episode 200/1500  avg(100): 44.7
  Episode 250/1500  avg(100): 136.1
  Episode 300/1500  avg(100): 162.2
  Episode 350/1500  avg(100): 147.1
  Episode 400/1500  avg(100): 195.5
  Episode 450/1500  avg(100): 188.8
  Episode 500/1500  avg(100): 152.8
  Episode 550/1500  avg(100): 185.5
  Episode 600/1500  avg(100): 251.0
  Episode 650/1500  avg(100): 312.9
  Episode 700/1500  avg(100): 348.6
  Episode 750/1500  avg(100): 407.6
  Episode 800/1500  avg(100): 423.5
  Episode 850/1500  avg(100): 317.8
  Episode 900/1500  avg(100): 150.1
  Episode 950/1500  avg(100): 123.4
  Episode 1000/1500  avg(100): 278.5
  Episode 1050/1500  avg(100): 423.8
  Episode 1100/1500  avg(100): 390.2
  Episode 1150/1500  avg(100): 275.9
  Episode 1200/1500  avg(100): 335.7
  Episode 1250/1500  avg(100): 396.1
  Episode 1300/1500  avg(100): 329.0
  Episode 1350/1500  avg(100): 387.0
  Episode 1400/1500  avg(100): 500.0
  Episode 1450/1500  avg(100): 500.0
  Episode 1500/1500  avg(100): 498.0
Model saved to models/bitshift-64-32-4-seed96-final.pth
  per-episode CSV streamed to: metrics/multi-seed/bitshift-64-32-4/_workers/seed96/bitshift-64-32-4-seed96.csv

Summary CSV: metrics/multi-seed/bitshift-64-32-4/_workers/seed96/bitshift-64-32-4-summary.csv

Results across 1 seeds:
  solved (final_avg >= 475) : 1/1 seeds
  final_avg_reward  : 498.01 ± 0.00  (primary metric: CartPole-v1 standard)
  best_avg_reward   : 500.00 ± 0.00
  tail_iqm_reward   : 391.50 ± 0.00  (diagnostic: matches Optuna selection metric)
  convergence_ep    : 1378.0 ± 0.0  (1/1 seeds converged)

Robust reporting (final_avg_reward across seeds, 95% bootstrap CI):
  IQM   : 498.01  [95% CI: 498.01, 498.01]
  Mean  : 498.01  [95% CI: 498.01, 498.01]
  (note: with N < 10, bootstrap CIs and IQM are necessarily wide; per Colas et al. 2018 consider increasing --num-seeds.)
