Copyright 1986-2022 Xilinx, Inc. All Rights Reserved. Copyright 2022-2025 Advanced Micro Devices, Inc. All Rights Reserved.
------------------------------------------------------------------------------------------------------------------------------------------------------------
| Tool Version : Vivado v.2025.1 (lin64) Build 6140274 Wed May 21 22:58:25 MDT 2025
| Date         : Sat May 23 14:52:02 2026
| Host         : niklas.ece.pdx.edu running 64-bit Pop!_OS 22.04 LTS
| Command      : report_timing_summary -file /home/stonepine/intrinsic-memory-SNNs/3_benchmarking_on_FPGA/results/bitshift-64-32-4/synth_timing_summary.rpt
| Design       : board_top_bitshift_64_32_4
| Device       : 7a100t-csg324
| Speed File   : -1  PRODUCTION 1.23 2018-06-13
| Design State : Synthesized
------------------------------------------------------------------------------------------------------------------------------------------------------------

Timing Summary Report

------------------------------------------------------------------------------------------------
| Timer Settings
| --------------
------------------------------------------------------------------------------------------------

  Enable Multi Corner Analysis               :  Yes
  Enable Pessimism Removal                   :  Yes
  Pessimism Removal Resolution               :  Nearest Common Node
  Enable Input Delay Default Clock           :  No
  Enable Preset / Clear Arcs                 :  No
  Disable Flight Delays                      :  No
  Ignore I/O Paths                           :  No
  Timing Early Launch at Borrowing Latches   :  No
  Borrow Time for Max Delay Exceptions       :  Yes
  Merge Timing Exceptions                    :  Yes
  Inter-SLR Compensation                     :  Conservative

  Corner  Analyze    Analyze    
  Name    Max Paths  Min Paths  
  ------  ---------  ---------  
  Slow    Yes        Yes        
  Fast    Yes        Yes        


------------------------------------------------------------------------------------------------
| Report Methodology
| ------------------
------------------------------------------------------------------------------------------------

No report available as report_methodology has not been run prior. Run report_methodology on the current design for the summary of methodology violations.



check_timing report

Table of Contents
-----------------
1. checking no_clock (0)
2. checking constant_clock (0)
3. checking pulse_width_clock (0)
4. checking unconstrained_internal_endpoints (0)
5. checking no_input_delay (2)
6. checking no_output_delay (4)
7. checking multiple_clock (0)
8. checking generated_clocks (0)
9. checking loops (0)
10. checking partial_input_delay (0)
11. checking partial_output_delay (0)
12. checking latch_loops (0)

1. checking no_clock (0)
------------------------
 There are 0 register/latch pins with no clock.


2. checking constant_clock (0)
------------------------------
 There are 0 register/latch pins with constant_clock.


3. checking pulse_width_clock (0)
---------------------------------
 There are 0 register/latch pins which need pulse_width check


4. checking unconstrained_internal_endpoints (0)
------------------------------------------------
 There are 0 pins that are not constrained for maximum delay.

 There are 0 pins that are not constrained for maximum delay due to constant clock.


5. checking no_input_delay (2)
------------------------------
 There are 2 input ports with no input delay specified. (HIGH)

 There are 0 input ports with no input delay but user has a false path constraint.


6. checking no_output_delay (4)
-------------------------------
 There are 4 ports with no output delay specified. (HIGH)

 There are 0 ports with no output delay but user has a false path constraint

 There are 0 ports with no output delay but with a timing clock defined on it or propagating through it


7. checking multiple_clock (0)
------------------------------
 There are 0 register/latch pins with multiple clocks.


8. checking generated_clocks (0)
--------------------------------
 There are 0 generated clocks that are not connected to a clock source.


9. checking loops (0)
---------------------
 There are 0 combinational loops in the design.


10. checking partial_input_delay (0)
------------------------------------
 There are 0 input ports with partial input delay specified.


11. checking partial_output_delay (0)
-------------------------------------
 There are 0 ports with partial output delay specified.


12. checking latch_loops (0)
----------------------------
 There are 0 combinational latch loops in the design through latch input



------------------------------------------------------------------------------------------------
| Design Timing Summary
| ---------------------
------------------------------------------------------------------------------------------------

    WNS(ns)      TNS(ns)  TNS Failing Endpoints  TNS Total Endpoints      WHS(ns)      THS(ns)  THS Failing Endpoints  THS Total Endpoints     WPWS(ns)     TPWS(ns)  TPWS Failing Endpoints  TPWS Total Endpoints  
    -------      -------  ---------------------  -------------------      -------      -------  ---------------------  -------------------     --------     --------  ----------------------  --------------------  
      0.134        0.000                      0                88310        0.137        0.000                      0                88310        4.500        0.000                       0                 44717  


All user specified timing constraints are met.


------------------------------------------------------------------------------------------------
| Clock Summary
| -------------
------------------------------------------------------------------------------------------------

Clock        Waveform(ns)       Period(ns)      Frequency(MHz)
-----        ------------       ----------      --------------
sys_clk_pin  {0.000 5.000}      10.000          100.000         


------------------------------------------------------------------------------------------------
| Intra Clock Table
| -----------------
------------------------------------------------------------------------------------------------

Clock             WNS(ns)      TNS(ns)  TNS Failing Endpoints  TNS Total Endpoints      WHS(ns)      THS(ns)  THS Failing Endpoints  THS Total Endpoints     WPWS(ns)     TPWS(ns)  TPWS Failing Endpoints  TPWS Total Endpoints  
-----             -------      -------  ---------------------  -------------------      -------      -------  ---------------------  -------------------     --------     --------  ----------------------  --------------------  
sys_clk_pin         0.134        0.000                      0                88310        0.137        0.000                      0                88310        4.500        0.000                       0                 44717  


------------------------------------------------------------------------------------------------
| Inter Clock Table
| -----------------
------------------------------------------------------------------------------------------------

From Clock    To Clock          WNS(ns)      TNS(ns)  TNS Failing Endpoints  TNS Total Endpoints      WHS(ns)      THS(ns)  THS Failing Endpoints  THS Total Endpoints  
----------    --------          -------      -------  ---------------------  -------------------      -------      -------  ---------------------  -------------------  


------------------------------------------------------------------------------------------------
| Other Path Groups Table
| -----------------------
------------------------------------------------------------------------------------------------

Path Group    From Clock    To Clock          WNS(ns)      TNS(ns)  TNS Failing Endpoints  TNS Total Endpoints      WHS(ns)      THS(ns)  THS Failing Endpoints  THS Total Endpoints  
----------    ----------    --------          -------      -------  ---------------------  -------------------      -------      -------  ---------------------  -------------------  


------------------------------------------------------------------------------------------------
| Timing Details
| --------------
------------------------------------------------------------------------------------------------


---------------------------------------------------------------------------------------------------
From Clock:  sys_clk_pin
  To Clock:  sys_clk_pin

Setup :            0  Failing Endpoints,  Worst Slack        0.134ns,  Total Violation        0.000ns
Hold  :            0  Failing Endpoints,  Worst Slack        0.137ns,  Total Violation        0.000ns
PW    :            0  Failing Endpoints,  Worst Slack        4.500ns,  Total Violation        0.000ns
---------------------------------------------------------------------------------------------------


Max Delay Paths
--------------------------------------------------------------------------------------
Slack (MET) :             0.134ns  (required time - arrival time)
  Source:                 u_accel/gen_nn_bitshift.u_accel/gen_hl2[14].membrane_buf/membrane_storage_reg[7][0]/C
                            (rising edge-triggered cell FDCE clocked by sys_clk_pin  {rise@0.000ns fall@5.000ns period=10.000ns})
  Destination:            u_accel/gen_nn_bitshift.u_accel/q_accum/p_0_out/A[0]
                            (rising edge-triggered cell DSP48E1 clocked by sys_clk_pin  {rise@0.000ns fall@5.000ns period=10.000ns})
  Path Group:             sys_clk_pin
  Path Type:              Setup (Max at Slow Process Corner)
  Requirement:            10.000ns  (sys_clk_pin rise@10.000ns - sys_clk_pin rise@0.000ns)
  Data Path Delay:        5.964ns  (logic 2.111ns (35.397%)  route 3.853ns (64.603%))
  Logic Levels:           7  (LUT5=2 LUT6=3 MUXF7=2)
  Clock Path Skew:        -0.145ns (DCD - SCD + CPR)
    Destination Clock Delay (DCD):    2.704ns = ( 12.704 - 10.000 ) 
    Source Clock Delay      (SCD):    2.965ns
    Clock Pessimism Removal (CPR):    0.116ns
  Clock Uncertainty:      0.035ns  ((TSJ^2 + TIJ^2)^1/2 + DJ) / 2 + PE
    Total System Jitter     (TSJ):    0.071ns
    Total Input Jitter      (TIJ):    0.000ns
    Discrete Jitter          (DJ):    0.000ns
    Phase Error              (PE):    0.000ns

    Location             Delay type                Incr(ns)  Path(ns)    Netlist Resource(s)
  -------------------------------------------------------------------    -------------------
                         (clock sys_clk_pin rise edge)
                                                      0.000     0.000 r  
    E3                                                0.000     0.000 r  CLK100MHZ (IN)
                         net (fo=0)                   0.000     0.000    CLK100MHZ
    E3                   IBUF (Prop_ibuf_I_O)         1.482     1.482 r  CLK100MHZ_IBUF_inst/O
                         net (fo=1, unplaced)         0.803     2.285    CLK100MHZ_IBUF
                         BUFG (Prop_bufg_I_O)         0.096     2.381 r  CLK100MHZ_IBUF_BUFG_inst/O
                         net (fo=44716, unplaced)     0.584     2.965    u_accel/gen_nn_bitshift.u_accel/gen_hl2[14].membrane_buf/CLK100MHZ_IBUF_BUFG
                         FDCE                                         r  u_accel/gen_nn_bitshift.u_accel/gen_hl2[14].membrane_buf/membrane_storage_reg[7][0]/C
  -------------------------------------------------------------------    -------------------
                         FDCE (Prop_fdce_C_Q)         0.478     3.443 r  u_accel/gen_nn_bitshift.u_accel/gen_hl2[14].membrane_buf/membrane_storage_reg[7][0]/Q
                         net (fo=1, unplaced)         0.965     4.408    u_accel/gen_nn_bitshift.u_accel/gen_hl2[14].membrane_buf/membrane_storage_reg[7]_654[0]
                         LUT6 (Prop_lut6_I0_O)        0.295     4.703 r  u_accel/gen_nn_bitshift.u_accel/gen_hl2[14].membrane_buf/p_0_out_i_6607/O
                         net (fo=1, unplaced)         0.000     4.703    u_accel/gen_nn_bitshift.u_accel/gen_hl2[14].membrane_buf/p_0_out_i_6607_n_0
                         MUXF7 (Prop_muxf7_I1_O)      0.247     4.950 r  u_accel/gen_nn_bitshift.u_accel/gen_hl2[14].membrane_buf/p_0_out_i_5018/O
                         net (fo=1, unplaced)         0.452     5.402    u_accel/gen_nn_bitshift.u_accel/gen_hl2[14].membrane_buf/p_0_out_i_5018_n_0
                         LUT5 (Prop_lut5_I4_O)        0.298     5.700 r  u_accel/gen_nn_bitshift.u_accel/gen_hl2[14].membrane_buf/p_0_out_i_3064/O
                         net (fo=1, unplaced)         0.449     6.149    u_accel/gen_nn_bitshift.u_accel/gen_hl2[15].membrane_buf/membrane_to_q[14]_667[0]
                         LUT5 (Prop_lut5_I4_O)        0.124     6.273 r  u_accel/gen_nn_bitshift.u_accel/gen_hl2[15].membrane_buf/p_0_out_i_1285/O
                         net (fo=1, unplaced)         0.000     6.273    u_accel/gen_nn_bitshift.u_accel/q_accum/p_0_out_i_121_2
                         MUXF7 (Prop_muxf7_I1_O)      0.247     6.520 r  u_accel/gen_nn_bitshift.u_accel/q_accum/p_0_out_i_425/O
                         net (fo=1, unplaced)         0.735     7.255    u_accel/gen_nn_bitshift.u_accel/q_accum/p_0_out_i_425_n_0
                         LUT6 (Prop_lut6_I0_O)        0.298     7.553 f  u_accel/gen_nn_bitshift.u_accel/q_accum/p_0_out_i_121/O
                         net (fo=1, unplaced)         0.449     8.002    u_accel/gen_nn_bitshift.u_accel/q_accum/p_0_out_i_121_n_0
                         LUT6 (Prop_lut6_I5_O)        0.124     8.126 r  u_accel/gen_nn_bitshift.u_accel/q_accum/p_0_out_i_25/O
                         net (fo=2, unplaced)         0.803     8.929    u_accel/gen_nn_bitshift.u_accel/q_accum/membrane_in[0]
                         DSP48E1                                      r  u_accel/gen_nn_bitshift.u_accel/q_accum/p_0_out/A[0]
  -------------------------------------------------------------------    -------------------

                         (clock sys_clk_pin rise edge)
                                                     10.000    10.000 r  
    E3                                                0.000    10.000 r  CLK100MHZ (IN)
                         net (fo=0)                   0.000    10.000    CLK100MHZ
    E3                   IBUF (Prop_ibuf_I_O)         1.411    11.411 r  CLK100MHZ_IBUF_inst/O
                         net (fo=1, unplaced)         0.763    12.174    CLK100MHZ_IBUF
                         BUFG (Prop_bufg_I_O)         0.091    12.265 r  CLK100MHZ_IBUF_BUFG_inst/O
                         net (fo=44716, unplaced)     0.439    12.704    u_accel/gen_nn_bitshift.u_accel/q_accum/CLK100MHZ_IBUF_BUFG
                         DSP48E1                                      r  u_accel/gen_nn_bitshift.u_accel/q_accum/p_0_out/CLK
                         clock pessimism              0.116    12.820    
                         clock uncertainty           -0.035    12.784    
                         DSP48E1 (Setup_dsp48e1_CLK_A[0])
                                                     -3.722     9.062    u_accel/gen_nn_bitshift.u_accel/q_accum/p_0_out
  -------------------------------------------------------------------
                         required time                          9.062    
                         arrival time                          -8.929    
  -------------------------------------------------------------------
                         slack                                  0.134    





Min Delay Paths
--------------------------------------------------------------------------------------
Slack (MET) :             0.137ns  (arrival time - required time)
  Source:                 u_accel/gen_nn_bitshift.u_accel/fc2/done_reg/C
                            (rising edge-triggered cell FDCE clocked by sys_clk_pin  {rise@0.000ns fall@5.000ns period=10.000ns})
  Destination:            u_accel/gen_nn_bitshift.u_accel/fc2/done_reg/D
                            (rising edge-triggered cell FDCE clocked by sys_clk_pin  {rise@0.000ns fall@5.000ns period=10.000ns})
  Path Group:             sys_clk_pin
  Path Type:              Hold (Min at Fast Process Corner)
  Requirement:            0.000ns  (sys_clk_pin rise@0.000ns - sys_clk_pin rise@0.000ns)
  Data Path Delay:        0.381ns  (logic 0.245ns (64.350%)  route 0.136ns (35.650%))
  Logic Levels:           1  (LUT4=1)
  Clock Path Skew:        0.145ns (DCD - SCD - CPR)
    Destination Clock Delay (DCD):    1.082ns
    Source Clock Delay      (SCD):    0.728ns
    Clock Pessimism Removal (CPR):    0.209ns

    Location             Delay type                Incr(ns)  Path(ns)    Netlist Resource(s)
  -------------------------------------------------------------------    -------------------
                         (clock sys_clk_pin rise edge)
                                                      0.000     0.000 r  
    E3                                                0.000     0.000 r  CLK100MHZ (IN)
                         net (fo=0)                   0.000     0.000    CLK100MHZ
    E3                   IBUF (Prop_ibuf_I_O)         0.250     0.250 r  CLK100MHZ_IBUF_inst/O
                         net (fo=1, unplaced)         0.338     0.588    CLK100MHZ_IBUF
                         BUFG (Prop_bufg_I_O)         0.026     0.614 r  CLK100MHZ_IBUF_BUFG_inst/O
                         net (fo=44716, unplaced)     0.114     0.728    u_accel/gen_nn_bitshift.u_accel/fc2/CLK100MHZ_IBUF_BUFG
                         FDCE                                         r  u_accel/gen_nn_bitshift.u_accel/fc2/done_reg/C
  -------------------------------------------------------------------    -------------------
                         FDCE (Prop_fdce_C_Q)         0.147     0.875 r  u_accel/gen_nn_bitshift.u_accel/fc2/done_reg/Q
                         net (fo=2, unplaced)         0.136     1.011    u_accel/gen_nn_bitshift.u_accel/fc2/fc2_done
                         LUT4 (Prop_lut4_I3_O)        0.098     1.109 r  u_accel/gen_nn_bitshift.u_accel/fc2/i___308/O
                         net (fo=1, unplaced)         0.000     1.109    u_accel/gen_nn_bitshift.u_accel/fc2/i___308_n_0
                         FDCE                                         r  u_accel/gen_nn_bitshift.u_accel/fc2/done_reg/D
  -------------------------------------------------------------------    -------------------

                         (clock sys_clk_pin rise edge)
                                                      0.000     0.000 r  
    E3                                                0.000     0.000 r  CLK100MHZ (IN)
                         net (fo=0)                   0.000     0.000    CLK100MHZ
    E3                   IBUF (Prop_ibuf_I_O)         0.438     0.438 r  CLK100MHZ_IBUF_inst/O
                         net (fo=1, unplaced)         0.356     0.794    CLK100MHZ_IBUF
                         BUFG (Prop_bufg_I_O)         0.029     0.823 r  CLK100MHZ_IBUF_BUFG_inst/O
                         net (fo=44716, unplaced)     0.259     1.082    u_accel/gen_nn_bitshift.u_accel/fc2/CLK100MHZ_IBUF_BUFG
                         FDCE                                         r  u_accel/gen_nn_bitshift.u_accel/fc2/done_reg/C
                         clock pessimism             -0.209     0.873    
                         FDCE (Hold_fdce_C_D)         0.099     0.972    u_accel/gen_nn_bitshift.u_accel/fc2/done_reg
  -------------------------------------------------------------------
                         required time                         -0.972    
                         arrival time                           1.109    
  -------------------------------------------------------------------
                         slack                                  0.137    





Pulse Width Checks
--------------------------------------------------------------------------------------
Clock Name:         sys_clk_pin
Waveform(ns):       { 0.000 5.000 }
Period(ns):         10.000
Sources:            { CLK100MHZ }

Check Type        Corner  Lib Pin  Reference Pin  Required(ns)  Actual(ns)  Slack(ns)  Location  Pin
Min Period        n/a     BUFG/I   n/a            2.155         10.000      7.845                CLK100MHZ_IBUF_BUFG_inst/I
Low Pulse Width   Slow    FDCE/C   n/a            0.500         5.000       4.500                action_q_reg/C
High Pulse Width  Slow    FDCE/C   n/a            0.500         5.000       4.500                action_q_reg/C



