Multi-seed training for: leaky-32-32
  device       : cpu
  num_seeds    : 1
  base_seed    : 51
  num_episodes : 1500
  output_dir   : metrics/multi-seed/leaky-32-32-20k/leaky-32-32/_workers/seed51

============================================================
Seed 51 (1/1)
============================================================
  Episode 50/1500  avg(100): 19.1
  Episode 100/1500  avg(100): 16.1
  Episode 150/1500  avg(100): 18.9
  Episode 200/1500  avg(100): 66.5
  Episode 250/1500  avg(100): 138.6
  Episode 300/1500  avg(100): 171.3
  Episode 350/1500  avg(100): 185.8
  Episode 400/1500  avg(100): 319.2
  Episode 450/1500  avg(100): 367.4
  Episode 500/1500  avg(100): 309.6
  Episode 550/1500  avg(100): 407.2
  Episode 600/1500  avg(100): 468.6
  Episode 650/1500  avg(100): 473.9
  Episode 700/1500  avg(100): 478.3
  Episode 750/1500  avg(100): 396.3
  Episode 800/1500  avg(100): 366.6
  Episode 850/1500  avg(100): 419.9
  Episode 900/1500  avg(100): 471.4
  Episode 950/1500  avg(100): 500.0
  Episode 1000/1500  avg(100): 495.4
  Episode 1050/1500  avg(100): 473.1
  Episode 1100/1500  avg(100): 451.6
  Episode 1150/1500  avg(100): 430.6
  Episode 1200/1500  avg(100): 430.0
  Episode 1250/1500  avg(100): 452.9
  Episode 1300/1500  avg(100): 411.4
  Episode 1350/1500  avg(100): 204.2
  Episode 1400/1500  avg(100): 49.5
  Episode 1450/1500  avg(100): 71.2
  Episode 1500/1500  avg(100): 276.3
Model saved to models/leaky-32-32-seed51-final.pth
  per-episode CSV streamed to: metrics/multi-seed/leaky-32-32-20k/leaky-32-32/_workers/seed51/leaky-32-32-seed51.csv

Summary CSV: metrics/multi-seed/leaky-32-32-20k/leaky-32-32/_workers/seed51/leaky-32-32-summary.csv

Results across 1 seeds:
  solved (final_avg >= 475) : 0/1 seeds
  final_avg_reward  : 276.27 ± 0.00  (primary metric: CartPole-v1 standard)
  best_avg_reward   : 500.00 ± 0.00
  tail_iqm_reward   : 325.09 ± 0.00  (diagnostic: matches Optuna selection metric)
  convergence_ep    : never reached threshold in any seed

Robust reporting (final_avg_reward across seeds, 95% bootstrap CI):
  IQM   : 276.27  [95% CI: 276.27, 276.27]
  Mean  : 276.27  [95% CI: 276.27, 276.27]
  (note: with N < 10, bootstrap CIs and IQM are necessarily wide; per Colas et al. 2018 consider increasing --num-seeds.)
