Multi-seed training for: fractional-32-8-8
  device       : cpu
  num_seeds    : 1
  base_seed    : 82
  num_episodes : 1500
  output_dir   : metrics/multi-seed/fractional-32-8-8/_workers/seed82

============================================================
Seed 82 (1/1)
============================================================
  Episode 50/1500  avg(100): 18.0
  Episode 100/1500  avg(100): 15.9
  Episode 150/1500  avg(100): 16.3
  Episode 200/1500  avg(100): 26.4
  Episode 250/1500  avg(100): 58.5
  Episode 300/1500  avg(100): 112.3
  Episode 350/1500  avg(100): 134.8
  Episode 400/1500  avg(100): 122.8
  Episode 450/1500  avg(100): 134.8
  Episode 500/1500  avg(100): 169.1
  Episode 550/1500  avg(100): 241.5
  Episode 600/1500  avg(100): 381.2
  Episode 650/1500  avg(100): 482.8
  Episode 700/1500  avg(100): 500.0
  Episode 750/1500  avg(100): 500.0
  Episode 800/1500  avg(100): 480.6
  Episode 850/1500  avg(100): 480.6
  Episode 900/1500  avg(100): 500.0
  Episode 950/1500  avg(100): 500.0
  Episode 1000/1500  avg(100): 498.6
  Episode 1050/1500  avg(100): 494.2
  Episode 1100/1500  avg(100): 422.9
  Episode 1150/1500  avg(100): 427.3
  Episode 1200/1500  avg(100): 500.0
  Episode 1250/1500  avg(100): 500.0
  Episode 1300/1500  avg(100): 474.0
  Episode 1350/1500  avg(100): 458.0
  Episode 1400/1500  avg(100): 466.1
  Episode 1450/1500  avg(100): 482.1
  Episode 1500/1500  avg(100): 436.3
Model saved to models/fractional-32-8-8-seed82-final.pth
  per-episode CSV streamed to: metrics/multi-seed/fractional-32-8-8/_workers/seed82/fractional-32-8-8-seed82.csv

Summary CSV: metrics/multi-seed/fractional-32-8-8/_workers/seed82/fractional-32-8-8-summary.csv

Results across 1 seeds:
  solved (final_avg >= 475) : 0/1 seeds
  final_avg_reward  : 436.29 ± 0.00  (primary metric: CartPole-v1 standard)
  best_avg_reward   : 500.00 ± 0.00
  tail_iqm_reward   : 471.38 ± 0.00  (diagnostic: matches Optuna selection metric)
  convergence_ep    : never reached threshold in any seed

Robust reporting (final_avg_reward across seeds, 95% bootstrap CI):
  IQM   : 436.29  [95% CI: 436.29, 436.29]
  Mean  : 436.29  [95% CI: 436.29, 436.29]
  (note: with N < 10, bootstrap CIs and IQM are necessarily wide; per Colas et al. 2018 consider increasing --num-seeds.)
