Multi-seed training for: fractional-32-8-8
  device       : cpu
  num_seeds    : 1
  base_seed    : 61
  num_episodes : 1500
  output_dir   : metrics/multi-seed/fractional-32-8-8-50k/fractional-32-8-8/_workers/seed61

============================================================
Seed 61 (1/1)
============================================================
  Episode 50/1500  avg(100): 16.1
  Episode 100/1500  avg(100): 14.1
  Episode 150/1500  avg(100): 35.4
  Episode 200/1500  avg(100): 100.0
  Episode 250/1500  avg(100): 161.5
  Episode 300/1500  avg(100): 151.8
  Episode 350/1500  avg(100): 108.8
  Episode 400/1500  avg(100): 84.6
  Episode 450/1500  avg(100): 55.1
  Episode 500/1500  avg(100): 27.9
  Episode 550/1500  avg(100): 19.0
  Episode 600/1500  avg(100): 19.9
  Episode 650/1500  avg(100): 22.2
  Episode 700/1500  avg(100): 28.4
  Episode 750/1500  avg(100): 36.3
  Episode 800/1500  avg(100): 36.4
  Episode 850/1500  avg(100): 28.3
  Episode 900/1500  avg(100): 20.2
  Episode 950/1500  avg(100): 16.4
  Episode 1000/1500  avg(100): 16.8
  Episode 1050/1500  avg(100): 16.4
  Episode 1100/1500  avg(100): 14.5
  Episode 1150/1500  avg(100): 14.9
  Episode 1200/1500  avg(100): 19.9
  Episode 1250/1500  avg(100): 34.7
  Episode 1300/1500  avg(100): 52.0
  Episode 1350/1500  avg(100): 61.5
  Episode 1400/1500  avg(100): 142.9
  Episode 1450/1500  avg(100): 288.4
  Episode 1500/1500  avg(100): 260.6
Model saved to models/fractional-32-8-8-seed61-final.pth
  per-episode CSV streamed to: metrics/multi-seed/fractional-32-8-8-50k/fractional-32-8-8/_workers/seed61/fractional-32-8-8-seed61.csv

Summary CSV: metrics/multi-seed/fractional-32-8-8-50k/fractional-32-8-8/_workers/seed61/fractional-32-8-8-summary.csv

Results across 1 seeds:
  solved (final_avg >= 475) : 0/1 seeds
  final_avg_reward  : 260.65 ± 0.00  (primary metric: CartPole-v1 standard)
  best_avg_reward   : 289.52 ± 0.00
  tail_iqm_reward   : 59.97 ± 0.00  (diagnostic: matches Optuna selection metric)
  convergence_ep    : never reached threshold in any seed

Robust reporting (final_avg_reward across seeds, 95% bootstrap CI):
  IQM   : 260.65  [95% CI: 260.65, 260.65]
  Mean  : 260.65  [95% CI: 260.65, 260.65]
  (note: with N < 10, bootstrap CIs and IQM are necessarily wide; per Colas et al. 2018 consider increasing --num-seeds.)
