Multi-seed training for: fractional-32-8-8
  device       : cpu
  num_seeds    : 1
  base_seed    : 51
  num_episodes : 1500
  output_dir   : metrics/multi-seed/fractional-32-8-8-30k/fractional-32-8-8/_workers/seed51

============================================================
Seed 51 (1/1)
============================================================
  Episode 50/1500  avg(100): 17.7
  Episode 100/1500  avg(100): 14.8
  Episode 150/1500  avg(100): 13.5
  Episode 200/1500  avg(100): 22.4
  Episode 250/1500  avg(100): 47.5
  Episode 300/1500  avg(100): 78.6
  Episode 350/1500  avg(100): 102.5
  Episode 400/1500  avg(100): 113.0
  Episode 450/1500  avg(100): 124.3
  Episode 500/1500  avg(100): 183.5
  Episode 550/1500  avg(100): 329.6
  Episode 600/1500  avg(100): 329.9
  Episode 650/1500  avg(100): 343.7
  Episode 700/1500  avg(100): 469.8
  Episode 750/1500  avg(100): 479.5
  Episode 800/1500  avg(100): 406.2
  Episode 850/1500  avg(100): 345.4
  Episode 900/1500  avg(100): 320.0
  Episode 950/1500  avg(100): 383.6
  Episode 1000/1500  avg(100): 385.1
  Episode 1050/1500  avg(100): 335.9
  Episode 1100/1500  avg(100): 367.8
  Episode 1150/1500  avg(100): 186.6
  Episode 1200/1500  avg(100): 106.0
  Episode 1250/1500  avg(100): 168.9
  Episode 1300/1500  avg(100): 144.3
  Episode 1350/1500  avg(100): 186.8
  Episode 1400/1500  avg(100): 304.8
  Episode 1450/1500  avg(100): 436.0
  Episode 1500/1500  avg(100): 493.1
Model saved to models/fractional-32-8-8-seed51-final.pth
  per-episode CSV streamed to: metrics/multi-seed/fractional-32-8-8-30k/fractional-32-8-8/_workers/seed51/fractional-32-8-8-seed51.csv

Summary CSV: metrics/multi-seed/fractional-32-8-8-30k/fractional-32-8-8/_workers/seed51/fractional-32-8-8-summary.csv

Results across 1 seeds:
  solved (final_avg >= 475) : 1/1 seeds
  final_avg_reward  : 493.14 ± 0.00  (primary metric: CartPole-v1 standard)
  best_avg_reward   : 494.46 ± 0.00
  tail_iqm_reward   : 202.67 ± 0.00  (diagnostic: matches Optuna selection metric)
  convergence_ep    : 1473.0 ± 0.0  (1/1 seeds converged)

Robust reporting (final_avg_reward across seeds, 95% bootstrap CI):
  IQM   : 493.14  [95% CI: 493.14, 493.14]
  Mean  : 493.14  [95% CI: 493.14, 493.14]
  (note: with N < 10, bootstrap CIs and IQM are necessarily wide; per Colas et al. 2018 consider increasing --num-seeds.)
