Multi-seed training for: leaky-32-32
  device       : cpu
  num_seeds    : 1
  base_seed    : 123
  num_episodes : 1500
  output_dir   : metrics/multi-seed/leaky-32-32/_workers/seed123

============================================================
Seed 123 (1/1)
============================================================
  Episode 50/1500  avg(100): 16.7
  Episode 100/1500  avg(100): 15.1
  Episode 150/1500  avg(100): 14.5
  Episode 200/1500  avg(100): 75.0
  Episode 250/1500  avg(100): 150.0
  Episode 300/1500  avg(100): 163.9
  Episode 350/1500  avg(100): 212.9
  Episode 400/1500  avg(100): 297.1
  Episode 450/1500  avg(100): 355.1
  Episode 500/1500  avg(100): 338.7
  Episode 550/1500  avg(100): 324.2
  Episode 600/1500  avg(100): 394.6
  Episode 650/1500  avg(100): 460.1
  Episode 700/1500  avg(100): 410.4
  Episode 750/1500  avg(100): 261.0
  Episode 800/1500  avg(100): 316.4
  Episode 850/1500  avg(100): 372.8
  Episode 900/1500  avg(100): 215.2
  Episode 950/1500  avg(100): 317.5
  Episode 1000/1500  avg(100): 495.5
  Episode 1050/1500  avg(100): 495.5
  Episode 1100/1500  avg(100): 500.0
  Episode 1150/1500  avg(100): 421.9
  Episode 1200/1500  avg(100): 212.2
  Episode 1250/1500  avg(100): 267.6
  Episode 1300/1500  avg(100): 377.1
  Episode 1350/1500  avg(100): 386.2
  Episode 1400/1500  avg(100): 456.3
  Episode 1450/1500  avg(100): 417.9
  Episode 1500/1500  avg(100): 279.5
Model saved to models/leaky-32-32-seed123-final.pth
  per-episode CSV streamed to: metrics/multi-seed/leaky-32-32/_workers/seed123/leaky-32-32-seed123.csv

Summary CSV: metrics/multi-seed/leaky-32-32/_workers/seed123/leaky-32-32-summary.csv

Results across 1 seeds:
  solved (final_avg >= 475) : 0/1 seeds
  final_avg_reward  : 279.54 ± 0.00  (primary metric: CartPole-v1 standard)
  best_avg_reward   : 500.00 ± 0.00
  tail_iqm_reward   : 370.34 ± 0.00  (diagnostic: matches Optuna selection metric)
  convergence_ep    : never reached threshold in any seed

Robust reporting (final_avg_reward across seeds, 95% bootstrap CI):
  IQM   : 279.54  [95% CI: 279.54, 279.54]
  Mean  : 279.54  [95% CI: 279.54, 279.54]
  (note: with N < 10, bootstrap CIs and IQM are necessarily wide; per Colas et al. 2018 consider increasing --num-seeds.)
