Copyright 1986-2022 Xilinx, Inc. All Rights Reserved. Copyright 2022-2025 Advanced Micro Devices, Inc. All Rights Reserved.
----------------------------------------------------------------------------------------------------------------------------------------------------------------------------------------------------
| Tool Version     : Vivado v.2025.1 (lin64) Build 6140274 Wed May 21 22:58:25 MDT 2025
| Date             : Fri May 29 08:09:55 2026
| Host             : niklas.ece.pdx.edu running 64-bit Pop!_OS 22.04 LTS
| Command          : report_power -file board_top_bitshift_64_32_4_power_routed.rpt -pb board_top_bitshift_64_32_4_power_summary_routed.pb -rpx board_top_bitshift_64_32_4_power_routed.rpx
| Design           : board_top_bitshift_64_32_4
| Device           : xc7a100tcsg324-1
| Design State     : routed
| Grade            : commercial
| Process          : typical
| Characterization : Production
----------------------------------------------------------------------------------------------------------------------------------------------------------------------------------------------------

Power Report

Table of Contents
-----------------
1. Summary
1.1 On-Chip Components
1.2 Power Supply Summary
1.3 Confidence Level
2. Settings
2.1 Environment
2.2 Clock Constraints
3. Detailed Reports
3.1 By Hierarchy

1. Summary
----------

+--------------------------+--------------+
| Total On-Chip Power (W)  | 0.580        |
| Design Power Budget (W)  | Unspecified* |
| Power Budget Margin (W)  | NA           |
| Dynamic (W)              | 0.481        |
| Device Static (W)        | 0.099        |
| Effective TJA (C/W)      | 4.6          |
| Max Ambient (C)          | 82.4         |
| Junction Temperature (C) | 27.6         |
| Confidence Level         | Medium       |
| Setting File             | ---          |
| Simulation Activity File | ---          |
| Design Nets Matched      | NA           |
+--------------------------+--------------+
* Specify Design Power Budget using, set_operating_conditions -design_power_budget <value in Watts>


1.1 On-Chip Components
----------------------

+----------------+-----------+----------+-----------+-----------------+
| On-Chip        | Power (W) | Used     | Available | Utilization (%) |
+----------------+-----------+----------+-----------+-----------------+
| Clocks         |     0.067 |        3 |       --- |             --- |
| Slice Logic    |     0.111 |   101587 |       --- |             --- |
|   LUT as Logic |     0.096 |    35913 |     63400 |           56.65 |
|   CARRY4       |     0.013 |     2953 |     15850 |           18.63 |
|   Register     |     0.003 |    44887 |    126800 |           35.40 |
|   F7/F8 Muxes  |    <0.001 |     3758 |     63400 |            5.93 |
|   Others       |     0.000 |      435 |       --- |             --- |
|   BUFG         |     0.000 |        1 |        32 |            3.13 |
| Signals        |     0.120 |    75901 |       --- |             --- |
| DSPs           |     0.182 |      218 |       240 |           90.83 |
| I/O            |     0.002 |       20 |       210 |            9.52 |
| Static Power   |     0.099 |          |           |                 |
| Total          |     0.580 |          |           |                 |
+----------------+-----------+----------+-----------+-----------------+


1.2 Power Supply Summary
------------------------

+-----------+-------------+-----------+-------------+------------+-------------+-------------+------------+
| Source    | Voltage (V) | Total (A) | Dynamic (A) | Static (A) | Powerup (A) | Budget (A)  | Margin (A) |
+-----------+-------------+-----------+-------------+------------+-------------+-------------+------------+
| Vccint    |       1.000 |     0.496 |       0.480 |      0.016 |       NA    | Unspecified | NA         |
| Vccaux    |       1.800 |     0.018 |       0.000 |      0.018 |       NA    | Unspecified | NA         |
| Vcco33    |       3.300 |     0.004 |       0.000 |      0.004 |       NA    | Unspecified | NA         |
| Vcco25    |       2.500 |     0.000 |       0.000 |      0.000 |       NA    | Unspecified | NA         |
| Vcco18    |       1.800 |     0.000 |       0.000 |      0.000 |       NA    | Unspecified | NA         |
| Vcco15    |       1.500 |     0.000 |       0.000 |      0.000 |       NA    | Unspecified | NA         |
| Vcco135   |       1.350 |     0.000 |       0.000 |      0.000 |       NA    | Unspecified | NA         |
| Vcco12    |       1.200 |     0.000 |       0.000 |      0.000 |       NA    | Unspecified | NA         |
| Vccaux_io |       1.800 |     0.000 |       0.000 |      0.000 |       NA    | Unspecified | NA         |
| Vccbram   |       1.000 |     0.000 |       0.000 |      0.000 |       NA    | Unspecified | NA         |
| MGTAVcc   |       1.000 |     0.000 |       0.000 |      0.000 |       NA    | Unspecified | NA         |
| MGTAVtt   |       1.200 |     0.000 |       0.000 |      0.000 |       NA    | Unspecified | NA         |
| Vccadc    |       1.800 |     0.020 |       0.000 |      0.020 |       NA    | Unspecified | NA         |
+-----------+-------------+-----------+-------------+------------+-------------+-------------+------------+


1.3 Confidence Level
--------------------

+-----------------------------+------------+-------------------------------------------------------+------------------------------------------------------------------------------------------------------------+
| User Input Data             | Confidence | Details                                               | Action                                                                                                     |
+-----------------------------+------------+-------------------------------------------------------+------------------------------------------------------------------------------------------------------------+
| Design implementation state | High       | Design is routed                                      |                                                                                                            |
| Clock nodes activity        | High       | User specified more than 95% of clocks                |                                                                                                            |
| I/O nodes activity          | Medium     | More than 5% of inputs are missing user specification | Provide missing input activity with simulation results or by editing the "By Resource Type -> I/Os" view   |
| Internal nodes activity     | Medium     | User specified less than 25% of internal nodes        | Provide missing internal nodes activity with simulation results or by editing the "By Resource Type" views |
| Device models               | High       | Device models are Production                          |                                                                                                            |
|                             |            |                                                       |                                                                                                            |
| Overall confidence level    | Medium     |                                                       |                                                                                                            |
+-----------------------------+------------+-------------------------------------------------------+------------------------------------------------------------------------------------------------------------+


2. Settings
-----------

2.1 Environment
---------------

+-----------------------+--------------------------+
| Ambient Temp (C)      | 25.0                     |
| ThetaJA (C/W)         | 4.6                      |
| Airflow (LFM)         | 250                      |
| Heat Sink             | medium (Medium Profile)  |
| ThetaSA (C/W)         | 4.6                      |
| Board Selection       | medium (10"x10")         |
| # of Board Layers     | 12to15 (12 to 15 Layers) |
| Board Temperature (C) | 25.0                     |
+-----------------------+--------------------------+


2.2 Clock Constraints
---------------------

+-------------+-----------+-----------------+
| Clock       | Domain    | Constraint (ns) |
+-------------+-----------+-----------------+
| sys_clk_pin | CLK100MHZ |            10.0 |
+-------------+-----------+-----------------+


3. Detailed Reports
-------------------

3.1 By Hierarchy
----------------

+-------------------------------+-----------+
| Name                          | Power (W) |
+-------------------------------+-----------+
| board_top_bitshift_64_32_4    |     0.481 |
|   u_accel                     |     0.480 |
|     gen_nn_bitshift.u_accel   |     0.478 |
|       fc1                     |     0.042 |
|       fc2                     |     0.018 |
|       gen_hl1_lif[0].hl1_lif  |     0.004 |
|       gen_hl1_lif[10].hl1_lif |     0.004 |
|       gen_hl1_lif[11].hl1_lif |     0.004 |
|       gen_hl1_lif[12].hl1_lif |     0.004 |
|       gen_hl1_lif[13].hl1_lif |     0.004 |
|       gen_hl1_lif[14].hl1_lif |     0.004 |
|       gen_hl1_lif[15].hl1_lif |     0.004 |
|       gen_hl1_lif[16].hl1_lif |     0.004 |
|       gen_hl1_lif[17].hl1_lif |     0.004 |
|       gen_hl1_lif[18].hl1_lif |     0.004 |
|       gen_hl1_lif[19].hl1_lif |     0.004 |
|       gen_hl1_lif[1].hl1_lif  |     0.004 |
|       gen_hl1_lif[20].hl1_lif |     0.004 |
|       gen_hl1_lif[21].hl1_lif |     0.004 |
|       gen_hl1_lif[22].hl1_lif |     0.004 |
|       gen_hl1_lif[23].hl1_lif |     0.004 |
|       gen_hl1_lif[24].hl1_lif |     0.004 |
|       gen_hl1_lif[25].hl1_lif |     0.004 |
|       gen_hl1_lif[26].hl1_lif |     0.004 |
|       gen_hl1_lif[27].hl1_lif |     0.004 |
|       gen_hl1_lif[28].hl1_lif |     0.004 |
|       gen_hl1_lif[29].hl1_lif |     0.004 |
|       gen_hl1_lif[2].hl1_lif  |     0.004 |
|       gen_hl1_lif[30].hl1_lif |     0.004 |
|       gen_hl1_lif[31].hl1_lif |     0.004 |
|       gen_hl1_lif[32].hl1_lif |     0.004 |
|       gen_hl1_lif[33].hl1_lif |     0.004 |
|       gen_hl1_lif[34].hl1_lif |     0.004 |
|       gen_hl1_lif[35].hl1_lif |     0.004 |
|       gen_hl1_lif[36].hl1_lif |     0.004 |
|       gen_hl1_lif[37].hl1_lif |     0.004 |
|       gen_hl1_lif[38].hl1_lif |     0.004 |
|       gen_hl1_lif[39].hl1_lif |     0.004 |
|       gen_hl1_lif[3].hl1_lif  |     0.004 |
|       gen_hl1_lif[40].hl1_lif |     0.004 |
|       gen_hl1_lif[41].hl1_lif |     0.004 |
|       gen_hl1_lif[42].hl1_lif |     0.004 |
|       gen_hl1_lif[43].hl1_lif |     0.004 |
|       gen_hl1_lif[44].hl1_lif |     0.004 |
|       gen_hl1_lif[45].hl1_lif |     0.004 |
|       gen_hl1_lif[46].hl1_lif |     0.004 |
|       gen_hl1_lif[47].hl1_lif |     0.004 |
|       gen_hl1_lif[48].hl1_lif |     0.004 |
|       gen_hl1_lif[49].hl1_lif |     0.004 |
|       gen_hl1_lif[4].hl1_lif  |     0.004 |
|       gen_hl1_lif[50].hl1_lif |     0.004 |
|       gen_hl1_lif[51].hl1_lif |     0.004 |
|       gen_hl1_lif[52].hl1_lif |     0.004 |
|       gen_hl1_lif[53].hl1_lif |     0.004 |
|       gen_hl1_lif[54].hl1_lif |     0.004 |
|       gen_hl1_lif[55].hl1_lif |     0.004 |
|       gen_hl1_lif[56].hl1_lif |     0.004 |
|       gen_hl1_lif[57].hl1_lif |     0.004 |
|       gen_hl1_lif[58].hl1_lif |     0.004 |
|       gen_hl1_lif[59].hl1_lif |     0.004 |
|       gen_hl1_lif[5].hl1_lif  |     0.004 |
|       gen_hl1_lif[60].hl1_lif |     0.004 |
|       gen_hl1_lif[61].hl1_lif |     0.004 |
|       gen_hl1_lif[62].hl1_lif |     0.004 |
|       gen_hl1_lif[63].hl1_lif |     0.004 |
|       gen_hl1_lif[6].hl1_lif  |     0.004 |
|       gen_hl1_lif[7].hl1_lif  |     0.004 |
|       gen_hl1_lif[8].hl1_lif  |     0.004 |
|       gen_hl1_lif[9].hl1_lif  |     0.004 |
|       gen_hl2[0].hl2_lif      |     0.004 |
|       gen_hl2[10].hl2_lif     |     0.004 |
|       gen_hl2[11].hl2_lif     |     0.004 |
|       gen_hl2[12].hl2_lif     |     0.004 |
|       gen_hl2[13].hl2_lif     |     0.004 |
|       gen_hl2[14].hl2_lif     |     0.004 |
|       gen_hl2[15].hl2_lif     |     0.004 |
|       gen_hl2[16].hl2_lif     |     0.004 |
|       gen_hl2[17].hl2_lif     |     0.004 |
|       gen_hl2[18].hl2_lif     |     0.004 |
|       gen_hl2[19].hl2_lif     |     0.004 |
|       gen_hl2[1].hl2_lif      |     0.004 |
|       gen_hl2[20].hl2_lif     |     0.004 |
|       gen_hl2[21].hl2_lif     |     0.004 |
|       gen_hl2[22].hl2_lif     |     0.004 |
|       gen_hl2[23].hl2_lif     |     0.004 |
|       gen_hl2[24].hl2_lif     |     0.004 |
|       gen_hl2[25].hl2_lif     |     0.004 |
|       gen_hl2[26].hl2_lif     |     0.004 |
|       gen_hl2[27].hl2_lif     |     0.004 |
|       gen_hl2[28].hl2_lif     |     0.004 |
|       gen_hl2[29].hl2_lif     |     0.004 |
|       gen_hl2[2].hl2_lif      |     0.004 |
|       gen_hl2[30].hl2_lif     |     0.004 |
|       gen_hl2[31].hl2_lif     |     0.004 |
|       gen_hl2[3].hl2_lif      |     0.004 |
|       gen_hl2[4].hl2_lif      |     0.004 |
|       gen_hl2[5].hl2_lif      |     0.004 |
|       gen_hl2[6].hl2_lif      |     0.004 |
|       gen_hl2[7].hl2_lif      |     0.004 |
|       gen_hl2[8].hl2_lif      |     0.004 |
|       gen_hl2[9].hl2_lif      |     0.004 |
|       q_accum                 |     0.009 |
+-------------------------------+-----------+


