Multi-seed training for: leaky-32-32
  device       : cpu
  num_seeds    : 1
  base_seed    : 86
  num_episodes : 1500
  output_dir   : metrics/multi-seed/leaky-32-32/_workers/seed86

============================================================
Seed 86 (1/1)
============================================================
  Episode 50/1500  avg(100): 16.4
  Episode 100/1500  avg(100): 16.8
  Episode 150/1500  avg(100): 29.4
  Episode 200/1500  avg(100): 82.7
  Episode 250/1500  avg(100): 143.3
  Episode 300/1500  avg(100): 154.1
  Episode 350/1500  avg(100): 98.7
  Episode 400/1500  avg(100): 147.1
  Episode 450/1500  avg(100): 178.3
  Episode 500/1500  avg(100): 110.1
  Episode 550/1500  avg(100): 115.7
  Episode 600/1500  avg(100): 116.4
  Episode 650/1500  avg(100): 266.8
  Episode 700/1500  avg(100): 463.1
  Episode 750/1500  avg(100): 500.0
  Episode 800/1500  avg(100): 499.7
  Episode 850/1500  avg(100): 499.7
  Episode 900/1500  avg(100): 500.0
  Episode 950/1500  avg(100): 495.6
  Episode 1000/1500  avg(100): 485.1
  Episode 1050/1500  avg(100): 463.3
  Episode 1100/1500  avg(100): 258.9
  Episode 1150/1500  avg(100): 44.2
  Episode 1200/1500  avg(100): 63.6
  Episode 1250/1500  avg(100): 278.7
  Episode 1300/1500  avg(100): 345.5
  Episode 1350/1500  avg(100): 265.9
  Episode 1400/1500  avg(100): 373.9
  Episode 1450/1500  avg(100): 344.0
  Episode 1500/1500  avg(100): 364.8
Model saved to models/leaky-32-32-seed86-final.pth
  per-episode CSV streamed to: metrics/multi-seed/leaky-32-32/_workers/seed86/leaky-32-32-seed86.csv

Summary CSV: metrics/multi-seed/leaky-32-32/_workers/seed86/leaky-32-32-summary.csv

Results across 1 seeds:
  solved (final_avg >= 475) : 0/1 seeds
  final_avg_reward  : 364.76 ± 0.00  (primary metric: CartPole-v1 standard)
  best_avg_reward   : 500.00 ± 0.00
  tail_iqm_reward   : 295.13 ± 0.00  (diagnostic: matches Optuna selection metric)
  convergence_ep    : never reached threshold in any seed

Robust reporting (final_avg_reward across seeds, 95% bootstrap CI):
  IQM   : 364.76  [95% CI: 364.76, 364.76]
  Mean  : 364.76  [95% CI: 364.76, 364.76]
  (note: with N < 10, bootstrap CIs and IQM are necessarily wide; per Colas et al. 2018 consider increasing --num-seeds.)
