Multi-seed training for: leaky-32-32
  device       : cpu
  num_seeds    : 1
  base_seed    : 81
  num_episodes : 1500
  output_dir   : metrics/multi-seed/leaky-32-32/_workers/seed81

============================================================
Seed 81 (1/1)
============================================================
  Episode 50/1500  avg(100): 17.3
  Episode 100/1500  avg(100): 16.3
  Episode 150/1500  avg(100): 26.6
  Episode 200/1500  avg(100): 55.7
  Episode 250/1500  avg(100): 83.3
  Episode 300/1500  avg(100): 105.5
  Episode 350/1500  avg(100): 65.9
  Episode 400/1500  avg(100): 14.6
  Episode 450/1500  avg(100): 222.0
  Episode 500/1500  avg(100): 403.7
  Episode 550/1500  avg(100): 246.4
  Episode 600/1500  avg(100): 144.9
  Episode 650/1500  avg(100): 175.5
  Episode 700/1500  avg(100): 289.8
  Episode 750/1500  avg(100): 249.1
  Episode 800/1500  avg(100): 66.0
  Episode 850/1500  avg(100): 207.2
  Episode 900/1500  avg(100): 438.2
  Episode 950/1500  avg(100): 446.2
  Episode 1000/1500  avg(100): 393.0
  Episode 1050/1500  avg(100): 319.2
  Episode 1100/1500  avg(100): 238.5
  Episode 1150/1500  avg(100): 181.9
  Episode 1200/1500  avg(100): 147.8
  Episode 1250/1500  avg(100): 331.9
  Episode 1300/1500  avg(100): 500.0
  Episode 1350/1500  avg(100): 500.0
  Episode 1400/1500  avg(100): 485.6
  Episode 1450/1500  avg(100): 476.3
  Episode 1500/1500  avg(100): 481.6
Model saved to models/leaky-32-32-seed81-final.pth
  per-episode CSV streamed to: metrics/multi-seed/leaky-32-32/_workers/seed81/leaky-32-32-seed81.csv

Summary CSV: metrics/multi-seed/leaky-32-32/_workers/seed81/leaky-32-32-summary.csv

Results across 1 seeds:
  solved (final_avg >= 475) : 1/1 seeds
  final_avg_reward  : 481.58 ± 0.00  (primary metric: CartPole-v1 standard)
  best_avg_reward   : 500.00 ± 0.00
  tail_iqm_reward   : 429.24 ± 0.00  (diagnostic: matches Optuna selection metric)
  convergence_ep    : 1485.0 ± 0.0  (1/1 seeds converged)

Robust reporting (final_avg_reward across seeds, 95% bootstrap CI):
  IQM   : 481.58  [95% CI: 481.58, 481.58]
  Mean  : 481.58  [95% CI: 481.58, 481.58]
  (note: with N < 10, bootstrap CIs and IQM are necessarily wide; per Colas et al. 2018 consider increasing --num-seeds.)
