Multi-seed training for: fractional-32-8-8
  device       : cpu
  num_seeds    : 1
  base_seed    : 124
  num_episodes : 1500
  output_dir   : metrics/multi-seed/fractional-32-8-8/_workers/seed124

============================================================
Seed 124 (1/1)
============================================================
  Episode 50/1500  avg(100): 16.3
  Episode 100/1500  avg(100): 16.0
  Episode 150/1500  avg(100): 20.2
  Episode 200/1500  avg(100): 46.5
  Episode 250/1500  avg(100): 113.5
  Episode 300/1500  avg(100): 178.3
  Episode 350/1500  avg(100): 195.7
  Episode 400/1500  avg(100): 176.7
  Episode 450/1500  avg(100): 168.9
  Episode 500/1500  avg(100): 220.4
  Episode 550/1500  avg(100): 251.1
  Episode 600/1500  avg(100): 253.2
  Episode 650/1500  avg(100): 330.3
  Episode 700/1500  avg(100): 384.5
  Episode 750/1500  avg(100): 326.2
  Episode 800/1500  avg(100): 217.8
  Episode 850/1500  avg(100): 237.6
  Episode 900/1500  avg(100): 379.4
  Episode 950/1500  avg(100): 457.8
  Episode 1000/1500  avg(100): 378.2
  Episode 1050/1500  avg(100): 180.1
  Episode 1100/1500  avg(100): 90.4
  Episode 1150/1500  avg(100): 97.5
  Episode 1200/1500  avg(100): 94.4
  Episode 1250/1500  avg(100): 115.9
  Episode 1300/1500  avg(100): 87.4
  Episode 1350/1500  avg(100): 57.9
  Episode 1400/1500  avg(100): 119.1
  Episode 1450/1500  avg(100): 136.9
  Episode 1500/1500  avg(100): 198.2
Model saved to models/fractional-32-8-8-seed124-final.pth
  per-episode CSV streamed to: metrics/multi-seed/fractional-32-8-8/_workers/seed124/fractional-32-8-8-seed124.csv

Summary CSV: metrics/multi-seed/fractional-32-8-8/_workers/seed124/fractional-32-8-8-summary.csv

Results across 1 seeds:
  solved (final_avg >= 475) : 0/1 seeds
  final_avg_reward  : 198.25 ± 0.00  (primary metric: CartPole-v1 standard)
  best_avg_reward   : 466.76 ± 0.00
  tail_iqm_reward   : 103.81 ± 0.00  (diagnostic: matches Optuna selection metric)
  convergence_ep    : never reached threshold in any seed

Robust reporting (final_avg_reward across seeds, 95% bootstrap CI):
  IQM   : 198.25  [95% CI: 198.25, 198.25]
  Mean  : 198.25  [95% CI: 198.25, 198.25]
  (note: with N < 10, bootstrap CIs and IQM are necessarily wide; per Colas et al. 2018 consider increasing --num-seeds.)
