Multi-seed training for: bitshift-64-32-4
  device       : cpu
  num_seeds    : 1
  base_seed    : 138
  num_episodes : 1500
  output_dir   : metrics/multi-seed/bitshift-64-32-4/_workers/seed138

============================================================
Seed 138 (1/1)
============================================================
  Episode 50/1500  avg(100): 15.2
  Episode 100/1500  avg(100): 16.0
  Episode 150/1500  avg(100): 25.5
  Episode 200/1500  avg(100): 67.7
  Episode 250/1500  avg(100): 144.9
  Episode 300/1500  avg(100): 199.4
  Episode 350/1500  avg(100): 292.7
  Episode 400/1500  avg(100): 358.1
  Episode 450/1500  avg(100): 347.4
  Episode 500/1500  avg(100): 258.8
  Episode 550/1500  avg(100): 187.6
  Episode 600/1500  avg(100): 211.8
  Episode 650/1500  avg(100): 207.9
  Episode 700/1500  avg(100): 286.9
  Episode 750/1500  avg(100): 333.1
  Episode 800/1500  avg(100): 221.7
  Episode 850/1500  avg(100): 134.7
  Episode 900/1500  avg(100): 120.1
  Episode 950/1500  avg(100): 127.0
  Episode 1000/1500  avg(100): 221.5
  Episode 1050/1500  avg(100): 247.0
  Episode 1100/1500  avg(100): 247.9
  Episode 1150/1500  avg(100): 361.0
  Episode 1200/1500  avg(100): 456.5
  Episode 1250/1500  avg(100): 417.9
  Episode 1300/1500  avg(100): 276.2
  Episode 1350/1500  avg(100): 355.1
  Episode 1400/1500  avg(100): 471.4
  Episode 1450/1500  avg(100): 471.1
  Episode 1500/1500  avg(100): 464.7
Model saved to models/bitshift-64-32-4-seed138-final.pth
  per-episode CSV streamed to: metrics/multi-seed/bitshift-64-32-4/_workers/seed138/bitshift-64-32-4-seed138.csv

Summary CSV: metrics/multi-seed/bitshift-64-32-4/_workers/seed138/bitshift-64-32-4-summary.csv

Results across 1 seeds:
  solved (final_avg >= 475) : 0/1 seeds
  final_avg_reward  : 464.72 ± 0.00  (primary metric: CartPole-v1 standard)
  best_avg_reward   : 479.12 ± 0.00
  tail_iqm_reward   : 416.39 ± 0.00  (diagnostic: matches Optuna selection metric)
  convergence_ep    : never reached threshold in any seed

Robust reporting (final_avg_reward across seeds, 95% bootstrap CI):
  IQM   : 464.72  [95% CI: 464.72, 464.72]
  Mean  : 464.72  [95% CI: 464.72, 464.72]
  (note: with N < 10, bootstrap CIs and IQM are necessarily wide; per Colas et al. 2018 consider increasing --num-seeds.)
