Multi-seed training for: leaky-32-32
  device       : cpu
  num_seeds    : 1
  base_seed    : 56
  num_episodes : 1500
  output_dir   : metrics/multi-seed/leaky-32-32/_workers/seed56

============================================================
Seed 56 (1/1)
============================================================
  Episode 50/1500  avg(100): 14.7
  Episode 100/1500  avg(100): 14.6
  Episode 150/1500  avg(100): 17.4
  Episode 200/1500  avg(100): 36.8
  Episode 250/1500  avg(100): 106.6
  Episode 300/1500  avg(100): 151.1
  Episode 350/1500  avg(100): 138.8
  Episode 400/1500  avg(100): 119.2
  Episode 450/1500  avg(100): 108.7
  Episode 500/1500  avg(100): 120.4
  Episode 550/1500  avg(100): 189.4
  Episode 600/1500  avg(100): 303.3
  Episode 650/1500  avg(100): 390.5
  Episode 700/1500  avg(100): 450.7
  Episode 750/1500  avg(100): 486.9
  Episode 800/1500  avg(100): 499.7
  Episode 850/1500  avg(100): 500.0
  Episode 900/1500  avg(100): 500.0
  Episode 950/1500  avg(100): 497.9
  Episode 1000/1500  avg(100): 449.4
  Episode 1050/1500  avg(100): 217.1
  Episode 1100/1500  avg(100): 36.1
  Episode 1150/1500  avg(100): 246.1
  Episode 1200/1500  avg(100): 473.1
  Episode 1250/1500  avg(100): 496.9
  Episode 1300/1500  avg(100): 499.4
  Episode 1350/1500  avg(100): 500.0
  Episode 1400/1500  avg(100): 500.0
  Episode 1450/1500  avg(100): 482.4
  Episode 1500/1500  avg(100): 379.2
Model saved to models/leaky-32-32-seed56-final.pth
  per-episode CSV streamed to: metrics/multi-seed/leaky-32-32/_workers/seed56/leaky-32-32-seed56.csv

Summary CSV: metrics/multi-seed/leaky-32-32/_workers/seed56/leaky-32-32-summary.csv

Results across 1 seeds:
  solved (final_avg >= 475) : 0/1 seeds
  final_avg_reward  : 379.21 ± 0.00  (primary metric: CartPole-v1 standard)
  best_avg_reward   : 500.00 ± 0.00
  tail_iqm_reward   : 491.96 ± 0.00  (diagnostic: matches Optuna selection metric)
  convergence_ep    : never reached threshold in any seed

Robust reporting (final_avg_reward across seeds, 95% bootstrap CI):
  IQM   : 379.21  [95% CI: 379.21, 379.21]
  Mean  : 379.21  [95% CI: 379.21, 379.21]
  (note: with N < 10, bootstrap CIs and IQM are necessarily wide; per Colas et al. 2018 consider increasing --num-seeds.)
