Multi-seed training for: bitshift-64-32-4
  device       : cpu
  num_seeds    : 1
  base_seed    : 103
  num_episodes : 1500
  output_dir   : metrics/multi-seed/bitshift-64-32-4/_workers/seed103

============================================================
Seed 103 (1/1)
============================================================
  Episode 50/1500  avg(100): 16.3
  Episode 100/1500  avg(100): 15.9
  Episode 150/1500  avg(100): 35.1
  Episode 200/1500  avg(100): 110.6
  Episode 250/1500  avg(100): 148.2
  Episode 300/1500  avg(100): 125.0
  Episode 350/1500  avg(100): 144.9
  Episode 400/1500  avg(100): 197.2
  Episode 450/1500  avg(100): 285.3
  Episode 500/1500  avg(100): 304.4
  Episode 550/1500  avg(100): 334.4
  Episode 600/1500  avg(100): 318.2
  Episode 650/1500  avg(100): 216.2
  Episode 700/1500  avg(100): 271.4
  Episode 750/1500  avg(100): 295.8
  Episode 800/1500  avg(100): 251.3
  Episode 850/1500  avg(100): 222.7
  Episode 900/1500  avg(100): 198.8
  Episode 950/1500  avg(100): 202.5
  Episode 1000/1500  avg(100): 272.9
  Episode 1050/1500  avg(100): 332.9
  Episode 1100/1500  avg(100): 381.4
  Episode 1150/1500  avg(100): 372.9
  Episode 1200/1500  avg(100): 401.9
  Episode 1250/1500  avg(100): 481.2
  Episode 1300/1500  avg(100): 481.2
  Episode 1350/1500  avg(100): 500.0
  Episode 1400/1500  avg(100): 500.0
  Episode 1450/1500  avg(100): 500.0
  Episode 1500/1500  avg(100): 500.0
Model saved to models/bitshift-64-32-4-seed103-final.pth
  per-episode CSV streamed to: metrics/multi-seed/bitshift-64-32-4/_workers/seed103/bitshift-64-32-4-seed103.csv

Summary CSV: metrics/multi-seed/bitshift-64-32-4/_workers/seed103/bitshift-64-32-4-summary.csv

Results across 1 seeds:
  solved (final_avg >= 475) : 1/1 seeds
  final_avg_reward  : 500.00 ± 0.00  (primary metric: CartPole-v1 standard)
  best_avg_reward   : 500.00 ± 0.00
  tail_iqm_reward   : 487.82 ± 0.00  (diagnostic: matches Optuna selection metric)
  convergence_ep    : 1231.0 ± 0.0  (1/1 seeds converged)

Robust reporting (final_avg_reward across seeds, 95% bootstrap CI):
  IQM   : 500.00  [95% CI: 500.00, 500.00]
  Mean  : 500.00  [95% CI: 500.00, 500.00]
  (note: with N < 10, bootstrap CIs and IQM are necessarily wide; per Colas et al. 2018 consider increasing --num-seeds.)
