Multi-seed training for: fractional-32-8-8
  device       : cpu
  num_seeds    : 1
  base_seed    : 115
  num_episodes : 1500
  output_dir   : metrics/multi-seed/fractional-32-8-8/_workers/seed115

============================================================
Seed 115 (1/1)
============================================================
  Episode 50/1500  avg(100): 17.5
  Episode 100/1500  avg(100): 14.7
  Episode 150/1500  avg(100): 12.6
  Episode 200/1500  avg(100): 25.0
  Episode 250/1500  avg(100): 78.2
  Episode 300/1500  avg(100): 175.7
  Episode 350/1500  avg(100): 213.7
  Episode 400/1500  avg(100): 207.2
  Episode 450/1500  avg(100): 203.5
  Episode 500/1500  avg(100): 159.5
  Episode 550/1500  avg(100): 237.2
  Episode 600/1500  avg(100): 421.9
  Episode 650/1500  avg(100): 488.6
  Episode 700/1500  avg(100): 442.5
  Episode 750/1500  avg(100): 407.5
  Episode 800/1500  avg(100): 445.8
  Episode 850/1500  avg(100): 475.3
  Episode 900/1500  avg(100): 457.0
  Episode 950/1500  avg(100): 474.0
  Episode 1000/1500  avg(100): 375.4
  Episode 1050/1500  avg(100): 169.9
  Episode 1100/1500  avg(100): 95.9
  Episode 1150/1500  avg(100): 81.1
  Episode 1200/1500  avg(100): 65.5
  Episode 1250/1500  avg(100): 89.0
  Episode 1300/1500  avg(100): 62.1
  Episode 1350/1500  avg(100): 15.6
  Episode 1400/1500  avg(100): 14.0
  Episode 1450/1500  avg(100): 147.4
  Episode 1500/1500  avg(100): 390.2
Model saved to models/fractional-32-8-8-seed115-final.pth
  per-episode CSV streamed to: metrics/multi-seed/fractional-32-8-8/_workers/seed115/fractional-32-8-8-seed115.csv

Summary CSV: metrics/multi-seed/fractional-32-8-8/_workers/seed115/fractional-32-8-8-summary.csv

Results across 1 seeds:
  solved (final_avg >= 475) : 0/1 seeds
  final_avg_reward  : 390.23 ± 0.00  (primary metric: CartPole-v1 standard)
  best_avg_reward   : 500.00 ± 0.00
  tail_iqm_reward   : 67.28 ± 0.00  (diagnostic: matches Optuna selection metric)
  convergence_ep    : never reached threshold in any seed

Robust reporting (final_avg_reward across seeds, 95% bootstrap CI):
  IQM   : 390.23  [95% CI: 390.23, 390.23]
  Mean  : 390.23  [95% CI: 390.23, 390.23]
  (note: with N < 10, bootstrap CIs and IQM are necessarily wide; per Colas et al. 2018 consider increasing --num-seeds.)
