Multi-seed training for: bitshift-64-32-4
  device       : cpu
  num_seeds    : 1
  base_seed    : 121
  num_episodes : 1500
  output_dir   : metrics/multi-seed/bitshift-64-32-4/_workers/seed121

============================================================
Seed 121 (1/1)
============================================================
  Episode 50/1500  avg(100): 16.1
  Episode 100/1500  avg(100): 15.5
  Episode 150/1500  avg(100): 40.6
  Episode 200/1500  avg(100): 155.1
  Episode 250/1500  avg(100): 232.8
  Episode 300/1500  avg(100): 191.8
  Episode 350/1500  avg(100): 202.5
  Episode 400/1500  avg(100): 292.2
  Episode 450/1500  avg(100): 340.9
  Episode 500/1500  avg(100): 297.4
  Episode 550/1500  avg(100): 153.1
  Episode 600/1500  avg(100): 242.7
  Episode 650/1500  avg(100): 397.6
  Episode 700/1500  avg(100): 243.6
  Episode 750/1500  avg(100): 285.6
  Episode 800/1500  avg(100): 342.5
  Episode 850/1500  avg(100): 303.6
  Episode 900/1500  avg(100): 293.2
  Episode 950/1500  avg(100): 321.1
  Episode 1000/1500  avg(100): 436.0
  Episode 1050/1500  avg(100): 417.6
  Episode 1100/1500  avg(100): 276.3
  Episode 1150/1500  avg(100): 163.4
  Episode 1200/1500  avg(100): 218.4
  Episode 1250/1500  avg(100): 299.9
  Episode 1300/1500  avg(100): 321.6
  Episode 1350/1500  avg(100): 365.8
  Episode 1400/1500  avg(100): 417.6
  Episode 1450/1500  avg(100): 425.1
  Episode 1500/1500  avg(100): 444.5
Model saved to models/bitshift-64-32-4-seed121-final.pth
  per-episode CSV streamed to: metrics/multi-seed/bitshift-64-32-4/_workers/seed121/bitshift-64-32-4-seed121.csv

Summary CSV: metrics/multi-seed/bitshift-64-32-4/_workers/seed121/bitshift-64-32-4-summary.csv

Results across 1 seeds:
  solved (final_avg >= 475) : 0/1 seeds
  final_avg_reward  : 444.54 ± 0.00  (primary metric: CartPole-v1 standard)
  best_avg_reward   : 468.23 ± 0.00
  tail_iqm_reward   : 338.21 ± 0.00  (diagnostic: matches Optuna selection metric)
  convergence_ep    : never reached threshold in any seed

Robust reporting (final_avg_reward across seeds, 95% bootstrap CI):
  IQM   : 444.54  [95% CI: 444.54, 444.54]
  Mean  : 444.54  [95% CI: 444.54, 444.54]
  (note: with N < 10, bootstrap CIs and IQM are necessarily wide; per Colas et al. 2018 consider increasing --num-seeds.)
