Multi-seed training for: leaky-32-32
  device       : cpu
  num_seeds    : 1
  base_seed    : 50
  num_episodes : 1500
  output_dir   : metrics/multi-seed/leaky-32-32-30k/leaky-32-32/_workers/seed50

============================================================
Seed 50 (1/1)
============================================================
  Episode 50/1500  avg(100): 18.1
  Episode 100/1500  avg(100): 15.9
  Episode 150/1500  avg(100): 17.6
  Episode 200/1500  avg(100): 32.9
  Episode 250/1500  avg(100): 86.5
  Episode 300/1500  avg(100): 128.6
  Episode 350/1500  avg(100): 140.1
  Episode 400/1500  avg(100): 151.0
  Episode 450/1500  avg(100): 146.6
  Episode 500/1500  avg(100): 141.3
  Episode 550/1500  avg(100): 148.2
  Episode 600/1500  avg(100): 154.7
  Episode 650/1500  avg(100): 152.7
  Episode 700/1500  avg(100): 170.3
  Episode 750/1500  avg(100): 126.5
  Episode 800/1500  avg(100): 53.0
  Episode 850/1500  avg(100): 42.0
  Episode 900/1500  avg(100): 61.4
  Episode 950/1500  avg(100): 114.1
  Episode 1000/1500  avg(100): 160.7
  Episode 1050/1500  avg(100): 168.3
  Episode 1100/1500  avg(100): 178.3
  Episode 1150/1500  avg(100): 173.5
  Episode 1200/1500  avg(100): 138.7
  Episode 1250/1500  avg(100): 212.2
  Episode 1300/1500  avg(100): 395.5
  Episode 1350/1500  avg(100): 448.6
  Episode 1400/1500  avg(100): 444.2
  Episode 1450/1500  avg(100): 479.1
  Episode 1500/1500  avg(100): 450.8
Model saved to models/leaky-32-32-seed50-final.pth
  per-episode CSV streamed to: metrics/multi-seed/leaky-32-32-30k/leaky-32-32/_workers/seed50/leaky-32-32-seed50.csv

Summary CSV: metrics/multi-seed/leaky-32-32-30k/leaky-32-32/_workers/seed50/leaky-32-32-summary.csv

Results across 1 seeds:
  solved (final_avg >= 475) : 0/1 seeds
  final_avg_reward  : 450.76 ± 0.00  (primary metric: CartPole-v1 standard)
  best_avg_reward   : 486.77 ± 0.00
  tail_iqm_reward   : 361.39 ± 0.00  (diagnostic: matches Optuna selection metric)
  convergence_ep    : never reached threshold in any seed

Robust reporting (final_avg_reward across seeds, 95% bootstrap CI):
  IQM   : 450.76  [95% CI: 450.76, 450.76]
  Mean  : 450.76  [95% CI: 450.76, 450.76]
  (note: with N < 10, bootstrap CIs and IQM are necessarily wide; per Colas et al. 2018 consider increasing --num-seeds.)
