Multi-seed training for: leaky-32-32
  device       : cpu
  num_seeds    : 1
  base_seed    : 50
  num_episodes : 1500
  output_dir   : metrics/multi-seed/leaky-32-32-20k/leaky-32-32/_workers/seed50

============================================================
Seed 50 (1/1)
============================================================
  Episode 50/1500  avg(100): 17.7
  Episode 100/1500  avg(100): 16.2
  Episode 150/1500  avg(100): 13.4
  Episode 200/1500  avg(100): 12.4
  Episode 250/1500  avg(100): 20.3
  Episode 300/1500  avg(100): 46.3
  Episode 350/1500  avg(100): 102.5
  Episode 400/1500  avg(100): 127.4
  Episode 450/1500  avg(100): 100.1
  Episode 500/1500  avg(100): 114.0
  Episode 550/1500  avg(100): 280.6
  Episode 600/1500  avg(100): 403.9
  Episode 650/1500  avg(100): 414.0
  Episode 700/1500  avg(100): 425.1
  Episode 750/1500  avg(100): 252.7
  Episode 800/1500  avg(100): 96.6
  Episode 850/1500  avg(100): 277.6
  Episode 900/1500  avg(100): 453.1
  Episode 950/1500  avg(100): 467.1
  Episode 1000/1500  avg(100): 347.8
  Episode 1050/1500  avg(100): 228.2
  Episode 1100/1500  avg(100): 360.1
  Episode 1150/1500  avg(100): 449.6
  Episode 1200/1500  avg(100): 411.4
  Episode 1250/1500  avg(100): 443.3
  Episode 1300/1500  avg(100): 439.3
  Episode 1350/1500  avg(100): 425.2
  Episode 1400/1500  avg(100): 452.0
  Episode 1450/1500  avg(100): 412.7
  Episode 1500/1500  avg(100): 437.2
Model saved to models/leaky-32-32-seed50-final.pth
  per-episode CSV streamed to: metrics/multi-seed/leaky-32-32-20k/leaky-32-32/_workers/seed50/leaky-32-32-seed50.csv

Summary CSV: metrics/multi-seed/leaky-32-32-20k/leaky-32-32/_workers/seed50/leaky-32-32-summary.csv

Results across 1 seeds:
  solved (final_avg >= 475) : 0/1 seeds
  final_avg_reward  : 437.23 ± 0.00  (primary metric: CartPole-v1 standard)
  best_avg_reward   : 470.69 ± 0.00
  tail_iqm_reward   : 432.43 ± 0.00  (diagnostic: matches Optuna selection metric)
  convergence_ep    : never reached threshold in any seed

Robust reporting (final_avg_reward across seeds, 95% bootstrap CI):
  IQM   : 437.23  [95% CI: 437.23, 437.23]
  Mean  : 437.23  [95% CI: 437.23, 437.23]
  (note: with N < 10, bootstrap CIs and IQM are necessarily wide; per Colas et al. 2018 consider increasing --num-seeds.)
