Multi-seed training for: leaky-32-32
  device       : cpu
  num_seeds    : 1
  base_seed    : 59
  num_episodes : 1500
  output_dir   : metrics/multi-seed/leaky-32-32-20k/leaky-32-32/_workers/seed59

============================================================
Seed 59 (1/1)
============================================================
  Episode 50/1500  avg(100): 15.3
  Episode 100/1500  avg(100): 14.7
  Episode 150/1500  avg(100): 16.6
  Episode 200/1500  avg(100): 27.2
  Episode 250/1500  avg(100): 47.0
  Episode 300/1500  avg(100): 60.1
  Episode 350/1500  avg(100): 70.9
  Episode 400/1500  avg(100): 91.2
  Episode 450/1500  avg(100): 97.6
  Episode 500/1500  avg(100): 86.7
  Episode 550/1500  avg(100): 99.0
  Episode 600/1500  avg(100): 258.4
  Episode 650/1500  avg(100): 379.3
  Episode 700/1500  avg(100): 384.7
  Episode 750/1500  avg(100): 455.0
  Episode 800/1500  avg(100): 500.0
  Episode 850/1500  avg(100): 500.0
  Episode 900/1500  avg(100): 500.0
  Episode 950/1500  avg(100): 477.9
  Episode 1000/1500  avg(100): 396.9
  Episode 1050/1500  avg(100): 272.7
  Episode 1100/1500  avg(100): 256.5
  Episode 1150/1500  avg(100): 302.8
  Episode 1200/1500  avg(100): 249.3
  Episode 1250/1500  avg(100): 225.9
  Episode 1300/1500  avg(100): 310.1
  Episode 1350/1500  avg(100): 419.6
  Episode 1400/1500  avg(100): 486.1
  Episode 1450/1500  avg(100): 496.7
  Episode 1500/1500  avg(100): 496.7
Model saved to models/leaky-32-32-seed59-final.pth
  per-episode CSV streamed to: metrics/multi-seed/leaky-32-32-20k/leaky-32-32/_workers/seed59/leaky-32-32-seed59.csv

Summary CSV: metrics/multi-seed/leaky-32-32-20k/leaky-32-32/_workers/seed59/leaky-32-32-summary.csv

Results across 1 seeds:
  solved (final_avg >= 475) : 1/1 seeds
  final_avg_reward  : 496.70 ± 0.00  (primary metric: CartPole-v1 standard)
  best_avg_reward   : 500.00 ± 0.00
  tail_iqm_reward   : 368.56 ± 0.00  (diagnostic: matches Optuna selection metric)
  convergence_ep    : 1377.0 ± 0.0  (1/1 seeds converged)

Robust reporting (final_avg_reward across seeds, 95% bootstrap CI):
  IQM   : 496.70  [95% CI: 496.70, 496.70]
  Mean  : 496.70  [95% CI: 496.70, 496.70]
  (note: with N < 10, bootstrap CIs and IQM are necessarily wide; per Colas et al. 2018 consider increasing --num-seeds.)
