Multi-seed training for: leaky-32-32
  device       : cpu
  num_seeds    : 1
  base_seed    : 48
  num_episodes : 1500
  output_dir   : metrics/multi-seed/leaky-32-32-25k/leaky-32-32/_workers/seed48

============================================================
Seed 48 (1/1)
============================================================
  Episode 50/1500  avg(100): 17.6
  Episode 100/1500  avg(100): 15.9
  Episode 150/1500  avg(100): 14.0
  Episode 200/1500  avg(100): 15.1
  Episode 250/1500  avg(100): 15.7
  Episode 300/1500  avg(100): 32.2
  Episode 350/1500  avg(100): 122.0
  Episode 400/1500  avg(100): 191.2
  Episode 450/1500  avg(100): 182.5
  Episode 500/1500  avg(100): 187.4
  Episode 550/1500  avg(100): 189.5
  Episode 600/1500  avg(100): 211.0
  Episode 650/1500  avg(100): 220.6
  Episode 700/1500  avg(100): 221.1
  Episode 750/1500  avg(100): 177.8
  Episode 800/1500  avg(100): 283.0
  Episode 850/1500  avg(100): 475.8
  Episode 900/1500  avg(100): 500.0
  Episode 950/1500  avg(100): 500.0
  Episode 1000/1500  avg(100): 495.6
  Episode 1050/1500  avg(100): 491.1
  Episode 1100/1500  avg(100): 489.0
  Episode 1150/1500  avg(100): 489.6
  Episode 1200/1500  avg(100): 496.2
  Episode 1250/1500  avg(100): 500.0
  Episode 1300/1500  avg(100): 500.0
  Episode 1350/1500  avg(100): 492.9
  Episode 1400/1500  avg(100): 470.9
  Episode 1450/1500  avg(100): 473.2
  Episode 1500/1500  avg(100): 490.3
Model saved to models/leaky-32-32-seed48-final.pth
  per-episode CSV streamed to: metrics/multi-seed/leaky-32-32-25k/leaky-32-32/_workers/seed48/leaky-32-32-seed48.csv

Summary CSV: metrics/multi-seed/leaky-32-32-25k/leaky-32-32/_workers/seed48/leaky-32-32-summary.csv

Results across 1 seeds:
  solved (final_avg >= 475) : 1/1 seeds
  final_avg_reward  : 490.27 ± 0.00  (primary metric: CartPole-v1 standard)
  best_avg_reward   : 500.00 ± 0.00
  tail_iqm_reward   : 491.90 ± 0.00  (diagnostic: matches Optuna selection metric)
  convergence_ep    : 1450.0 ± 0.0  (1/1 seeds converged)

Robust reporting (final_avg_reward across seeds, 95% bootstrap CI):
  IQM   : 490.27  [95% CI: 490.27, 490.27]
  Mean  : 490.27  [95% CI: 490.27, 490.27]
  (note: with N < 10, bootstrap CIs and IQM are necessarily wide; per Colas et al. 2018 consider increasing --num-seeds.)
