Multi-seed training for: leaky-32-32
  device       : cpu
  num_seeds    : 1
  base_seed    : 68
  num_episodes : 1500
  output_dir   : metrics/multi-seed/leaky-32-32/_workers/seed68

============================================================
Seed 68 (1/1)
============================================================
  Episode 50/1500  avg(100): 16.5
  Episode 100/1500  avg(100): 14.9
  Episode 150/1500  avg(100): 28.0
  Episode 200/1500  avg(100): 76.8
  Episode 250/1500  avg(100): 116.3
  Episode 300/1500  avg(100): 141.0
  Episode 350/1500  avg(100): 159.9
  Episode 400/1500  avg(100): 194.4
  Episode 450/1500  avg(100): 318.9
  Episode 500/1500  avg(100): 449.6
  Episode 550/1500  avg(100): 333.2
  Episode 600/1500  avg(100): 185.2
  Episode 650/1500  avg(100): 187.7
  Episode 700/1500  avg(100): 141.2
  Episode 750/1500  avg(100): 106.5
  Episode 800/1500  avg(100): 119.3
  Episode 850/1500  avg(100): 116.6
  Episode 900/1500  avg(100): 161.8
  Episode 950/1500  avg(100): 118.3
  Episode 1000/1500  avg(100): 28.5
  Episode 1050/1500  avg(100): 264.1
  Episode 1100/1500  avg(100): 490.5
  Episode 1150/1500  avg(100): 495.1
  Episode 1200/1500  avg(100): 390.2
  Episode 1250/1500  avg(100): 365.4
  Episode 1300/1500  avg(100): 474.8
  Episode 1350/1500  avg(100): 494.1
  Episode 1400/1500  avg(100): 485.0
  Episode 1450/1500  avg(100): 478.7
  Episode 1500/1500  avg(100): 484.4
Model saved to models/leaky-32-32-seed68-final.pth
  per-episode CSV streamed to: metrics/multi-seed/leaky-32-32/_workers/seed68/leaky-32-32-seed68.csv

Summary CSV: metrics/multi-seed/leaky-32-32/_workers/seed68/leaky-32-32-summary.csv

Results across 1 seeds:
  solved (final_avg >= 475) : 1/1 seeds
  final_avg_reward  : 484.36 ± 0.00  (primary metric: CartPole-v1 standard)
  best_avg_reward   : 499.39 ± 0.00
  tail_iqm_reward   : 478.49 ± 0.00  (diagnostic: matches Optuna selection metric)
  convergence_ep    : 1300.0 ± 0.0  (1/1 seeds converged)

Robust reporting (final_avg_reward across seeds, 95% bootstrap CI):
  IQM   : 484.36  [95% CI: 484.36, 484.36]
  Mean  : 484.36  [95% CI: 484.36, 484.36]
  (note: with N < 10, bootstrap CIs and IQM are necessarily wide; per Colas et al. 2018 consider increasing --num-seeds.)
