Multi-seed training for: leaky-32-32
  device       : cpu
  num_seeds    : 1
  base_seed    : 45
  num_episodes : 1500
  output_dir   : metrics/multi-seed/leaky-32-32-30k/leaky-32-32/_workers/seed45

============================================================
Seed 45 (1/1)
============================================================
  Episode 50/1500  avg(100): 17.5
  Episode 100/1500  avg(100): 19.7
  Episode 150/1500  avg(100): 24.7
  Episode 200/1500  avg(100): 74.8
  Episode 250/1500  avg(100): 143.7
  Episode 300/1500  avg(100): 223.9
  Episode 350/1500  avg(100): 222.7
  Episode 400/1500  avg(100): 138.4
  Episode 450/1500  avg(100): 94.1
  Episode 500/1500  avg(100): 104.8
  Episode 550/1500  avg(100): 129.4
  Episode 600/1500  avg(100): 110.5
  Episode 650/1500  avg(100): 135.5
  Episode 700/1500  avg(100): 181.4
  Episode 750/1500  avg(100): 191.7
  Episode 800/1500  avg(100): 176.8
  Episode 850/1500  avg(100): 170.1
  Episode 900/1500  avg(100): 182.2
  Episode 950/1500  avg(100): 173.0
  Episode 1000/1500  avg(100): 179.9
  Episode 1050/1500  avg(100): 222.6
  Episode 1100/1500  avg(100): 273.4
  Episode 1150/1500  avg(100): 306.5
  Episode 1200/1500  avg(100): 266.3
  Episode 1250/1500  avg(100): 182.0
  Episode 1300/1500  avg(100): 183.6
  Episode 1350/1500  avg(100): 249.7
  Episode 1400/1500  avg(100): 209.8
  Episode 1450/1500  avg(100): 193.4
  Episode 1500/1500  avg(100): 270.2
Model saved to models/leaky-32-32-seed45-final.pth
  per-episode CSV streamed to: metrics/multi-seed/leaky-32-32-30k/leaky-32-32/_workers/seed45/leaky-32-32-seed45.csv

Summary CSV: metrics/multi-seed/leaky-32-32-30k/leaky-32-32/_workers/seed45/leaky-32-32-summary.csv

Results across 1 seeds:
  solved (final_avg >= 475) : 0/1 seeds
  final_avg_reward  : 270.23 ± 0.00  (primary metric: CartPole-v1 standard)
  best_avg_reward   : 306.46 ± 0.00
  tail_iqm_reward   : 223.67 ± 0.00  (diagnostic: matches Optuna selection metric)
  convergence_ep    : never reached threshold in any seed

Robust reporting (final_avg_reward across seeds, 95% bootstrap CI):
  IQM   : 270.23  [95% CI: 270.23, 270.23]
  Mean  : 270.23  [95% CI: 270.23, 270.23]
  (note: with N < 10, bootstrap CIs and IQM are necessarily wide; per Colas et al. 2018 consider increasing --num-seeds.)
