Multi-seed training for: bitshift-64-32-4
  device       : cpu
  num_seeds    : 1
  base_seed    : 56
  num_episodes : 1500
  output_dir   : metrics/multi-seed/bitshift-64-32-4-30k/bitshift-64-32-4/_workers/seed56

============================================================
Seed 56 (1/1)
============================================================
  Episode 50/1500  avg(100): 18.4
  Episode 100/1500  avg(100): 17.8
  Episode 150/1500  avg(100): 74.9
  Episode 200/1500  avg(100): 165.4
  Episode 250/1500  avg(100): 181.7
  Episode 300/1500  avg(100): 156.5
  Episode 350/1500  avg(100): 187.4
  Episode 400/1500  avg(100): 177.9
  Episode 450/1500  avg(100): 202.0
  Episode 500/1500  avg(100): 281.6
  Episode 550/1500  avg(100): 254.2
  Episode 600/1500  avg(100): 226.9
  Episode 650/1500  avg(100): 255.4
  Episode 700/1500  avg(100): 333.1
  Episode 750/1500  avg(100): 352.9
  Episode 800/1500  avg(100): 225.8
  Episode 850/1500  avg(100): 200.5
  Episode 900/1500  avg(100): 354.4
  Episode 950/1500  avg(100): 430.7
  Episode 1000/1500  avg(100): 447.4
  Episode 1050/1500  avg(100): 478.2
  Episode 1100/1500  avg(100): 433.6
  Episode 1150/1500  avg(100): 443.3
  Episode 1200/1500  avg(100): 500.0
  Episode 1250/1500  avg(100): 500.0
  Episode 1300/1500  avg(100): 463.0
  Episode 1350/1500  avg(100): 403.1
  Episode 1400/1500  avg(100): 406.6
  Episode 1450/1500  avg(100): 464.5
  Episode 1500/1500  avg(100): 454.8
Model saved to models/bitshift-64-32-4-seed56-final.pth
  per-episode CSV streamed to: metrics/multi-seed/bitshift-64-32-4-30k/bitshift-64-32-4/_workers/seed56/bitshift-64-32-4-seed56.csv

Summary CSV: metrics/multi-seed/bitshift-64-32-4-30k/bitshift-64-32-4/_workers/seed56/bitshift-64-32-4-summary.csv

Results across 1 seeds:
  solved (final_avg >= 475) : 0/1 seeds
  final_avg_reward  : 454.75 ± 0.00  (primary metric: CartPole-v1 standard)
  best_avg_reward   : 500.00 ± 0.00
  tail_iqm_reward   : 458.33 ± 0.00  (diagnostic: matches Optuna selection metric)
  convergence_ep    : never reached threshold in any seed

Robust reporting (final_avg_reward across seeds, 95% bootstrap CI):
  IQM   : 454.75  [95% CI: 454.75, 454.75]
  Mean  : 454.75  [95% CI: 454.75, 454.75]
  (note: with N < 10, bootstrap CIs and IQM are necessarily wide; per Colas et al. 2018 consider increasing --num-seeds.)
