Multi-seed training for: fractional-32-8-8
  device       : cpu
  num_seeds    : 1
  base_seed    : 50
  num_episodes : 1500
  output_dir   : metrics/multi-seed/fractional-32-8-8-25k/fractional-32-8-8/_workers/seed50

============================================================
Seed 50 (1/1)
============================================================
  Episode 50/1500  avg(100): 15.8
  Episode 100/1500  avg(100): 14.1
  Episode 150/1500  avg(100): 22.4
  Episode 200/1500  avg(100): 95.6
  Episode 250/1500  avg(100): 218.3
  Episode 300/1500  avg(100): 233.1
  Episode 350/1500  avg(100): 194.0
  Episode 400/1500  avg(100): 169.0
  Episode 450/1500  avg(100): 100.9
  Episode 500/1500  avg(100): 70.6
  Episode 550/1500  avg(100): 64.0
  Episode 600/1500  avg(100): 39.7
  Episode 650/1500  avg(100): 29.7
  Episode 700/1500  avg(100): 29.0
  Episode 750/1500  avg(100): 23.8
  Episode 800/1500  avg(100): 22.1
  Episode 850/1500  avg(100): 27.1
  Episode 900/1500  avg(100): 177.8
  Episode 950/1500  avg(100): 386.5
  Episode 1000/1500  avg(100): 386.0
  Episode 1050/1500  avg(100): 213.6
  Episode 1100/1500  avg(100): 59.4
  Episode 1150/1500  avg(100): 15.5
  Episode 1200/1500  avg(100): 22.4
  Episode 1250/1500  avg(100): 74.0
  Episode 1300/1500  avg(100): 118.0
  Episode 1350/1500  avg(100): 114.3
  Episode 1400/1500  avg(100): 115.6
  Episode 1450/1500  avg(100): 121.5
  Episode 1500/1500  avg(100): 177.5
Model saved to models/fractional-32-8-8-seed50-final.pth
  per-episode CSV streamed to: metrics/multi-seed/fractional-32-8-8-25k/fractional-32-8-8/_workers/seed50/fractional-32-8-8-seed50.csv

Summary CSV: metrics/multi-seed/fractional-32-8-8-25k/fractional-32-8-8/_workers/seed50/fractional-32-8-8-summary.csv

Results across 1 seeds:
  solved (final_avg >= 475) : 0/1 seeds
  final_avg_reward  : 177.53 ± 0.00  (primary metric: CartPole-v1 standard)
  best_avg_reward   : 423.24 ± 0.00
  tail_iqm_reward   : 100.15 ± 0.00  (diagnostic: matches Optuna selection metric)
  convergence_ep    : never reached threshold in any seed

Robust reporting (final_avg_reward across seeds, 95% bootstrap CI):
  IQM   : 177.53  [95% CI: 177.53, 177.53]
  Mean  : 177.53  [95% CI: 177.53, 177.53]
  (note: with N < 10, bootstrap CIs and IQM are necessarily wide; per Colas et al. 2018 consider increasing --num-seeds.)
