Multi-seed training for: bitshift-64-32-4
  device       : cpu
  num_seeds    : 1
  base_seed    : 84
  num_episodes : 1500
  output_dir   : metrics/multi-seed/bitshift-64-32-4/_workers/seed84

============================================================
Seed 84 (1/1)
============================================================
  Episode 50/1500  avg(100): 16.4
  Episode 100/1500  avg(100): 15.3
  Episode 150/1500  avg(100): 22.6
  Episode 200/1500  avg(100): 65.7
  Episode 250/1500  avg(100): 99.2
  Episode 300/1500  avg(100): 134.9
  Episode 350/1500  avg(100): 298.3
  Episode 400/1500  avg(100): 459.9
  Episode 450/1500  avg(100): 497.5
  Episode 500/1500  avg(100): 499.6
  Episode 550/1500  avg(100): 488.1
  Episode 600/1500  avg(100): 476.9
  Episode 650/1500  avg(100): 483.5
  Episode 700/1500  avg(100): 495.0
  Episode 750/1500  avg(100): 497.6
  Episode 800/1500  avg(100): 490.2
  Episode 850/1500  avg(100): 492.6
  Episode 900/1500  avg(100): 483.0
  Episode 950/1500  avg(100): 483.0
  Episode 1000/1500  avg(100): 500.0
  Episode 1050/1500  avg(100): 500.0
  Episode 1100/1500  avg(100): 500.0
  Episode 1150/1500  avg(100): 500.0
  Episode 1200/1500  avg(100): 496.8
  Episode 1250/1500  avg(100): 459.2
  Episode 1300/1500  avg(100): 410.6
  Episode 1350/1500  avg(100): 425.6
  Episode 1400/1500  avg(100): 469.4
  Episode 1450/1500  avg(100): 450.4
  Episode 1500/1500  avg(100): 458.4
Model saved to models/bitshift-64-32-4-seed84-final.pth
  per-episode CSV streamed to: metrics/multi-seed/bitshift-64-32-4/_workers/seed84/bitshift-64-32-4-seed84.csv

Summary CSV: metrics/multi-seed/bitshift-64-32-4/_workers/seed84/bitshift-64-32-4-summary.csv

Results across 1 seeds:
  solved (final_avg >= 475) : 0/1 seeds
  final_avg_reward  : 458.45 ± 0.00  (primary metric: CartPole-v1 standard)
  best_avg_reward   : 500.00 ± 0.00
  tail_iqm_reward   : 464.57 ± 0.00  (diagnostic: matches Optuna selection metric)
  convergence_ep    : never reached threshold in any seed

Robust reporting (final_avg_reward across seeds, 95% bootstrap CI):
  IQM   : 458.45  [95% CI: 458.45, 458.45]
  Mean  : 458.45  [95% CI: 458.45, 458.45]
  (note: with N < 10, bootstrap CIs and IQM are necessarily wide; per Colas et al. 2018 consider increasing --num-seeds.)
