Multi-seed training for: bitshift-64-32-4
  device       : cpu
  num_seeds    : 1
  base_seed    : 50
  num_episodes : 1500
  output_dir   : metrics/multi-seed/bitshift-64-32-4-50k/bitshift-64-32-4/_workers/seed50

============================================================
Seed 50 (1/1)
============================================================
  Episode 50/1500  avg(100): 16.5
  Episode 100/1500  avg(100): 15.7
  Episode 150/1500  avg(100): 75.2
  Episode 200/1500  avg(100): 247.2
  Episode 250/1500  avg(100): 313.8
  Episode 300/1500  avg(100): 219.6
  Episode 350/1500  avg(100): 176.2
  Episode 400/1500  avg(100): 156.6
  Episode 450/1500  avg(100): 174.6
  Episode 500/1500  avg(100): 273.6
  Episode 550/1500  avg(100): 281.6
  Episode 600/1500  avg(100): 252.6
  Episode 650/1500  avg(100): 285.1
  Episode 700/1500  avg(100): 244.4
  Episode 750/1500  avg(100): 227.8
  Episode 800/1500  avg(100): 315.2
  Episode 850/1500  avg(100): 317.2
  Episode 900/1500  avg(100): 288.8
  Episode 950/1500  avg(100): 356.5
  Episode 1000/1500  avg(100): 430.5
  Episode 1050/1500  avg(100): 450.2
  Episode 1100/1500  avg(100): 467.1
  Episode 1150/1500  avg(100): 477.8
  Episode 1200/1500  avg(100): 477.6
  Episode 1250/1500  avg(100): 494.7
  Episode 1300/1500  avg(100): 375.1
  Episode 1350/1500  avg(100): 199.1
  Episode 1400/1500  avg(100): 233.0
  Episode 1450/1500  avg(100): 334.7
  Episode 1500/1500  avg(100): 350.5
Model saved to models/bitshift-64-32-4-seed50-final.pth
  per-episode CSV streamed to: metrics/multi-seed/bitshift-64-32-4-50k/bitshift-64-32-4/_workers/seed50/bitshift-64-32-4-seed50.csv

Summary CSV: metrics/multi-seed/bitshift-64-32-4-50k/bitshift-64-32-4/_workers/seed50/bitshift-64-32-4-summary.csv

Results across 1 seeds:
  solved (final_avg >= 475) : 0/1 seeds
  final_avg_reward  : 350.52 ± 0.00  (primary metric: CartPole-v1 standard)
  best_avg_reward   : 498.47 ± 0.00
  tail_iqm_reward   : 385.88 ± 0.00  (diagnostic: matches Optuna selection metric)
  convergence_ep    : never reached threshold in any seed

Robust reporting (final_avg_reward across seeds, 95% bootstrap CI):
  IQM   : 350.52  [95% CI: 350.52, 350.52]
  Mean  : 350.52  [95% CI: 350.52, 350.52]
  (note: with N < 10, bootstrap CIs and IQM are necessarily wide; per Colas et al. 2018 consider increasing --num-seeds.)
