Multi-seed training for: leaky-32-32
  device       : cpu
  num_seeds    : 1
  base_seed    : 78
  num_episodes : 1500
  output_dir   : metrics/multi-seed/leaky-32-32/_workers/seed78

============================================================
Seed 78 (1/1)
============================================================
  Episode 50/1500  avg(100): 19.0
  Episode 100/1500  avg(100): 18.4
  Episode 150/1500  avg(100): 15.1
  Episode 200/1500  avg(100): 42.5
  Episode 250/1500  avg(100): 135.9
  Episode 300/1500  avg(100): 216.5
  Episode 350/1500  avg(100): 183.2
  Episode 400/1500  avg(100): 118.8
  Episode 450/1500  avg(100): 144.3
  Episode 500/1500  avg(100): 152.9
  Episode 550/1500  avg(100): 228.9
  Episode 600/1500  avg(100): 412.9
  Episode 650/1500  avg(100): 495.1
  Episode 700/1500  avg(100): 494.0
  Episode 750/1500  avg(100): 486.8
  Episode 800/1500  avg(100): 422.5
  Episode 850/1500  avg(100): 413.7
  Episode 900/1500  avg(100): 469.1
  Episode 950/1500  avg(100): 478.8
  Episode 1000/1500  avg(100): 482.5
  Episode 1050/1500  avg(100): 488.8
  Episode 1100/1500  avg(100): 384.6
  Episode 1150/1500  avg(100): 337.2
  Episode 1200/1500  avg(100): 452.6
  Episode 1250/1500  avg(100): 358.8
  Episode 1300/1500  avg(100): 160.2
  Episode 1350/1500  avg(100): 196.1
  Episode 1400/1500  avg(100): 245.4
  Episode 1450/1500  avg(100): 184.9
  Episode 1500/1500  avg(100): 117.0
Model saved to models/leaky-32-32-seed78-final.pth
  per-episode CSV streamed to: metrics/multi-seed/leaky-32-32/_workers/seed78/leaky-32-32-seed78.csv

Summary CSV: metrics/multi-seed/leaky-32-32/_workers/seed78/leaky-32-32-summary.csv

Results across 1 seeds:
  solved (final_avg >= 475) : 0/1 seeds
  final_avg_reward  : 117.00 ± 0.00  (primary metric: CartPole-v1 standard)
  best_avg_reward   : 500.00 ± 0.00
  tail_iqm_reward   : 256.17 ± 0.00  (diagnostic: matches Optuna selection metric)
  convergence_ep    : never reached threshold in any seed

Robust reporting (final_avg_reward across seeds, 95% bootstrap CI):
  IQM   : 117.00  [95% CI: 117.00, 117.00]
  Mean  : 117.00  [95% CI: 117.00, 117.00]
  (note: with N < 10, bootstrap CIs and IQM are necessarily wide; per Colas et al. 2018 consider increasing --num-seeds.)
