Multi-seed training for: leaky-32-32
  device       : cpu
  num_seeds    : 1
  base_seed    : 57
  num_episodes : 1500
  output_dir   : metrics/multi-seed/leaky-32-32-30k/leaky-32-32/_workers/seed57

============================================================
Seed 57 (1/1)
============================================================
  Episode 50/1500  avg(100): 19.4
  Episode 100/1500  avg(100): 18.6
  Episode 150/1500  avg(100): 34.8
  Episode 200/1500  avg(100): 98.9
  Episode 250/1500  avg(100): 160.9
  Episode 300/1500  avg(100): 179.5
  Episode 350/1500  avg(100): 168.7
  Episode 400/1500  avg(100): 192.4
  Episode 450/1500  avg(100): 181.8
  Episode 500/1500  avg(100): 124.5
  Episode 550/1500  avg(100): 86.9
  Episode 600/1500  avg(100): 106.5
  Episode 650/1500  avg(100): 131.9
  Episode 700/1500  avg(100): 87.9
  Episode 750/1500  avg(100): 244.7
  Episode 800/1500  avg(100): 439.7
  Episode 850/1500  avg(100): 329.6
  Episode 900/1500  avg(100): 158.0
  Episode 950/1500  avg(100): 161.5
  Episode 1000/1500  avg(100): 217.1
  Episode 1050/1500  avg(100): 247.0
  Episode 1100/1500  avg(100): 306.5
  Episode 1150/1500  avg(100): 408.2
  Episode 1200/1500  avg(100): 454.4
  Episode 1250/1500  avg(100): 452.4
  Episode 1300/1500  avg(100): 456.7
  Episode 1350/1500  avg(100): 472.8
  Episode 1400/1500  avg(100): 500.0
  Episode 1450/1500  avg(100): 500.0
  Episode 1500/1500  avg(100): 493.8
Model saved to models/leaky-32-32-seed57-final.pth
  per-episode CSV streamed to: metrics/multi-seed/leaky-32-32-30k/leaky-32-32/_workers/seed57/leaky-32-32-seed57.csv

Summary CSV: metrics/multi-seed/leaky-32-32-30k/leaky-32-32/_workers/seed57/leaky-32-32-summary.csv

Results across 1 seeds:
  solved (final_avg >= 475) : 1/1 seeds
  final_avg_reward  : 493.81 ± 0.00  (primary metric: CartPole-v1 standard)
  best_avg_reward   : 500.00 ± 0.00
  tail_iqm_reward   : 468.29 ± 0.00  (diagnostic: matches Optuna selection metric)
  convergence_ep    : 1355.0 ± 0.0  (1/1 seeds converged)

Robust reporting (final_avg_reward across seeds, 95% bootstrap CI):
  IQM   : 493.81  [95% CI: 493.81, 493.81]
  Mean  : 493.81  [95% CI: 493.81, 493.81]
  (note: with N < 10, bootstrap CIs and IQM are necessarily wide; per Colas et al. 2018 consider increasing --num-seeds.)
