Multi-seed training for: bitshift-64-32-4
  device       : cpu
  num_seeds    : 1
  base_seed    : 47
  num_episodes : 1500
  output_dir   : metrics/multi-seed/bitshift-64-32-4/_workers/seed47

============================================================
Seed 47 (1/1)
============================================================
  Episode 50/1500  avg(100): 16.0
  Episode 100/1500  avg(100): 15.6
  Episode 150/1500  avg(100): 33.5
  Episode 200/1500  avg(100): 106.0
  Episode 250/1500  avg(100): 223.3
  Episode 300/1500  avg(100): 269.6
  Episode 350/1500  avg(100): 240.9
  Episode 400/1500  avg(100): 278.5
  Episode 450/1500  avg(100): 383.8
  Episode 500/1500  avg(100): 429.9
  Episode 550/1500  avg(100): 380.5
  Episode 600/1500  avg(100): 380.9
  Episode 650/1500  avg(100): 389.8
  Episode 700/1500  avg(100): 398.8
  Episode 750/1500  avg(100): 452.7
  Episode 800/1500  avg(100): 472.3
  Episode 850/1500  avg(100): 479.1
  Episode 900/1500  avg(100): 488.8
  Episode 950/1500  avg(100): 467.3
  Episode 1000/1500  avg(100): 400.2
  Episode 1050/1500  avg(100): 313.7
  Episode 1100/1500  avg(100): 211.8
  Episode 1150/1500  avg(100): 174.3
  Episode 1200/1500  avg(100): 191.9
  Episode 1250/1500  avg(100): 268.1
  Episode 1300/1500  avg(100): 287.0
  Episode 1350/1500  avg(100): 343.7
  Episode 1400/1500  avg(100): 466.6
  Episode 1450/1500  avg(100): 440.3
  Episode 1500/1500  avg(100): 426.0
Model saved to models/bitshift-64-32-4-seed47-final.pth
  per-episode CSV streamed to: metrics/multi-seed/bitshift-64-32-4/_workers/seed47/bitshift-64-32-4-seed47.csv

Summary CSV: metrics/multi-seed/bitshift-64-32-4/_workers/seed47/bitshift-64-32-4-summary.csv

Results across 1 seeds:
  solved (final_avg >= 475) : 0/1 seeds
  final_avg_reward  : 425.99 ± 0.00  (primary metric: CartPole-v1 standard)
  best_avg_reward   : 498.18 ± 0.00
  tail_iqm_reward   : 317.15 ± 0.00  (diagnostic: matches Optuna selection metric)
  convergence_ep    : never reached threshold in any seed

Robust reporting (final_avg_reward across seeds, 95% bootstrap CI):
  IQM   : 425.99  [95% CI: 425.99, 425.99]
  Mean  : 425.99  [95% CI: 425.99, 425.99]
  (note: with N < 10, bootstrap CIs and IQM are necessarily wide; per Colas et al. 2018 consider increasing --num-seeds.)
