Multi-seed training for: bitshift-64-32-4
  device       : cpu
  num_seeds    : 1
  base_seed    : 63
  num_episodes : 1500
  output_dir   : metrics/multi-seed/bitshift-64-32-4/_workers/seed63

============================================================
Seed 63 (1/1)
============================================================
  Episode 50/1500  avg(100): 17.7
  Episode 100/1500  avg(100): 20.9
  Episode 150/1500  avg(100): 81.6
  Episode 200/1500  avg(100): 163.4
  Episode 250/1500  avg(100): 150.8
  Episode 300/1500  avg(100): 118.3
  Episode 350/1500  avg(100): 117.3
  Episode 400/1500  avg(100): 115.5
  Episode 450/1500  avg(100): 170.7
  Episode 500/1500  avg(100): 338.8
  Episode 550/1500  avg(100): 442.6
  Episode 600/1500  avg(100): 423.4
  Episode 650/1500  avg(100): 289.4
  Episode 700/1500  avg(100): 241.7
  Episode 750/1500  avg(100): 322.9
  Episode 800/1500  avg(100): 343.6
  Episode 850/1500  avg(100): 318.3
  Episode 900/1500  avg(100): 320.9
  Episode 950/1500  avg(100): 289.4
  Episode 1000/1500  avg(100): 120.4
  Episode 1050/1500  avg(100): 174.2
  Episode 1100/1500  avg(100): 389.7
  Episode 1150/1500  avg(100): 395.8
  Episode 1200/1500  avg(100): 356.0
  Episode 1250/1500  avg(100): 409.7
  Episode 1300/1500  avg(100): 465.7
  Episode 1350/1500  avg(100): 357.0
  Episode 1400/1500  avg(100): 306.0
  Episode 1450/1500  avg(100): 356.2
  Episode 1500/1500  avg(100): 259.6
Model saved to models/bitshift-64-32-4-seed63-final.pth
  per-episode CSV streamed to: metrics/multi-seed/bitshift-64-32-4/_workers/seed63/bitshift-64-32-4-seed63.csv

Summary CSV: metrics/multi-seed/bitshift-64-32-4/_workers/seed63/bitshift-64-32-4-summary.csv

Results across 1 seeds:
  solved (final_avg >= 475) : 0/1 seeds
  final_avg_reward  : 259.62 ± 0.00  (primary metric: CartPole-v1 standard)
  best_avg_reward   : 479.01 ± 0.00
  tail_iqm_reward   : 359.29 ± 0.00  (diagnostic: matches Optuna selection metric)
  convergence_ep    : never reached threshold in any seed

Robust reporting (final_avg_reward across seeds, 95% bootstrap CI):
  IQM   : 259.62  [95% CI: 259.62, 259.62]
  Mean  : 259.62  [95% CI: 259.62, 259.62]
  (note: with N < 10, bootstrap CIs and IQM are necessarily wide; per Colas et al. 2018 consider increasing --num-seeds.)
