Multi-seed training for: bitshift-64-32-4
  device       : cpu
  num_seeds    : 1
  base_seed    : 56
  num_episodes : 1500
  output_dir   : metrics/multi-seed/bitshift-64-32-4-20k/bitshift-64-32-4/_workers/seed56

============================================================
Seed 56 (1/1)
============================================================
  Episode 50/1500  avg(100): 18.4
  Episode 100/1500  avg(100): 17.8
  Episode 150/1500  avg(100): 74.9
  Episode 200/1500  avg(100): 165.4
  Episode 250/1500  avg(100): 182.4
  Episode 300/1500  avg(100): 136.1
  Episode 350/1500  avg(100): 75.4
  Episode 400/1500  avg(100): 153.7
  Episode 450/1500  avg(100): 311.2
  Episode 500/1500  avg(100): 402.1
  Episode 550/1500  avg(100): 461.1
  Episode 600/1500  avg(100): 489.2
  Episode 650/1500  avg(100): 500.0
  Episode 700/1500  avg(100): 500.0
  Episode 750/1500  avg(100): 500.0
  Episode 800/1500  avg(100): 500.0
  Episode 850/1500  avg(100): 500.0
  Episode 900/1500  avg(100): 500.0
  Episode 950/1500  avg(100): 500.0
  Episode 1000/1500  avg(100): 500.0
  Episode 1050/1500  avg(100): 500.0
  Episode 1100/1500  avg(100): 500.0
  Episode 1150/1500  avg(100): 500.0
  Episode 1200/1500  avg(100): 500.0
  Episode 1250/1500  avg(100): 495.4
  Episode 1300/1500  avg(100): 495.4
  Episode 1350/1500  avg(100): 500.0
  Episode 1400/1500  avg(100): 500.0
  Episode 1450/1500  avg(100): 500.0
  Episode 1500/1500  avg(100): 500.0
Model saved to models/bitshift-64-32-4-seed56-final.pth
  per-episode CSV streamed to: metrics/multi-seed/bitshift-64-32-4-20k/bitshift-64-32-4/_workers/seed56/bitshift-64-32-4-seed56.csv

Summary CSV: metrics/multi-seed/bitshift-64-32-4-20k/bitshift-64-32-4/_workers/seed56/bitshift-64-32-4-summary.csv

Results across 1 seeds:
  solved (final_avg >= 475) : 1/1 seeds
  final_avg_reward  : 500.00 ± 0.00  (primary metric: CartPole-v1 standard)
  best_avg_reward   : 500.00 ± 0.00
  tail_iqm_reward   : 499.83 ± 0.00  (diagnostic: matches Optuna selection metric)
  convergence_ep    : 572.0 ± 0.0  (1/1 seeds converged)

Robust reporting (final_avg_reward across seeds, 95% bootstrap CI):
  IQM   : 500.00  [95% CI: 500.00, 500.00]
  Mean  : 500.00  [95% CI: 500.00, 500.00]
  (note: with N < 10, bootstrap CIs and IQM are necessarily wide; per Colas et al. 2018 consider increasing --num-seeds.)
