Multi-seed training for: bitshift-64-32-4
  device       : cpu
  num_seeds    : 1
  base_seed    : 75
  num_episodes : 1500
  output_dir   : metrics/multi-seed/bitshift-64-32-4/_workers/seed75

============================================================
Seed 75 (1/1)
============================================================
  Episode 50/1500  avg(100): 15.3
  Episode 100/1500  avg(100): 14.9
  Episode 150/1500  avg(100): 42.9
  Episode 200/1500  avg(100): 177.1
  Episode 250/1500  avg(100): 265.7
  Episode 300/1500  avg(100): 238.8
  Episode 350/1500  avg(100): 237.3
  Episode 400/1500  avg(100): 307.0
  Episode 450/1500  avg(100): 409.4
  Episode 500/1500  avg(100): 464.0
  Episode 550/1500  avg(100): 489.1
  Episode 600/1500  avg(100): 495.1
  Episode 650/1500  avg(100): 492.6
  Episode 700/1500  avg(100): 495.0
  Episode 750/1500  avg(100): 496.5
  Episode 800/1500  avg(100): 498.9
  Episode 850/1500  avg(100): 500.0
  Episode 900/1500  avg(100): 491.0
  Episode 950/1500  avg(100): 472.6
  Episode 1000/1500  avg(100): 462.2
  Episode 1050/1500  avg(100): 349.2
  Episode 1100/1500  avg(100): 192.8
  Episode 1150/1500  avg(100): 137.7
  Episode 1200/1500  avg(100): 140.5
  Episode 1250/1500  avg(100): 172.5
  Episode 1300/1500  avg(100): 208.3
  Episode 1350/1500  avg(100): 252.3
  Episode 1400/1500  avg(100): 306.3
  Episode 1450/1500  avg(100): 366.4
  Episode 1500/1500  avg(100): 300.4
Model saved to models/bitshift-64-32-4-seed75-final.pth
  per-episode CSV streamed to: metrics/multi-seed/bitshift-64-32-4/_workers/seed75/bitshift-64-32-4-seed75.csv

Summary CSV: metrics/multi-seed/bitshift-64-32-4/_workers/seed75/bitshift-64-32-4-summary.csv

Results across 1 seeds:
  solved (final_avg >= 475) : 0/1 seeds
  final_avg_reward  : 300.43 ± 0.00  (primary metric: CartPole-v1 standard)
  best_avg_reward   : 500.00 ± 0.00
  tail_iqm_reward   : 228.59 ± 0.00  (diagnostic: matches Optuna selection metric)
  convergence_ep    : never reached threshold in any seed

Robust reporting (final_avg_reward across seeds, 95% bootstrap CI):
  IQM   : 300.43  [95% CI: 300.43, 300.43]
  Mean  : 300.43  [95% CI: 300.43, 300.43]
  (note: with N < 10, bootstrap CIs and IQM are necessarily wide; per Colas et al. 2018 consider increasing --num-seeds.)
