Multi-seed training for: fractional-32-8-8
  device       : cpu
  num_seeds    : 1
  base_seed    : 103
  num_episodes : 1500
  output_dir   : metrics/multi-seed/fractional-32-8-8/_workers/seed103

============================================================
Seed 103 (1/1)
============================================================
  Episode 50/1500  avg(100): 18.8
  Episode 100/1500  avg(100): 15.5
  Episode 150/1500  avg(100): 14.3
  Episode 200/1500  avg(100): 18.5
  Episode 250/1500  avg(100): 48.4
  Episode 300/1500  avg(100): 82.7
  Episode 350/1500  avg(100): 84.2
  Episode 400/1500  avg(100): 82.4
  Episode 450/1500  avg(100): 94.0
  Episode 500/1500  avg(100): 98.5
  Episode 550/1500  avg(100): 106.8
  Episode 600/1500  avg(100): 126.9
  Episode 650/1500  avg(100): 152.9
  Episode 700/1500  avg(100): 326.1
  Episode 750/1500  avg(100): 483.4
  Episode 800/1500  avg(100): 493.0
  Episode 850/1500  avg(100): 500.0
  Episode 900/1500  avg(100): 500.0
  Episode 950/1500  avg(100): 482.9
  Episode 1000/1500  avg(100): 287.5
  Episode 1050/1500  avg(100): 163.2
  Episode 1100/1500  avg(100): 358.6
  Episode 1150/1500  avg(100): 500.0
  Episode 1200/1500  avg(100): 473.8
  Episode 1250/1500  avg(100): 464.1
  Episode 1300/1500  avg(100): 486.1
  Episode 1350/1500  avg(100): 486.5
  Episode 1400/1500  avg(100): 490.7
  Episode 1450/1500  avg(100): 486.0
  Episode 1500/1500  avg(100): 457.9
Model saved to models/fractional-32-8-8-seed103-final.pth
  per-episode CSV streamed to: metrics/multi-seed/fractional-32-8-8/_workers/seed103/fractional-32-8-8-seed103.csv

Summary CSV: metrics/multi-seed/fractional-32-8-8/_workers/seed103/fractional-32-8-8-summary.csv

Results across 1 seeds:
  solved (final_avg >= 475) : 0/1 seeds
  final_avg_reward  : 457.87 ± 0.00  (primary metric: CartPole-v1 standard)
  best_avg_reward   : 500.00 ± 0.00
  tail_iqm_reward   : 483.57 ± 0.00  (diagnostic: matches Optuna selection metric)
  convergence_ep    : never reached threshold in any seed

Robust reporting (final_avg_reward across seeds, 95% bootstrap CI):
  IQM   : 457.87  [95% CI: 457.87, 457.87]
  Mean  : 457.87  [95% CI: 457.87, 457.87]
  (note: with N < 10, bootstrap CIs and IQM are necessarily wide; per Colas et al. 2018 consider increasing --num-seeds.)
