Multi-seed training for: fractional-32-8-8
  device       : cpu
  num_seeds    : 1
  base_seed    : 55
  num_episodes : 1500
  output_dir   : metrics/multi-seed/fractional-32-8-8-50k/fractional-32-8-8/_workers/seed55

============================================================
Seed 55 (1/1)
============================================================
  Episode 50/1500  avg(100): 18.7
  Episode 100/1500  avg(100): 15.0
  Episode 150/1500  avg(100): 18.1
  Episode 200/1500  avg(100): 55.4
  Episode 250/1500  avg(100): 154.0
  Episode 300/1500  avg(100): 212.5
  Episode 350/1500  avg(100): 203.1
  Episode 400/1500  avg(100): 176.1
  Episode 450/1500  avg(100): 136.4
  Episode 500/1500  avg(100): 140.0
  Episode 550/1500  avg(100): 293.2
  Episode 600/1500  avg(100): 465.2
  Episode 650/1500  avg(100): 356.4
  Episode 700/1500  avg(100): 295.1
  Episode 750/1500  avg(100): 401.4
  Episode 800/1500  avg(100): 376.8
  Episode 850/1500  avg(100): 358.0
  Episode 900/1500  avg(100): 376.4
  Episode 950/1500  avg(100): 278.5
  Episode 1000/1500  avg(100): 108.9
  Episode 1050/1500  avg(100): 31.0
  Episode 1100/1500  avg(100): 161.2
  Episode 1150/1500  avg(100): 346.2
  Episode 1200/1500  avg(100): 283.0
  Episode 1250/1500  avg(100): 120.5
  Episode 1300/1500  avg(100): 73.2
  Episode 1350/1500  avg(100): 120.9
  Episode 1400/1500  avg(100): 119.5
  Episode 1450/1500  avg(100): 58.8
  Episode 1500/1500  avg(100): 137.4
Model saved to models/fractional-32-8-8-seed55-final.pth
  per-episode CSV streamed to: metrics/multi-seed/fractional-32-8-8-50k/fractional-32-8-8/_workers/seed55/fractional-32-8-8-seed55.csv

Summary CSV: metrics/multi-seed/fractional-32-8-8-50k/fractional-32-8-8/_workers/seed55/fractional-32-8-8-summary.csv

Results across 1 seeds:
  solved (final_avg >= 475) : 0/1 seeds
  final_avg_reward  : 137.37 ± 0.00  (primary metric: CartPole-v1 standard)
  best_avg_reward   : 471.08 ± 0.00
  tail_iqm_reward   : 119.11 ± 0.00  (diagnostic: matches Optuna selection metric)
  convergence_ep    : never reached threshold in any seed

Robust reporting (final_avg_reward across seeds, 95% bootstrap CI):
  IQM   : 137.37  [95% CI: 137.37, 137.37]
  Mean  : 137.37  [95% CI: 137.37, 137.37]
  (note: with N < 10, bootstrap CIs and IQM are necessarily wide; per Colas et al. 2018 consider increasing --num-seeds.)
