Multi-seed training for: leaky-32-32
  device       : cpu
  num_seeds    : 1
  base_seed    : 94
  num_episodes : 1500
  output_dir   : metrics/multi-seed/leaky-32-32/_workers/seed94

============================================================
Seed 94 (1/1)
============================================================
  Episode 50/1500  avg(100): 17.7
  Episode 100/1500  avg(100): 16.3
  Episode 150/1500  avg(100): 15.9
  Episode 200/1500  avg(100): 16.1
  Episode 250/1500  avg(100): 40.1
  Episode 300/1500  avg(100): 85.1
  Episode 350/1500  avg(100): 118.7
  Episode 400/1500  avg(100): 112.7
  Episode 450/1500  avg(100): 82.4
  Episode 500/1500  avg(100): 76.3
  Episode 550/1500  avg(100): 122.1
  Episode 600/1500  avg(100): 236.1
  Episode 650/1500  avg(100): 400.9
  Episode 700/1500  avg(100): 490.3
  Episode 750/1500  avg(100): 484.4
  Episode 800/1500  avg(100): 464.1
  Episode 850/1500  avg(100): 469.0
  Episode 900/1500  avg(100): 491.7
  Episode 950/1500  avg(100): 476.5
  Episode 1000/1500  avg(100): 480.2
  Episode 1050/1500  avg(100): 495.5
  Episode 1100/1500  avg(100): 495.5
  Episode 1150/1500  avg(100): 476.6
  Episode 1200/1500  avg(100): 360.8
  Episode 1250/1500  avg(100): 243.4
  Episode 1300/1500  avg(100): 349.3
  Episode 1350/1500  avg(100): 457.9
  Episode 1400/1500  avg(100): 463.7
  Episode 1450/1500  avg(100): 495.9
  Episode 1500/1500  avg(100): 500.0
Model saved to models/leaky-32-32-seed94-final.pth
  per-episode CSV streamed to: metrics/multi-seed/leaky-32-32/_workers/seed94/leaky-32-32-seed94.csv

Summary CSV: metrics/multi-seed/leaky-32-32/_workers/seed94/leaky-32-32-summary.csv

Results across 1 seeds:
  solved (final_avg >= 475) : 1/1 seeds
  final_avg_reward  : 500.00 ± 0.00  (primary metric: CartPole-v1 standard)
  best_avg_reward   : 500.00 ± 0.00
  tail_iqm_reward   : 440.29 ± 0.00  (diagnostic: matches Optuna selection metric)
  convergence_ep    : 1431.0 ± 0.0  (1/1 seeds converged)

Robust reporting (final_avg_reward across seeds, 95% bootstrap CI):
  IQM   : 500.00  [95% CI: 500.00, 500.00]
  Mean  : 500.00  [95% CI: 500.00, 500.00]
  (note: with N < 10, bootstrap CIs and IQM are necessarily wide; per Colas et al. 2018 consider increasing --num-seeds.)
