Multi-seed training for: fractional-32-8-8
  device       : cpu
  num_seeds    : 1
  base_seed    : 58
  num_episodes : 1500
  output_dir   : metrics/multi-seed/fractional-32-8-8-30k/fractional-32-8-8/_workers/seed58

============================================================
Seed 58 (1/1)
============================================================
  Episode 50/1500  avg(100): 16.7
  Episode 100/1500  avg(100): 14.8
  Episode 150/1500  avg(100): 16.4
  Episode 200/1500  avg(100): 48.6
  Episode 250/1500  avg(100): 155.8
  Episode 300/1500  avg(100): 227.4
  Episode 350/1500  avg(100): 221.8
  Episode 400/1500  avg(100): 235.2
  Episode 450/1500  avg(100): 271.8
  Episode 500/1500  avg(100): 348.0
  Episode 550/1500  avg(100): 437.6
  Episode 600/1500  avg(100): 400.7
  Episode 650/1500  avg(100): 215.6
  Episode 700/1500  avg(100): 68.1
  Episode 750/1500  avg(100): 28.2
  Episode 800/1500  avg(100): 25.6
  Episode 850/1500  avg(100): 26.1
  Episode 900/1500  avg(100): 25.6
  Episode 950/1500  avg(100): 24.1
  Episode 1000/1500  avg(100): 25.0
  Episode 1050/1500  avg(100): 31.5
  Episode 1100/1500  avg(100): 38.6
  Episode 1150/1500  avg(100): 38.7
  Episode 1200/1500  avg(100): 35.1
  Episode 1250/1500  avg(100): 34.6
  Episode 1300/1500  avg(100): 40.5
  Episode 1350/1500  avg(100): 46.7
  Episode 1400/1500  avg(100): 82.8
  Episode 1450/1500  avg(100): 86.0
  Episode 1500/1500  avg(100): 42.8
Model saved to models/fractional-32-8-8-seed58-final.pth
  per-episode CSV streamed to: metrics/multi-seed/fractional-32-8-8-30k/fractional-32-8-8/_workers/seed58/fractional-32-8-8-seed58.csv

Summary CSV: metrics/multi-seed/fractional-32-8-8-30k/fractional-32-8-8/_workers/seed58/fractional-32-8-8-summary.csv

Results across 1 seeds:
  solved (final_avg >= 475) : 0/1 seeds
  final_avg_reward  : 42.80 ± 0.00  (primary metric: CartPole-v1 standard)
  best_avg_reward   : 463.41 ± 0.00
  tail_iqm_reward   : 44.88 ± 0.00  (diagnostic: matches Optuna selection metric)
  convergence_ep    : never reached threshold in any seed

Robust reporting (final_avg_reward across seeds, 95% bootstrap CI):
  IQM   : 42.80  [95% CI: 42.80, 42.80]
  Mean  : 42.80  [95% CI: 42.80, 42.80]
  (note: with N < 10, bootstrap CIs and IQM are necessarily wide; per Colas et al. 2018 consider increasing --num-seeds.)
