Multi-seed training for: bitshift-64-32-4
  device       : cpu
  num_seeds    : 1
  base_seed    : 54
  num_episodes : 1500
  output_dir   : metrics/multi-seed/bitshift-64-32-4/_workers/seed54

============================================================
Seed 54 (1/1)
============================================================
  Episode 50/1500  avg(100): 16.4
  Episode 100/1500  avg(100): 16.2
  Episode 150/1500  avg(100): 39.1
  Episode 200/1500  avg(100): 76.6
  Episode 250/1500  avg(100): 129.6
  Episode 300/1500  avg(100): 286.1
  Episode 350/1500  avg(100): 330.3
  Episode 400/1500  avg(100): 243.0
  Episode 450/1500  avg(100): 265.6
  Episode 500/1500  avg(100): 400.9
  Episode 550/1500  avg(100): 500.0
  Episode 600/1500  avg(100): 328.4
  Episode 650/1500  avg(100): 99.9
  Episode 700/1500  avg(100): 128.2
  Episode 750/1500  avg(100): 196.1
  Episode 800/1500  avg(100): 170.6
  Episode 850/1500  avg(100): 161.2
  Episode 900/1500  avg(100): 210.5
  Episode 950/1500  avg(100): 314.1
  Episode 1000/1500  avg(100): 339.5
  Episode 1050/1500  avg(100): 299.0
  Episode 1100/1500  avg(100): 337.1
  Episode 1150/1500  avg(100): 385.1
  Episode 1200/1500  avg(100): 255.8
  Episode 1250/1500  avg(100): 219.5
  Episode 1300/1500  avg(100): 369.0
  Episode 1350/1500  avg(100): 436.2
  Episode 1400/1500  avg(100): 470.0
  Episode 1450/1500  avg(100): 498.1
  Episode 1500/1500  avg(100): 500.0
Model saved to models/bitshift-64-32-4-seed54-final.pth
  per-episode CSV streamed to: metrics/multi-seed/bitshift-64-32-4/_workers/seed54/bitshift-64-32-4-seed54.csv

Summary CSV: metrics/multi-seed/bitshift-64-32-4/_workers/seed54/bitshift-64-32-4-summary.csv

Results across 1 seeds:
  solved (final_avg >= 475) : 1/1 seeds
  final_avg_reward  : 500.00 ± 0.00  (primary metric: CartPole-v1 standard)
  best_avg_reward   : 500.00 ± 0.00
  tail_iqm_reward   : 391.81 ± 0.00  (diagnostic: matches Optuna selection metric)
  convergence_ep    : 1403.0 ± 0.0  (1/1 seeds converged)

Robust reporting (final_avg_reward across seeds, 95% bootstrap CI):
  IQM   : 500.00  [95% CI: 500.00, 500.00]
  Mean  : 500.00  [95% CI: 500.00, 500.00]
  (note: with N < 10, bootstrap CIs and IQM are necessarily wide; per Colas et al. 2018 consider increasing --num-seeds.)
