Multi-seed training for: leaky-32-32
  device       : cpu
  num_seeds    : 1
  base_seed    : 120
  num_episodes : 1500
  output_dir   : metrics/multi-seed/leaky-32-32/_workers/seed120

============================================================
Seed 120 (1/1)
============================================================
  Episode 50/1500  avg(100): 18.7
  Episode 100/1500  avg(100): 17.9
  Episode 150/1500  avg(100): 16.3
  Episode 200/1500  avg(100): 39.0
  Episode 250/1500  avg(100): 142.3
  Episode 300/1500  avg(100): 221.6
  Episode 350/1500  avg(100): 320.0
  Episode 400/1500  avg(100): 291.9
  Episode 450/1500  avg(100): 270.0
  Episode 500/1500  avg(100): 312.9
  Episode 550/1500  avg(100): 137.1
  Episode 600/1500  avg(100): 18.9
  Episode 650/1500  avg(100): 24.7
  Episode 700/1500  avg(100): 264.2
  Episode 750/1500  avg(100): 496.6
  Episode 800/1500  avg(100): 492.7
  Episode 850/1500  avg(100): 478.0
  Episode 900/1500  avg(100): 465.2
  Episode 950/1500  avg(100): 477.9
  Episode 1000/1500  avg(100): 496.2
  Episode 1050/1500  avg(100): 412.8
  Episode 1100/1500  avg(100): 175.2
  Episode 1150/1500  avg(100): 164.9
  Episode 1200/1500  avg(100): 404.3
  Episode 1250/1500  avg(100): 500.0
  Episode 1300/1500  avg(100): 500.0
  Episode 1350/1500  avg(100): 500.0
  Episode 1400/1500  avg(100): 500.0
  Episode 1450/1500  avg(100): 500.0
  Episode 1500/1500  avg(100): 500.0
Model saved to models/leaky-32-32-seed120-final.pth
  per-episode CSV streamed to: metrics/multi-seed/leaky-32-32/_workers/seed120/leaky-32-32-seed120.csv

Summary CSV: metrics/multi-seed/leaky-32-32/_workers/seed120/leaky-32-32-summary.csv

Results across 1 seeds:
  solved (final_avg >= 475) : 1/1 seeds
  final_avg_reward  : 500.00 ± 0.00  (primary metric: CartPole-v1 standard)
  best_avg_reward   : 500.00 ± 0.00
  tail_iqm_reward   : 499.97 ± 0.00  (diagnostic: matches Optuna selection metric)
  convergence_ep    : 1214.0 ± 0.0  (1/1 seeds converged)

Robust reporting (final_avg_reward across seeds, 95% bootstrap CI):
  IQM   : 500.00  [95% CI: 500.00, 500.00]
  Mean  : 500.00  [95% CI: 500.00, 500.00]
  (note: with N < 10, bootstrap CIs and IQM are necessarily wide; per Colas et al. 2018 consider increasing --num-seeds.)
