Multi-seed training for: bitshift-64-32-4
  device       : cpu
  num_seeds    : 1
  base_seed    : 48
  num_episodes : 1500
  output_dir   : metrics/multi-seed/bitshift-64-32-4-25k/bitshift-64-32-4/_workers/seed48

============================================================
Seed 48 (1/1)
============================================================
  Episode 50/1500  avg(100): 17.5
  Episode 100/1500  avg(100): 21.8
  Episode 150/1500  avg(100): 147.0
  Episode 200/1500  avg(100): 228.8
  Episode 250/1500  avg(100): 330.8
  Episode 300/1500  avg(100): 472.4
  Episode 350/1500  avg(100): 423.4
  Episode 400/1500  avg(100): 414.4
  Episode 450/1500  avg(100): 436.9
  Episode 500/1500  avg(100): 262.6
  Episode 550/1500  avg(100): 145.4
  Episode 600/1500  avg(100): 195.1
  Episode 650/1500  avg(100): 241.7
  Episode 700/1500  avg(100): 256.9
  Episode 750/1500  avg(100): 144.7
  Episode 800/1500  avg(100): 67.3
  Episode 850/1500  avg(100): 123.7
  Episode 900/1500  avg(100): 198.2
  Episode 950/1500  avg(100): 168.0
  Episode 1000/1500  avg(100): 256.8
  Episode 1050/1500  avg(100): 420.1
  Episode 1100/1500  avg(100): 463.5
  Episode 1150/1500  avg(100): 468.9
  Episode 1200/1500  avg(100): 427.9
  Episode 1250/1500  avg(100): 415.7
  Episode 1300/1500  avg(100): 458.4
  Episode 1350/1500  avg(100): 499.2
  Episode 1400/1500  avg(100): 500.0
  Episode 1450/1500  avg(100): 498.2
  Episode 1500/1500  avg(100): 498.2
Model saved to models/bitshift-64-32-4-seed48-final.pth
  per-episode CSV streamed to: metrics/multi-seed/bitshift-64-32-4-25k/bitshift-64-32-4/_workers/seed48/bitshift-64-32-4-seed48.csv

Summary CSV: metrics/multi-seed/bitshift-64-32-4-25k/bitshift-64-32-4/_workers/seed48/bitshift-64-32-4-summary.csv

Results across 1 seeds:
  solved (final_avg >= 475) : 1/1 seeds
  final_avg_reward  : 498.25 ± 0.00  (primary metric: CartPole-v1 standard)
  best_avg_reward   : 500.00 ± 0.00
  tail_iqm_reward   : 474.42 ± 0.00  (diagnostic: matches Optuna selection metric)
  convergence_ep    : 1322.0 ± 0.0  (1/1 seeds converged)

Robust reporting (final_avg_reward across seeds, 95% bootstrap CI):
  IQM   : 498.25  [95% CI: 498.25, 498.25]
  Mean  : 498.25  [95% CI: 498.25, 498.25]
  (note: with N < 10, bootstrap CIs and IQM are necessarily wide; per Colas et al. 2018 consider increasing --num-seeds.)
