Multi-seed training for: bitshift-64-32-4
  device       : cpu
  num_seeds    : 1
  base_seed    : 44
  num_episodes : 1500
  output_dir   : metrics/multi-seed/bitshift-64-32-4-50k/bitshift-64-32-4/_workers/seed44

============================================================
Seed 44 (1/1)
============================================================
  Episode 50/1500  avg(100): 17.3
  Episode 100/1500  avg(100): 15.3
  Episode 150/1500  avg(100): 41.4
  Episode 200/1500  avg(100): 135.8
  Episode 250/1500  avg(100): 219.3
  Episode 300/1500  avg(100): 233.6
  Episode 350/1500  avg(100): 213.5
  Episode 400/1500  avg(100): 205.8
  Episode 450/1500  avg(100): 225.5
  Episode 500/1500  avg(100): 234.1
  Episode 550/1500  avg(100): 218.2
  Episode 600/1500  avg(100): 181.5
  Episode 650/1500  avg(100): 115.3
  Episode 700/1500  avg(100): 153.2
  Episode 750/1500  avg(100): 280.4
  Episode 800/1500  avg(100): 325.1
  Episode 850/1500  avg(100): 292.2
  Episode 900/1500  avg(100): 263.5
  Episode 950/1500  avg(100): 202.9
  Episode 1000/1500  avg(100): 135.7
  Episode 1050/1500  avg(100): 135.0
  Episode 1100/1500  avg(100): 136.1
  Episode 1150/1500  avg(100): 139.4
  Episode 1200/1500  avg(100): 128.6
  Episode 1250/1500  avg(100): 65.2
  Episode 1300/1500  avg(100): 14.5
  Episode 1350/1500  avg(100): 11.5
  Episode 1400/1500  avg(100): 11.4
  Episode 1450/1500  avg(100): 11.5
  Episode 1500/1500  avg(100): 12.5
Model saved to models/bitshift-64-32-4-seed44-final.pth
  per-episode CSV streamed to: metrics/multi-seed/bitshift-64-32-4-50k/bitshift-64-32-4/_workers/seed44/bitshift-64-32-4-seed44.csv

Summary CSV: metrics/multi-seed/bitshift-64-32-4-50k/bitshift-64-32-4/_workers/seed44/bitshift-64-32-4-summary.csv

Results across 1 seeds:
  solved (final_avg >= 475) : 0/1 seeds
  final_avg_reward  : 12.52 ± 0.00  (primary metric: CartPole-v1 standard)
  best_avg_reward   : 347.63 ± 0.00
  tail_iqm_reward   : 31.08 ± 0.00  (diagnostic: matches Optuna selection metric)
  convergence_ep    : never reached threshold in any seed

Robust reporting (final_avg_reward across seeds, 95% bootstrap CI):
  IQM   : 12.52  [95% CI: 12.52, 12.52]
  Mean  : 12.52  [95% CI: 12.52, 12.52]
  (note: with N < 10, bootstrap CIs and IQM are necessarily wide; per Colas et al. 2018 consider increasing --num-seeds.)
