Multi-seed training for: bitshift-64-32-4
  device       : cpu
  num_seeds    : 1
  base_seed    : 109
  num_episodes : 1500
  output_dir   : metrics/multi-seed/bitshift-64-32-4/_workers/seed109

============================================================
Seed 109 (1/1)
============================================================
  Episode 50/1500  avg(100): 18.2
  Episode 100/1500  avg(100): 15.8
  Episode 150/1500  avg(100): 16.0
  Episode 200/1500  avg(100): 73.8
  Episode 250/1500  avg(100): 117.1
  Episode 300/1500  avg(100): 124.6
  Episode 350/1500  avg(100): 148.8
  Episode 400/1500  avg(100): 251.7
  Episode 450/1500  avg(100): 405.0
  Episode 500/1500  avg(100): 323.8
  Episode 550/1500  avg(100): 248.0
  Episode 600/1500  avg(100): 308.6
  Episode 650/1500  avg(100): 339.1
  Episode 700/1500  avg(100): 284.3
  Episode 750/1500  avg(100): 255.9
  Episode 800/1500  avg(100): 316.6
  Episode 850/1500  avg(100): 363.7
  Episode 900/1500  avg(100): 355.5
  Episode 950/1500  avg(100): 281.0
  Episode 1000/1500  avg(100): 338.4
  Episode 1050/1500  avg(100): 442.3
  Episode 1100/1500  avg(100): 468.8
  Episode 1150/1500  avg(100): 481.0
  Episode 1200/1500  avg(100): 492.7
  Episode 1250/1500  avg(100): 484.1
  Episode 1300/1500  avg(100): 478.3
  Episode 1350/1500  avg(100): 351.1
  Episode 1400/1500  avg(100): 304.7
  Episode 1450/1500  avg(100): 392.9
  Episode 1500/1500  avg(100): 371.0
Model saved to models/bitshift-64-32-4-seed109-final.pth
  per-episode CSV streamed to: metrics/multi-seed/bitshift-64-32-4/_workers/seed109/bitshift-64-32-4-seed109.csv

Summary CSV: metrics/multi-seed/bitshift-64-32-4/_workers/seed109/bitshift-64-32-4-summary.csv

Results across 1 seeds:
  solved (final_avg >= 475) : 0/1 seeds
  final_avg_reward  : 371.01 ± 0.00  (primary metric: CartPole-v1 standard)
  best_avg_reward   : 494.31 ± 0.00
  tail_iqm_reward   : 432.97 ± 0.00  (diagnostic: matches Optuna selection metric)
  convergence_ep    : never reached threshold in any seed

Robust reporting (final_avg_reward across seeds, 95% bootstrap CI):
  IQM   : 371.01  [95% CI: 371.01, 371.01]
  Mean  : 371.01  [95% CI: 371.01, 371.01]
  (note: with N < 10, bootstrap CIs and IQM are necessarily wide; per Colas et al. 2018 consider increasing --num-seeds.)
