Multi-seed training for: bitshift-64-32-4
  device       : cpu
  num_seeds    : 1
  base_seed    : 42
  num_episodes : 1500
  output_dir   : metrics/multi-seed/bitshift-64-32-4-50k/bitshift-64-32-4/_workers/seed42

============================================================
Seed 42 (1/1)
============================================================
  Episode 50/1500  avg(100): 15.8
  Episode 100/1500  avg(100): 15.1
  Episode 150/1500  avg(100): 43.5
  Episode 200/1500  avg(100): 128.1
  Episode 250/1500  avg(100): 184.2
  Episode 300/1500  avg(100): 189.3
  Episode 350/1500  avg(100): 197.2
  Episode 400/1500  avg(100): 199.5
  Episode 450/1500  avg(100): 197.4
  Episode 500/1500  avg(100): 238.6
  Episode 550/1500  avg(100): 326.3
  Episode 600/1500  avg(100): 355.4
  Episode 650/1500  avg(100): 315.1
  Episode 700/1500  avg(100): 253.4
  Episode 750/1500  avg(100): 244.2
  Episode 800/1500  avg(100): 362.4
  Episode 850/1500  avg(100): 394.3
  Episode 900/1500  avg(100): 347.3
  Episode 950/1500  avg(100): 281.8
  Episode 1000/1500  avg(100): 194.2
  Episode 1050/1500  avg(100): 176.4
  Episode 1100/1500  avg(100): 221.2
  Episode 1150/1500  avg(100): 269.1
  Episode 1200/1500  avg(100): 326.0
  Episode 1250/1500  avg(100): 347.5
  Episode 1300/1500  avg(100): 308.5
  Episode 1350/1500  avg(100): 288.0
  Episode 1400/1500  avg(100): 291.6
  Episode 1450/1500  avg(100): 322.9
  Episode 1500/1500  avg(100): 314.0
Model saved to models/bitshift-64-32-4-seed42-final.pth
  per-episode CSV streamed to: metrics/multi-seed/bitshift-64-32-4-50k/bitshift-64-32-4/_workers/seed42/bitshift-64-32-4-seed42.csv

Summary CSV: metrics/multi-seed/bitshift-64-32-4-50k/bitshift-64-32-4/_workers/seed42/bitshift-64-32-4-summary.csv

Results across 1 seeds:
  solved (final_avg >= 475) : 0/1 seeds
  final_avg_reward  : 313.96 ± 0.00  (primary metric: CartPole-v1 standard)
  best_avg_reward   : 422.22 ± 0.00
  tail_iqm_reward   : 312.32 ± 0.00  (diagnostic: matches Optuna selection metric)
  convergence_ep    : never reached threshold in any seed

Robust reporting (final_avg_reward across seeds, 95% bootstrap CI):
  IQM   : 313.96  [95% CI: 313.96, 313.96]
  Mean  : 313.96  [95% CI: 313.96, 313.96]
  (note: with N < 10, bootstrap CIs and IQM are necessarily wide; per Colas et al. 2018 consider increasing --num-seeds.)
