Multi-seed training for: leaky-32-32
  device       : cpu
  num_seeds    : 1
  base_seed    : 43
  num_episodes : 1500
  output_dir   : metrics/multi-seed/leaky-32-32-25k/leaky-32-32/_workers/seed43

============================================================
Seed 43 (1/1)
============================================================
  Episode 50/1500  avg(100): 17.3
  Episode 100/1500  avg(100): 15.8
  Episode 150/1500  avg(100): 13.7
  Episode 200/1500  avg(100): 13.7
  Episode 250/1500  avg(100): 48.8
  Episode 300/1500  avg(100): 122.0
  Episode 350/1500  avg(100): 167.2
  Episode 400/1500  avg(100): 180.8
  Episode 450/1500  avg(100): 197.4
  Episode 500/1500  avg(100): 223.2
  Episode 550/1500  avg(100): 236.1
  Episode 600/1500  avg(100): 226.2
  Episode 650/1500  avg(100): 324.3
  Episode 700/1500  avg(100): 364.9
  Episode 750/1500  avg(100): 214.4
  Episode 800/1500  avg(100): 125.1
  Episode 850/1500  avg(100): 147.8
  Episode 900/1500  avg(100): 126.5
  Episode 950/1500  avg(100): 64.0
  Episode 1000/1500  avg(100): 51.2
  Episode 1050/1500  avg(100): 167.9
  Episode 1100/1500  avg(100): 314.9
  Episode 1150/1500  avg(100): 299.1
  Episode 1200/1500  avg(100): 359.8
  Episode 1250/1500  avg(100): 348.2
  Episode 1300/1500  avg(100): 308.9
  Episode 1350/1500  avg(100): 426.2
  Episode 1400/1500  avg(100): 454.2
  Episode 1450/1500  avg(100): 453.6
  Episode 1500/1500  avg(100): 462.2
Model saved to models/leaky-32-32-seed43-final.pth
  per-episode CSV streamed to: metrics/multi-seed/leaky-32-32-25k/leaky-32-32/_workers/seed43/leaky-32-32-seed43.csv

Summary CSV: metrics/multi-seed/leaky-32-32-25k/leaky-32-32/_workers/seed43/leaky-32-32-summary.csv

Results across 1 seeds:
  solved (final_avg >= 475) : 0/1 seeds
  final_avg_reward  : 462.25 ± 0.00  (primary metric: CartPole-v1 standard)
  best_avg_reward   : 463.11 ± 0.00
  tail_iqm_reward   : 386.84 ± 0.00  (diagnostic: matches Optuna selection metric)
  convergence_ep    : never reached threshold in any seed

Robust reporting (final_avg_reward across seeds, 95% bootstrap CI):
  IQM   : 462.25  [95% CI: 462.25, 462.25]
  Mean  : 462.25  [95% CI: 462.25, 462.25]
  (note: with N < 10, bootstrap CIs and IQM are necessarily wide; per Colas et al. 2018 consider increasing --num-seeds.)
