Multi-seed training for: bitshift-64-32-4
  device       : cpu
  num_seeds    : 1
  base_seed    : 120
  num_episodes : 1500
  output_dir   : metrics/multi-seed/bitshift-64-32-4/_workers/seed120

============================================================
Seed 120 (1/1)
============================================================
  Episode 50/1500  avg(100): 16.7
  Episode 100/1500  avg(100): 15.7
  Episode 150/1500  avg(100): 21.4
  Episode 200/1500  avg(100): 95.5
  Episode 250/1500  avg(100): 149.9
  Episode 300/1500  avg(100): 134.9
  Episode 350/1500  avg(100): 135.2
  Episode 400/1500  avg(100): 164.5
  Episode 450/1500  avg(100): 206.9
  Episode 500/1500  avg(100): 225.2
  Episode 550/1500  avg(100): 299.2
  Episode 600/1500  avg(100): 419.5
  Episode 650/1500  avg(100): 462.4
  Episode 700/1500  avg(100): 344.3
  Episode 750/1500  avg(100): 122.1
  Episode 800/1500  avg(100): 11.6
  Episode 850/1500  avg(100): 42.5
  Episode 900/1500  avg(100): 222.0
  Episode 950/1500  avg(100): 429.2
  Episode 1000/1500  avg(100): 438.9
  Episode 1050/1500  avg(100): 445.0
  Episode 1100/1500  avg(100): 498.3
  Episode 1150/1500  avg(100): 498.3
  Episode 1200/1500  avg(100): 498.9
  Episode 1250/1500  avg(100): 495.9
  Episode 1300/1500  avg(100): 496.9
  Episode 1350/1500  avg(100): 317.1
  Episode 1400/1500  avg(100): 245.0
  Episode 1450/1500  avg(100): 419.3
  Episode 1500/1500  avg(100): 491.6
Model saved to models/bitshift-64-32-4-seed120-final.pth
  per-episode CSV streamed to: metrics/multi-seed/bitshift-64-32-4/_workers/seed120/bitshift-64-32-4-seed120.csv

Summary CSV: metrics/multi-seed/bitshift-64-32-4/_workers/seed120/bitshift-64-32-4-summary.csv

Results across 1 seeds:
  solved (final_avg >= 475) : 1/1 seeds
  final_avg_reward  : 491.56 ± 0.00  (primary metric: CartPole-v1 standard)
  best_avg_reward   : 499.60 ± 0.00
  tail_iqm_reward   : 465.35 ± 0.00  (diagnostic: matches Optuna selection metric)
  convergence_ep    : 1470.0 ± 0.0  (1/1 seeds converged)

Robust reporting (final_avg_reward across seeds, 95% bootstrap CI):
  IQM   : 491.56  [95% CI: 491.56, 491.56]
  Mean  : 491.56  [95% CI: 491.56, 491.56]
  (note: with N < 10, bootstrap CIs and IQM are necessarily wide; per Colas et al. 2018 consider increasing --num-seeds.)
