Multi-seed training for: bitshift-64-32-4
  device       : cpu
  num_seeds    : 1
  base_seed    : 134
  num_episodes : 1500
  output_dir   : metrics/multi-seed/bitshift-64-32-4/_workers/seed134

============================================================
Seed 134 (1/1)
============================================================
  Episode 50/1500  avg(100): 17.4
  Episode 100/1500  avg(100): 16.5
  Episode 150/1500  avg(100): 49.7
  Episode 200/1500  avg(100): 166.0
  Episode 250/1500  avg(100): 221.1
  Episode 300/1500  avg(100): 197.4
  Episode 350/1500  avg(100): 302.2
  Episode 400/1500  avg(100): 440.9
  Episode 450/1500  avg(100): 450.6
  Episode 500/1500  avg(100): 420.8
  Episode 550/1500  avg(100): 426.7
  Episode 600/1500  avg(100): 394.7
  Episode 650/1500  avg(100): 358.6
  Episode 700/1500  avg(100): 401.6
  Episode 750/1500  avg(100): 465.4
  Episode 800/1500  avg(100): 490.3
  Episode 850/1500  avg(100): 480.6
  Episode 900/1500  avg(100): 475.7
  Episode 950/1500  avg(100): 485.7
  Episode 1000/1500  avg(100): 495.4
  Episode 1050/1500  avg(100): 500.0
  Episode 1100/1500  avg(100): 370.1
  Episode 1150/1500  avg(100): 202.7
  Episode 1200/1500  avg(100): 173.6
  Episode 1250/1500  avg(100): 233.8
  Episode 1300/1500  avg(100): 374.9
  Episode 1350/1500  avg(100): 457.2
  Episode 1400/1500  avg(100): 475.1
  Episode 1450/1500  avg(100): 487.0
  Episode 1500/1500  avg(100): 433.4
Model saved to models/bitshift-64-32-4-seed134-final.pth
  per-episode CSV streamed to: metrics/multi-seed/bitshift-64-32-4/_workers/seed134/bitshift-64-32-4-seed134.csv

Summary CSV: metrics/multi-seed/bitshift-64-32-4/_workers/seed134/bitshift-64-32-4-summary.csv

Results across 1 seeds:
  solved (final_avg >= 475) : 0/1 seeds
  final_avg_reward  : 433.38 ± 0.00  (primary metric: CartPole-v1 standard)
  best_avg_reward   : 500.00 ± 0.00
  tail_iqm_reward   : 368.64 ± 0.00  (diagnostic: matches Optuna selection metric)
  convergence_ep    : never reached threshold in any seed

Robust reporting (final_avg_reward across seeds, 95% bootstrap CI):
  IQM   : 433.38  [95% CI: 433.38, 433.38]
  Mean  : 433.38  [95% CI: 433.38, 433.38]
  (note: with N < 10, bootstrap CIs and IQM are necessarily wide; per Colas et al. 2018 consider increasing --num-seeds.)
