Multi-seed training for: bitshift-64-32-4
  device       : cpu
  num_seeds    : 1
  base_seed    : 79
  num_episodes : 1500
  output_dir   : metrics/multi-seed/bitshift-64-32-4/_workers/seed79

============================================================
Seed 79 (1/1)
============================================================
  Episode 50/1500  avg(100): 18.2
  Episode 100/1500  avg(100): 16.5
  Episode 150/1500  avg(100): 35.5
  Episode 200/1500  avg(100): 99.1
  Episode 250/1500  avg(100): 144.6
  Episode 300/1500  avg(100): 164.1
  Episode 350/1500  avg(100): 205.2
  Episode 400/1500  avg(100): 311.6
  Episode 450/1500  avg(100): 404.0
  Episode 500/1500  avg(100): 371.5
  Episode 550/1500  avg(100): 376.2
  Episode 600/1500  avg(100): 403.9
  Episode 650/1500  avg(100): 401.1
  Episode 700/1500  avg(100): 388.6
  Episode 750/1500  avg(100): 349.0
  Episode 800/1500  avg(100): 324.5
  Episode 850/1500  avg(100): 362.1
  Episode 900/1500  avg(100): 425.9
  Episode 950/1500  avg(100): 422.0
  Episode 1000/1500  avg(100): 391.0
  Episode 1050/1500  avg(100): 353.4
  Episode 1100/1500  avg(100): 255.6
  Episode 1150/1500  avg(100): 254.1
  Episode 1200/1500  avg(100): 226.5
  Episode 1250/1500  avg(100): 310.4
  Episode 1300/1500  avg(100): 491.9
  Episode 1350/1500  avg(100): 494.1
  Episode 1400/1500  avg(100): 490.8
  Episode 1450/1500  avg(100): 445.6
  Episode 1500/1500  avg(100): 371.1
Model saved to models/bitshift-64-32-4-seed79-final.pth
  per-episode CSV streamed to: metrics/multi-seed/bitshift-64-32-4/_workers/seed79/bitshift-64-32-4-seed79.csv

Summary CSV: metrics/multi-seed/bitshift-64-32-4/_workers/seed79/bitshift-64-32-4-summary.csv

Results across 1 seeds:
  solved (final_avg >= 475) : 0/1 seeds
  final_avg_reward  : 371.15 ± 0.00  (primary metric: CartPole-v1 standard)
  best_avg_reward   : 500.00 ± 0.00
  tail_iqm_reward   : 406.44 ± 0.00  (diagnostic: matches Optuna selection metric)
  convergence_ep    : never reached threshold in any seed

Robust reporting (final_avg_reward across seeds, 95% bootstrap CI):
  IQM   : 371.15  [95% CI: 371.15, 371.15]
  Mean  : 371.15  [95% CI: 371.15, 371.15]
  (note: with N < 10, bootstrap CIs and IQM are necessarily wide; per Colas et al. 2018 consider increasing --num-seeds.)
