Multi-seed training for: bitshift-64-32-4
  device       : cpu
  num_seeds    : 1
  base_seed    : 125
  num_episodes : 1500
  output_dir   : metrics/multi-seed/bitshift-64-32-4/_workers/seed125

============================================================
Seed 125 (1/1)
============================================================
  Episode 50/1500  avg(100): 14.5
  Episode 100/1500  avg(100): 14.3
  Episode 150/1500  avg(100): 27.3
  Episode 200/1500  avg(100): 81.6
  Episode 250/1500  avg(100): 116.3
  Episode 300/1500  avg(100): 135.7
  Episode 350/1500  avg(100): 212.4
  Episode 400/1500  avg(100): 347.7
  Episode 450/1500  avg(100): 347.3
  Episode 500/1500  avg(100): 214.8
  Episode 550/1500  avg(100): 94.4
  Episode 600/1500  avg(100): 130.9
  Episode 650/1500  avg(100): 264.8
  Episode 700/1500  avg(100): 293.2
  Episode 750/1500  avg(100): 341.7
  Episode 800/1500  avg(100): 350.6
  Episode 850/1500  avg(100): 327.5
  Episode 900/1500  avg(100): 355.6
  Episode 950/1500  avg(100): 292.0
  Episode 1000/1500  avg(100): 343.9
  Episode 1050/1500  avg(100): 458.2
  Episode 1100/1500  avg(100): 445.6
  Episode 1150/1500  avg(100): 370.8
  Episode 1200/1500  avg(100): 338.4
  Episode 1250/1500  avg(100): 390.1
  Episode 1300/1500  avg(100): 281.8
  Episode 1350/1500  avg(100): 311.5
  Episode 1400/1500  avg(100): 283.0
  Episode 1450/1500  avg(100): 204.7
  Episode 1500/1500  avg(100): 359.4
Model saved to models/bitshift-64-32-4-seed125-final.pth
  per-episode CSV streamed to: metrics/multi-seed/bitshift-64-32-4/_workers/seed125/bitshift-64-32-4-seed125.csv

Summary CSV: metrics/multi-seed/bitshift-64-32-4/_workers/seed125/bitshift-64-32-4-summary.csv

Results across 1 seeds:
  solved (final_avg >= 475) : 0/1 seeds
  final_avg_reward  : 359.45 ± 0.00  (primary metric: CartPole-v1 standard)
  best_avg_reward   : 470.40 ± 0.00
  tail_iqm_reward   : 316.44 ± 0.00  (diagnostic: matches Optuna selection metric)
  convergence_ep    : never reached threshold in any seed

Robust reporting (final_avg_reward across seeds, 95% bootstrap CI):
  IQM   : 359.45  [95% CI: 359.45, 359.45]
  Mean  : 359.45  [95% CI: 359.45, 359.45]
  (note: with N < 10, bootstrap CIs and IQM are necessarily wide; per Colas et al. 2018 consider increasing --num-seeds.)
