Multi-seed training for: fractional-32-8-8
  device       : cpu
  num_seeds    : 1
  base_seed    : 89
  num_episodes : 1500
  output_dir   : metrics/multi-seed/fractional-32-8-8/_workers/seed89

============================================================
Seed 89 (1/1)
============================================================
  Episode 50/1500  avg(100): 17.2
  Episode 100/1500  avg(100): 15.6
  Episode 150/1500  avg(100): 14.2
  Episode 200/1500  avg(100): 18.3
  Episode 250/1500  avg(100): 40.9
  Episode 300/1500  avg(100): 93.0
  Episode 350/1500  avg(100): 126.3
  Episode 400/1500  avg(100): 134.4
  Episode 450/1500  avg(100): 132.5
  Episode 500/1500  avg(100): 135.2
  Episode 550/1500  avg(100): 149.5
  Episode 600/1500  avg(100): 115.9
  Episode 650/1500  avg(100): 78.1
  Episode 700/1500  avg(100): 55.6
  Episode 750/1500  avg(100): 69.2
  Episode 800/1500  avg(100): 82.7
  Episode 850/1500  avg(100): 53.1
  Episode 900/1500  avg(100): 28.4
  Episode 950/1500  avg(100): 12.6
  Episode 1000/1500  avg(100): 11.4
  Episode 1050/1500  avg(100): 10.9
  Episode 1100/1500  avg(100): 17.4
  Episode 1150/1500  avg(100): 147.3
  Episode 1200/1500  avg(100): 385.4
  Episode 1250/1500  avg(100): 495.4
  Episode 1300/1500  avg(100): 428.3
  Episode 1350/1500  avg(100): 222.9
  Episode 1400/1500  avg(100): 149.4
  Episode 1450/1500  avg(100): 182.8
  Episode 1500/1500  avg(100): 221.1
Model saved to models/fractional-32-8-8-seed89-final.pth
  per-episode CSV streamed to: metrics/multi-seed/fractional-32-8-8/_workers/seed89/fractional-32-8-8-seed89.csv

Summary CSV: metrics/multi-seed/fractional-32-8-8/_workers/seed89/fractional-32-8-8-summary.csv

Results across 1 seeds:
  solved (final_avg >= 475) : 0/1 seeds
  final_avg_reward  : 221.09 ± 0.00  (primary metric: CartPole-v1 standard)
  best_avg_reward   : 500.00 ± 0.00
  tail_iqm_reward   : 260.50 ± 0.00  (diagnostic: matches Optuna selection metric)
  convergence_ep    : never reached threshold in any seed

Robust reporting (final_avg_reward across seeds, 95% bootstrap CI):
  IQM   : 221.09  [95% CI: 221.09, 221.09]
  Mean  : 221.09  [95% CI: 221.09, 221.09]
  (note: with N < 10, bootstrap CIs and IQM are necessarily wide; per Colas et al. 2018 consider increasing --num-seeds.)
