Multi-seed training for: leaky-32-32
  device       : cpu
  num_seeds    : 1
  base_seed    : 60
  num_episodes : 1500
  output_dir   : metrics/multi-seed/leaky-32-32-25k/leaky-32-32/_workers/seed60

============================================================
Seed 60 (1/1)
============================================================
  Episode 50/1500  avg(100): 18.6
  Episode 100/1500  avg(100): 16.0
  Episode 150/1500  avg(100): 18.1
  Episode 200/1500  avg(100): 109.6
  Episode 250/1500  avg(100): 211.9
  Episode 300/1500  avg(100): 227.3
  Episode 350/1500  avg(100): 244.9
  Episode 400/1500  avg(100): 257.7
  Episode 450/1500  avg(100): 189.3
  Episode 500/1500  avg(100): 89.5
  Episode 550/1500  avg(100): 56.8
  Episode 600/1500  avg(100): 144.1
  Episode 650/1500  avg(100): 295.2
  Episode 700/1500  avg(100): 408.1
  Episode 750/1500  avg(100): 442.4
  Episode 800/1500  avg(100): 449.8
  Episode 850/1500  avg(100): 446.4
  Episode 900/1500  avg(100): 426.1
  Episode 950/1500  avg(100): 379.3
  Episode 1000/1500  avg(100): 247.9
  Episode 1050/1500  avg(100): 317.1
  Episode 1100/1500  avg(100): 477.9
  Episode 1150/1500  avg(100): 401.2
  Episode 1200/1500  avg(100): 333.7
  Episode 1250/1500  avg(100): 425.7
  Episode 1300/1500  avg(100): 474.4
  Episode 1350/1500  avg(100): 417.9
  Episode 1400/1500  avg(100): 431.6
  Episode 1450/1500  avg(100): 470.9
  Episode 1500/1500  avg(100): 452.5
Model saved to models/leaky-32-32-seed60-final.pth
  per-episode CSV streamed to: metrics/multi-seed/leaky-32-32-25k/leaky-32-32/_workers/seed60/leaky-32-32-seed60.csv

Summary CSV: metrics/multi-seed/leaky-32-32-25k/leaky-32-32/_workers/seed60/leaky-32-32-summary.csv

Results across 1 seeds:
  solved (final_avg >= 475) : 0/1 seeds
  final_avg_reward  : 452.49 ± 0.00  (primary metric: CartPole-v1 standard)
  best_avg_reward   : 486.44 ± 0.00
  tail_iqm_reward   : 434.64 ± 0.00  (diagnostic: matches Optuna selection metric)
  convergence_ep    : never reached threshold in any seed

Robust reporting (final_avg_reward across seeds, 95% bootstrap CI):
  IQM   : 452.49  [95% CI: 452.49, 452.49]
  Mean  : 452.49  [95% CI: 452.49, 452.49]
  (note: with N < 10, bootstrap CIs and IQM are necessarily wide; per Colas et al. 2018 consider increasing --num-seeds.)
