Multi-seed training for: fractional-32-8-8
  device       : cpu
  num_seeds    : 1
  base_seed    : 77
  num_episodes : 1500
  output_dir   : metrics/multi-seed/fractional-32-8-8/_workers/seed77

============================================================
Seed 77 (1/1)
============================================================
  Episode 50/1500  avg(100): 17.0
  Episode 100/1500  avg(100): 14.7
  Episode 150/1500  avg(100): 12.4
  Episode 200/1500  avg(100): 56.3
  Episode 250/1500  avg(100): 135.4
  Episode 300/1500  avg(100): 154.6
  Episode 350/1500  avg(100): 143.1
  Episode 400/1500  avg(100): 238.0
  Episode 450/1500  avg(100): 291.3
  Episode 500/1500  avg(100): 187.4
  Episode 550/1500  avg(100): 161.4
  Episode 600/1500  avg(100): 140.1
  Episode 650/1500  avg(100): 82.5
  Episode 700/1500  avg(100): 132.1
  Episode 750/1500  avg(100): 227.8
  Episode 800/1500  avg(100): 384.3
  Episode 850/1500  avg(100): 314.1
  Episode 900/1500  avg(100): 97.5
  Episode 950/1500  avg(100): 97.4
  Episode 1000/1500  avg(100): 74.6
  Episode 1050/1500  avg(100): 236.2
  Episode 1100/1500  avg(100): 480.5
  Episode 1150/1500  avg(100): 500.0
  Episode 1200/1500  avg(100): 500.0
  Episode 1250/1500  avg(100): 500.0
  Episode 1300/1500  avg(100): 500.0
  Episode 1350/1500  avg(100): 490.8
  Episode 1400/1500  avg(100): 351.1
  Episode 1450/1500  avg(100): 116.9
  Episode 1500/1500  avg(100): 13.1
Model saved to models/fractional-32-8-8-seed77-final.pth
  per-episode CSV streamed to: metrics/multi-seed/fractional-32-8-8/_workers/seed77/fractional-32-8-8-seed77.csv

Summary CSV: metrics/multi-seed/fractional-32-8-8/_workers/seed77/fractional-32-8-8-summary.csv

Results across 1 seeds:
  solved (final_avg >= 475) : 0/1 seeds
  final_avg_reward  : 13.09 ± 0.00  (primary metric: CartPole-v1 standard)
  best_avg_reward   : 500.00 ± 0.00
  tail_iqm_reward   : 479.37 ± 0.00  (diagnostic: matches Optuna selection metric)
  convergence_ep    : never reached threshold in any seed

Robust reporting (final_avg_reward across seeds, 95% bootstrap CI):
  IQM   : 13.09  [95% CI: 13.09, 13.09]
  Mean  : 13.09  [95% CI: 13.09, 13.09]
  (note: with N < 10, bootstrap CIs and IQM are necessarily wide; per Colas et al. 2018 consider increasing --num-seeds.)
