Multi-seed training for: bitshift-64-32-4
  device       : cpu
  num_seeds    : 1
  base_seed    : 127
  num_episodes : 1500
  output_dir   : metrics/multi-seed/bitshift-64-32-4/_workers/seed127

============================================================
Seed 127 (1/1)
============================================================
  Episode 50/1500  avg(100): 16.1
  Episode 100/1500  avg(100): 15.7
  Episode 150/1500  avg(100): 18.2
  Episode 200/1500  avg(100): 79.3
  Episode 250/1500  avg(100): 126.5
  Episode 300/1500  avg(100): 123.0
  Episode 350/1500  avg(100): 196.3
  Episode 400/1500  avg(100): 269.4
  Episode 450/1500  avg(100): 299.1
  Episode 500/1500  avg(100): 408.9
  Episode 550/1500  avg(100): 458.3
  Episode 600/1500  avg(100): 429.4
  Episode 650/1500  avg(100): 367.8
  Episode 700/1500  avg(100): 333.2
  Episode 750/1500  avg(100): 337.2
  Episode 800/1500  avg(100): 330.2
  Episode 850/1500  avg(100): 321.4
  Episode 900/1500  avg(100): 302.9
  Episode 950/1500  avg(100): 344.8
  Episode 1000/1500  avg(100): 390.4
  Episode 1050/1500  avg(100): 294.5
  Episode 1100/1500  avg(100): 237.6
  Episode 1150/1500  avg(100): 397.7
  Episode 1200/1500  avg(100): 458.7
  Episode 1250/1500  avg(100): 456.8
  Episode 1300/1500  avg(100): 491.7
  Episode 1350/1500  avg(100): 472.7
  Episode 1400/1500  avg(100): 435.1
  Episode 1450/1500  avg(100): 455.9
  Episode 1500/1500  avg(100): 500.0
Model saved to models/bitshift-64-32-4-seed127-final.pth
  per-episode CSV streamed to: metrics/multi-seed/bitshift-64-32-4/_workers/seed127/bitshift-64-32-4-seed127.csv

Summary CSV: metrics/multi-seed/bitshift-64-32-4/_workers/seed127/bitshift-64-32-4-summary.csv

Results across 1 seeds:
  solved (final_avg >= 475) : 1/1 seeds
  final_avg_reward  : 500.00 ± 0.00  (primary metric: CartPole-v1 standard)
  best_avg_reward   : 500.00 ± 0.00
  tail_iqm_reward   : 457.30 ± 0.00  (diagnostic: matches Optuna selection metric)
  convergence_ep    : 1455.0 ± 0.0  (1/1 seeds converged)

Robust reporting (final_avg_reward across seeds, 95% bootstrap CI):
  IQM   : 500.00  [95% CI: 500.00, 500.00]
  Mean  : 500.00  [95% CI: 500.00, 500.00]
  (note: with N < 10, bootstrap CIs and IQM are necessarily wide; per Colas et al. 2018 consider increasing --num-seeds.)
