Multi-seed training for: fractional-32-8-8
  device       : cpu
  num_seeds    : 1
  base_seed    : 104
  num_episodes : 1500
  output_dir   : metrics/multi-seed/fractional-32-8-8/_workers/seed104

============================================================
Seed 104 (1/1)
============================================================
  Episode 50/1500  avg(100): 17.9
  Episode 100/1500  avg(100): 15.7
  Episode 150/1500  avg(100): 14.4
  Episode 200/1500  avg(100): 36.6
  Episode 250/1500  avg(100): 77.2
  Episode 300/1500  avg(100): 78.4
  Episode 350/1500  avg(100): 38.2
  Episode 400/1500  avg(100): 22.8
  Episode 450/1500  avg(100): 55.5
  Episode 500/1500  avg(100): 99.8
  Episode 550/1500  avg(100): 121.5
  Episode 600/1500  avg(100): 126.5
  Episode 650/1500  avg(100): 125.0
  Episode 700/1500  avg(100): 121.1
  Episode 750/1500  avg(100): 119.5
  Episode 800/1500  avg(100): 119.2
  Episode 850/1500  avg(100): 122.0
  Episode 900/1500  avg(100): 137.5
  Episode 950/1500  avg(100): 125.4
  Episode 1000/1500  avg(100): 86.6
  Episode 1050/1500  avg(100): 193.4
  Episode 1100/1500  avg(100): 405.9
  Episode 1150/1500  avg(100): 488.7
  Episode 1200/1500  avg(100): 485.2
  Episode 1250/1500  avg(100): 495.5
  Episode 1300/1500  avg(100): 491.4
  Episode 1350/1500  avg(100): 445.3
  Episode 1400/1500  avg(100): 431.2
  Episode 1450/1500  avg(100): 444.8
  Episode 1500/1500  avg(100): 443.8
Model saved to models/fractional-32-8-8-seed104-final.pth
  per-episode CSV streamed to: metrics/multi-seed/fractional-32-8-8/_workers/seed104/fractional-32-8-8-seed104.csv

Summary CSV: metrics/multi-seed/fractional-32-8-8/_workers/seed104/fractional-32-8-8-summary.csv

Results across 1 seeds:
  solved (final_avg >= 475) : 0/1 seeds
  final_avg_reward  : 443.83 ± 0.00  (primary metric: CartPole-v1 standard)
  best_avg_reward   : 495.49 ± 0.00
  tail_iqm_reward   : 469.98 ± 0.00  (diagnostic: matches Optuna selection metric)
  convergence_ep    : never reached threshold in any seed

Robust reporting (final_avg_reward across seeds, 95% bootstrap CI):
  IQM   : 443.83  [95% CI: 443.83, 443.83]
  Mean  : 443.83  [95% CI: 443.83, 443.83]
  (note: with N < 10, bootstrap CIs and IQM are necessarily wide; per Colas et al. 2018 consider increasing --num-seeds.)
