Multi-seed training for: leaky-32-32
  device       : cpu
  num_seeds    : 1
  base_seed    : 71
  num_episodes : 1500
  output_dir   : metrics/multi-seed/leaky-32-32/_workers/seed71

============================================================
Seed 71 (1/1)
============================================================
  Episode 50/1500  avg(100): 17.1
  Episode 100/1500  avg(100): 16.2
  Episode 150/1500  avg(100): 32.9
  Episode 200/1500  avg(100): 119.9
  Episode 250/1500  avg(100): 184.8
  Episode 300/1500  avg(100): 180.3
  Episode 350/1500  avg(100): 139.5
  Episode 400/1500  avg(100): 57.4
  Episode 450/1500  avg(100): 27.9
  Episode 500/1500  avg(100): 63.6
  Episode 550/1500  avg(100): 125.3
  Episode 600/1500  avg(100): 277.2
  Episode 650/1500  avg(100): 391.2
  Episode 700/1500  avg(100): 398.9
  Episode 750/1500  avg(100): 402.5
  Episode 800/1500  avg(100): 361.8
  Episode 850/1500  avg(100): 350.3
  Episode 900/1500  avg(100): 194.7
  Episode 950/1500  avg(100): 45.9
  Episode 1000/1500  avg(100): 249.9
  Episode 1050/1500  avg(100): 260.5
  Episode 1100/1500  avg(100): 183.3
  Episode 1150/1500  avg(100): 309.3
  Episode 1200/1500  avg(100): 334.1
  Episode 1250/1500  avg(100): 391.5
  Episode 1300/1500  avg(100): 441.9
  Episode 1350/1500  avg(100): 403.8
  Episode 1400/1500  avg(100): 317.6
  Episode 1450/1500  avg(100): 276.6
  Episode 1500/1500  avg(100): 316.2
Model saved to models/leaky-32-32-seed71-final.pth
  per-episode CSV streamed to: metrics/multi-seed/leaky-32-32/_workers/seed71/leaky-32-32-seed71.csv

Summary CSV: metrics/multi-seed/leaky-32-32/_workers/seed71/leaky-32-32-summary.csv

Results across 1 seeds:
  solved (final_avg >= 475) : 0/1 seeds
  final_avg_reward  : 316.21 ± 0.00  (primary metric: CartPole-v1 standard)
  best_avg_reward   : 452.73 ± 0.00
  tail_iqm_reward   : 343.60 ± 0.00  (diagnostic: matches Optuna selection metric)
  convergence_ep    : never reached threshold in any seed

Robust reporting (final_avg_reward across seeds, 95% bootstrap CI):
  IQM   : 316.21  [95% CI: 316.21, 316.21]
  Mean  : 316.21  [95% CI: 316.21, 316.21]
  (note: with N < 10, bootstrap CIs and IQM are necessarily wide; per Colas et al. 2018 consider increasing --num-seeds.)
