Multi-seed training for: fractional-32-8-8
  device       : cpu
  num_seeds    : 1
  base_seed    : 130
  num_episodes : 1500
  output_dir   : metrics/multi-seed/fractional-32-8-8/_workers/seed130

============================================================
Seed 130 (1/1)
============================================================
  Episode 50/1500  avg(100): 16.9
  Episode 100/1500  avg(100): 15.0
  Episode 150/1500  avg(100): 13.8
  Episode 200/1500  avg(100): 16.8
  Episode 250/1500  avg(100): 63.3
  Episode 300/1500  avg(100): 109.2
  Episode 350/1500  avg(100): 103.0
  Episode 400/1500  avg(100): 93.5
  Episode 450/1500  avg(100): 60.3
  Episode 500/1500  avg(100): 21.4
  Episode 550/1500  avg(100): 13.7
  Episode 600/1500  avg(100): 14.6
  Episode 650/1500  avg(100): 43.3
  Episode 700/1500  avg(100): 101.6
  Episode 750/1500  avg(100): 156.8
  Episode 800/1500  avg(100): 130.8
  Episode 850/1500  avg(100): 160.4
  Episode 900/1500  avg(100): 260.7
  Episode 950/1500  avg(100): 334.1
  Episode 1000/1500  avg(100): 320.4
  Episode 1050/1500  avg(100): 297.9
  Episode 1100/1500  avg(100): 411.6
  Episode 1150/1500  avg(100): 490.6
  Episode 1200/1500  avg(100): 500.0
  Episode 1250/1500  avg(100): 500.0
  Episode 1300/1500  avg(100): 490.8
  Episode 1350/1500  avg(100): 487.0
  Episode 1400/1500  avg(100): 496.2
  Episode 1450/1500  avg(100): 496.1
  Episode 1500/1500  avg(100): 493.8
Model saved to models/fractional-32-8-8-seed130-final.pth
  per-episode CSV streamed to: metrics/multi-seed/fractional-32-8-8/_workers/seed130/fractional-32-8-8-seed130.csv

Summary CSV: metrics/multi-seed/fractional-32-8-8/_workers/seed130/fractional-32-8-8-summary.csv

Results across 1 seeds:
  solved (final_avg >= 475) : 1/1 seeds
  final_avg_reward  : 493.83 ± 0.00  (primary metric: CartPole-v1 standard)
  best_avg_reward   : 500.00 ± 0.00
  tail_iqm_reward   : 495.76 ± 0.00  (diagnostic: matches Optuna selection metric)
  convergence_ep    : 1135.0 ± 0.0  (1/1 seeds converged)

Robust reporting (final_avg_reward across seeds, 95% bootstrap CI):
  IQM   : 493.83  [95% CI: 493.83, 493.83]
  Mean  : 493.83  [95% CI: 493.83, 493.83]
  (note: with N < 10, bootstrap CIs and IQM are necessarily wide; per Colas et al. 2018 consider increasing --num-seeds.)
