Multi-seed training for: fractional-32-8-8
  device       : cpu
  num_seeds    : 1
  base_seed    : 106
  num_episodes : 1500
  output_dir   : metrics/multi-seed/fractional-32-8-8/_workers/seed106

============================================================
Seed 106 (1/1)
============================================================
  Episode 50/1500  avg(100): 16.5
  Episode 100/1500  avg(100): 14.1
  Episode 150/1500  avg(100): 12.4
  Episode 200/1500  avg(100): 17.7
  Episode 250/1500  avg(100): 65.2
  Episode 300/1500  avg(100): 121.0
  Episode 350/1500  avg(100): 159.3
  Episode 400/1500  avg(100): 250.3
  Episode 450/1500  avg(100): 380.0
  Episode 500/1500  avg(100): 472.0
  Episode 550/1500  avg(100): 500.0
  Episode 600/1500  avg(100): 499.8
  Episode 650/1500  avg(100): 499.8
  Episode 700/1500  avg(100): 494.4
  Episode 750/1500  avg(100): 494.4
  Episode 800/1500  avg(100): 500.0
  Episode 850/1500  avg(100): 500.0
  Episode 900/1500  avg(100): 500.0
  Episode 950/1500  avg(100): 500.0
  Episode 1000/1500  avg(100): 500.0
  Episode 1050/1500  avg(100): 500.0
  Episode 1100/1500  avg(100): 500.0
  Episode 1150/1500  avg(100): 500.0
  Episode 1200/1500  avg(100): 499.9
  Episode 1250/1500  avg(100): 349.8
  Episode 1300/1500  avg(100): 106.4
  Episode 1350/1500  avg(100): 11.9
  Episode 1400/1500  avg(100): 10.1
  Episode 1450/1500  avg(100): 9.6
  Episode 1500/1500  avg(100): 10.1
Model saved to models/fractional-32-8-8-seed106-final.pth
  per-episode CSV streamed to: metrics/multi-seed/fractional-32-8-8/_workers/seed106/fractional-32-8-8-seed106.csv

Summary CSV: metrics/multi-seed/fractional-32-8-8/_workers/seed106/fractional-32-8-8-summary.csv

Results across 1 seeds:
  solved (final_avg >= 475) : 0/1 seeds
  final_avg_reward  : 10.10 ± 0.00  (primary metric: CartPole-v1 standard)
  best_avg_reward   : 500.00 ± 0.00
  tail_iqm_reward   : 143.09 ± 0.00  (diagnostic: matches Optuna selection metric)
  convergence_ep    : never reached threshold in any seed

Robust reporting (final_avg_reward across seeds, 95% bootstrap CI):
  IQM   : 10.10  [95% CI: 10.10, 10.10]
  Mean  : 10.10  [95% CI: 10.10, 10.10]
  (note: with N < 10, bootstrap CIs and IQM are necessarily wide; per Colas et al. 2018 consider increasing --num-seeds.)
