Multi-seed training for: bitshift-64-32-4
  device       : cpu
  num_seeds    : 1
  base_seed    : 42
  num_episodes : 1500
  output_dir   : metrics/multi-seed/bitshift-64-32-4-25k/bitshift-64-32-4/_workers/seed42

============================================================
Seed 42 (1/1)
============================================================
  Episode 50/1500  avg(100): 15.8
  Episode 100/1500  avg(100): 15.1
  Episode 150/1500  avg(100): 19.7
  Episode 200/1500  avg(100): 84.0
  Episode 250/1500  avg(100): 147.4
  Episode 300/1500  avg(100): 153.8
  Episode 350/1500  avg(100): 164.8
  Episode 400/1500  avg(100): 216.1
  Episode 450/1500  avg(100): 247.1
  Episode 500/1500  avg(100): 265.6
  Episode 550/1500  avg(100): 270.6
  Episode 600/1500  avg(100): 290.5
  Episode 650/1500  avg(100): 400.8
  Episode 700/1500  avg(100): 483.1
  Episode 750/1500  avg(100): 481.4
  Episode 800/1500  avg(100): 363.2
  Episode 850/1500  avg(100): 282.0
  Episode 900/1500  avg(100): 294.6
  Episode 950/1500  avg(100): 336.3
  Episode 1000/1500  avg(100): 421.1
  Episode 1050/1500  avg(100): 470.2
  Episode 1100/1500  avg(100): 373.8
  Episode 1150/1500  avg(100): 382.7
  Episode 1200/1500  avg(100): 486.4
  Episode 1250/1500  avg(100): 427.0
  Episode 1300/1500  avg(100): 440.6
  Episode 1350/1500  avg(100): 500.0
  Episode 1400/1500  avg(100): 400.1
  Episode 1450/1500  avg(100): 284.0
  Episode 1500/1500  avg(100): 229.5
Model saved to models/bitshift-64-32-4-seed42-final.pth
  per-episode CSV streamed to: metrics/multi-seed/bitshift-64-32-4-25k/bitshift-64-32-4/_workers/seed42/bitshift-64-32-4-seed42.csv

Summary CSV: metrics/multi-seed/bitshift-64-32-4-25k/bitshift-64-32-4/_workers/seed42/bitshift-64-32-4-summary.csv

Results across 1 seeds:
  solved (final_avg >= 475) : 0/1 seeds
  final_avg_reward  : 229.51 ± 0.00  (primary metric: CartPole-v1 standard)
  best_avg_reward   : 500.00 ± 0.00
  tail_iqm_reward   : 422.66 ± 0.00  (diagnostic: matches Optuna selection metric)
  convergence_ep    : never reached threshold in any seed

Robust reporting (final_avg_reward across seeds, 95% bootstrap CI):
  IQM   : 229.51  [95% CI: 229.51, 229.51]
  Mean  : 229.51  [95% CI: 229.51, 229.51]
  (note: with N < 10, bootstrap CIs and IQM are necessarily wide; per Colas et al. 2018 consider increasing --num-seeds.)
