Multi-seed training for: fractional-32-8-8
  device       : cpu
  num_seeds    : 1
  base_seed    : 116
  num_episodes : 1500
  output_dir   : metrics/multi-seed/fractional-32-8-8/_workers/seed116

============================================================
Seed 116 (1/1)
============================================================
  Episode 50/1500  avg(100): 16.9
  Episode 100/1500  avg(100): 14.7
  Episode 150/1500  avg(100): 17.0
  Episode 200/1500  avg(100): 116.6
  Episode 250/1500  avg(100): 229.1
  Episode 300/1500  avg(100): 223.7
  Episode 350/1500  avg(100): 159.7
  Episode 400/1500  avg(100): 88.0
  Episode 450/1500  avg(100): 113.5
  Episode 500/1500  avg(100): 325.5
  Episode 550/1500  avg(100): 487.5
  Episode 600/1500  avg(100): 491.9
  Episode 650/1500  avg(100): 431.7
  Episode 700/1500  avg(100): 436.6
  Episode 750/1500  avg(100): 426.7
  Episode 800/1500  avg(100): 242.7
  Episode 850/1500  avg(100): 90.2
  Episode 900/1500  avg(100): 102.7
  Episode 950/1500  avg(100): 179.8
  Episode 1000/1500  avg(100): 212.6
  Episode 1050/1500  avg(100): 357.8
  Episode 1100/1500  avg(100): 397.3
  Episode 1150/1500  avg(100): 213.5
  Episode 1200/1500  avg(100): 249.6
  Episode 1250/1500  avg(100): 299.4
  Episode 1300/1500  avg(100): 139.2
  Episode 1350/1500  avg(100): 213.2
  Episode 1400/1500  avg(100): 436.5
  Episode 1450/1500  avg(100): 357.0
  Episode 1500/1500  avg(100): 115.8
Model saved to models/fractional-32-8-8-seed116-final.pth
  per-episode CSV streamed to: metrics/multi-seed/fractional-32-8-8/_workers/seed116/fractional-32-8-8-seed116.csv

Summary CSV: metrics/multi-seed/fractional-32-8-8/_workers/seed116/fractional-32-8-8-summary.csv

Results across 1 seeds:
  solved (final_avg >= 475) : 0/1 seeds
  final_avg_reward  : 115.83 ± 0.00  (primary metric: CartPole-v1 standard)
  best_avg_reward   : 500.00 ± 0.00
  tail_iqm_reward   : 251.79 ± 0.00  (diagnostic: matches Optuna selection metric)
  convergence_ep    : never reached threshold in any seed

Robust reporting (final_avg_reward across seeds, 95% bootstrap CI):
  IQM   : 115.83  [95% CI: 115.83, 115.83]
  Mean  : 115.83  [95% CI: 115.83, 115.83]
  (note: with N < 10, bootstrap CIs and IQM are necessarily wide; per Colas et al. 2018 consider increasing --num-seeds.)
