Multi-seed training for: bitshift-64-32-4
  device       : cpu
  num_seeds    : 1
  base_seed    : 62
  num_episodes : 1500
  output_dir   : metrics/multi-seed/bitshift-64-32-4/_workers/seed62

============================================================
Seed 62 (1/1)
============================================================
  Episode 50/1500  avg(100): 16.1
  Episode 100/1500  avg(100): 14.9
  Episode 150/1500  avg(100): 19.0
  Episode 200/1500  avg(100): 121.5
  Episode 250/1500  avg(100): 229.3
  Episode 300/1500  avg(100): 321.7
  Episode 350/1500  avg(100): 410.0
  Episode 400/1500  avg(100): 416.4
  Episode 450/1500  avg(100): 403.3
  Episode 500/1500  avg(100): 321.8
  Episode 550/1500  avg(100): 239.8
  Episode 600/1500  avg(100): 222.3
  Episode 650/1500  avg(100): 298.0
  Episode 700/1500  avg(100): 383.4
  Episode 750/1500  avg(100): 397.0
  Episode 800/1500  avg(100): 452.4
  Episode 850/1500  avg(100): 500.0
  Episode 900/1500  avg(100): 500.0
  Episode 950/1500  avg(100): 500.0
  Episode 1000/1500  avg(100): 500.0
  Episode 1050/1500  avg(100): 495.8
  Episode 1100/1500  avg(100): 495.8
  Episode 1150/1500  avg(100): 500.0
  Episode 1200/1500  avg(100): 497.6
  Episode 1250/1500  avg(100): 497.6
  Episode 1300/1500  avg(100): 500.0
  Episode 1350/1500  avg(100): 500.0
  Episode 1400/1500  avg(100): 472.4
  Episode 1450/1500  avg(100): 472.4
  Episode 1500/1500  avg(100): 496.3
Model saved to models/bitshift-64-32-4-seed62-final.pth
  per-episode CSV streamed to: metrics/multi-seed/bitshift-64-32-4/_workers/seed62/bitshift-64-32-4-seed62.csv

Summary CSV: metrics/multi-seed/bitshift-64-32-4/_workers/seed62/bitshift-64-32-4-summary.csv

Results across 1 seeds:
  solved (final_avg >= 475) : 1/1 seeds
  final_avg_reward  : 496.30 ± 0.00  (primary metric: CartPole-v1 standard)
  best_avg_reward   : 500.00 ± 0.00
  tail_iqm_reward   : 496.96 ± 0.00  (diagnostic: matches Optuna selection metric)
  convergence_ep    : 1465.0 ± 0.0  (1/1 seeds converged)

Robust reporting (final_avg_reward across seeds, 95% bootstrap CI):
  IQM   : 496.30  [95% CI: 496.30, 496.30]
  Mean  : 496.30  [95% CI: 496.30, 496.30]
  (note: with N < 10, bootstrap CIs and IQM are necessarily wide; per Colas et al. 2018 consider increasing --num-seeds.)
