Multi-seed training for: fractional-32-8-8
  device       : cpu
  num_seeds    : 1
  base_seed    : 46
  num_episodes : 1500
  output_dir   : metrics/multi-seed/fractional-32-8-8-25k/fractional-32-8-8/_workers/seed46

============================================================
Seed 46 (1/1)
============================================================
  Episode 50/1500  avg(100): 18.1
  Episode 100/1500  avg(100): 16.1
  Episode 150/1500  avg(100): 14.4
  Episode 200/1500  avg(100): 49.1
  Episode 250/1500  avg(100): 117.7
  Episode 300/1500  avg(100): 145.1
  Episode 350/1500  avg(100): 130.0
  Episode 400/1500  avg(100): 138.6
  Episode 450/1500  avg(100): 172.1
  Episode 500/1500  avg(100): 206.2
  Episode 550/1500  avg(100): 224.8
  Episode 600/1500  avg(100): 211.4
  Episode 650/1500  avg(100): 195.0
  Episode 700/1500  avg(100): 198.7
  Episode 750/1500  avg(100): 170.1
  Episode 800/1500  avg(100): 134.2
  Episode 850/1500  avg(100): 153.0
  Episode 900/1500  avg(100): 148.7
  Episode 950/1500  avg(100): 124.0
  Episode 1000/1500  avg(100): 144.9
  Episode 1050/1500  avg(100): 247.8
  Episode 1100/1500  avg(100): 284.6
  Episode 1150/1500  avg(100): 257.6
  Episode 1200/1500  avg(100): 274.1
  Episode 1250/1500  avg(100): 271.4
  Episode 1300/1500  avg(100): 265.6
  Episode 1350/1500  avg(100): 285.5
  Episode 1400/1500  avg(100): 405.3
  Episode 1450/1500  avg(100): 500.0
  Episode 1500/1500  avg(100): 500.0
Model saved to models/fractional-32-8-8-seed46-final.pth
  per-episode CSV streamed to: metrics/multi-seed/fractional-32-8-8-25k/fractional-32-8-8/_workers/seed46/fractional-32-8-8-seed46.csv

Summary CSV: metrics/multi-seed/fractional-32-8-8-25k/fractional-32-8-8/_workers/seed46/fractional-32-8-8-summary.csv

Results across 1 seeds:
  solved (final_avg >= 475) : 1/1 seeds
  final_avg_reward  : 500.00 ± 0.00  (primary metric: CartPole-v1 standard)
  best_avg_reward   : 500.00 ± 0.00
  tail_iqm_reward   : 297.03 ± 0.00  (diagnostic: matches Optuna selection metric)
  convergence_ep    : 1422.0 ± 0.0  (1/1 seeds converged)

Robust reporting (final_avg_reward across seeds, 95% bootstrap CI):
  IQM   : 500.00  [95% CI: 500.00, 500.00]
  Mean  : 500.00  [95% CI: 500.00, 500.00]
  (note: with N < 10, bootstrap CIs and IQM are necessarily wide; per Colas et al. 2018 consider increasing --num-seeds.)
