Multi-seed training for: bitshift-64-32-4
  device       : cpu
  num_seeds    : 1
  base_seed    : 55
  num_episodes : 1500
  output_dir   : metrics/multi-seed/bitshift-64-32-4/_workers/seed55

============================================================
Seed 55 (1/1)
============================================================
  Episode 50/1500  avg(100): 18.6
  Episode 100/1500  avg(100): 16.8
  Episode 150/1500  avg(100): 108.1
  Episode 200/1500  avg(100): 259.2
  Episode 250/1500  avg(100): 306.5
  Episode 300/1500  avg(100): 299.6
  Episode 350/1500  avg(100): 302.9
  Episode 400/1500  avg(100): 202.6
  Episode 450/1500  avg(100): 107.7
  Episode 500/1500  avg(100): 194.6
  Episode 550/1500  avg(100): 221.7
  Episode 600/1500  avg(100): 91.8
  Episode 650/1500  avg(100): 181.9
  Episode 700/1500  avg(100): 423.6
  Episode 750/1500  avg(100): 496.4
  Episode 800/1500  avg(100): 477.4
  Episode 850/1500  avg(100): 481.0
  Episode 900/1500  avg(100): 500.0
  Episode 950/1500  avg(100): 500.0
  Episode 1000/1500  avg(100): 500.0
  Episode 1050/1500  avg(100): 500.0
  Episode 1100/1500  avg(100): 496.1
  Episode 1150/1500  avg(100): 494.9
  Episode 1200/1500  avg(100): 491.2
  Episode 1250/1500  avg(100): 442.4
  Episode 1300/1500  avg(100): 446.2
  Episode 1350/1500  avg(100): 479.5
  Episode 1400/1500  avg(100): 440.1
  Episode 1450/1500  avg(100): 452.9
  Episode 1500/1500  avg(100): 491.4
Model saved to models/bitshift-64-32-4-seed55-final.pth
  per-episode CSV streamed to: metrics/multi-seed/bitshift-64-32-4/_workers/seed55/bitshift-64-32-4-seed55.csv

Summary CSV: metrics/multi-seed/bitshift-64-32-4/_workers/seed55/bitshift-64-32-4-summary.csv

Results across 1 seeds:
  solved (final_avg >= 475) : 1/1 seeds
  final_avg_reward  : 491.37 ± 0.00  (primary metric: CartPole-v1 standard)
  best_avg_reward   : 500.00 ± 0.00
  tail_iqm_reward   : 462.80 ± 0.00  (diagnostic: matches Optuna selection metric)
  convergence_ep    : 1471.0 ± 0.0  (1/1 seeds converged)

Robust reporting (final_avg_reward across seeds, 95% bootstrap CI):
  IQM   : 491.37  [95% CI: 491.37, 491.37]
  Mean  : 491.37  [95% CI: 491.37, 491.37]
  (note: with N < 10, bootstrap CIs and IQM are necessarily wide; per Colas et al. 2018 consider increasing --num-seeds.)
