Multi-seed training for: leaky-32-32
  device       : cpu
  num_seeds    : 1
  base_seed    : 54
  num_episodes : 1500
  output_dir   : metrics/multi-seed/leaky-32-32/_workers/seed54

============================================================
Seed 54 (1/1)
============================================================
  Episode 50/1500  avg(100): 16.4
  Episode 100/1500  avg(100): 16.0
  Episode 150/1500  avg(100): 22.8
  Episode 200/1500  avg(100): 70.1
  Episode 250/1500  avg(100): 138.9
  Episode 300/1500  avg(100): 167.2
  Episode 350/1500  avg(100): 171.3
  Episode 400/1500  avg(100): 202.8
  Episode 450/1500  avg(100): 248.4
  Episode 500/1500  avg(100): 283.7
  Episode 550/1500  avg(100): 313.2
  Episode 600/1500  avg(100): 345.4
  Episode 650/1500  avg(100): 246.2
  Episode 700/1500  avg(100): 219.6
  Episode 750/1500  avg(100): 226.7
  Episode 800/1500  avg(100): 220.3
  Episode 850/1500  avg(100): 375.1
  Episode 900/1500  avg(100): 399.6
  Episode 950/1500  avg(100): 385.0
  Episode 1000/1500  avg(100): 383.2
  Episode 1050/1500  avg(100): 354.1
  Episode 1100/1500  avg(100): 302.0
  Episode 1150/1500  avg(100): 278.4
  Episode 1200/1500  avg(100): 339.7
  Episode 1250/1500  avg(100): 419.9
  Episode 1300/1500  avg(100): 412.5
  Episode 1350/1500  avg(100): 305.8
  Episode 1400/1500  avg(100): 355.1
  Episode 1450/1500  avg(100): 436.9
  Episode 1500/1500  avg(100): 341.6
Model saved to models/leaky-32-32-seed54-final.pth
  per-episode CSV streamed to: metrics/multi-seed/leaky-32-32/_workers/seed54/leaky-32-32-seed54.csv

Summary CSV: metrics/multi-seed/leaky-32-32/_workers/seed54/leaky-32-32-summary.csv

Results across 1 seeds:
  solved (final_avg >= 475) : 0/1 seeds
  final_avg_reward  : 341.62 ± 0.00  (primary metric: CartPole-v1 standard)
  best_avg_reward   : 469.35 ± 0.00
  tail_iqm_reward   : 365.48 ± 0.00  (diagnostic: matches Optuna selection metric)
  convergence_ep    : never reached threshold in any seed

Robust reporting (final_avg_reward across seeds, 95% bootstrap CI):
  IQM   : 341.62  [95% CI: 341.62, 341.62]
  Mean  : 341.62  [95% CI: 341.62, 341.62]
  (note: with N < 10, bootstrap CIs and IQM are necessarily wide; per Colas et al. 2018 consider increasing --num-seeds.)
