Multi-seed training for: leaky-32-32
  device       : cpu
  num_seeds    : 1
  base_seed    : 44
  num_episodes : 1500
  output_dir   : metrics/multi-seed/leaky-32-32-30k/leaky-32-32/_workers/seed44

============================================================
Seed 44 (1/1)
============================================================
  Episode 50/1500  avg(100): 15.7
  Episode 100/1500  avg(100): 14.2
  Episode 150/1500  avg(100): 26.8
  Episode 200/1500  avg(100): 87.3
  Episode 250/1500  avg(100): 229.0
  Episode 300/1500  avg(100): 357.6
  Episode 350/1500  avg(100): 397.2
  Episode 400/1500  avg(100): 363.6
  Episode 450/1500  avg(100): 322.5
  Episode 500/1500  avg(100): 268.5
  Episode 550/1500  avg(100): 162.5
  Episode 600/1500  avg(100): 96.8
  Episode 650/1500  avg(100): 142.5
  Episode 700/1500  avg(100): 225.7
  Episode 750/1500  avg(100): 200.4
  Episode 800/1500  avg(100): 158.2
  Episode 850/1500  avg(100): 320.7
  Episode 900/1500  avg(100): 427.6
  Episode 950/1500  avg(100): 307.0
  Episode 1000/1500  avg(100): 230.6
  Episode 1050/1500  avg(100): 317.4
  Episode 1100/1500  avg(100): 384.3
  Episode 1150/1500  avg(100): 284.0
  Episode 1200/1500  avg(100): 166.2
  Episode 1250/1500  avg(100): 74.5
  Episode 1300/1500  avg(100): 37.7
  Episode 1350/1500  avg(100): 50.8
  Episode 1400/1500  avg(100): 65.5
  Episode 1450/1500  avg(100): 167.0
  Episode 1500/1500  avg(100): 192.8
Model saved to models/leaky-32-32-seed44-final.pth
  per-episode CSV streamed to: metrics/multi-seed/leaky-32-32-30k/leaky-32-32/_workers/seed44/leaky-32-32-seed44.csv

Summary CSV: metrics/multi-seed/leaky-32-32-30k/leaky-32-32/_workers/seed44/leaky-32-32-summary.csv

Results across 1 seeds:
  solved (final_avg >= 475) : 0/1 seeds
  final_avg_reward  : 192.82 ± 0.00  (primary metric: CartPole-v1 standard)
  best_avg_reward   : 432.80 ± 0.00
  tail_iqm_reward   : 106.91 ± 0.00  (diagnostic: matches Optuna selection metric)
  convergence_ep    : never reached threshold in any seed

Robust reporting (final_avg_reward across seeds, 95% bootstrap CI):
  IQM   : 192.82  [95% CI: 192.82, 192.82]
  Mean  : 192.82  [95% CI: 192.82, 192.82]
  (note: with N < 10, bootstrap CIs and IQM are necessarily wide; per Colas et al. 2018 consider increasing --num-seeds.)
