Multi-seed training for: bitshift-64-32-4
  device       : cpu
  num_seeds    : 1
  base_seed    : 77
  num_episodes : 1500
  output_dir   : metrics/multi-seed/bitshift-64-32-4/_workers/seed77

============================================================
Seed 77 (1/1)
============================================================
  Episode 50/1500  avg(100): 15.9
  Episode 100/1500  avg(100): 15.0
  Episode 150/1500  avg(100): 31.5
  Episode 200/1500  avg(100): 100.2
  Episode 250/1500  avg(100): 150.9
  Episode 300/1500  avg(100): 164.2
  Episode 350/1500  avg(100): 235.3
  Episode 400/1500  avg(100): 384.2
  Episode 450/1500  avg(100): 422.6
  Episode 500/1500  avg(100): 388.0
  Episode 550/1500  avg(100): 440.2
  Episode 600/1500  avg(100): 467.1
  Episode 650/1500  avg(100): 474.3
  Episode 700/1500  avg(100): 494.1
  Episode 750/1500  avg(100): 500.0
  Episode 800/1500  avg(100): 500.0
  Episode 850/1500  avg(100): 500.0
  Episode 900/1500  avg(100): 500.0
  Episode 950/1500  avg(100): 500.0
  Episode 1000/1500  avg(100): 500.0
  Episode 1050/1500  avg(100): 500.0
  Episode 1100/1500  avg(100): 500.0
  Episode 1150/1500  avg(100): 500.0
  Episode 1200/1500  avg(100): 499.8
  Episode 1250/1500  avg(100): 495.5
  Episode 1300/1500  avg(100): 486.8
  Episode 1350/1500  avg(100): 464.0
  Episode 1400/1500  avg(100): 472.9
  Episode 1450/1500  avg(100): 489.8
  Episode 1500/1500  avg(100): 468.2
Model saved to models/bitshift-64-32-4-seed77-final.pth
  per-episode CSV streamed to: metrics/multi-seed/bitshift-64-32-4/_workers/seed77/bitshift-64-32-4-seed77.csv

Summary CSV: metrics/multi-seed/bitshift-64-32-4/_workers/seed77/bitshift-64-32-4-summary.csv

Results across 1 seeds:
  solved (final_avg >= 475) : 0/1 seeds
  final_avg_reward  : 468.20 ± 0.00  (primary metric: CartPole-v1 standard)
  best_avg_reward   : 500.00 ± 0.00
  tail_iqm_reward   : 487.38 ± 0.00  (diagnostic: matches Optuna selection metric)
  convergence_ep    : never reached threshold in any seed

Robust reporting (final_avg_reward across seeds, 95% bootstrap CI):
  IQM   : 468.20  [95% CI: 468.20, 468.20]
  Mean  : 468.20  [95% CI: 468.20, 468.20]
  (note: with N < 10, bootstrap CIs and IQM are necessarily wide; per Colas et al. 2018 consider increasing --num-seeds.)
