Multi-seed training for: bitshift-64-32-4
  device       : cpu
  num_seeds    : 1
  base_seed    : 88
  num_episodes : 1500
  output_dir   : metrics/multi-seed/bitshift-64-32-4/_workers/seed88

============================================================
Seed 88 (1/1)
============================================================
  Episode 50/1500  avg(100): 16.8
  Episode 100/1500  avg(100): 14.9
  Episode 150/1500  avg(100): 14.6
  Episode 200/1500  avg(100): 29.1
  Episode 250/1500  avg(100): 77.3
  Episode 300/1500  avg(100): 114.7
  Episode 350/1500  avg(100): 120.9
  Episode 400/1500  avg(100): 134.7
  Episode 450/1500  avg(100): 144.4
  Episode 500/1500  avg(100): 157.8
  Episode 550/1500  avg(100): 207.2
  Episode 600/1500  avg(100): 236.3
  Episode 650/1500  avg(100): 312.7
  Episode 700/1500  avg(100): 357.7
  Episode 750/1500  avg(100): 375.7
  Episode 800/1500  avg(100): 442.9
  Episode 850/1500  avg(100): 476.9
  Episode 900/1500  avg(100): 500.0
  Episode 950/1500  avg(100): 500.0
  Episode 1000/1500  avg(100): 500.0
  Episode 1050/1500  avg(100): 494.9
  Episode 1100/1500  avg(100): 448.9
  Episode 1150/1500  avg(100): 432.7
  Episode 1200/1500  avg(100): 471.1
  Episode 1250/1500  avg(100): 467.1
  Episode 1300/1500  avg(100): 344.1
  Episode 1350/1500  avg(100): 342.9
  Episode 1400/1500  avg(100): 374.8
  Episode 1450/1500  avg(100): 188.9
  Episode 1500/1500  avg(100): 78.2
Model saved to models/bitshift-64-32-4-seed88-final.pth
  per-episode CSV streamed to: metrics/multi-seed/bitshift-64-32-4/_workers/seed88/bitshift-64-32-4-seed88.csv

Summary CSV: metrics/multi-seed/bitshift-64-32-4/_workers/seed88/bitshift-64-32-4-summary.csv

Results across 1 seeds:
  solved (final_avg >= 475) : 0/1 seeds
  final_avg_reward  : 78.20 ± 0.00  (primary metric: CartPole-v1 standard)
  best_avg_reward   : 500.00 ± 0.00
  tail_iqm_reward   : 383.03 ± 0.00  (diagnostic: matches Optuna selection metric)
  convergence_ep    : never reached threshold in any seed

Robust reporting (final_avg_reward across seeds, 95% bootstrap CI):
  IQM   : 78.20  [95% CI: 78.20, 78.20]
  Mean  : 78.20  [95% CI: 78.20, 78.20]
  (note: with N < 10, bootstrap CIs and IQM are necessarily wide; per Colas et al. 2018 consider increasing --num-seeds.)
