Multi-seed training for: fractional-32-8-8
  device       : cpu
  num_seeds    : 1
  base_seed    : 113
  num_episodes : 1500
  output_dir   : metrics/multi-seed/fractional-32-8-8/_workers/seed113

============================================================
Seed 113 (1/1)
============================================================
  Episode 50/1500  avg(100): 16.6
  Episode 100/1500  avg(100): 14.4
  Episode 150/1500  avg(100): 11.9
  Episode 200/1500  avg(100): 12.6
  Episode 250/1500  avg(100): 15.4
  Episode 300/1500  avg(100): 31.1
  Episode 350/1500  avg(100): 80.4
  Episode 400/1500  avg(100): 120.3
  Episode 450/1500  avg(100): 121.6
  Episode 500/1500  avg(100): 138.7
  Episode 550/1500  avg(100): 196.2
  Episode 600/1500  avg(100): 270.5
  Episode 650/1500  avg(100): 329.9
  Episode 700/1500  avg(100): 204.1
  Episode 750/1500  avg(100): 258.0
  Episode 800/1500  avg(100): 466.7
  Episode 850/1500  avg(100): 486.7
  Episode 900/1500  avg(100): 500.0
  Episode 950/1500  avg(100): 500.0
  Episode 1000/1500  avg(100): 498.0
  Episode 1050/1500  avg(100): 452.9
  Episode 1100/1500  avg(100): 437.5
  Episode 1150/1500  avg(100): 482.6
  Episode 1200/1500  avg(100): 275.3
  Episode 1250/1500  avg(100): 30.6
  Episode 1300/1500  avg(100): 11.0
  Episode 1350/1500  avg(100): 182.5
  Episode 1400/1500  avg(100): 426.9
  Episode 1450/1500  avg(100): 439.1
  Episode 1500/1500  avg(100): 303.7
Model saved to models/fractional-32-8-8-seed113-final.pth
  per-episode CSV streamed to: metrics/multi-seed/fractional-32-8-8/_workers/seed113/fractional-32-8-8-seed113.csv

Summary CSV: metrics/multi-seed/fractional-32-8-8/_workers/seed113/fractional-32-8-8-summary.csv

Results across 1 seeds:
  solved (final_avg >= 475) : 0/1 seeds
  final_avg_reward  : 303.66 ± 0.00  (primary metric: CartPole-v1 standard)
  best_avg_reward   : 500.00 ± 0.00
  tail_iqm_reward   : 292.90 ± 0.00  (diagnostic: matches Optuna selection metric)
  convergence_ep    : never reached threshold in any seed

Robust reporting (final_avg_reward across seeds, 95% bootstrap CI):
  IQM   : 303.66  [95% CI: 303.66, 303.66]
  Mean  : 303.66  [95% CI: 303.66, 303.66]
  (note: with N < 10, bootstrap CIs and IQM are necessarily wide; per Colas et al. 2018 consider increasing --num-seeds.)
