Multi-seed training for: fractional-32-8-8
  device       : cpu
  num_seeds    : 1
  base_seed    : 43
  num_episodes : 1500
  output_dir   : metrics/multi-seed/fractional-32-8-8-50k/fractional-32-8-8/_workers/seed43

============================================================
Seed 43 (1/1)
============================================================
  Episode 50/1500  avg(100): 17.2
  Episode 100/1500  avg(100): 16.1
  Episode 150/1500  avg(100): 16.5
  Episode 200/1500  avg(100): 44.2
  Episode 250/1500  avg(100): 97.1
  Episode 300/1500  avg(100): 131.1
  Episode 350/1500  avg(100): 123.1
  Episode 400/1500  avg(100): 107.2
  Episode 450/1500  avg(100): 120.4
  Episode 500/1500  avg(100): 252.3
  Episode 550/1500  avg(100): 418.1
  Episode 600/1500  avg(100): 296.6
  Episode 650/1500  avg(100): 202.3
  Episode 700/1500  avg(100): 384.5
  Episode 750/1500  avg(100): 495.9
  Episode 800/1500  avg(100): 334.2
  Episode 850/1500  avg(100): 286.5
  Episode 900/1500  avg(100): 385.7
  Episode 950/1500  avg(100): 323.0
  Episode 1000/1500  avg(100): 383.1
  Episode 1050/1500  avg(100): 473.9
  Episode 1100/1500  avg(100): 463.0
  Episode 1150/1500  avg(100): 470.8
  Episode 1200/1500  avg(100): 474.5
  Episode 1250/1500  avg(100): 479.8
  Episode 1300/1500  avg(100): 493.6
  Episode 1350/1500  avg(100): 500.0
  Episode 1400/1500  avg(100): 476.8
  Episode 1450/1500  avg(100): 474.8
  Episode 1500/1500  avg(100): 498.0
Model saved to models/fractional-32-8-8-seed43-final.pth
  per-episode CSV streamed to: metrics/multi-seed/fractional-32-8-8-50k/fractional-32-8-8/_workers/seed43/fractional-32-8-8-seed43.csv

Summary CSV: metrics/multi-seed/fractional-32-8-8-50k/fractional-32-8-8/_workers/seed43/fractional-32-8-8-summary.csv

Results across 1 seeds:
  solved (final_avg >= 475) : 1/1 seeds
  final_avg_reward  : 497.96 ± 0.00  (primary metric: CartPole-v1 standard)
  best_avg_reward   : 500.00 ± 0.00
  tail_iqm_reward   : 481.56 ± 0.00  (diagnostic: matches Optuna selection metric)
  convergence_ep    : 1475.0 ± 0.0  (1/1 seeds converged)

Robust reporting (final_avg_reward across seeds, 95% bootstrap CI):
  IQM   : 497.96  [95% CI: 497.96, 497.96]
  Mean  : 497.96  [95% CI: 497.96, 497.96]
  (note: with N < 10, bootstrap CIs and IQM are necessarily wide; per Colas et al. 2018 consider increasing --num-seeds.)
