Multi-seed training for: bitshift-64-32-4
  device       : cpu
  num_seeds    : 1
  base_seed    : 117
  num_episodes : 1500
  output_dir   : metrics/multi-seed/bitshift-64-32-4/_workers/seed117

============================================================
Seed 117 (1/1)
============================================================
  Episode 50/1500  avg(100): 17.2
  Episode 100/1500  avg(100): 15.7
  Episode 150/1500  avg(100): 55.5
  Episode 200/1500  avg(100): 183.1
  Episode 250/1500  avg(100): 215.5
  Episode 300/1500  avg(100): 158.8
  Episode 350/1500  avg(100): 266.0
  Episode 400/1500  avg(100): 401.5
  Episode 450/1500  avg(100): 397.7
  Episode 500/1500  avg(100): 344.9
  Episode 550/1500  avg(100): 361.4
  Episode 600/1500  avg(100): 420.0
  Episode 650/1500  avg(100): 357.6
  Episode 700/1500  avg(100): 184.2
  Episode 750/1500  avg(100): 171.2
  Episode 800/1500  avg(100): 247.1
  Episode 850/1500  avg(100): 248.2
  Episode 900/1500  avg(100): 255.5
  Episode 950/1500  avg(100): 305.4
  Episode 1000/1500  avg(100): 315.7
  Episode 1050/1500  avg(100): 223.6
  Episode 1100/1500  avg(100): 305.6
  Episode 1150/1500  avg(100): 402.0
  Episode 1200/1500  avg(100): 370.7
  Episode 1250/1500  avg(100): 359.7
  Episode 1300/1500  avg(100): 276.4
  Episode 1350/1500  avg(100): 319.8
  Episode 1400/1500  avg(100): 440.0
  Episode 1450/1500  avg(100): 376.2
  Episode 1500/1500  avg(100): 341.4
Model saved to models/bitshift-64-32-4-seed117-final.pth
  per-episode CSV streamed to: metrics/multi-seed/bitshift-64-32-4/_workers/seed117/bitshift-64-32-4-seed117.csv

Summary CSV: metrics/multi-seed/bitshift-64-32-4/_workers/seed117/bitshift-64-32-4-summary.csv

Results across 1 seeds:
  solved (final_avg >= 475) : 0/1 seeds
  final_avg_reward  : 341.39 ± 0.00  (primary metric: CartPole-v1 standard)
  best_avg_reward   : 455.03 ± 0.00
  tail_iqm_reward   : 360.30 ± 0.00  (diagnostic: matches Optuna selection metric)
  convergence_ep    : never reached threshold in any seed

Robust reporting (final_avg_reward across seeds, 95% bootstrap CI):
  IQM   : 341.39  [95% CI: 341.39, 341.39]
  Mean  : 341.39  [95% CI: 341.39, 341.39]
  (note: with N < 10, bootstrap CIs and IQM are necessarily wide; per Colas et al. 2018 consider increasing --num-seeds.)
