Multi-seed training for: leaky-32-32
  device       : cpu
  num_seeds    : 1
  base_seed    : 51
  num_episodes : 1500
  output_dir   : metrics/multi-seed/leaky-32-32-50k/leaky-32-32/_workers/seed51

============================================================
Seed 51 (1/1)
============================================================
  Episode 50/1500  avg(100): 20.0
  Episode 100/1500  avg(100): 16.7
  Episode 150/1500  avg(100): 35.4
  Episode 200/1500  avg(100): 130.5
  Episode 250/1500  avg(100): 217.9
  Episode 300/1500  avg(100): 303.6
  Episode 350/1500  avg(100): 231.4
  Episode 400/1500  avg(100): 63.5
  Episode 450/1500  avg(100): 94.0
  Episode 500/1500  avg(100): 197.1
  Episode 550/1500  avg(100): 129.8
  Episode 600/1500  avg(100): 13.6
  Episode 650/1500  avg(100): 12.8
  Episode 700/1500  avg(100): 13.1
  Episode 750/1500  avg(100): 15.0
  Episode 800/1500  avg(100): 17.2
  Episode 850/1500  avg(100): 37.9
  Episode 900/1500  avg(100): 162.3
  Episode 950/1500  avg(100): 226.3
  Episode 1000/1500  avg(100): 265.7
  Episode 1050/1500  avg(100): 322.7
  Episode 1100/1500  avg(100): 213.9
  Episode 1150/1500  avg(100): 113.1
  Episode 1200/1500  avg(100): 100.2
  Episode 1250/1500  avg(100): 238.0
  Episode 1300/1500  avg(100): 396.7
  Episode 1350/1500  avg(100): 441.6
  Episode 1400/1500  avg(100): 466.5
  Episode 1450/1500  avg(100): 459.1
  Episode 1500/1500  avg(100): 447.6
Model saved to models/leaky-32-32-seed51-final.pth
  per-episode CSV streamed to: metrics/multi-seed/leaky-32-32-50k/leaky-32-32/_workers/seed51/leaky-32-32-seed51.csv

Summary CSV: metrics/multi-seed/leaky-32-32-50k/leaky-32-32/_workers/seed51/leaky-32-32-summary.csv

Results across 1 seeds:
  solved (final_avg >= 475) : 0/1 seeds
  final_avg_reward  : 447.56 ± 0.00  (primary metric: CartPole-v1 standard)
  best_avg_reward   : 466.74 ± 0.00
  tail_iqm_reward   : 363.62 ± 0.00  (diagnostic: matches Optuna selection metric)
  convergence_ep    : never reached threshold in any seed

Robust reporting (final_avg_reward across seeds, 95% bootstrap CI):
  IQM   : 447.56  [95% CI: 447.56, 447.56]
  Mean  : 447.56  [95% CI: 447.56, 447.56]
  (note: with N < 10, bootstrap CIs and IQM are necessarily wide; per Colas et al. 2018 consider increasing --num-seeds.)
