Multi-seed training for: bitshift-64-32-4
  device       : cpu
  num_seeds    : 1
  base_seed    : 105
  num_episodes : 1500
  output_dir   : metrics/multi-seed/bitshift-64-32-4/_workers/seed105

============================================================
Seed 105 (1/1)
============================================================
  Episode 50/1500  avg(100): 16.2
  Episode 100/1500  avg(100): 15.1
  Episode 150/1500  avg(100): 45.2
  Episode 200/1500  avg(100): 137.7
  Episode 250/1500  avg(100): 191.6
  Episode 300/1500  avg(100): 214.9
  Episode 350/1500  avg(100): 275.1
  Episode 400/1500  avg(100): 273.8
  Episode 450/1500  avg(100): 261.7
  Episode 500/1500  avg(100): 269.6
  Episode 550/1500  avg(100): 318.4
  Episode 600/1500  avg(100): 419.7
  Episode 650/1500  avg(100): 410.5
  Episode 700/1500  avg(100): 314.2
  Episode 750/1500  avg(100): 338.9
  Episode 800/1500  avg(100): 454.4
  Episode 850/1500  avg(100): 477.5
  Episode 900/1500  avg(100): 435.7
  Episode 950/1500  avg(100): 435.8
  Episode 1000/1500  avg(100): 467.2
  Episode 1050/1500  avg(100): 473.9
  Episode 1100/1500  avg(100): 484.3
  Episode 1150/1500  avg(100): 450.0
  Episode 1200/1500  avg(100): 429.5
  Episode 1250/1500  avg(100): 416.2
  Episode 1300/1500  avg(100): 379.7
  Episode 1350/1500  avg(100): 399.7
  Episode 1400/1500  avg(100): 449.9
  Episode 1450/1500  avg(100): 425.0
  Episode 1500/1500  avg(100): 323.9
Model saved to models/bitshift-64-32-4-seed105-final.pth
  per-episode CSV streamed to: metrics/multi-seed/bitshift-64-32-4/_workers/seed105/bitshift-64-32-4-seed105.csv

Summary CSV: metrics/multi-seed/bitshift-64-32-4/_workers/seed105/bitshift-64-32-4-summary.csv

Results across 1 seeds:
  solved (final_avg >= 475) : 0/1 seeds
  final_avg_reward  : 323.88 ± 0.00  (primary metric: CartPole-v1 standard)
  best_avg_reward   : 496.40 ± 0.00
  tail_iqm_reward   : 422.72 ± 0.00  (diagnostic: matches Optuna selection metric)
  convergence_ep    : never reached threshold in any seed

Robust reporting (final_avg_reward across seeds, 95% bootstrap CI):
  IQM   : 323.88  [95% CI: 323.88, 323.88]
  Mean  : 323.88  [95% CI: 323.88, 323.88]
  (note: with N < 10, bootstrap CIs and IQM are necessarily wide; per Colas et al. 2018 consider increasing --num-seeds.)
