Multi-seed training for: bitshift-64-32-4
  device       : cpu
  num_seeds    : 1
  base_seed    : 119
  num_episodes : 1500
  output_dir   : metrics/multi-seed/bitshift-64-32-4/_workers/seed119

============================================================
Seed 119 (1/1)
============================================================
  Episode 50/1500  avg(100): 17.9
  Episode 100/1500  avg(100): 15.1
  Episode 150/1500  avg(100): 19.3
  Episode 200/1500  avg(100): 92.8
  Episode 250/1500  avg(100): 176.6
  Episode 300/1500  avg(100): 325.6
  Episode 350/1500  avg(100): 361.1
  Episode 400/1500  avg(100): 206.9
  Episode 450/1500  avg(100): 190.1
  Episode 500/1500  avg(100): 299.4
  Episode 550/1500  avg(100): 348.5
  Episode 600/1500  avg(100): 407.5
  Episode 650/1500  avg(100): 492.8
  Episode 700/1500  avg(100): 500.0
  Episode 750/1500  avg(100): 500.0
  Episode 800/1500  avg(100): 482.1
  Episode 850/1500  avg(100): 482.1
  Episode 900/1500  avg(100): 500.0
  Episode 950/1500  avg(100): 500.0
  Episode 1000/1500  avg(100): 500.0
  Episode 1050/1500  avg(100): 498.1
  Episode 1100/1500  avg(100): 496.3
  Episode 1150/1500  avg(100): 498.2
  Episode 1200/1500  avg(100): 362.3
  Episode 1250/1500  avg(100): 221.8
  Episode 1300/1500  avg(100): 200.9
  Episode 1350/1500  avg(100): 196.2
  Episode 1400/1500  avg(100): 353.6
  Episode 1450/1500  avg(100): 374.0
  Episode 1500/1500  avg(100): 375.1
Model saved to models/bitshift-64-32-4-seed119-final.pth
  per-episode CSV streamed to: metrics/multi-seed/bitshift-64-32-4/_workers/seed119/bitshift-64-32-4-seed119.csv

Summary CSV: metrics/multi-seed/bitshift-64-32-4/_workers/seed119/bitshift-64-32-4-summary.csv

Results across 1 seeds:
  solved (final_avg >= 475) : 0/1 seeds
  final_avg_reward  : 375.14 ± 0.00  (primary metric: CartPole-v1 standard)
  best_avg_reward   : 500.00 ± 0.00
  tail_iqm_reward   : 319.65 ± 0.00  (diagnostic: matches Optuna selection metric)
  convergence_ep    : never reached threshold in any seed

Robust reporting (final_avg_reward across seeds, 95% bootstrap CI):
  IQM   : 375.14  [95% CI: 375.14, 375.14]
  Mean  : 375.14  [95% CI: 375.14, 375.14]
  (note: with N < 10, bootstrap CIs and IQM are necessarily wide; per Colas et al. 2018 consider increasing --num-seeds.)
