Multi-seed training for: leaky-32-32
  device       : cpu
  num_seeds    : 1
  base_seed    : 111
  num_episodes : 1500
  output_dir   : metrics/multi-seed/leaky-32-32/_workers/seed111

============================================================
Seed 111 (1/1)
============================================================
  Episode 50/1500  avg(100): 17.4
  Episode 100/1500  avg(100): 16.0
  Episode 150/1500  avg(100): 24.0
  Episode 200/1500  avg(100): 105.3
  Episode 250/1500  avg(100): 206.0
  Episode 300/1500  avg(100): 219.7
  Episode 350/1500  avg(100): 220.9
  Episode 400/1500  avg(100): 263.0
  Episode 450/1500  avg(100): 308.2
  Episode 500/1500  avg(100): 322.7
  Episode 550/1500  avg(100): 359.0
  Episode 600/1500  avg(100): 275.2
  Episode 650/1500  avg(100): 134.2
  Episode 700/1500  avg(100): 262.6
  Episode 750/1500  avg(100): 384.3
  Episode 800/1500  avg(100): 251.3
  Episode 850/1500  avg(100): 130.5
  Episode 900/1500  avg(100): 116.4
  Episode 950/1500  avg(100): 114.3
  Episode 1000/1500  avg(100): 116.3
  Episode 1050/1500  avg(100): 117.6
  Episode 1100/1500  avg(100): 122.2
  Episode 1150/1500  avg(100): 140.9
  Episode 1200/1500  avg(100): 187.4
  Episode 1250/1500  avg(100): 183.9
  Episode 1300/1500  avg(100): 175.6
  Episode 1350/1500  avg(100): 167.2
  Episode 1400/1500  avg(100): 127.2
  Episode 1450/1500  avg(100): 116.8
  Episode 1500/1500  avg(100): 132.4
Model saved to models/leaky-32-32-seed111-final.pth
  per-episode CSV streamed to: metrics/multi-seed/leaky-32-32/_workers/seed111/leaky-32-32-seed111.csv

Summary CSV: metrics/multi-seed/leaky-32-32/_workers/seed111/leaky-32-32-summary.csv

Results across 1 seeds:
  solved (final_avg >= 475) : 0/1 seeds
  final_avg_reward  : 132.41 ± 0.00  (primary metric: CartPole-v1 standard)
  best_avg_reward   : 408.13 ± 0.00
  tail_iqm_reward   : 155.10 ± 0.00  (diagnostic: matches Optuna selection metric)
  convergence_ep    : never reached threshold in any seed

Robust reporting (final_avg_reward across seeds, 95% bootstrap CI):
  IQM   : 132.41  [95% CI: 132.41, 132.41]
  Mean  : 132.41  [95% CI: 132.41, 132.41]
  (note: with N < 10, bootstrap CIs and IQM are necessarily wide; per Colas et al. 2018 consider increasing --num-seeds.)
