Multi-seed training for: leaky-32-32
  device       : cpu
  num_seeds    : 1
  base_seed    : 53
  num_episodes : 1500
  output_dir   : metrics/multi-seed/leaky-32-32/_workers/seed53

============================================================
Seed 53 (1/1)
============================================================
  Episode 50/1500  avg(100): 16.7
  Episode 100/1500  avg(100): 15.0
  Episode 150/1500  avg(100): 14.9
  Episode 200/1500  avg(100): 18.6
  Episode 250/1500  avg(100): 16.9
  Episode 300/1500  avg(100): 22.3
  Episode 350/1500  avg(100): 75.1
  Episode 400/1500  avg(100): 117.1
  Episode 450/1500  avg(100): 148.3
  Episode 500/1500  avg(100): 182.9
  Episode 550/1500  avg(100): 187.8
  Episode 600/1500  avg(100): 185.1
  Episode 650/1500  avg(100): 172.2
  Episode 700/1500  avg(100): 157.5
  Episode 750/1500  avg(100): 146.6
  Episode 800/1500  avg(100): 143.2
  Episode 850/1500  avg(100): 145.0
  Episode 900/1500  avg(100): 143.8
  Episode 950/1500  avg(100): 138.6
  Episode 1000/1500  avg(100): 140.2
  Episode 1050/1500  avg(100): 147.0
  Episode 1100/1500  avg(100): 145.4
  Episode 1150/1500  avg(100): 130.4
  Episode 1200/1500  avg(100): 112.0
  Episode 1250/1500  avg(100): 119.4
  Episode 1300/1500  avg(100): 162.7
  Episode 1350/1500  avg(100): 172.1
  Episode 1400/1500  avg(100): 181.2
  Episode 1450/1500  avg(100): 222.0
  Episode 1500/1500  avg(100): 180.9
Model saved to models/leaky-32-32-seed53-final.pth
  per-episode CSV streamed to: metrics/multi-seed/leaky-32-32/_workers/seed53/leaky-32-32-seed53.csv

Summary CSV: metrics/multi-seed/leaky-32-32/_workers/seed53/leaky-32-32-summary.csv

Results across 1 seeds:
  solved (final_avg >= 475) : 0/1 seeds
  final_avg_reward  : 180.91 ± 0.00  (primary metric: CartPole-v1 standard)
  best_avg_reward   : 228.51 ± 0.00
  tail_iqm_reward   : 159.48 ± 0.00  (diagnostic: matches Optuna selection metric)
  convergence_ep    : never reached threshold in any seed

Robust reporting (final_avg_reward across seeds, 95% bootstrap CI):
  IQM   : 180.91  [95% CI: 180.91, 180.91]
  Mean  : 180.91  [95% CI: 180.91, 180.91]
  (note: with N < 10, bootstrap CIs and IQM are necessarily wide; per Colas et al. 2018 consider increasing --num-seeds.)
