Multi-seed training for: bitshift-64-32-4
  device       : cpu
  num_seeds    : 1
  base_seed    : 55
  num_episodes : 1500
  output_dir   : metrics/multi-seed/bitshift-64-32-4-50k/bitshift-64-32-4/_workers/seed55

============================================================
Seed 55 (1/1)
============================================================
  Episode 50/1500  avg(100): 18.6
  Episode 100/1500  avg(100): 16.8
  Episode 150/1500  avg(100): 105.3
  Episode 200/1500  avg(100): 206.7
  Episode 250/1500  avg(100): 203.6
  Episode 300/1500  avg(100): 185.0
  Episode 350/1500  avg(100): 186.6
  Episode 400/1500  avg(100): 184.8
  Episode 450/1500  avg(100): 166.8
  Episode 500/1500  avg(100): 166.4
  Episode 550/1500  avg(100): 176.6
  Episode 600/1500  avg(100): 196.0
  Episode 650/1500  avg(100): 245.9
  Episode 700/1500  avg(100): 316.6
  Episode 750/1500  avg(100): 379.2
  Episode 800/1500  avg(100): 421.1
  Episode 850/1500  avg(100): 422.2
  Episode 900/1500  avg(100): 417.8
  Episode 950/1500  avg(100): 345.6
  Episode 1000/1500  avg(100): 347.2
  Episode 1050/1500  avg(100): 450.6
  Episode 1100/1500  avg(100): 346.7
  Episode 1150/1500  avg(100): 121.3
  Episode 1200/1500  avg(100): 20.6
  Episode 1250/1500  avg(100): 170.4
  Episode 1300/1500  avg(100): 399.5
  Episode 1350/1500  avg(100): 407.6
  Episode 1400/1500  avg(100): 362.2
  Episode 1450/1500  avg(100): 437.7
  Episode 1500/1500  avg(100): 491.5
Model saved to models/bitshift-64-32-4-seed55-final.pth
  per-episode CSV streamed to: metrics/multi-seed/bitshift-64-32-4-50k/bitshift-64-32-4/_workers/seed55/bitshift-64-32-4-seed55.csv

Summary CSV: metrics/multi-seed/bitshift-64-32-4-50k/bitshift-64-32-4/_workers/seed55/bitshift-64-32-4-summary.csv

Results across 1 seeds:
  solved (final_avg >= 475) : 1/1 seeds
  final_avg_reward  : 491.50 ± 0.00  (primary metric: CartPole-v1 standard)
  best_avg_reward   : 491.50 ± 0.00
  tail_iqm_reward   : 324.96 ± 0.00  (diagnostic: matches Optuna selection metric)
  convergence_ep    : 1487.0 ± 0.0  (1/1 seeds converged)

Robust reporting (final_avg_reward across seeds, 95% bootstrap CI):
  IQM   : 491.50  [95% CI: 491.50, 491.50]
  Mean  : 491.50  [95% CI: 491.50, 491.50]
  (note: with N < 10, bootstrap CIs and IQM are necessarily wide; per Colas et al. 2018 consider increasing --num-seeds.)
