Multi-seed training for: fractional-32-8-8
  device       : cpu
  num_seeds    : 1
  base_seed    : 114
  num_episodes : 1500
  output_dir   : metrics/multi-seed/fractional-32-8-8/_workers/seed114

============================================================
Seed 114 (1/1)
============================================================
  Episode 50/1500  avg(100): 16.9
  Episode 100/1500  avg(100): 16.2
  Episode 150/1500  avg(100): 17.4
  Episode 200/1500  avg(100): 41.5
  Episode 250/1500  avg(100): 97.9
  Episode 300/1500  avg(100): 144.1
  Episode 350/1500  avg(100): 164.5
  Episode 400/1500  avg(100): 153.0
  Episode 450/1500  avg(100): 127.7
  Episode 500/1500  avg(100): 119.8
  Episode 550/1500  avg(100): 177.7
  Episode 600/1500  avg(100): 329.5
  Episode 650/1500  avg(100): 438.0
  Episode 700/1500  avg(100): 403.6
  Episode 750/1500  avg(100): 377.5
  Episode 800/1500  avg(100): 448.4
  Episode 850/1500  avg(100): 394.2
  Episode 900/1500  avg(100): 397.3
  Episode 950/1500  avg(100): 500.0
  Episode 1000/1500  avg(100): 474.6
  Episode 1050/1500  avg(100): 280.5
  Episode 1100/1500  avg(100): 242.6
  Episode 1150/1500  avg(100): 397.0
  Episode 1200/1500  avg(100): 420.7
  Episode 1250/1500  avg(100): 390.1
  Episode 1300/1500  avg(100): 307.8
  Episode 1350/1500  avg(100): 277.2
  Episode 1400/1500  avg(100): 316.4
  Episode 1450/1500  avg(100): 407.1
  Episode 1500/1500  avg(100): 485.8
Model saved to models/fractional-32-8-8-seed114-final.pth
  per-episode CSV streamed to: metrics/multi-seed/fractional-32-8-8/_workers/seed114/fractional-32-8-8-seed114.csv

Summary CSV: metrics/multi-seed/fractional-32-8-8/_workers/seed114/fractional-32-8-8-summary.csv

Results across 1 seeds:
  solved (final_avg >= 475) : 1/1 seeds
  final_avg_reward  : 485.75 ± 0.00  (primary metric: CartPole-v1 standard)
  best_avg_reward   : 500.00 ± 0.00
  tail_iqm_reward   : 369.23 ± 0.00  (diagnostic: matches Optuna selection metric)
  convergence_ep    : 1496.0 ± 0.0  (1/1 seeds converged)

Robust reporting (final_avg_reward across seeds, 95% bootstrap CI):
  IQM   : 485.75  [95% CI: 485.75, 485.75]
  Mean  : 485.75  [95% CI: 485.75, 485.75]
  (note: with N < 10, bootstrap CIs and IQM are necessarily wide; per Colas et al. 2018 consider increasing --num-seeds.)
