Multi-seed training for: leaky-32-32
  device       : cpu
  num_seeds    : 1
  base_seed    : 45
  num_episodes : 1500
  output_dir   : metrics/multi-seed/leaky-32-32-25k/leaky-32-32/_workers/seed45

============================================================
Seed 45 (1/1)
============================================================
  Episode 50/1500  avg(100): 17.5
  Episode 100/1500  avg(100): 19.7
  Episode 150/1500  avg(100): 24.7
  Episode 200/1500  avg(100): 74.8
  Episode 250/1500  avg(100): 143.7
  Episode 300/1500  avg(100): 221.8
  Episode 350/1500  avg(100): 204.0
  Episode 400/1500  avg(100): 136.2
  Episode 450/1500  avg(100): 125.0
  Episode 500/1500  avg(100): 68.7
  Episode 550/1500  avg(100): 60.2
  Episode 600/1500  avg(100): 84.0
  Episode 650/1500  avg(100): 100.3
  Episode 700/1500  avg(100): 152.0
  Episode 750/1500  avg(100): 178.0
  Episode 800/1500  avg(100): 204.8
  Episode 850/1500  avg(100): 243.4
  Episode 900/1500  avg(100): 249.6
  Episode 950/1500  avg(100): 277.1
  Episode 1000/1500  avg(100): 306.5
  Episode 1050/1500  avg(100): 275.4
  Episode 1100/1500  avg(100): 297.0
  Episode 1150/1500  avg(100): 413.1
  Episode 1200/1500  avg(100): 305.8
  Episode 1250/1500  avg(100): 276.9
  Episode 1300/1500  avg(100): 454.8
  Episode 1350/1500  avg(100): 490.3
  Episode 1400/1500  avg(100): 476.3
  Episode 1450/1500  avg(100): 476.3
  Episode 1500/1500  avg(100): 480.9
Model saved to models/leaky-32-32-seed45-final.pth
  per-episode CSV streamed to: metrics/multi-seed/leaky-32-32-25k/leaky-32-32/_workers/seed45/leaky-32-32-seed45.csv

Summary CSV: metrics/multi-seed/leaky-32-32-25k/leaky-32-32/_workers/seed45/leaky-32-32-summary.csv

Results across 1 seeds:
  solved (final_avg >= 475) : 1/1 seeds
  final_avg_reward  : 480.95 ± 0.00  (primary metric: CartPole-v1 standard)
  best_avg_reward   : 495.22 ± 0.00
  tail_iqm_reward   : 441.61 ± 0.00  (diagnostic: matches Optuna selection metric)
  convergence_ep    : 1483.0 ± 0.0  (1/1 seeds converged)

Robust reporting (final_avg_reward across seeds, 95% bootstrap CI):
  IQM   : 480.95  [95% CI: 480.95, 480.95]
  Mean  : 480.95  [95% CI: 480.95, 480.95]
  (note: with N < 10, bootstrap CIs and IQM are necessarily wide; per Colas et al. 2018 consider increasing --num-seeds.)
