Multi-seed training for: fractional-32-8-8
  device       : cpu
  num_seeds    : 1
  base_seed    : 126
  num_episodes : 1500
  output_dir   : metrics/multi-seed/fractional-32-8-8/_workers/seed126

============================================================
Seed 126 (1/1)
============================================================
  Episode 50/1500  avg(100): 17.4
  Episode 100/1500  avg(100): 15.3
  Episode 150/1500  avg(100): 13.6
  Episode 200/1500  avg(100): 21.8
  Episode 250/1500  avg(100): 55.7
  Episode 300/1500  avg(100): 84.1
  Episode 350/1500  avg(100): 89.1
  Episode 400/1500  avg(100): 74.7
  Episode 450/1500  avg(100): 76.8
  Episode 500/1500  avg(100): 93.4
  Episode 550/1500  avg(100): 99.9
  Episode 600/1500  avg(100): 109.4
  Episode 650/1500  avg(100): 154.3
  Episode 700/1500  avg(100): 168.7
  Episode 750/1500  avg(100): 176.5
  Episode 800/1500  avg(100): 289.2
  Episode 850/1500  avg(100): 313.1
  Episode 900/1500  avg(100): 315.1
  Episode 950/1500  avg(100): 414.9
  Episode 1000/1500  avg(100): 396.7
  Episode 1050/1500  avg(100): 277.1
  Episode 1100/1500  avg(100): 166.3
  Episode 1150/1500  avg(100): 143.9
  Episode 1200/1500  avg(100): 270.3
  Episode 1250/1500  avg(100): 233.4
  Episode 1300/1500  avg(100): 231.6
  Episode 1350/1500  avg(100): 429.5
  Episode 1400/1500  avg(100): 473.7
  Episode 1450/1500  avg(100): 371.2
  Episode 1500/1500  avg(100): 274.6
Model saved to models/fractional-32-8-8-seed126-final.pth
  per-episode CSV streamed to: metrics/multi-seed/fractional-32-8-8/_workers/seed126/fractional-32-8-8-seed126.csv

Summary CSV: metrics/multi-seed/fractional-32-8-8/_workers/seed126/fractional-32-8-8-summary.csv

Results across 1 seeds:
  solved (final_avg >= 475) : 0/1 seeds
  final_avg_reward  : 274.64 ± 0.00  (primary metric: CartPole-v1 standard)
  best_avg_reward   : 492.68 ± 0.00
  tail_iqm_reward   : 296.54 ± 0.00  (diagnostic: matches Optuna selection metric)
  convergence_ep    : never reached threshold in any seed

Robust reporting (final_avg_reward across seeds, 95% bootstrap CI):
  IQM   : 274.64  [95% CI: 274.64, 274.64]
  Mean  : 274.64  [95% CI: 274.64, 274.64]
  (note: with N < 10, bootstrap CIs and IQM are necessarily wide; per Colas et al. 2018 consider increasing --num-seeds.)
