Multi-seed training for: leaky-32-32
  device       : cpu
  num_seeds    : 1
  base_seed    : 79
  num_episodes : 1500
  output_dir   : metrics/multi-seed/leaky-32-32/_workers/seed79

============================================================
Seed 79 (1/1)
============================================================
  Episode 50/1500  avg(100): 18.7
  Episode 100/1500  avg(100): 17.4
  Episode 150/1500  avg(100): 14.7
  Episode 200/1500  avg(100): 32.5
  Episode 250/1500  avg(100): 114.2
  Episode 300/1500  avg(100): 185.7
  Episode 350/1500  avg(100): 188.7
  Episode 400/1500  avg(100): 206.2
  Episode 450/1500  avg(100): 211.5
  Episode 500/1500  avg(100): 141.1
  Episode 550/1500  avg(100): 51.5
  Episode 600/1500  avg(100): 41.5
  Episode 650/1500  avg(100): 148.7
  Episode 700/1500  avg(100): 350.9
  Episode 750/1500  avg(100): 347.2
  Episode 800/1500  avg(100): 200.1
  Episode 850/1500  avg(100): 143.4
  Episode 900/1500  avg(100): 247.0
  Episode 950/1500  avg(100): 252.3
  Episode 1000/1500  avg(100): 68.1
  Episode 1050/1500  avg(100): 153.9
  Episode 1100/1500  avg(100): 312.1
  Episode 1150/1500  avg(100): 297.2
  Episode 1200/1500  avg(100): 235.5
  Episode 1250/1500  avg(100): 246.6
  Episode 1300/1500  avg(100): 271.7
  Episode 1350/1500  avg(100): 264.4
  Episode 1400/1500  avg(100): 287.8
  Episode 1450/1500  avg(100): 313.0
  Episode 1500/1500  avg(100): 325.6
Model saved to models/leaky-32-32-seed79-final.pth
  per-episode CSV streamed to: metrics/multi-seed/leaky-32-32/_workers/seed79/leaky-32-32-seed79.csv

Summary CSV: metrics/multi-seed/leaky-32-32/_workers/seed79/leaky-32-32-summary.csv

Results across 1 seeds:
  solved (final_avg >= 475) : 0/1 seeds
  final_avg_reward  : 325.59 ± 0.00  (primary metric: CartPole-v1 standard)
  best_avg_reward   : 420.36 ± 0.00
  tail_iqm_reward   : 275.96 ± 0.00  (diagnostic: matches Optuna selection metric)
  convergence_ep    : never reached threshold in any seed

Robust reporting (final_avg_reward across seeds, 95% bootstrap CI):
  IQM   : 325.59  [95% CI: 325.59, 325.59]
  Mean  : 325.59  [95% CI: 325.59, 325.59]
  (note: with N < 10, bootstrap CIs and IQM are necessarily wide; per Colas et al. 2018 consider increasing --num-seeds.)
