Multi-seed training for: bitshift-64-32-4
  device       : cpu
  num_seeds    : 1
  base_seed    : 49
  num_episodes : 1500
  output_dir   : metrics/multi-seed/bitshift-64-32-4-30k/bitshift-64-32-4/_workers/seed49

============================================================
Seed 49 (1/1)
============================================================
  Episode 50/1500  avg(100): 17.1
  Episode 100/1500  avg(100): 15.6
  Episode 150/1500  avg(100): 33.9
  Episode 200/1500  avg(100): 91.3
  Episode 250/1500  avg(100): 137.7
  Episode 300/1500  avg(100): 168.2
  Episode 350/1500  avg(100): 243.1
  Episode 400/1500  avg(100): 391.8
  Episode 450/1500  avg(100): 493.5
  Episode 500/1500  avg(100): 418.4
  Episode 550/1500  avg(100): 335.8
  Episode 600/1500  avg(100): 299.9
  Episode 650/1500  avg(100): 152.8
  Episode 700/1500  avg(100): 31.1
  Episode 750/1500  avg(100): 26.4
  Episode 800/1500  avg(100): 23.7
  Episode 850/1500  avg(100): 26.6
  Episode 900/1500  avg(100): 103.5
  Episode 950/1500  avg(100): 272.8
  Episode 1000/1500  avg(100): 330.2
  Episode 1050/1500  avg(100): 365.4
  Episode 1100/1500  avg(100): 472.7
  Episode 1150/1500  avg(100): 471.2
  Episode 1200/1500  avg(100): 465.8
  Episode 1250/1500  avg(100): 489.7
  Episode 1300/1500  avg(100): 492.7
  Episode 1350/1500  avg(100): 497.6
  Episode 1400/1500  avg(100): 495.4
  Episode 1450/1500  avg(100): 491.2
  Episode 1500/1500  avg(100): 495.8
Model saved to models/bitshift-64-32-4-seed49-final.pth
  per-episode CSV streamed to: metrics/multi-seed/bitshift-64-32-4-30k/bitshift-64-32-4/_workers/seed49/bitshift-64-32-4-seed49.csv

Summary CSV: metrics/multi-seed/bitshift-64-32-4-30k/bitshift-64-32-4/_workers/seed49/bitshift-64-32-4-summary.csv

Results across 1 seeds:
  solved (final_avg >= 475) : 1/1 seeds
  final_avg_reward  : 495.81 ± 0.00  (primary metric: CartPole-v1 standard)
  best_avg_reward   : 500.00 ± 0.00
  tail_iqm_reward   : 492.57 ± 0.00  (diagnostic: matches Optuna selection metric)
  convergence_ep    : 1218.0 ± 0.0  (1/1 seeds converged)

Robust reporting (final_avg_reward across seeds, 95% bootstrap CI):
  IQM   : 495.81  [95% CI: 495.81, 495.81]
  Mean  : 495.81  [95% CI: 495.81, 495.81]
  (note: with N < 10, bootstrap CIs and IQM are necessarily wide; per Colas et al. 2018 consider increasing --num-seeds.)
