Multi-seed training for: fractional-32-8-8
  device       : cpu
  num_seeds    : 1
  base_seed    : 55
  num_episodes : 1500
  output_dir   : metrics/multi-seed/fractional-32-8-8/_workers/seed55

============================================================
Seed 55 (1/1)
============================================================
  Episode 50/1500  avg(100): 18.7
  Episode 100/1500  avg(100): 15.0
  Episode 150/1500  avg(100): 18.1
  Episode 200/1500  avg(100): 55.4
  Episode 250/1500  avg(100): 164.3
  Episode 300/1500  avg(100): 248.5
  Episode 350/1500  avg(100): 224.7
  Episode 400/1500  avg(100): 174.0
  Episode 450/1500  avg(100): 223.8
  Episode 500/1500  avg(100): 287.5
  Episode 550/1500  avg(100): 377.6
  Episode 600/1500  avg(100): 455.1
  Episode 650/1500  avg(100): 370.3
  Episode 700/1500  avg(100): 245.4
  Episode 750/1500  avg(100): 119.4
  Episode 800/1500  avg(100): 88.4
  Episode 850/1500  avg(100): 149.4
  Episode 900/1500  avg(100): 225.7
  Episode 950/1500  avg(100): 313.2
  Episode 1000/1500  avg(100): 346.6
  Episode 1050/1500  avg(100): 335.2
  Episode 1100/1500  avg(100): 413.7
  Episode 1150/1500  avg(100): 346.3
  Episode 1200/1500  avg(100): 101.7
  Episode 1250/1500  avg(100): 69.6
  Episode 1300/1500  avg(100): 161.0
  Episode 1350/1500  avg(100): 342.6
  Episode 1400/1500  avg(100): 495.7
  Episode 1450/1500  avg(100): 500.0
  Episode 1500/1500  avg(100): 500.0
Model saved to models/fractional-32-8-8-seed55-final.pth
  per-episode CSV streamed to: metrics/multi-seed/fractional-32-8-8/_workers/seed55/fractional-32-8-8-seed55.csv

Summary CSV: metrics/multi-seed/fractional-32-8-8/_workers/seed55/fractional-32-8-8-summary.csv

Results across 1 seeds:
  solved (final_avg >= 475) : 1/1 seeds
  final_avg_reward  : 500.00 ± 0.00  (primary metric: CartPole-v1 standard)
  best_avg_reward   : 500.00 ± 0.00
  tail_iqm_reward   : 315.15 ± 0.00  (diagnostic: matches Optuna selection metric)
  convergence_ep    : 1381.0 ± 0.0  (1/1 seeds converged)

Robust reporting (final_avg_reward across seeds, 95% bootstrap CI):
  IQM   : 500.00  [95% CI: 500.00, 500.00]
  Mean  : 500.00  [95% CI: 500.00, 500.00]
  (note: with N < 10, bootstrap CIs and IQM are necessarily wide; per Colas et al. 2018 consider increasing --num-seeds.)
