Multi-seed training for: leaky-32-32
  device       : cpu
  num_seeds    : 1
  base_seed    : 102
  num_episodes : 1500
  output_dir   : metrics/multi-seed/leaky-32-32/_workers/seed102

============================================================
Seed 102 (1/1)
============================================================
  Episode 50/1500  avg(100): 18.6
  Episode 100/1500  avg(100): 16.2
  Episode 150/1500  avg(100): 39.5
  Episode 200/1500  avg(100): 139.1
  Episode 250/1500  avg(100): 203.5
  Episode 300/1500  avg(100): 185.5
  Episode 350/1500  avg(100): 164.0
  Episode 400/1500  avg(100): 292.1
  Episode 450/1500  avg(100): 391.5
  Episode 500/1500  avg(100): 358.6
  Episode 550/1500  avg(100): 349.7
  Episode 600/1500  avg(100): 356.1
  Episode 650/1500  avg(100): 431.7
  Episode 700/1500  avg(100): 405.0
  Episode 750/1500  avg(100): 360.0
  Episode 800/1500  avg(100): 392.0
  Episode 850/1500  avg(100): 375.9
  Episode 900/1500  avg(100): 242.6
  Episode 950/1500  avg(100): 252.9
  Episode 1000/1500  avg(100): 285.2
  Episode 1050/1500  avg(100): 135.4
  Episode 1100/1500  avg(100): 98.7
  Episode 1150/1500  avg(100): 110.4
  Episode 1200/1500  avg(100): 112.1
  Episode 1250/1500  avg(100): 104.0
  Episode 1300/1500  avg(100): 183.4
  Episode 1350/1500  avg(100): 199.4
  Episode 1400/1500  avg(100): 125.9
  Episode 1450/1500  avg(100): 225.6
  Episode 1500/1500  avg(100): 352.4
Model saved to models/leaky-32-32-seed102-final.pth
  per-episode CSV streamed to: metrics/multi-seed/leaky-32-32/_workers/seed102/leaky-32-32-seed102.csv

Summary CSV: metrics/multi-seed/leaky-32-32/_workers/seed102/leaky-32-32-summary.csv

Results across 1 seeds:
  solved (final_avg >= 475) : 0/1 seeds
  final_avg_reward  : 352.44 ± 0.00  (primary metric: CartPole-v1 standard)
  best_avg_reward   : 454.25 ± 0.00
  tail_iqm_reward   : 151.44 ± 0.00  (diagnostic: matches Optuna selection metric)
  convergence_ep    : never reached threshold in any seed

Robust reporting (final_avg_reward across seeds, 95% bootstrap CI):
  IQM   : 352.44  [95% CI: 352.44, 352.44]
  Mean  : 352.44  [95% CI: 352.44, 352.44]
  (note: with N < 10, bootstrap CIs and IQM are necessarily wide; per Colas et al. 2018 consider increasing --num-seeds.)
