Multi-seed training for: leaky-32-32
  device       : cpu
  num_seeds    : 1
  base_seed    : 69
  num_episodes : 1500
  output_dir   : metrics/multi-seed/leaky-32-32/_workers/seed69

============================================================
Seed 69 (1/1)
============================================================
  Episode 50/1500  avg(100): 16.4
  Episode 100/1500  avg(100): 15.3
  Episode 150/1500  avg(100): 12.6
  Episode 200/1500  avg(100): 11.2
  Episode 250/1500  avg(100): 12.5
  Episode 300/1500  avg(100): 69.1
  Episode 350/1500  avg(100): 152.8
  Episode 400/1500  avg(100): 173.3
  Episode 450/1500  avg(100): 159.9
  Episode 500/1500  avg(100): 157.4
  Episode 550/1500  avg(100): 157.9
  Episode 600/1500  avg(100): 168.6
  Episode 650/1500  avg(100): 195.7
  Episode 700/1500  avg(100): 204.0
  Episode 750/1500  avg(100): 198.3
  Episode 800/1500  avg(100): 196.2
  Episode 850/1500  avg(100): 207.8
  Episode 900/1500  avg(100): 223.9
  Episode 950/1500  avg(100): 172.1
  Episode 1000/1500  avg(100): 102.5
  Episode 1050/1500  avg(100): 80.5
  Episode 1100/1500  avg(100): 69.8
  Episode 1150/1500  avg(100): 60.1
  Episode 1200/1500  avg(100): 50.5
  Episode 1250/1500  avg(100): 115.1
  Episode 1300/1500  avg(100): 233.5
  Episode 1350/1500  avg(100): 314.9
  Episode 1400/1500  avg(100): 391.0
  Episode 1450/1500  avg(100): 348.9
  Episode 1500/1500  avg(100): 194.2
Model saved to models/leaky-32-32-seed69-final.pth
  per-episode CSV streamed to: metrics/multi-seed/leaky-32-32/_workers/seed69/leaky-32-32-seed69.csv

Summary CSV: metrics/multi-seed/leaky-32-32/_workers/seed69/leaky-32-32-summary.csv

Results across 1 seeds:
  solved (final_avg >= 475) : 0/1 seeds
  final_avg_reward  : 194.21 ± 0.00  (primary metric: CartPole-v1 standard)
  best_avg_reward   : 400.33 ± 0.00
  tail_iqm_reward   : 217.50 ± 0.00  (diagnostic: matches Optuna selection metric)
  convergence_ep    : never reached threshold in any seed

Robust reporting (final_avg_reward across seeds, 95% bootstrap CI):
  IQM   : 194.21  [95% CI: 194.21, 194.21]
  Mean  : 194.21  [95% CI: 194.21, 194.21]
  (note: with N < 10, bootstrap CIs and IQM are necessarily wide; per Colas et al. 2018 consider increasing --num-seeds.)
