Multi-seed training for: leaky-32-32
  device       : cpu
  num_seeds    : 1
  base_seed    : 57
  num_episodes : 1500
  output_dir   : metrics/multi-seed/leaky-32-32-20k/leaky-32-32/_workers/seed57

============================================================
Seed 57 (1/1)
============================================================
  Episode 50/1500  avg(100): 19.4
  Episode 100/1500  avg(100): 18.6
  Episode 150/1500  avg(100): 34.8
  Episode 200/1500  avg(100): 98.9
  Episode 250/1500  avg(100): 161.6
  Episode 300/1500  avg(100): 191.8
  Episode 350/1500  avg(100): 261.6
  Episode 400/1500  avg(100): 311.0
  Episode 450/1500  avg(100): 393.3
  Episode 500/1500  avg(100): 459.5
  Episode 550/1500  avg(100): 395.4
  Episode 600/1500  avg(100): 413.4
  Episode 650/1500  avg(100): 480.3
  Episode 700/1500  avg(100): 426.2
  Episode 750/1500  avg(100): 212.4
  Episode 800/1500  avg(100): 71.8
  Episode 850/1500  avg(100): 123.0
  Episode 900/1500  avg(100): 161.1
  Episode 950/1500  avg(100): 163.3
  Episode 1000/1500  avg(100): 193.6
  Episode 1050/1500  avg(100): 181.5
  Episode 1100/1500  avg(100): 155.9
  Episode 1150/1500  avg(100): 165.4
  Episode 1200/1500  avg(100): 164.5
  Episode 1250/1500  avg(100): 172.9
  Episode 1300/1500  avg(100): 165.8
  Episode 1350/1500  avg(100): 139.2
  Episode 1400/1500  avg(100): 86.7
  Episode 1450/1500  avg(100): 72.4
  Episode 1500/1500  avg(100): 160.8
Model saved to models/leaky-32-32-seed57-final.pth
  per-episode CSV streamed to: metrics/multi-seed/leaky-32-32-20k/leaky-32-32/_workers/seed57/leaky-32-32-seed57.csv

Summary CSV: metrics/multi-seed/leaky-32-32-20k/leaky-32-32/_workers/seed57/leaky-32-32-summary.csv

Results across 1 seeds:
  solved (final_avg >= 475) : 0/1 seeds
  final_avg_reward  : 160.75 ± 0.00  (primary metric: CartPole-v1 standard)
  best_avg_reward   : 486.62 ± 0.00
  tail_iqm_reward   : 151.11 ± 0.00  (diagnostic: matches Optuna selection metric)
  convergence_ep    : never reached threshold in any seed

Robust reporting (final_avg_reward across seeds, 95% bootstrap CI):
  IQM   : 160.75  [95% CI: 160.75, 160.75]
  Mean  : 160.75  [95% CI: 160.75, 160.75]
  (note: with N < 10, bootstrap CIs and IQM are necessarily wide; per Colas et al. 2018 consider increasing --num-seeds.)
