Multi-seed training for: leaky-32-32
  device       : cpu
  num_seeds    : 1
  base_seed    : 59
  num_episodes : 1500
  output_dir   : metrics/multi-seed/leaky-32-32-30k/leaky-32-32/_workers/seed59

============================================================
Seed 59 (1/1)
============================================================
  Episode 50/1500  avg(100): 15.3
  Episode 100/1500  avg(100): 14.7
  Episode 150/1500  avg(100): 16.6
  Episode 200/1500  avg(100): 27.2
  Episode 250/1500  avg(100): 47.0
  Episode 300/1500  avg(100): 60.1
  Episode 350/1500  avg(100): 70.9
  Episode 400/1500  avg(100): 91.2
  Episode 450/1500  avg(100): 96.4
  Episode 500/1500  avg(100): 100.9
  Episode 550/1500  avg(100): 182.0
  Episode 600/1500  avg(100): 143.8
  Episode 650/1500  avg(100): 22.3
  Episode 700/1500  avg(100): 9.8
  Episode 750/1500  avg(100): 36.7
  Episode 800/1500  avg(100): 145.6
  Episode 850/1500  avg(100): 318.0
  Episode 900/1500  avg(100): 412.0
  Episode 950/1500  avg(100): 355.9
  Episode 1000/1500  avg(100): 198.4
  Episode 1050/1500  avg(100): 94.5
  Episode 1100/1500  avg(100): 83.7
  Episode 1150/1500  avg(100): 210.4
  Episode 1200/1500  avg(100): 333.7
  Episode 1250/1500  avg(100): 396.5
  Episode 1300/1500  avg(100): 483.3
  Episode 1350/1500  avg(100): 499.6
  Episode 1400/1500  avg(100): 500.0
  Episode 1450/1500  avg(100): 457.5
  Episode 1500/1500  avg(100): 394.5
Model saved to models/leaky-32-32-seed59-final.pth
  per-episode CSV streamed to: metrics/multi-seed/leaky-32-32-30k/leaky-32-32/_workers/seed59/leaky-32-32-seed59.csv

Summary CSV: metrics/multi-seed/leaky-32-32-30k/leaky-32-32/_workers/seed59/leaky-32-32-summary.csv

Results across 1 seeds:
  solved (final_avg >= 475) : 0/1 seeds
  final_avg_reward  : 394.53 ± 0.00  (primary metric: CartPole-v1 standard)
  best_avg_reward   : 500.00 ± 0.00
  tail_iqm_reward   : 439.38 ± 0.00  (diagnostic: matches Optuna selection metric)
  convergence_ep    : never reached threshold in any seed

Robust reporting (final_avg_reward across seeds, 95% bootstrap CI):
  IQM   : 394.53  [95% CI: 394.53, 394.53]
  Mean  : 394.53  [95% CI: 394.53, 394.53]
  (note: with N < 10, bootstrap CIs and IQM are necessarily wide; per Colas et al. 2018 consider increasing --num-seeds.)
