Multi-seed training for: bitshift-64-32-4
  device       : cpu
  num_seeds    : 1
  base_seed    : 102
  num_episodes : 1500
  output_dir   : metrics/multi-seed/bitshift-64-32-4/_workers/seed102

============================================================
Seed 102 (1/1)
============================================================
  Episode 50/1500  avg(100): 16.7
  Episode 100/1500  avg(100): 15.6
  Episode 150/1500  avg(100): 35.6
  Episode 200/1500  avg(100): 99.5
  Episode 250/1500  avg(100): 145.6
  Episode 300/1500  avg(100): 164.8
  Episode 350/1500  avg(100): 189.7
  Episode 400/1500  avg(100): 216.6
  Episode 450/1500  avg(100): 246.5
  Episode 500/1500  avg(100): 256.7
  Episode 550/1500  avg(100): 241.6
  Episode 600/1500  avg(100): 243.1
  Episode 650/1500  avg(100): 370.9
  Episode 700/1500  avg(100): 489.1
  Episode 750/1500  avg(100): 481.1
  Episode 800/1500  avg(100): 418.7
  Episode 850/1500  avg(100): 366.6
  Episode 900/1500  avg(100): 369.4
  Episode 950/1500  avg(100): 395.0
  Episode 1000/1500  avg(100): 446.2
  Episode 1050/1500  avg(100): 486.2
  Episode 1100/1500  avg(100): 480.2
  Episode 1150/1500  avg(100): 483.1
  Episode 1200/1500  avg(100): 500.0
  Episode 1250/1500  avg(100): 495.9
  Episode 1300/1500  avg(100): 495.9
  Episode 1350/1500  avg(100): 430.7
  Episode 1400/1500  avg(100): 365.3
  Episode 1450/1500  avg(100): 434.6
  Episode 1500/1500  avg(100): 500.0
Model saved to models/bitshift-64-32-4-seed102-final.pth
  per-episode CSV streamed to: metrics/multi-seed/bitshift-64-32-4/_workers/seed102/bitshift-64-32-4-seed102.csv

Summary CSV: metrics/multi-seed/bitshift-64-32-4/_workers/seed102/bitshift-64-32-4-summary.csv

Results across 1 seeds:
  solved (final_avg >= 475) : 1/1 seeds
  final_avg_reward  : 500.00 ± 0.00  (primary metric: CartPole-v1 standard)
  best_avg_reward   : 500.00 ± 0.00
  tail_iqm_reward   : 482.89 ± 0.00  (diagnostic: matches Optuna selection metric)
  convergence_ep    : 1463.0 ± 0.0  (1/1 seeds converged)

Robust reporting (final_avg_reward across seeds, 95% bootstrap CI):
  IQM   : 500.00  [95% CI: 500.00, 500.00]
  Mean  : 500.00  [95% CI: 500.00, 500.00]
  (note: with N < 10, bootstrap CIs and IQM are necessarily wide; per Colas et al. 2018 consider increasing --num-seeds.)
