Multi-seed training for: leaky-32-32
  device       : cpu
  num_seeds    : 1
  base_seed    : 42
  num_episodes : 1500
  output_dir   : metrics/multi-seed/leaky-32-32-50k/leaky-32-32/_workers/seed42

============================================================
Seed 42 (1/1)
============================================================
  Episode 50/1500  avg(100): 15.9
  Episode 100/1500  avg(100): 15.1
  Episode 150/1500  avg(100): 21.3
  Episode 200/1500  avg(100): 82.6
  Episode 250/1500  avg(100): 123.0
  Episode 300/1500  avg(100): 130.1
  Episode 350/1500  avg(100): 187.8
  Episode 400/1500  avg(100): 191.5
  Episode 450/1500  avg(100): 225.3
  Episode 500/1500  avg(100): 232.7
  Episode 550/1500  avg(100): 145.4
  Episode 600/1500  avg(100): 100.2
  Episode 650/1500  avg(100): 84.7
  Episode 700/1500  avg(100): 89.9
  Episode 750/1500  avg(100): 103.2
  Episode 800/1500  avg(100): 89.7
  Episode 850/1500  avg(100): 46.8
  Episode 900/1500  avg(100): 41.0
  Episode 950/1500  avg(100): 49.2
  Episode 1000/1500  avg(100): 69.4
  Episode 1050/1500  avg(100): 98.1
  Episode 1100/1500  avg(100): 123.9
  Episode 1150/1500  avg(100): 168.6
  Episode 1200/1500  avg(100): 177.0
  Episode 1250/1500  avg(100): 266.5
  Episode 1300/1500  avg(100): 294.4
  Episode 1350/1500  avg(100): 307.6
  Episode 1400/1500  avg(100): 400.6
  Episode 1450/1500  avg(100): 377.0
  Episode 1500/1500  avg(100): 312.4
Model saved to models/leaky-32-32-seed42-final.pth
  per-episode CSV streamed to: metrics/multi-seed/leaky-32-32-50k/leaky-32-32/_workers/seed42/leaky-32-32-seed42.csv

Summary CSV: metrics/multi-seed/leaky-32-32-50k/leaky-32-32/_workers/seed42/leaky-32-32-summary.csv

Results across 1 seeds:
  solved (final_avg >= 475) : 0/1 seeds
  final_avg_reward  : 312.43 ± 0.00  (primary metric: CartPole-v1 standard)
  best_avg_reward   : 415.69 ± 0.00
  tail_iqm_reward   : 291.47 ± 0.00  (diagnostic: matches Optuna selection metric)
  convergence_ep    : never reached threshold in any seed

Robust reporting (final_avg_reward across seeds, 95% bootstrap CI):
  IQM   : 312.43  [95% CI: 312.43, 312.43]
  Mean  : 312.43  [95% CI: 312.43, 312.43]
  (note: with N < 10, bootstrap CIs and IQM are necessarily wide; per Colas et al. 2018 consider increasing --num-seeds.)
