Multi-seed training for: bitshift-64-32-4
  device       : cpu
  num_seeds    : 1
  base_seed    : 68
  num_episodes : 1500
  output_dir   : metrics/multi-seed/bitshift-64-32-4/_workers/seed68

============================================================
Seed 68 (1/1)
============================================================
  Episode 50/1500  avg(100): 16.6
  Episode 100/1500  avg(100): 15.3
  Episode 150/1500  avg(100): 32.1
  Episode 200/1500  avg(100): 146.1
  Episode 250/1500  avg(100): 242.3
  Episode 300/1500  avg(100): 325.7
  Episode 350/1500  avg(100): 394.6
  Episode 400/1500  avg(100): 389.0
  Episode 450/1500  avg(100): 377.6
  Episode 500/1500  avg(100): 281.7
  Episode 550/1500  avg(100): 199.2
  Episode 600/1500  avg(100): 206.3
  Episode 650/1500  avg(100): 254.2
  Episode 700/1500  avg(100): 269.2
  Episode 750/1500  avg(100): 371.4
  Episode 800/1500  avg(100): 442.3
  Episode 850/1500  avg(100): 372.2
  Episode 900/1500  avg(100): 344.6
  Episode 950/1500  avg(100): 333.9
  Episode 1000/1500  avg(100): 376.0
  Episode 1050/1500  avg(100): 334.9
  Episode 1100/1500  avg(100): 356.0
  Episode 1150/1500  avg(100): 426.1
  Episode 1200/1500  avg(100): 405.2
  Episode 1250/1500  avg(100): 384.6
  Episode 1300/1500  avg(100): 370.9
  Episode 1350/1500  avg(100): 346.9
  Episode 1400/1500  avg(100): 340.4
  Episode 1450/1500  avg(100): 368.1
  Episode 1500/1500  avg(100): 405.4
Model saved to models/bitshift-64-32-4-seed68-final.pth
  per-episode CSV streamed to: metrics/multi-seed/bitshift-64-32-4/_workers/seed68/bitshift-64-32-4-seed68.csv

Summary CSV: metrics/multi-seed/bitshift-64-32-4/_workers/seed68/bitshift-64-32-4-summary.csv

Results across 1 seeds:
  solved (final_avg >= 475) : 0/1 seeds
  final_avg_reward  : 405.42 ± 0.00  (primary metric: CartPole-v1 standard)
  best_avg_reward   : 452.25 ± 0.00
  tail_iqm_reward   : 383.07 ± 0.00  (diagnostic: matches Optuna selection metric)
  convergence_ep    : never reached threshold in any seed

Robust reporting (final_avg_reward across seeds, 95% bootstrap CI):
  IQM   : 405.42  [95% CI: 405.42, 405.42]
  Mean  : 405.42  [95% CI: 405.42, 405.42]
  (note: with N < 10, bootstrap CIs and IQM are necessarily wide; per Colas et al. 2018 consider increasing --num-seeds.)
