Multi-seed training for: bitshift-64-32-4
  device       : cpu
  num_seeds    : 1
  base_seed    : 128
  num_episodes : 1500
  output_dir   : metrics/multi-seed/bitshift-64-32-4/_workers/seed128

============================================================
Seed 128 (1/1)
============================================================
  Episode 50/1500  avg(100): 17.7
  Episode 100/1500  avg(100): 16.7
  Episode 150/1500  avg(100): 72.1
  Episode 200/1500  avg(100): 170.0
  Episode 250/1500  avg(100): 170.4
  Episode 300/1500  avg(100): 140.6
  Episode 350/1500  avg(100): 155.6
  Episode 400/1500  avg(100): 274.3
  Episode 450/1500  avg(100): 428.3
  Episode 500/1500  avg(100): 433.0
  Episode 550/1500  avg(100): 285.3
  Episode 600/1500  avg(100): 283.3
  Episode 650/1500  avg(100): 446.9
  Episode 700/1500  avg(100): 475.0
  Episode 750/1500  avg(100): 451.2
  Episode 800/1500  avg(100): 466.1
  Episode 850/1500  avg(100): 485.5
  Episode 900/1500  avg(100): 490.4
  Episode 950/1500  avg(100): 495.2
  Episode 1000/1500  avg(100): 500.0
  Episode 1050/1500  avg(100): 495.2
  Episode 1100/1500  avg(100): 480.6
  Episode 1150/1500  avg(100): 470.9
  Episode 1200/1500  avg(100): 475.8
  Episode 1250/1500  avg(100): 471.0
  Episode 1300/1500  avg(100): 475.9
  Episode 1350/1500  avg(100): 480.6
  Episode 1400/1500  avg(100): 475.9
  Episode 1450/1500  avg(100): 480.8
  Episode 1500/1500  avg(100): 485.4
Model saved to models/bitshift-64-32-4-seed128-final.pth
  per-episode CSV streamed to: metrics/multi-seed/bitshift-64-32-4/_workers/seed128/bitshift-64-32-4-seed128.csv

Summary CSV: metrics/multi-seed/bitshift-64-32-4/_workers/seed128/bitshift-64-32-4-summary.csv

Results across 1 seeds:
  solved (final_avg >= 475) : 1/1 seeds
  final_avg_reward  : 485.44 ± 0.00  (primary metric: CartPole-v1 standard)
  best_avg_reward   : 500.00 ± 0.00
  tail_iqm_reward   : 476.03 ± 0.00  (diagnostic: matches Optuna selection metric)
  convergence_ep    : 1433.0 ± 0.0  (1/1 seeds converged)

Robust reporting (final_avg_reward across seeds, 95% bootstrap CI):
  IQM   : 485.44  [95% CI: 485.44, 485.44]
  Mean  : 485.44  [95% CI: 485.44, 485.44]
  (note: with N < 10, bootstrap CIs and IQM are necessarily wide; per Colas et al. 2018 consider increasing --num-seeds.)
