Multi-seed training for: bitshift-64-32-4
  device       : cpu
  num_seeds    : 1
  base_seed    : 106
  num_episodes : 1500
  output_dir   : metrics/multi-seed/bitshift-64-32-4/_workers/seed106

============================================================
Seed 106 (1/1)
============================================================
  Episode 50/1500  avg(100): 18.2
  Episode 100/1500  avg(100): 17.0
  Episode 150/1500  avg(100): 94.4
  Episode 200/1500  avg(100): 171.4
  Episode 250/1500  avg(100): 158.2
  Episode 300/1500  avg(100): 138.2
  Episode 350/1500  avg(100): 148.3
  Episode 400/1500  avg(100): 183.2
  Episode 450/1500  avg(100): 227.4
  Episode 500/1500  avg(100): 306.1
  Episode 550/1500  avg(100): 384.3
  Episode 600/1500  avg(100): 408.6
  Episode 650/1500  avg(100): 396.2
  Episode 700/1500  avg(100): 326.9
  Episode 750/1500  avg(100): 306.7
  Episode 800/1500  avg(100): 401.8
  Episode 850/1500  avg(100): 476.5
  Episode 900/1500  avg(100): 420.9
  Episode 950/1500  avg(100): 386.9
  Episode 1000/1500  avg(100): 464.0
  Episode 1050/1500  avg(100): 495.9
  Episode 1100/1500  avg(100): 488.5
  Episode 1150/1500  avg(100): 472.6
  Episode 1200/1500  avg(100): 439.1
  Episode 1250/1500  avg(100): 447.1
  Episode 1300/1500  avg(100): 487.8
  Episode 1350/1500  avg(100): 500.0
  Episode 1400/1500  avg(100): 487.5
  Episode 1450/1500  avg(100): 485.3
  Episode 1500/1500  avg(100): 497.6
Model saved to models/bitshift-64-32-4-seed106-final.pth
  per-episode CSV streamed to: metrics/multi-seed/bitshift-64-32-4/_workers/seed106/bitshift-64-32-4-seed106.csv

Summary CSV: metrics/multi-seed/bitshift-64-32-4/_workers/seed106/bitshift-64-32-4-summary.csv

Results across 1 seeds:
  solved (final_avg >= 475) : 1/1 seeds
  final_avg_reward  : 497.61 ± 0.00  (primary metric: CartPole-v1 standard)
  best_avg_reward   : 500.00 ± 0.00
  tail_iqm_reward   : 480.36 ± 0.00  (diagnostic: matches Optuna selection metric)
  convergence_ep    : 1282.0 ± 0.0  (1/1 seeds converged)

Robust reporting (final_avg_reward across seeds, 95% bootstrap CI):
  IQM   : 497.61  [95% CI: 497.61, 497.61]
  Mean  : 497.61  [95% CI: 497.61, 497.61]
  (note: with N < 10, bootstrap CIs and IQM are necessarily wide; per Colas et al. 2018 consider increasing --num-seeds.)
