Multi-seed training for: leaky-32-32
  device       : cpu
  num_seeds    : 1
  base_seed    : 139
  num_episodes : 1500
  output_dir   : metrics/multi-seed/leaky-32-32/_workers/seed139

============================================================
Seed 139 (1/1)
============================================================
  Episode 50/1500  avg(100): 17.9
  Episode 100/1500  avg(100): 15.5
  Episode 150/1500  avg(100): 13.7
  Episode 200/1500  avg(100): 69.9
  Episode 250/1500  avg(100): 143.5
  Episode 300/1500  avg(100): 148.7
  Episode 350/1500  avg(100): 257.8
  Episode 400/1500  avg(100): 305.0
  Episode 450/1500  avg(100): 122.8
  Episode 500/1500  avg(100): 209.1
  Episode 550/1500  avg(100): 451.4
  Episode 600/1500  avg(100): 393.0
  Episode 650/1500  avg(100): 264.9
  Episode 700/1500  avg(100): 311.0
  Episode 750/1500  avg(100): 430.1
  Episode 800/1500  avg(100): 385.7
  Episode 850/1500  avg(100): 351.5
  Episode 900/1500  avg(100): 436.4
  Episode 950/1500  avg(100): 479.6
  Episode 1000/1500  avg(100): 500.0
  Episode 1050/1500  avg(100): 500.0
  Episode 1100/1500  avg(100): 500.0
  Episode 1150/1500  avg(100): 500.0
  Episode 1200/1500  avg(100): 500.0
  Episode 1250/1500  avg(100): 500.0
  Episode 1300/1500  avg(100): 490.3
  Episode 1350/1500  avg(100): 466.6
  Episode 1400/1500  avg(100): 386.4
  Episode 1450/1500  avg(100): 337.3
  Episode 1500/1500  avg(100): 361.1
Model saved to models/leaky-32-32-seed139-final.pth
  per-episode CSV streamed to: metrics/multi-seed/leaky-32-32/_workers/seed139/leaky-32-32-seed139.csv

Summary CSV: metrics/multi-seed/leaky-32-32/_workers/seed139/leaky-32-32-summary.csv

Results across 1 seeds:
  solved (final_avg >= 475) : 0/1 seeds
  final_avg_reward  : 361.13 ± 0.00  (primary metric: CartPole-v1 standard)
  best_avg_reward   : 500.00 ± 0.00
  tail_iqm_reward   : 475.05 ± 0.00  (diagnostic: matches Optuna selection metric)
  convergence_ep    : never reached threshold in any seed

Robust reporting (final_avg_reward across seeds, 95% bootstrap CI):
  IQM   : 361.13  [95% CI: 361.13, 361.13]
  Mean  : 361.13  [95% CI: 361.13, 361.13]
  (note: with N < 10, bootstrap CIs and IQM are necessarily wide; per Colas et al. 2018 consider increasing --num-seeds.)
