Multi-seed training for: leaky-32-32
  device       : cpu
  num_seeds    : 1
  base_seed    : 49
  num_episodes : 1500
  output_dir   : metrics/multi-seed/leaky-32-32-50k/leaky-32-32/_workers/seed49

============================================================
Seed 49 (1/1)
============================================================
  Episode 50/1500  avg(100): 16.5
  Episode 100/1500  avg(100): 15.3
  Episode 150/1500  avg(100): 17.5
  Episode 200/1500  avg(100): 21.0
  Episode 250/1500  avg(100): 60.9
  Episode 300/1500  avg(100): 116.5
  Episode 350/1500  avg(100): 139.2
  Episode 400/1500  avg(100): 148.9
  Episode 450/1500  avg(100): 163.8
  Episode 500/1500  avg(100): 166.1
  Episode 550/1500  avg(100): 142.1
  Episode 600/1500  avg(100): 114.3
  Episode 650/1500  avg(100): 107.8
  Episode 700/1500  avg(100): 138.9
  Episode 750/1500  avg(100): 156.9
  Episode 800/1500  avg(100): 124.6
  Episode 850/1500  avg(100): 85.2
  Episode 900/1500  avg(100): 74.2
  Episode 950/1500  avg(100): 151.6
  Episode 1000/1500  avg(100): 219.4
  Episode 1050/1500  avg(100): 203.4
  Episode 1100/1500  avg(100): 190.4
  Episode 1150/1500  avg(100): 201.0
  Episode 1200/1500  avg(100): 255.8
  Episode 1250/1500  avg(100): 290.5
  Episode 1300/1500  avg(100): 266.8
  Episode 1350/1500  avg(100): 247.2
  Episode 1400/1500  avg(100): 221.1
  Episode 1450/1500  avg(100): 226.9
  Episode 1500/1500  avg(100): 269.0
Model saved to models/leaky-32-32-seed49-final.pth
  per-episode CSV streamed to: metrics/multi-seed/leaky-32-32-50k/leaky-32-32/_workers/seed49/leaky-32-32-seed49.csv

Summary CSV: metrics/multi-seed/leaky-32-32-50k/leaky-32-32/_workers/seed49/leaky-32-32-summary.csv

Results across 1 seeds:
  solved (final_avg >= 475) : 0/1 seeds
  final_avg_reward  : 268.96 ± 0.00  (primary metric: CartPole-v1 standard)
  best_avg_reward   : 298.01 ± 0.00
  tail_iqm_reward   : 244.00 ± 0.00  (diagnostic: matches Optuna selection metric)
  convergence_ep    : never reached threshold in any seed

Robust reporting (final_avg_reward across seeds, 95% bootstrap CI):
  IQM   : 268.96  [95% CI: 268.96, 268.96]
  Mean  : 268.96  [95% CI: 268.96, 268.96]
  (note: with N < 10, bootstrap CIs and IQM are necessarily wide; per Colas et al. 2018 consider increasing --num-seeds.)
