Multi-seed training for: leaky-32-32
  device       : cpu
  num_seeds    : 1
  base_seed    : 56
  num_episodes : 1500
  output_dir   : metrics/multi-seed/leaky-32-32-30k/leaky-32-32/_workers/seed56

============================================================
Seed 56 (1/1)
============================================================
  Episode 50/1500  avg(100): 17.3
  Episode 100/1500  avg(100): 17.0
  Episode 150/1500  avg(100): 33.2
  Episode 200/1500  avg(100): 102.3
  Episode 250/1500  avg(100): 159.6
  Episode 300/1500  avg(100): 174.1
  Episode 350/1500  avg(100): 251.1
  Episode 400/1500  avg(100): 309.4
  Episode 450/1500  avg(100): 216.6
  Episode 500/1500  avg(100): 195.8
  Episode 550/1500  avg(100): 293.8
  Episode 600/1500  avg(100): 280.5
  Episode 650/1500  avg(100): 264.1
  Episode 700/1500  avg(100): 351.8
  Episode 750/1500  avg(100): 359.9
  Episode 800/1500  avg(100): 401.1
  Episode 850/1500  avg(100): 495.2
  Episode 900/1500  avg(100): 495.4
  Episode 950/1500  avg(100): 466.4
  Episode 1000/1500  avg(100): 318.4
  Episode 1050/1500  avg(100): 121.4
  Episode 1100/1500  avg(100): 47.2
  Episode 1150/1500  avg(100): 162.9
  Episode 1200/1500  avg(100): 389.6
  Episode 1250/1500  avg(100): 495.1
  Episode 1300/1500  avg(100): 495.1
  Episode 1350/1500  avg(100): 500.0
  Episode 1400/1500  avg(100): 489.0
  Episode 1450/1500  avg(100): 485.6
  Episode 1500/1500  avg(100): 485.7
Model saved to models/leaky-32-32-seed56-final.pth
  per-episode CSV streamed to: metrics/multi-seed/leaky-32-32-30k/leaky-32-32/_workers/seed56/leaky-32-32-seed56.csv

Summary CSV: metrics/multi-seed/leaky-32-32-30k/leaky-32-32/_workers/seed56/leaky-32-32-summary.csv

Results across 1 seeds:
  solved (final_avg >= 475) : 1/1 seeds
  final_avg_reward  : 485.71 ± 0.00  (primary metric: CartPole-v1 standard)
  best_avg_reward   : 500.00 ± 0.00
  tail_iqm_reward   : 489.92 ± 0.00  (diagnostic: matches Optuna selection metric)
  convergence_ep    : 1219.0 ± 0.0  (1/1 seeds converged)

Robust reporting (final_avg_reward across seeds, 95% bootstrap CI):
  IQM   : 485.71  [95% CI: 485.71, 485.71]
  Mean  : 485.71  [95% CI: 485.71, 485.71]
  (note: with N < 10, bootstrap CIs and IQM are necessarily wide; per Colas et al. 2018 consider increasing --num-seeds.)
