Multi-seed training for: leaky-32-32
  device       : cpu
  num_seeds    : 1
  base_seed    : 80
  num_episodes : 1500
  output_dir   : metrics/multi-seed/leaky-32-32/_workers/seed80

============================================================
Seed 80 (1/1)
============================================================
  Episode 50/1500  avg(100): 18.5
  Episode 100/1500  avg(100): 16.4
  Episode 150/1500  avg(100): 14.0
  Episode 200/1500  avg(100): 13.4
  Episode 250/1500  avg(100): 19.4
  Episode 300/1500  avg(100): 73.7
  Episode 350/1500  avg(100): 132.4
  Episode 400/1500  avg(100): 137.4
  Episode 450/1500  avg(100): 124.6
  Episode 500/1500  avg(100): 121.3
  Episode 550/1500  avg(100): 222.5
  Episode 600/1500  avg(100): 322.2
  Episode 650/1500  avg(100): 212.0
  Episode 700/1500  avg(100): 261.9
  Episode 750/1500  avg(100): 418.1
  Episode 800/1500  avg(100): 446.3
  Episode 850/1500  avg(100): 479.0
  Episode 900/1500  avg(100): 482.6
  Episode 950/1500  avg(100): 494.0
  Episode 1000/1500  avg(100): 487.0
  Episode 1050/1500  avg(100): 487.0
  Episode 1100/1500  avg(100): 462.0
  Episode 1150/1500  avg(100): 445.3
  Episode 1200/1500  avg(100): 470.1
  Episode 1250/1500  avg(100): 448.3
  Episode 1300/1500  avg(100): 438.9
  Episode 1350/1500  avg(100): 429.1
  Episode 1400/1500  avg(100): 378.7
  Episode 1450/1500  avg(100): 403.4
  Episode 1500/1500  avg(100): 447.4
Model saved to models/leaky-32-32-seed80-final.pth
  per-episode CSV streamed to: metrics/multi-seed/leaky-32-32/_workers/seed80/leaky-32-32-seed80.csv

Summary CSV: metrics/multi-seed/leaky-32-32/_workers/seed80/leaky-32-32-summary.csv

Results across 1 seeds:
  solved (final_avg >= 475) : 0/1 seeds
  final_avg_reward  : 447.36 ± 0.00  (primary metric: CartPole-v1 standard)
  best_avg_reward   : 495.14 ± 0.00
  tail_iqm_reward   : 440.90 ± 0.00  (diagnostic: matches Optuna selection metric)
  convergence_ep    : never reached threshold in any seed

Robust reporting (final_avg_reward across seeds, 95% bootstrap CI):
  IQM   : 447.36  [95% CI: 447.36, 447.36]
  Mean  : 447.36  [95% CI: 447.36, 447.36]
  (note: with N < 10, bootstrap CIs and IQM are necessarily wide; per Colas et al. 2018 consider increasing --num-seeds.)
