Multi-seed training for: bitshift-64-32-4
  device       : cpu
  num_seeds    : 1
  base_seed    : 57
  num_episodes : 1500
  output_dir   : metrics/multi-seed/bitshift-64-32-4-25k/bitshift-64-32-4/_workers/seed57

============================================================
Seed 57 (1/1)
============================================================
  Episode 50/1500  avg(100): 18.1
  Episode 100/1500  avg(100): 17.0
  Episode 150/1500  avg(100): 26.0
  Episode 200/1500  avg(100): 99.7
  Episode 250/1500  avg(100): 151.7
  Episode 300/1500  avg(100): 148.0
  Episode 350/1500  avg(100): 189.6
  Episode 400/1500  avg(100): 222.2
  Episode 450/1500  avg(100): 216.7
  Episode 500/1500  avg(100): 328.2
  Episode 550/1500  avg(100): 466.4
  Episode 600/1500  avg(100): 491.6
  Episode 650/1500  avg(100): 497.2
  Episode 700/1500  avg(100): 497.1
  Episode 750/1500  avg(100): 465.2
  Episode 800/1500  avg(100): 447.0
  Episode 850/1500  avg(100): 463.3
  Episode 900/1500  avg(100): 456.0
  Episode 950/1500  avg(100): 427.1
  Episode 1000/1500  avg(100): 437.9
  Episode 1050/1500  avg(100): 443.1
  Episode 1100/1500  avg(100): 449.0
  Episode 1150/1500  avg(100): 422.9
  Episode 1200/1500  avg(100): 297.1
  Episode 1250/1500  avg(100): 335.2
  Episode 1300/1500  avg(100): 466.8
  Episode 1350/1500  avg(100): 487.5
  Episode 1400/1500  avg(100): 492.6
  Episode 1450/1500  avg(100): 487.2
  Episode 1500/1500  avg(100): 468.9
Model saved to models/bitshift-64-32-4-seed57-final.pth
  per-episode CSV streamed to: metrics/multi-seed/bitshift-64-32-4-25k/bitshift-64-32-4/_workers/seed57/bitshift-64-32-4-seed57.csv

Summary CSV: metrics/multi-seed/bitshift-64-32-4-25k/bitshift-64-32-4/_workers/seed57/bitshift-64-32-4-summary.csv

Results across 1 seeds:
  solved (final_avg >= 475) : 0/1 seeds
  final_avg_reward  : 468.90 ± 0.00  (primary metric: CartPole-v1 standard)
  best_avg_reward   : 499.37 ± 0.00
  tail_iqm_reward   : 451.97 ± 0.00  (diagnostic: matches Optuna selection metric)
  convergence_ep    : never reached threshold in any seed

Robust reporting (final_avg_reward across seeds, 95% bootstrap CI):
  IQM   : 468.90  [95% CI: 468.90, 468.90]
  Mean  : 468.90  [95% CI: 468.90, 468.90]
  (note: with N < 10, bootstrap CIs and IQM are necessarily wide; per Colas et al. 2018 consider increasing --num-seeds.)
