Multi-seed training for: leaky-32-32
  device       : cpu
  num_seeds    : 1
  base_seed    : 42
  num_episodes : 1500
  output_dir   : metrics/multi-seed/leaky-32-32-20k/leaky-32-32/_workers/seed42

============================================================
Seed 42 (1/1)
============================================================
  Episode 50/1500  avg(100): 14.6
  Episode 100/1500  avg(100): 14.1
  Episode 150/1500  avg(100): 13.8
  Episode 200/1500  avg(100): 52.9
  Episode 250/1500  avg(100): 131.1
  Episode 300/1500  avg(100): 181.3
  Episode 350/1500  avg(100): 173.7
  Episode 400/1500  avg(100): 158.7
  Episode 450/1500  avg(100): 149.8
  Episode 500/1500  avg(100): 139.4
  Episode 550/1500  avg(100): 126.7
  Episode 600/1500  avg(100): 114.6
  Episode 650/1500  avg(100): 233.9
  Episode 700/1500  avg(100): 294.1
  Episode 750/1500  avg(100): 209.5
  Episode 800/1500  avg(100): 177.0
  Episode 850/1500  avg(100): 215.1
  Episode 900/1500  avg(100): 233.6
  Episode 950/1500  avg(100): 202.6
  Episode 1000/1500  avg(100): 187.7
  Episode 1050/1500  avg(100): 216.7
  Episode 1100/1500  avg(100): 269.4
  Episode 1150/1500  avg(100): 265.4
  Episode 1200/1500  avg(100): 224.3
  Episode 1250/1500  avg(100): 174.5
  Episode 1300/1500  avg(100): 128.4
  Episode 1350/1500  avg(100): 199.7
  Episode 1400/1500  avg(100): 323.5
  Episode 1450/1500  avg(100): 417.0
  Episode 1500/1500  avg(100): 487.9
Model saved to models/leaky-32-32-seed42-final.pth
  per-episode CSV streamed to: metrics/multi-seed/leaky-32-32-20k/leaky-32-32/_workers/seed42/leaky-32-32-seed42.csv

Summary CSV: metrics/multi-seed/leaky-32-32-20k/leaky-32-32/_workers/seed42/leaky-32-32-summary.csv

Results across 1 seeds:
  solved (final_avg >= 475) : 1/1 seeds
  final_avg_reward  : 487.94 ± 0.00  (primary metric: CartPole-v1 standard)
  best_avg_reward   : 487.94 ± 0.00
  tail_iqm_reward   : 242.39 ± 0.00  (diagnostic: matches Optuna selection metric)
  convergence_ep    : 1476.0 ± 0.0  (1/1 seeds converged)

Robust reporting (final_avg_reward across seeds, 95% bootstrap CI):
  IQM   : 487.94  [95% CI: 487.94, 487.94]
  Mean  : 487.94  [95% CI: 487.94, 487.94]
  (note: with N < 10, bootstrap CIs and IQM are necessarily wide; per Colas et al. 2018 consider increasing --num-seeds.)
