Multi-seed training for: fractional-32-8-8
  device       : cpu
  num_seeds    : 1
  base_seed    : 51
  num_episodes : 1500
  output_dir   : metrics/multi-seed/fractional-32-8-8-20k/fractional-32-8-8/_workers/seed51

============================================================
Seed 51 (1/1)
============================================================
  Episode 50/1500  avg(100): 17.7
  Episode 100/1500  avg(100): 14.8
  Episode 150/1500  avg(100): 13.5
  Episode 200/1500  avg(100): 22.4
  Episode 250/1500  avg(100): 47.5
  Episode 300/1500  avg(100): 78.6
  Episode 350/1500  avg(100): 102.5
  Episode 400/1500  avg(100): 114.1
  Episode 450/1500  avg(100): 110.8
  Episode 500/1500  avg(100): 183.6
  Episode 550/1500  avg(100): 276.1
  Episode 600/1500  avg(100): 344.8
  Episode 650/1500  avg(100): 253.0
  Episode 700/1500  avg(100): 135.6
  Episode 750/1500  avg(100): 331.6
  Episode 800/1500  avg(100): 500.0
  Episode 850/1500  avg(100): 500.0
  Episode 900/1500  avg(100): 492.3
  Episode 950/1500  avg(100): 486.3
  Episode 1000/1500  avg(100): 494.0
  Episode 1050/1500  avg(100): 497.1
  Episode 1100/1500  avg(100): 490.7
  Episode 1150/1500  avg(100): 467.7
  Episode 1200/1500  avg(100): 471.4
  Episode 1250/1500  avg(100): 497.4
  Episode 1300/1500  avg(100): 500.0
  Episode 1350/1500  avg(100): 500.0
  Episode 1400/1500  avg(100): 500.0
  Episode 1450/1500  avg(100): 500.0
  Episode 1500/1500  avg(100): 481.5
Model saved to models/fractional-32-8-8-seed51-final.pth
  per-episode CSV streamed to: metrics/multi-seed/fractional-32-8-8-20k/fractional-32-8-8/_workers/seed51/fractional-32-8-8-seed51.csv

Summary CSV: metrics/multi-seed/fractional-32-8-8-20k/fractional-32-8-8/_workers/seed51/fractional-32-8-8-summary.csv

Results across 1 seeds:
  solved (final_avg >= 475) : 1/1 seeds
  final_avg_reward  : 481.51 ± 0.00  (primary metric: CartPole-v1 standard)
  best_avg_reward   : 500.00 ± 0.00
  tail_iqm_reward   : 496.98 ± 0.00  (diagnostic: matches Optuna selection metric)
  convergence_ep    : 1224.0 ± 0.0  (1/1 seeds converged)

Robust reporting (final_avg_reward across seeds, 95% bootstrap CI):
  IQM   : 481.51  [95% CI: 481.51, 481.51]
  Mean  : 481.51  [95% CI: 481.51, 481.51]
  (note: with N < 10, bootstrap CIs and IQM are necessarily wide; per Colas et al. 2018 consider increasing --num-seeds.)
