Multi-seed training for: bitshift-64-32-4
  device       : cpu
  num_seeds    : 1
  base_seed    : 53
  num_episodes : 1500
  output_dir   : metrics/multi-seed/bitshift-64-32-4-30k/bitshift-64-32-4/_workers/seed53

============================================================
Seed 53 (1/1)
============================================================
  Episode 50/1500  avg(100): 16.7
  Episode 100/1500  avg(100): 20.1
  Episode 150/1500  avg(100): 52.9
  Episode 200/1500  avg(100): 95.3
  Episode 250/1500  avg(100): 130.3
  Episode 300/1500  avg(100): 135.3
  Episode 350/1500  avg(100): 131.4
  Episode 400/1500  avg(100): 169.3
  Episode 450/1500  avg(100): 198.7
  Episode 500/1500  avg(100): 207.9
  Episode 550/1500  avg(100): 173.1
  Episode 600/1500  avg(100): 136.3
  Episode 650/1500  avg(100): 152.3
  Episode 700/1500  avg(100): 265.1
  Episode 750/1500  avg(100): 394.5
  Episode 800/1500  avg(100): 277.4
  Episode 850/1500  avg(100): 152.4
  Episode 900/1500  avg(100): 218.6
  Episode 950/1500  avg(100): 287.0
  Episode 1000/1500  avg(100): 258.9
  Episode 1050/1500  avg(100): 213.2
  Episode 1100/1500  avg(100): 210.0
  Episode 1150/1500  avg(100): 221.7
  Episode 1200/1500  avg(100): 248.9
  Episode 1250/1500  avg(100): 233.5
  Episode 1300/1500  avg(100): 267.3
  Episode 1350/1500  avg(100): 289.6
  Episode 1400/1500  avg(100): 352.7
  Episode 1450/1500  avg(100): 461.2
  Episode 1500/1500  avg(100): 486.7
Model saved to models/bitshift-64-32-4-seed53-final.pth
  per-episode CSV streamed to: metrics/multi-seed/bitshift-64-32-4-30k/bitshift-64-32-4/_workers/seed53/bitshift-64-32-4-seed53.csv

Summary CSV: metrics/multi-seed/bitshift-64-32-4-30k/bitshift-64-32-4/_workers/seed53/bitshift-64-32-4-summary.csv

Results across 1 seeds:
  solved (final_avg >= 475) : 1/1 seeds
  final_avg_reward  : 486.68 ± 0.00  (primary metric: CartPole-v1 standard)
  best_avg_reward   : 486.68 ± 0.00
  tail_iqm_reward   : 283.29 ± 0.00  (diagnostic: matches Optuna selection metric)
  convergence_ep    : 1464.0 ± 0.0  (1/1 seeds converged)

Robust reporting (final_avg_reward across seeds, 95% bootstrap CI):
  IQM   : 486.68  [95% CI: 486.68, 486.68]
  Mean  : 486.68  [95% CI: 486.68, 486.68]
  (note: with N < 10, bootstrap CIs and IQM are necessarily wide; per Colas et al. 2018 consider increasing --num-seeds.)
