Multi-seed training for: bitshift-64-32-4
  device       : cpu
  num_seeds    : 1
  base_seed    : 46
  num_episodes : 1500
  output_dir   : metrics/multi-seed/bitshift-64-32-4-30k/bitshift-64-32-4/_workers/seed46

============================================================
Seed 46 (1/1)
============================================================
  Episode 50/1500  avg(100): 17.0
  Episode 100/1500  avg(100): 15.7
  Episode 150/1500  avg(100): 24.3
  Episode 200/1500  avg(100): 111.1
  Episode 250/1500  avg(100): 182.3
  Episode 300/1500  avg(100): 146.8
  Episode 350/1500  avg(100): 119.9
  Episode 400/1500  avg(100): 144.2
  Episode 450/1500  avg(100): 199.6
  Episode 500/1500  avg(100): 166.6
  Episode 550/1500  avg(100): 125.8
  Episode 600/1500  avg(100): 302.2
  Episode 650/1500  avg(100): 448.1
  Episode 700/1500  avg(100): 370.8
  Episode 750/1500  avg(100): 273.4
  Episode 800/1500  avg(100): 322.9
  Episode 850/1500  avg(100): 446.4
  Episode 900/1500  avg(100): 454.1
  Episode 950/1500  avg(100): 456.2
  Episode 1000/1500  avg(100): 500.0
  Episode 1050/1500  avg(100): 493.5
  Episode 1100/1500  avg(100): 362.1
  Episode 1150/1500  avg(100): 368.6
  Episode 1200/1500  avg(100): 500.0
  Episode 1250/1500  avg(100): 500.0
  Episode 1300/1500  avg(100): 342.8
  Episode 1350/1500  avg(100): 173.9
  Episode 1400/1500  avg(100): 284.3
  Episode 1450/1500  avg(100): 453.3
  Episode 1500/1500  avg(100): 497.5
Model saved to models/bitshift-64-32-4-seed46-final.pth
  per-episode CSV streamed to: metrics/multi-seed/bitshift-64-32-4-30k/bitshift-64-32-4/_workers/seed46/bitshift-64-32-4-seed46.csv

Summary CSV: metrics/multi-seed/bitshift-64-32-4-30k/bitshift-64-32-4/_workers/seed46/bitshift-64-32-4-summary.csv

Results across 1 seeds:
  solved (final_avg >= 475) : 1/1 seeds
  final_avg_reward  : 497.50 ± 0.00  (primary metric: CartPole-v1 standard)
  best_avg_reward   : 500.00 ± 0.00
  tail_iqm_reward   : 401.50 ± 0.00  (diagnostic: matches Optuna selection metric)
  convergence_ep    : 1459.0 ± 0.0  (1/1 seeds converged)

Robust reporting (final_avg_reward across seeds, 95% bootstrap CI):
  IQM   : 497.50  [95% CI: 497.50, 497.50]
  Mean  : 497.50  [95% CI: 497.50, 497.50]
  (note: with N < 10, bootstrap CIs and IQM are necessarily wide; per Colas et al. 2018 consider increasing --num-seeds.)
